<?xml version="1.0" encoding="UTF-8" standalone="no"?>
<testsuite errors="0" failures="3806" name="testmeter.generalitat" skipped="0" tests="7700">
    <testcase classname="testmeter.generalitat" name="Abril url i verificar capçalera_Fils:100;Rampup:65;Durada:20" time="0.338"/>
    <testcase classname="testmeter.generalitat" name="TestNegatiu_Abril url i verificar capçalera_Fils:100;Rampup:65;Durada:20" time="0.033">
        <failure message="Not Found">Test failed: text expected to contain /Model de Qualitat de Solucions/</failure>
    </testcase>
    <testcase classname="testmeter.generalitat" name="Abril url i verificar capçalera_Fils:100;Rampup:65;Durada:20" time="0.132"/>
    <testcase classname="testmeter.generalitat" name="TestNegatiu_Abril url i verificar capçalera_Fils:100;Rampup:65;Durada:20" time="0.025">
        <failure message="Not Found">Test failed: text expected to contain /Model de Qualitat de Solucions/</failure>
    </testcase>
    <testcase classname="testmeter.generalitat" name="Abril url i verificar capçalera_Fils:100;Rampup:65;Durada:20" time="0.044"/>
    <testcase classname="testmeter.generalitat" name="TestNegatiu_Abril url i verificar capçalera_Fils:100;Rampup:65;Durada:20" time="0.028">
        <failure message="Not Found">Test failed: text expected to contain /Model de Qualitat de Solucions/</failure>
    </testcase>
    <testcase classname="testmeter.generalitat" name="Abril url i verificar capçalera_Fils:100;Rampup:65;Durada:20" time="0.028"/>
    <testcase classname="testmeter.generalitat" name="TestNegatiu_Abril url i verificar capçalera_Fils:100;Rampup:65;Durada:20" time="0.026">
        <failure message="Not Found">Test failed: text expected to contain /Model de Qualitat de Solucions/</failure>
    </testcase>
    <testcase classname="testmeter.generalitat" name="Abril url i verificar capçalera_Fils:100;Rampup:65;Durada:20" time="0.144"/>
    <testcase classname="testmeter.generalitat" name="Abril url i verificar capçalera_Fils:100;Rampup:65;Durada:20" time="0.027"/>
    <testcase classname="testmeter.generalitat" name="TestNegatiu_Abril url i verificar capçalera_Fils:100;Rampup:65;Durada:20" time="0.028">
        <failure message="Not Found">Test failed: text expected to contain /Model de Qualitat de Solucions/</failure>
    </testcase>
    <testcase classname="testmeter.generalitat" name="TestNegatiu_Abril url i verificar capçalera_Fils:100;Rampup:65;Durada:20" time="0.056">
        <failure message="Not Found">Test failed: text expected to contain /Model de Qualitat de Solucions/</failure>
    </testcase>
    <testcase classname="testmeter.generalitat" name="Abril url i verificar capçalera_Fils:100;Rampup:65;Durada:20" time="0.061"/>
    <testcase classname="testmeter.generalitat" name="Abril url i verificar capçalera_Fils:100;Rampup:65;Durada:20" time="0.030"/>
    <testcase classname="testmeter.generalitat" name="TestNegatiu_Abril url i verificar capçalera_Fils:100;Rampup:65;Durada:20" time="0.029">
        <failure message="Not Found">Test failed: text expected to contain /Model de Qualitat de Solucions/</failure>
    </testcase>
    <testcase classname="testmeter.generalitat" name="TestNegatiu_Abril url i verificar capçalera_Fils:100;Rampup:65;Durada:20" time="0.026">
        <failure message="Not Found">Test failed: text expected to contain /Model de Qualitat de Solucions/</failure>
    </testcase>
    <testcase classname="testmeter.generalitat" name="Abril url i verificar capçalera_Fils:100;Rampup:65;Durada:20" time="0.057"/>
    <testcase classname="testmeter.generalitat" name="TestNegatiu_Abril url i verificar capçalera_Fils:100;Rampup:65;Durada:20" time="0.043">
        <failure message="Not Found">Test failed: text expected to contain /Model de Qualitat de Solucions/</failure>
    </testcase>
    <testcase classname="testmeter.generalitat" name="Abril url i verificar capçalera_Fils:100;Rampup:65;Durada:20" time="0.132"/>
    <testcase classname="testmeter.generalitat" name="Abril url i verificar capçalera_Fils:100;Rampup:65;Durada:20" time="0.044"/>
    <testcase classname="testmeter.generalitat" name="TestNegatiu_Abril url i verificar capçalera_Fils:100;Rampup:65;Durada:20" time="0.026">
        <failure message="Not Found">Test failed: text expected to contain /Model de Qualitat de Solucions/</failure>
    </testcase>
    <testcase classname="testmeter.generalitat" name="TestNegatiu_Abril url i verificar capçalera_Fils:100;Rampup:65;Durada:20" time="0.026">
        <failure message="Not Found">Test failed: text expected to contain /Model de Qualitat de Solucions/</failure>
    </testcase>
    <testcase classname="testmeter.generalitat" name="Abril url i verificar capçalera_Fils:100;Rampup:65;Durada:20" time="0.029"/>
    <testcase classname="testmeter.generalitat" name="Abril url i verificar capçalera_Fils:100;Rampup:65;Durada:20" time="0.032"/>
    <testcase classname="testmeter.generalitat" name="TestNegatiu_Abril url i verificar capçalera_Fils:100;Rampup:65;Durada:20" time="0.042">
        <failure message="Not Found">Test failed: text expected to contain /Model de Qualitat de Solucions/</failure>
    </testcase>
    <testcase classname="testmeter.generalitat" name="TestNegatiu_Abril url i verificar capçalera_Fils:100;Rampup:65;Durada:20" time="0.030">
        <failure message="Not Found">Test failed: text expected to contain /Model de Qualitat de Solucions/</failure>
    </testcase>
    <testcase classname="testmeter.generalitat" name="Abril url i verificar capçalera_Fils:100;Rampup:65;Durada:20" time="0.029"/>
    <testcase classname="testmeter.generalitat" name="Abril url i verificar capçalera_Fils:100;Rampup:65;Durada:20" time="0.027"/>
    <testcase classname="testmeter.generalitat" name="TestNegatiu_Abril url i verificar capçalera_Fils:100;Rampup:65;Durada:20" time="0.026">
        <failure message="Not Found">Test failed: text expected to contain /Model de Qualitat de Solucions/</failure>
    </testcase>
    <testcase classname="testmeter.generalitat" name="TestNegatiu_Abril url i verificar capçalera_Fils:100;Rampup:65;Durada:20" time="0.037">
        <failure message="Not Found">Test failed: text expected to contain /Model de Qualitat de Solucions/</failure>
    </testcase>
    <testcase classname="testmeter.generalitat" name="Abril url i verificar capçalera_Fils:100;Rampup:65;Durada:20" time="0.027"/>
    <testcase classname="testmeter.generalitat" name="TestNegatiu_Abril url i verificar capçalera_Fils:100;Rampup:65;Durada:20" time="0.027">
        <failure message="Not Found">Test failed: text expected to contain /Model de Qualitat de Solucions/</failure>
    </testcase>
    <testcase classname="testmeter.generalitat" name="Abril url i verificar capçalera_Fils:100;Rampup:65;Durada:20" time="0.043"/>
    <testcase classname="testmeter.generalitat" name="TestNegatiu_Abril url i verificar capçalera_Fils:100;Rampup:65;Durada:20" time="0.026">
        <failure message="Not Found">Test failed: text expected to contain /Model de Qualitat de Solucions/</failure>
    </testcase>
    <testcase classname="testmeter.generalitat" name="Abril url i verificar capçalera_Fils:100;Rampup:65;Durada:20" time="0.028"/>
    <testcase classname="testmeter.generalitat" name="Abril url i verificar capçalera_Fils:100;Rampup:65;Durada:20" time="0.030"/>
    <testcase classname="testmeter.generalitat" name="TestNegatiu_Abril url i verificar capçalera_Fils:100;Rampup:65;Durada:20" time="0.029">
        <failure message="Not Found">Test failed: text expected to contain /Model de Qualitat de Solucions/</failure>
    </testcase>
    <testcase classname="testmeter.generalitat" name="Abril url i verificar capçalera_Fils:100;Rampup:65;Durada:20" time="0.126"/>
    <testcase classname="testmeter.generalitat" name="Abril url i verificar capçalera_Fils:100;Rampup:65;Durada:20" time="0.029"/>
    <testcase classname="testmeter.generalitat" name="TestNegatiu_Abril url i verificar capçalera_Fils:100;Rampup:65;Durada:20" time="0.034">
        <failure message="Not Found">Test failed: text expected to contain /Model de Qualitat de Solucions/</failure>
    </testcase>
    <testcase classname="testmeter.generalitat" name="TestNegatiu_Abril url i verificar capçalera_Fils:100;Rampup:65;Durada:20" time="0.025">
        <failure message="Not Found">Test failed: text expected to contain /Model de Qualitat de Solucions/</failure>
    </testcase>
    <testcase classname="testmeter.generalitat" name="TestNegatiu_Abril url i verificar capçalera_Fils:100;Rampup:65;Durada:20" time="0.024">
        <failure message="Not Found">Test failed: text expected to contain /Model de Qualitat de Solucions/</failure>
    </testcase>
    <testcase classname="testmeter.generalitat" name="Abril url i verificar capçalera_Fils:100;Rampup:65;Durada:20" time="0.029"/>
    <testcase classname="testmeter.generalitat" name="Abril url i verificar capçalera_Fils:100;Rampup:65;Durada:20" time="0.028"/>
    <testcase classname="testmeter.generalitat" name="TestNegatiu_Abril url i verificar capçalera_Fils:100;Rampup:65;Durada:20" time="0.026">
        <failure message="Not Found">Test failed: text expected to contain /Model de Qualitat de Solucions/</failure>
    </testcase>
    <testcase classname="testmeter.generalitat" name="TestNegatiu_Abril url i verificar capçalera_Fils:100;Rampup:65;Durada:20" time="0.025">
        <failure message="Not Found">Test failed: text expected to contain /Model de Qualitat de Solucions/</failure>
    </testcase>
    <testcase classname="testmeter.generalitat" name="Abril url i verificar capçalera_Fils:100;Rampup:65;Durada:20" time="0.037"/>
    <testcase classname="testmeter.generalitat" name="Abril url i verificar capçalera_Fils:100;Rampup:65;Durada:20" time="0.028"/>
    <testcase classname="testmeter.generalitat" name="TestNegatiu_Abril url i verificar capçalera_Fils:100;Rampup:65;Durada:20" time="0.028">
        <failure message="Not Found">Test failed: text expected to contain /Model de Qualitat de Solucions/</failure>
    </testcase>
    <testcase classname="testmeter.generalitat" name="TestNegatiu_Abril url i verificar capçalera_Fils:100;Rampup:65;Durada:20" time="0.028">
        <failure message="Not Found">Test failed: text expected to contain /Model de Qualitat de Solucions/</failure>
    </testcase>
    <testcase classname="testmeter.generalitat" name="Abril url i verificar capçalera_Fils:100;Rampup:65;Durada:20" time="0.126"/>
    <testcase classname="testmeter.generalitat" name="Abril url i verificar capçalera_Fils:100;Rampup:65;Durada:20" time="0.028"/>
    <testcase classname="testmeter.generalitat" name="TestNegatiu_Abril url i verificar capçalera_Fils:100;Rampup:65;Durada:20" time="0.026">
        <failure message="Not Found">Test failed: text expected to contain /Model de Qualitat de Solucions/</failure>
    </testcase>
    <testcase classname="testmeter.generalitat" name="Abril url i verificar capçalera_Fils:100;Rampup:65;Durada:20" time="0.029"/>
    <testcase classname="testmeter.generalitat" name="TestNegatiu_Abril url i verificar capçalera_Fils:100;Rampup:65;Durada:20" time="0.025">
        <failure message="Not Found">Test failed: text expected to contain /Model de Qualitat de Solucions/</failure>
    </testcase>
    <testcase classname="testmeter.generalitat" name="TestNegatiu_Abril url i verificar capçalera_Fils:100;Rampup:65;Durada:20" time="0.025">
        <failure message="Not Found">Test failed: text expected to contain /Model de Qualitat de Solucions/</failure>
    </testcase>
    <testcase classname="testmeter.generalitat" name="Abril url i verificar capçalera_Fils:100;Rampup:65;Durada:20" time="0.040"/>
    <testcase classname="testmeter.generalitat" name="Abril url i verificar capçalera_Fils:100;Rampup:65;Durada:20" time="0.029"/>
    <testcase classname="testmeter.generalitat" name="Abril url i verificar capçalera_Fils:100;Rampup:65;Durada:20" time="0.027"/>
    <testcase classname="testmeter.generalitat" name="TestNegatiu_Abril url i verificar capçalera_Fils:100;Rampup:65;Durada:20" time="0.023">
        <failure message="Not Found">Test failed: text expected to contain /Model de Qualitat de Solucions/</failure>
    </testcase>
    <testcase classname="testmeter.generalitat" name="TestNegatiu_Abril url i verificar capçalera_Fils:100;Rampup:65;Durada:20" time="0.026">
        <failure message="Not Found">Test failed: text expected to contain /Model de Qualitat de Solucions/</failure>
    </testcase>
    <testcase classname="testmeter.generalitat" name="TestNegatiu_Abril url i verificar capçalera_Fils:100;Rampup:65;Durada:20" time="0.028">
        <failure message="Not Found">Test failed: text expected to contain /Model de Qualitat de Solucions/</failure>
    </testcase>
    <testcase classname="testmeter.generalitat" name="Abril url i verificar capçalera_Fils:100;Rampup:65;Durada:20" time="0.023"/>
    <testcase classname="testmeter.generalitat" name="Abril url i verificar capçalera_Fils:100;Rampup:65;Durada:20" time="0.027"/>
    <testcase classname="testmeter.generalitat" name="TestNegatiu_Abril url i verificar capçalera_Fils:100;Rampup:65;Durada:20" time="0.026">
        <failure message="Not Found">Test failed: text expected to contain /Model de Qualitat de Solucions/</failure>
    </testcase>
    <testcase classname="testmeter.generalitat" name="Abril url i verificar capçalera_Fils:100;Rampup:65;Durada:20" time="0.033"/>
    <testcase classname="testmeter.generalitat" name="TestNegatiu_Abril url i verificar capçalera_Fils:100;Rampup:65;Durada:20" time="0.028">
        <failure message="Not Found">Test failed: text expected to contain /Model de Qualitat de Solucions/</failure>
    </testcase>
    <testcase classname="testmeter.generalitat" name="Abril url i verificar capçalera_Fils:100;Rampup:65;Durada:20" time="0.024"/>
    <testcase classname="testmeter.generalitat" name="TestNegatiu_Abril url i verificar capçalera_Fils:100;Rampup:65;Durada:20" time="0.026">
        <failure message="Not Found">Test failed: text expected to contain /Model de Qualitat de Solucions/</failure>
    </testcase>
    <testcase classname="testmeter.generalitat" name="Abril url i verificar capçalera_Fils:100;Rampup:65;Durada:20" time="0.027"/>
    <testcase classname="testmeter.generalitat" name="TestNegatiu_Abril url i verificar capçalera_Fils:100;Rampup:65;Durada:20" time="0.026">
        <failure message="Not Found">Test failed: text expected to contain /Model de Qualitat de Solucions/</failure>
    </testcase>
    <testcase classname="testmeter.generalitat" name="Abril url i verificar capçalera_Fils:100;Rampup:65;Durada:20" time="0.032"/>
    <testcase classname="testmeter.generalitat" name="TestNegatiu_Abril url i verificar capçalera_Fils:100;Rampup:65;Durada:20" time="0.059">
        <failure message="Not Found">Test failed: text expected to contain /Model de Qualitat de Solucions/</failure>
    </testcase>
    <testcase classname="testmeter.generalitat" name="TestNegatiu_Abril url i verificar capçalera_Fils:100;Rampup:65;Durada:20" time="0.041">
        <failure message="Not Found">Test failed: text expected to contain /Model de Qualitat de Solucions/</failure>
    </testcase>
    <testcase classname="testmeter.generalitat" name="Abril url i verificar capçalera_Fils:100;Rampup:65;Durada:20" time="0.049"/>
    <testcase classname="testmeter.generalitat" name="TestNegatiu_Abril url i verificar capçalera_Fils:100;Rampup:65;Durada:20" time="0.028">
        <failure message="Not Found">Test failed: text expected to contain /Model de Qualitat de Solucions/</failure>
    </testcase>
    <testcase classname="testmeter.generalitat" name="Abril url i verificar capçalera_Fils:100;Rampup:65;Durada:20" time="0.031"/>
    <testcase classname="testmeter.generalitat" name="Abril url i verificar capçalera_Fils:100;Rampup:65;Durada:20" time="0.031"/>
    <testcase classname="testmeter.generalitat" name="TestNegatiu_Abril url i verificar capçalera_Fils:100;Rampup:65;Durada:20" time="0.025">
        <failure message="Not Found">Test failed: text expected to contain /Model de Qualitat de Solucions/</failure>
    </testcase>
    <testcase classname="testmeter.generalitat" name="TestNegatiu_Abril url i verificar capçalera_Fils:100;Rampup:65;Durada:20" time="0.025">
        <failure message="Not Found">Test failed: text expected to contain /Model de Qualitat de Solucions/</failure>
    </testcase>
    <testcase classname="testmeter.generalitat" name="Abril url i verificar capçalera_Fils:100;Rampup:65;Durada:20" time="0.027"/>
    <testcase classname="testmeter.generalitat" name="TestNegatiu_Abril url i verificar capçalera_Fils:100;Rampup:65;Durada:20" time="0.023">
        <failure message="Not Found">Test failed: text expected to contain /Model de Qualitat de Solucions/</failure>
    </testcase>
    <testcase classname="testmeter.generalitat" name="Abril url i verificar capçalera_Fils:100;Rampup:65;Durada:20" time="0.027"/>
    <testcase classname="testmeter.generalitat" name="Abril url i verificar capçalera_Fils:100;Rampup:65;Durada:20" time="0.028"/>
    <testcase classname="testmeter.generalitat" name="Abril url i verificar capçalera_Fils:100;Rampup:65;Durada:20" time="0.030"/>
    <testcase classname="testmeter.generalitat" name="TestNegatiu_Abril url i verificar capçalera_Fils:100;Rampup:65;Durada:20" time="0.026">
        <failure message="Not Found">Test failed: text expected to contain /Model de Qualitat de Solucions/</failure>
    </testcase>
    <testcase classname="testmeter.generalitat" name="TestNegatiu_Abril url i verificar capçalera_Fils:100;Rampup:65;Durada:20" time="0.025">
        <failure message="Not Found">Test failed: text expected to contain /Model de Qualitat de Solucions/</failure>
    </testcase>
    <testcase classname="testmeter.generalitat" name="TestNegatiu_Abril url i verificar capçalera_Fils:100;Rampup:65;Durada:20" time="0.024">
        <failure message="Not Found">Test failed: text expected to contain /Model de Qualitat de Solucions/</failure>
    </testcase>
    <testcase classname="testmeter.generalitat" name="Abril url i verificar capçalera_Fils:100;Rampup:65;Durada:20" time="0.029"/>
    <testcase classname="testmeter.generalitat" name="Abril url i verificar capçalera_Fils:100;Rampup:65;Durada:20" time="0.029"/>
    <testcase classname="testmeter.generalitat" name="Abril url i verificar capçalera_Fils:100;Rampup:65;Durada:20" time="0.025"/>
    <testcase classname="testmeter.generalitat" name="TestNegatiu_Abril url i verificar capçalera_Fils:100;Rampup:65;Durada:20" time="0.028">
        <failure message="Not Found">Test failed: text expected to contain /Model de Qualitat de Solucions/</failure>
    </testcase>
    <testcase classname="testmeter.generalitat" name="TestNegatiu_Abril url i verificar capçalera_Fils:100;Rampup:65;Durada:20" time="0.029">
        <failure message="Not Found">Test failed: text expected to contain /Model de Qualitat de Solucions/</failure>
    </testcase>
    <testcase classname="testmeter.generalitat" name="TestNegatiu_Abril url i verificar capçalera_Fils:100;Rampup:65;Durada:20" time="0.023">
        <failure message="Not Found">Test failed: text expected to contain /Model de Qualitat de Solucions/</failure>
    </testcase>
    <testcase classname="testmeter.generalitat" name="Abril url i verificar capçalera_Fils:100;Rampup:65;Durada:20" time="0.102"/>
    <testcase classname="testmeter.generalitat" name="Abril url i verificar capçalera_Fils:100;Rampup:65;Durada:20" time="0.027"/>
    <testcase classname="testmeter.generalitat" name="TestNegatiu_Abril url i verificar capçalera_Fils:100;Rampup:65;Durada:20" time="0.025">
        <failure message="Not Found">Test failed: text expected to contain /Model de Qualitat de Solucions/</failure>
    </testcase>
    <testcase classname="testmeter.generalitat" name="Abril url i verificar capçalera_Fils:100;Rampup:65;Durada:20" time="0.029"/>
    <testcase classname="testmeter.generalitat" name="Abril url i verificar capçalera_Fils:100;Rampup:65;Durada:20" time="0.028"/>
    <testcase classname="testmeter.generalitat" name="TestNegatiu_Abril url i verificar capçalera_Fils:100;Rampup:65;Durada:20" time="0.026">
        <failure message="Not Found">Test failed: text expected to contain /Model de Qualitat de Solucions/</failure>
    </testcase>
    <testcase classname="testmeter.generalitat" name="TestNegatiu_Abril url i verificar capçalera_Fils:100;Rampup:65;Durada:20" time="0.025">
        <failure message="Not Found">Test failed: text expected to contain /Model de Qualitat de Solucions/</failure>
    </testcase>
    <testcase classname="testmeter.generalitat" name="TestNegatiu_Abril url i verificar capçalera_Fils:100;Rampup:65;Durada:20" time="0.024">
        <failure message="Not Found">Test failed: text expected to contain /Model de Qualitat de Solucions/</failure>
    </testcase>
    <testcase classname="testmeter.generalitat" name="Abril url i verificar capçalera_Fils:100;Rampup:65;Durada:20" time="0.041"/>
    <testcase classname="testmeter.generalitat" name="Abril url i verificar capçalera_Fils:100;Rampup:65;Durada:20" time="0.030"/>
    <testcase classname="testmeter.generalitat" name="Abril url i verificar capçalera_Fils:100;Rampup:65;Durada:20" time="0.029"/>
    <testcase classname="testmeter.generalitat" name="Abril url i verificar capçalera_Fils:100;Rampup:65;Durada:20" time="0.027"/>
    <testcase classname="testmeter.generalitat" name="TestNegatiu_Abril url i verificar capçalera_Fils:100;Rampup:65;Durada:20" time="0.022">
        <failure message="Not Found">Test failed: text expected to contain /Model de Qualitat de Solucions/</failure>
    </testcase>
    <testcase classname="testmeter.generalitat" name="TestNegatiu_Abril url i verificar capçalera_Fils:100;Rampup:65;Durada:20" time="0.024">
        <failure message="Not Found">Test failed: text expected to contain /Model de Qualitat de Solucions/</failure>
    </testcase>
    <testcase classname="testmeter.generalitat" name="TestNegatiu_Abril url i verificar capçalera_Fils:100;Rampup:65;Durada:20" time="0.024">
        <failure message="Not Found">Test failed: text expected to contain /Model de Qualitat de Solucions/</failure>
    </testcase>
    <testcase classname="testmeter.generalitat" name="TestNegatiu_Abril url i verificar capçalera_Fils:100;Rampup:65;Durada:20" time="0.025">
        <failure message="Not Found">Test failed: text expected to contain /Model de Qualitat de Solucions/</failure>
    </testcase>
    <testcase classname="testmeter.generalitat" name="Abril url i verificar capçalera_Fils:100;Rampup:65;Durada:20" time="0.026"/>
    <testcase classname="testmeter.generalitat" name="TestNegatiu_Abril url i verificar capçalera_Fils:100;Rampup:65;Durada:20" time="0.029">
        <failure message="Not Found">Test failed: text expected to contain /Model de Qualitat de Solucions/</failure>
    </testcase>
    <testcase classname="testmeter.generalitat" name="Abril url i verificar capçalera_Fils:100;Rampup:65;Durada:20" time="0.038"/>
    <testcase classname="testmeter.generalitat" name="Abril url i verificar capçalera_Fils:100;Rampup:65;Durada:20" time="0.049"/>
    <testcase classname="testmeter.generalitat" name="Abril url i verificar capçalera_Fils:100;Rampup:65;Durada:20" time="0.041"/>
    <testcase classname="testmeter.generalitat" name="TestNegatiu_Abril url i verificar capçalera_Fils:100;Rampup:65;Durada:20" time="0.029">
        <failure message="Not Found">Test failed: text expected to contain /Model de Qualitat de Solucions/</failure>
    </testcase>
    <testcase classname="testmeter.generalitat" name="Abril url i verificar capçalera_Fils:100;Rampup:65;Durada:20" time="0.033"/>
    <testcase classname="testmeter.generalitat" name="TestNegatiu_Abril url i verificar capçalera_Fils:100;Rampup:65;Durada:20" time="0.029">
        <failure message="Not Found">Test failed: text expected to contain /Model de Qualitat de Solucions/</failure>
    </testcase>
    <testcase classname="testmeter.generalitat" name="TestNegatiu_Abril url i verificar capçalera_Fils:100;Rampup:65;Durada:20" time="0.030">
        <failure message="Not Found">Test failed: text expected to contain /Model de Qualitat de Solucions/</failure>
    </testcase>
    <testcase classname="testmeter.generalitat" name="TestNegatiu_Abril url i verificar capçalera_Fils:100;Rampup:65;Durada:20" time="0.026">
        <failure message="Not Found">Test failed: text expected to contain /Model de Qualitat de Solucions/</failure>
    </testcase>
    <testcase classname="testmeter.generalitat" name="Abril url i verificar capçalera_Fils:100;Rampup:65;Durada:20" time="0.036"/>
    <testcase classname="testmeter.generalitat" name="Abril url i verificar capçalera_Fils:100;Rampup:65;Durada:20" time="0.026"/>
    <testcase classname="testmeter.generalitat" name="Abril url i verificar capçalera_Fils:100;Rampup:65;Durada:20" time="0.030"/>
    <testcase classname="testmeter.generalitat" name="TestNegatiu_Abril url i verificar capçalera_Fils:100;Rampup:65;Durada:20" time="0.022">
        <failure message="Not Found">Test failed: text expected to contain /Model de Qualitat de Solucions/</failure>
    </testcase>
    <testcase classname="testmeter.generalitat" name="Abril url i verificar capçalera_Fils:100;Rampup:65;Durada:20" time="0.023"/>
    <testcase classname="testmeter.generalitat" name="TestNegatiu_Abril url i verificar capçalera_Fils:100;Rampup:65;Durada:20" time="0.032">
        <failure message="Not Found">Test failed: text expected to contain /Model de Qualitat de Solucions/</failure>
    </testcase>
    <testcase classname="testmeter.generalitat" name="TestNegatiu_Abril url i verificar capçalera_Fils:100;Rampup:65;Durada:20" time="0.034">
        <failure message="Not Found">Test failed: text expected to contain /Model de Qualitat de Solucions/</failure>
    </testcase>
    <testcase classname="testmeter.generalitat" name="TestNegatiu_Abril url i verificar capçalera_Fils:100;Rampup:65;Durada:20" time="0.024">
        <failure message="Not Found">Test failed: text expected to contain /Model de Qualitat de Solucions/</failure>
    </testcase>
    <testcase classname="testmeter.generalitat" name="Abril url i verificar capçalera_Fils:100;Rampup:65;Durada:20" time="0.024"/>
    <testcase classname="testmeter.generalitat" name="Abril url i verificar capçalera_Fils:100;Rampup:65;Durada:20" time="0.029"/>
    <testcase classname="testmeter.generalitat" name="Abril url i verificar capçalera_Fils:100;Rampup:65;Durada:20" time="0.029"/>
    <testcase classname="testmeter.generalitat" name="TestNegatiu_Abril url i verificar capçalera_Fils:100;Rampup:65;Durada:20" time="0.029">
        <failure message="Not Found">Test failed: text expected to contain /Model de Qualitat de Solucions/</failure>
    </testcase>
    <testcase classname="testmeter.generalitat" name="Abril url i verificar capçalera_Fils:100;Rampup:65;Durada:20" time="0.032"/>
    <testcase classname="testmeter.generalitat" name="TestNegatiu_Abril url i verificar capçalera_Fils:100;Rampup:65;Durada:20" time="0.024">
        <failure message="Not Found">Test failed: text expected to contain /Model de Qualitat de Solucions/</failure>
    </testcase>
    <testcase classname="testmeter.generalitat" name="TestNegatiu_Abril url i verificar capçalera_Fils:100;Rampup:65;Durada:20" time="0.026">
        <failure message="Not Found">Test failed: text expected to contain /Model de Qualitat de Solucions/</failure>
    </testcase>
    <testcase classname="testmeter.generalitat" name="Abril url i verificar capçalera_Fils:100;Rampup:65;Durada:20" time="0.025"/>
    <testcase classname="testmeter.generalitat" name="TestNegatiu_Abril url i verificar capçalera_Fils:100;Rampup:65;Durada:20" time="0.026">
        <failure message="Not Found">Test failed: text expected to contain /Model de Qualitat de Solucions/</failure>
    </testcase>
    <testcase classname="testmeter.generalitat" name="Abril url i verificar capçalera_Fils:100;Rampup:65;Durada:20" time="0.028"/>
    <testcase classname="testmeter.generalitat" name="TestNegatiu_Abril url i verificar capçalera_Fils:100;Rampup:65;Durada:20" time="0.025">
        <failure message="Not Found">Test failed: text expected to contain /Model de Qualitat de Solucions/</failure>
    </testcase>
    <testcase classname="testmeter.generalitat" name="Abril url i verificar capçalera_Fils:100;Rampup:65;Durada:20" time="0.031"/>
    <testcase classname="testmeter.generalitat" name="Abril url i verificar capçalera_Fils:100;Rampup:65;Durada:20" time="0.036"/>
    <testcase classname="testmeter.generalitat" name="TestNegatiu_Abril url i verificar capçalera_Fils:100;Rampup:65;Durada:20" time="0.027">
        <failure message="Not Found">Test failed: text expected to contain /Model de Qualitat de Solucions/</failure>
    </testcase>
    <testcase classname="testmeter.generalitat" name="TestNegatiu_Abril url i verificar capçalera_Fils:100;Rampup:65;Durada:20" time="0.033">
        <failure message="Not Found">Test failed: text expected to contain /Model de Qualitat de Solucions/</failure>
    </testcase>
    <testcase classname="testmeter.generalitat" name="Abril url i verificar capçalera_Fils:100;Rampup:65;Durada:20" time="0.033"/>
    <testcase classname="testmeter.generalitat" name="TestNegatiu_Abril url i verificar capçalera_Fils:100;Rampup:65;Durada:20" time="0.025">
        <failure message="Not Found">Test failed: text expected to contain /Model de Qualitat de Solucions/</failure>
    </testcase>
    <testcase classname="testmeter.generalitat" name="TestNegatiu_Abril url i verificar capçalera_Fils:100;Rampup:65;Durada:20" time="0.055">
        <failure message="Not Found">Test failed: text expected to contain /Model de Qualitat de Solucions/</failure>
    </testcase>
    <testcase classname="testmeter.generalitat" name="Abril url i verificar capçalera_Fils:100;Rampup:65;Durada:20" time="0.058"/>
    <testcase classname="testmeter.generalitat" name="Abril url i verificar capçalera_Fils:100;Rampup:65;Durada:20" time="0.059"/>
    <testcase classname="testmeter.generalitat" name="Abril url i verificar capçalera_Fils:100;Rampup:65;Durada:20" time="0.051"/>
    <testcase classname="testmeter.generalitat" name="Abril url i verificar capçalera_Fils:100;Rampup:65;Durada:20" time="0.024"/>
    <testcase classname="testmeter.generalitat" name="TestNegatiu_Abril url i verificar capçalera_Fils:100;Rampup:65;Durada:20" time="0.028">
        <failure message="Not Found">Test failed: text expected to contain /Model de Qualitat de Solucions/</failure>
    </testcase>
    <testcase classname="testmeter.generalitat" name="TestNegatiu_Abril url i verificar capçalera_Fils:100;Rampup:65;Durada:20" time="0.028">
        <failure message="Not Found">Test failed: text expected to contain /Model de Qualitat de Solucions/</failure>
    </testcase>
    <testcase classname="testmeter.generalitat" name="TestNegatiu_Abril url i verificar capçalera_Fils:100;Rampup:65;Durada:20" time="0.027">
        <failure message="Not Found">Test failed: text expected to contain /Model de Qualitat de Solucions/</failure>
    </testcase>
    <testcase classname="testmeter.generalitat" name="TestNegatiu_Abril url i verificar capçalera_Fils:100;Rampup:65;Durada:20" time="0.023">
        <failure message="Not Found">Test failed: text expected to contain /Model de Qualitat de Solucions/</failure>
    </testcase>
    <testcase classname="testmeter.generalitat" name="Abril url i verificar capçalera_Fils:100;Rampup:65;Durada:20" time="0.025"/>
    <testcase classname="testmeter.generalitat" name="Abril url i verificar capçalera_Fils:100;Rampup:65;Durada:20" time="0.028"/>
    <testcase classname="testmeter.generalitat" name="Abril url i verificar capçalera_Fils:100;Rampup:65;Durada:20" time="0.029"/>
    <testcase classname="testmeter.generalitat" name="TestNegatiu_Abril url i verificar capçalera_Fils:100;Rampup:65;Durada:20" time="0.037">
        <failure message="Not Found">Test failed: text expected to contain /Model de Qualitat de Solucions/</failure>
    </testcase>
    <testcase classname="testmeter.generalitat" name="Abril url i verificar capçalera_Fils:100;Rampup:65;Durada:20" time="0.026"/>
    <testcase classname="testmeter.generalitat" name="Abril url i verificar capçalera_Fils:100;Rampup:65;Durada:20" time="0.024"/>
    <testcase classname="testmeter.generalitat" name="TestNegatiu_Abril url i verificar capçalera_Fils:100;Rampup:65;Durada:20" time="0.032">
        <failure message="Not Found">Test failed: text expected to contain /Model de Qualitat de Solucions/</failure>
    </testcase>
    <testcase classname="testmeter.generalitat" name="TestNegatiu_Abril url i verificar capçalera_Fils:100;Rampup:65;Durada:20" time="0.033">
        <failure message="Not Found">Test failed: text expected to contain /Model de Qualitat de Solucions/</failure>
    </testcase>
    <testcase classname="testmeter.generalitat" name="TestNegatiu_Abril url i verificar capçalera_Fils:100;Rampup:65;Durada:20" time="0.030">
        <failure message="Not Found">Test failed: text expected to contain /Model de Qualitat de Solucions/</failure>
    </testcase>
    <testcase classname="testmeter.generalitat" name="TestNegatiu_Abril url i verificar capçalera_Fils:100;Rampup:65;Durada:20" time="0.032">
        <failure message="Not Found">Test failed: text expected to contain /Model de Qualitat de Solucions/</failure>
    </testcase>
    <testcase classname="testmeter.generalitat" name="Abril url i verificar capçalera_Fils:100;Rampup:65;Durada:20" time="0.026"/>
    <testcase classname="testmeter.generalitat" name="Abril url i verificar capçalera_Fils:100;Rampup:65;Durada:20" time="0.028"/>
    <testcase classname="testmeter.generalitat" name="Abril url i verificar capçalera_Fils:100;Rampup:65;Durada:20" time="0.029"/>
    <testcase classname="testmeter.generalitat" name="TestNegatiu_Abril url i verificar capçalera_Fils:100;Rampup:65;Durada:20" time="0.027">
        <failure message="Not Found">Test failed: text expected to contain /Model de Qualitat de Solucions/</failure>
    </testcase>
    <testcase classname="testmeter.generalitat" name="TestNegatiu_Abril url i verificar capçalera_Fils:100;Rampup:65;Durada:20" time="0.028">
        <failure message="Not Found">Test failed: text expected to contain /Model de Qualitat de Solucions/</failure>
    </testcase>
    <testcase classname="testmeter.generalitat" name="TestNegatiu_Abril url i verificar capçalera_Fils:100;Rampup:65;Durada:20" time="0.026">
        <failure message="Not Found">Test failed: text expected to contain /Model de Qualitat de Solucions/</failure>
    </testcase>
    <testcase classname="testmeter.generalitat" name="Abril url i verificar capçalera_Fils:100;Rampup:65;Durada:20" time="0.028"/>
    <testcase classname="testmeter.generalitat" name="Abril url i verificar capçalera_Fils:100;Rampup:65;Durada:20" time="0.134"/>
    <testcase classname="testmeter.generalitat" name="TestNegatiu_Abril url i verificar capçalera_Fils:100;Rampup:65;Durada:20" time="0.024">
        <failure message="Not Found">Test failed: text expected to contain /Model de Qualitat de Solucions/</failure>
    </testcase>
    <testcase classname="testmeter.generalitat" name="Abril url i verificar capçalera_Fils:100;Rampup:65;Durada:20" time="0.025"/>
    <testcase classname="testmeter.generalitat" name="Abril url i verificar capçalera_Fils:100;Rampup:65;Durada:20" time="0.031"/>
    <testcase classname="testmeter.generalitat" name="Abril url i verificar capçalera_Fils:100;Rampup:65;Durada:20" time="0.031"/>
    <testcase classname="testmeter.generalitat" name="TestNegatiu_Abril url i verificar capçalera_Fils:100;Rampup:65;Durada:20" time="0.025">
        <failure message="Not Found">Test failed: text expected to contain /Model de Qualitat de Solucions/</failure>
    </testcase>
    <testcase classname="testmeter.generalitat" name="TestNegatiu_Abril url i verificar capçalera_Fils:100;Rampup:65;Durada:20" time="0.025">
        <failure message="Not Found">Test failed: text expected to contain /Model de Qualitat de Solucions/</failure>
    </testcase>
    <testcase classname="testmeter.generalitat" name="Abril url i verificar capçalera_Fils:100;Rampup:65;Durada:20" time="0.027"/>
    <testcase classname="testmeter.generalitat" name="TestNegatiu_Abril url i verificar capçalera_Fils:100;Rampup:65;Durada:20" time="0.034">
        <failure message="Not Found">Test failed: text expected to contain /Model de Qualitat de Solucions/</failure>
    </testcase>
    <testcase classname="testmeter.generalitat" name="TestNegatiu_Abril url i verificar capçalera_Fils:100;Rampup:65;Durada:20" time="0.034">
        <failure message="Not Found">Test failed: text expected to contain /Model de Qualitat de Solucions/</failure>
    </testcase>
    <testcase classname="testmeter.generalitat" name="TestNegatiu_Abril url i verificar capçalera_Fils:100;Rampup:65;Durada:20" time="0.022">
        <failure message="Not Found">Test failed: text expected to contain /Model de Qualitat de Solucions/</failure>
    </testcase>
    <testcase classname="testmeter.generalitat" name="Abril url i verificar capçalera_Fils:100;Rampup:65;Durada:20" time="0.032"/>
    <testcase classname="testmeter.generalitat" name="Abril url i verificar capçalera_Fils:100;Rampup:65;Durada:20" time="0.028"/>
    <testcase classname="testmeter.generalitat" name="Abril url i verificar capçalera_Fils:100;Rampup:65;Durada:20" time="0.029"/>
    <testcase classname="testmeter.generalitat" name="Abril url i verificar capçalera_Fils:100;Rampup:65;Durada:20" time="0.025"/>
    <testcase classname="testmeter.generalitat" name="TestNegatiu_Abril url i verificar capçalera_Fils:100;Rampup:65;Durada:20" time="0.026">
        <failure message="Not Found">Test failed: text expected to contain /Model de Qualitat de Solucions/</failure>
    </testcase>
    <testcase classname="testmeter.generalitat" name="TestNegatiu_Abril url i verificar capçalera_Fils:100;Rampup:65;Durada:20" time="0.024">
        <failure message="Not Found">Test failed: text expected to contain /Model de Qualitat de Solucions/</failure>
    </testcase>
    <testcase classname="testmeter.generalitat" name="TestNegatiu_Abril url i verificar capçalera_Fils:100;Rampup:65;Durada:20" time="0.027">
        <failure message="Not Found">Test failed: text expected to contain /Model de Qualitat de Solucions/</failure>
    </testcase>
    <testcase classname="testmeter.generalitat" name="TestNegatiu_Abril url i verificar capçalera_Fils:100;Rampup:65;Durada:20" time="0.026">
        <failure message="Not Found">Test failed: text expected to contain /Model de Qualitat de Solucions/</failure>
    </testcase>
    <testcase classname="testmeter.generalitat" name="Abril url i verificar capçalera_Fils:100;Rampup:65;Durada:20" time="0.041"/>
    <testcase classname="testmeter.generalitat" name="Abril url i verificar capçalera_Fils:100;Rampup:65;Durada:20" time="0.030"/>
    <testcase classname="testmeter.generalitat" name="Abril url i verificar capçalera_Fils:100;Rampup:65;Durada:20" time="0.028"/>
    <testcase classname="testmeter.generalitat" name="Abril url i verificar capçalera_Fils:100;Rampup:65;Durada:20" time="0.028"/>
    <testcase classname="testmeter.generalitat" name="Abril url i verificar capçalera_Fils:100;Rampup:65;Durada:20" time="0.126"/>
    <testcase classname="testmeter.generalitat" name="TestNegatiu_Abril url i verificar capçalera_Fils:100;Rampup:65;Durada:20" time="0.023">
        <failure message="Not Found">Test failed: text expected to contain /Model de Qualitat de Solucions/</failure>
    </testcase>
    <testcase classname="testmeter.generalitat" name="TestNegatiu_Abril url i verificar capçalera_Fils:100;Rampup:65;Durada:20" time="0.023">
        <failure message="Not Found">Test failed: text expected to contain /Model de Qualitat de Solucions/</failure>
    </testcase>
    <testcase classname="testmeter.generalitat" name="TestNegatiu_Abril url i verificar capçalera_Fils:100;Rampup:65;Durada:20" time="0.029">
        <failure message="Not Found">Test failed: text expected to contain /Model de Qualitat de Solucions/</failure>
    </testcase>
    <testcase classname="testmeter.generalitat" name="TestNegatiu_Abril url i verificar capçalera_Fils:100;Rampup:65;Durada:20" time="0.029">
        <failure message="Not Found">Test failed: text expected to contain /Model de Qualitat de Solucions/</failure>
    </testcase>
    <testcase classname="testmeter.generalitat" name="TestNegatiu_Abril url i verificar capçalera_Fils:100;Rampup:65;Durada:20" time="0.050">
        <failure message="Not Found">Test failed: text expected to contain /Model de Qualitat de Solucions/</failure>
    </testcase>
    <testcase classname="testmeter.generalitat" name="Abril url i verificar capçalera_Fils:100;Rampup:65;Durada:20" time="0.046"/>
    <testcase classname="testmeter.generalitat" name="Abril url i verificar capçalera_Fils:100;Rampup:65;Durada:20" time="0.043"/>
    <testcase classname="testmeter.generalitat" name="TestNegatiu_Abril url i verificar capçalera_Fils:100;Rampup:65;Durada:20" time="0.033">
        <failure message="Not Found">Test failed: text expected to contain /Model de Qualitat de Solucions/</failure>
    </testcase>
    <testcase classname="testmeter.generalitat" name="TestNegatiu_Abril url i verificar capçalera_Fils:100;Rampup:65;Durada:20" time="0.033">
        <failure message="Not Found">Test failed: text expected to contain /Model de Qualitat de Solucions/</failure>
    </testcase>
    <testcase classname="testmeter.generalitat" name="Abril url i verificar capçalera_Fils:100;Rampup:65;Durada:20" time="0.081"/>
    <testcase classname="testmeter.generalitat" name="Abril url i verificar capçalera_Fils:100;Rampup:65;Durada:20" time="0.050"/>
    <testcase classname="testmeter.generalitat" name="Abril url i verificar capçalera_Fils:100;Rampup:65;Durada:20" time="0.081"/>
    <testcase classname="testmeter.generalitat" name="Abril url i verificar capçalera_Fils:100;Rampup:65;Durada:20" time="0.028"/>
    <testcase classname="testmeter.generalitat" name="TestNegatiu_Abril url i verificar capçalera_Fils:100;Rampup:65;Durada:20" time="0.024">
        <failure message="Not Found">Test failed: text expected to contain /Model de Qualitat de Solucions/</failure>
    </testcase>
    <testcase classname="testmeter.generalitat" name="Abril url i verificar capçalera_Fils:100;Rampup:65;Durada:20" time="0.028"/>
    <testcase classname="testmeter.generalitat" name="TestNegatiu_Abril url i verificar capçalera_Fils:100;Rampup:65;Durada:20" time="0.031">
        <failure message="Not Found">Test failed: text expected to contain /Model de Qualitat de Solucions/</failure>
    </testcase>
    <testcase classname="testmeter.generalitat" name="TestNegatiu_Abril url i verificar capçalera_Fils:100;Rampup:65;Durada:20" time="0.031">
        <failure message="Not Found">Test failed: text expected to contain /Model de Qualitat de Solucions/</failure>
    </testcase>
    <testcase classname="testmeter.generalitat" name="TestNegatiu_Abril url i verificar capçalera_Fils:100;Rampup:65;Durada:20" time="0.027">
        <failure message="Not Found">Test failed: text expected to contain /Model de Qualitat de Solucions/</failure>
    </testcase>
    <testcase classname="testmeter.generalitat" name="TestNegatiu_Abril url i verificar capçalera_Fils:100;Rampup:65;Durada:20" time="0.027">
        <failure message="Not Found">Test failed: text expected to contain /Model de Qualitat de Solucions/</failure>
    </testcase>
    <testcase classname="testmeter.generalitat" name="Abril url i verificar capçalera_Fils:100;Rampup:65;Durada:20" time="0.027"/>
    <testcase classname="testmeter.generalitat" name="Abril url i verificar capçalera_Fils:100;Rampup:65;Durada:20" time="0.029"/>
    <testcase classname="testmeter.generalitat" name="Abril url i verificar capçalera_Fils:100;Rampup:65;Durada:20" time="0.030"/>
    <testcase classname="testmeter.generalitat" name="TestNegatiu_Abril url i verificar capçalera_Fils:100;Rampup:65;Durada:20" time="0.026">
        <failure message="Not Found">Test failed: text expected to contain /Model de Qualitat de Solucions/</failure>
    </testcase>
    <testcase classname="testmeter.generalitat" name="Abril url i verificar capçalera_Fils:100;Rampup:65;Durada:20" time="0.025"/>
    <testcase classname="testmeter.generalitat" name="Abril url i verificar capçalera_Fils:100;Rampup:65;Durada:20" time="0.028"/>
    <testcase classname="testmeter.generalitat" name="TestNegatiu_Abril url i verificar capçalera_Fils:100;Rampup:65;Durada:20" time="0.026">
        <failure message="Not Found">Test failed: text expected to contain /Model de Qualitat de Solucions/</failure>
    </testcase>
    <testcase classname="testmeter.generalitat" name="TestNegatiu_Abril url i verificar capçalera_Fils:100;Rampup:65;Durada:20" time="0.027">
        <failure message="Not Found">Test failed: text expected to contain /Model de Qualitat de Solucions/</failure>
    </testcase>
    <testcase classname="testmeter.generalitat" name="TestNegatiu_Abril url i verificar capçalera_Fils:100;Rampup:65;Durada:20" time="0.023">
        <failure message="Not Found">Test failed: text expected to contain /Model de Qualitat de Solucions/</failure>
    </testcase>
    <testcase classname="testmeter.generalitat" name="TestNegatiu_Abril url i verificar capçalera_Fils:100;Rampup:65;Durada:20" time="0.024">
        <failure message="Not Found">Test failed: text expected to contain /Model de Qualitat de Solucions/</failure>
    </testcase>
    <testcase classname="testmeter.generalitat" name="Abril url i verificar capçalera_Fils:100;Rampup:65;Durada:20" time="0.028"/>
    <testcase classname="testmeter.generalitat" name="Abril url i verificar capçalera_Fils:100;Rampup:65;Durada:20" time="0.034"/>
    <testcase classname="testmeter.generalitat" name="Abril url i verificar capçalera_Fils:100;Rampup:65;Durada:20" time="0.030"/>
    <testcase classname="testmeter.generalitat" name="Abril url i verificar capçalera_Fils:100;Rampup:65;Durada:20" time="0.031"/>
    <testcase classname="testmeter.generalitat" name="TestNegatiu_Abril url i verificar capçalera_Fils:100;Rampup:65;Durada:20" time="0.028">
        <failure message="Not Found">Test failed: text expected to contain /Model de Qualitat de Solucions/</failure>
    </testcase>
    <testcase classname="testmeter.generalitat" name="TestNegatiu_Abril url i verificar capçalera_Fils:100;Rampup:65;Durada:20" time="0.028">
        <failure message="Not Found">Test failed: text expected to contain /Model de Qualitat de Solucions/</failure>
    </testcase>
    <testcase classname="testmeter.generalitat" name="TestNegatiu_Abril url i verificar capçalera_Fils:100;Rampup:65;Durada:20" time="0.023">
        <failure message="Not Found">Test failed: text expected to contain /Model de Qualitat de Solucions/</failure>
    </testcase>
    <testcase classname="testmeter.generalitat" name="TestNegatiu_Abril url i verificar capçalera_Fils:100;Rampup:65;Durada:20" time="0.023">
        <failure message="Not Found">Test failed: text expected to contain /Model de Qualitat de Solucions/</failure>
    </testcase>
    <testcase classname="testmeter.generalitat" name="Abril url i verificar capçalera_Fils:100;Rampup:65;Durada:20" time="0.026"/>
    <testcase classname="testmeter.generalitat" name="Abril url i verificar capçalera_Fils:100;Rampup:65;Durada:20" time="0.035"/>
    <testcase classname="testmeter.generalitat" name="Abril url i verificar capçalera_Fils:100;Rampup:65;Durada:20" time="0.025"/>
    <testcase classname="testmeter.generalitat" name="Abril url i verificar capçalera_Fils:100;Rampup:65;Durada:20" time="0.024"/>
    <testcase classname="testmeter.generalitat" name="TestNegatiu_Abril url i verificar capçalera_Fils:100;Rampup:65;Durada:20" time="0.027">
        <failure message="Not Found">Test failed: text expected to contain /Model de Qualitat de Solucions/</failure>
    </testcase>
    <testcase classname="testmeter.generalitat" name="Abril url i verificar capçalera_Fils:100;Rampup:65;Durada:20" time="0.135"/>
    <testcase classname="testmeter.generalitat" name="TestNegatiu_Abril url i verificar capçalera_Fils:100;Rampup:65;Durada:20" time="0.022">
        <failure message="Not Found">Test failed: text expected to contain /Model de Qualitat de Solucions/</failure>
    </testcase>
    <testcase classname="testmeter.generalitat" name="TestNegatiu_Abril url i verificar capçalera_Fils:100;Rampup:65;Durada:20" time="0.023">
        <failure message="Not Found">Test failed: text expected to contain /Model de Qualitat de Solucions/</failure>
    </testcase>
    <testcase classname="testmeter.generalitat" name="TestNegatiu_Abril url i verificar capçalera_Fils:100;Rampup:65;Durada:20" time="0.027">
        <failure message="Not Found">Test failed: text expected to contain /Model de Qualitat de Solucions/</failure>
    </testcase>
    <testcase classname="testmeter.generalitat" name="Abril url i verificar capçalera_Fils:100;Rampup:65;Durada:20" time="0.025"/>
    <testcase classname="testmeter.generalitat" name="TestNegatiu_Abril url i verificar capçalera_Fils:100;Rampup:65;Durada:20" time="0.028">
        <failure message="Not Found">Test failed: text expected to contain /Model de Qualitat de Solucions/</failure>
    </testcase>
    <testcase classname="testmeter.generalitat" name="Abril url i verificar capçalera_Fils:100;Rampup:65;Durada:20" time="0.026"/>
    <testcase classname="testmeter.generalitat" name="Abril url i verificar capçalera_Fils:100;Rampup:65;Durada:20" time="0.025"/>
    <testcase classname="testmeter.generalitat" name="Abril url i verificar capçalera_Fils:100;Rampup:65;Durada:20" time="0.030"/>
    <testcase classname="testmeter.generalitat" name="TestNegatiu_Abril url i verificar capçalera_Fils:100;Rampup:65;Durada:20" time="0.027">
        <failure message="Not Found">Test failed: text expected to contain /Model de Qualitat de Solucions/</failure>
    </testcase>
    <testcase classname="testmeter.generalitat" name="TestNegatiu_Abril url i verificar capçalera_Fils:100;Rampup:65;Durada:20" time="0.023">
        <failure message="Not Found">Test failed: text expected to contain /Model de Qualitat de Solucions/</failure>
    </testcase>
    <testcase classname="testmeter.generalitat" name="TestNegatiu_Abril url i verificar capçalera_Fils:100;Rampup:65;Durada:20" time="0.024">
        <failure message="Not Found">Test failed: text expected to contain /Model de Qualitat de Solucions/</failure>
    </testcase>
    <testcase classname="testmeter.generalitat" name="Abril url i verificar capçalera_Fils:100;Rampup:65;Durada:20" time="0.029"/>
    <testcase classname="testmeter.generalitat" name="TestNegatiu_Abril url i verificar capçalera_Fils:100;Rampup:65;Durada:20" time="0.025">
        <failure message="Not Found">Test failed: text expected to contain /Model de Qualitat de Solucions/</failure>
    </testcase>
    <testcase classname="testmeter.generalitat" name="Abril url i verificar capçalera_Fils:100;Rampup:65;Durada:20" time="0.026"/>
    <testcase classname="testmeter.generalitat" name="TestNegatiu_Abril url i verificar capçalera_Fils:100;Rampup:65;Durada:20" time="0.031">
        <failure message="Not Found">Test failed: text expected to contain /Model de Qualitat de Solucions/</failure>
    </testcase>
    <testcase classname="testmeter.generalitat" name="Abril url i verificar capçalera_Fils:100;Rampup:65;Durada:20" time="0.024"/>
    <testcase classname="testmeter.generalitat" name="Abril url i verificar capçalera_Fils:100;Rampup:65;Durada:20" time="0.025"/>
    <testcase classname="testmeter.generalitat" name="Abril url i verificar capçalera_Fils:100;Rampup:65;Durada:20" time="0.026"/>
    <testcase classname="testmeter.generalitat" name="TestNegatiu_Abril url i verificar capçalera_Fils:100;Rampup:65;Durada:20" time="0.024">
        <failure message="Not Found">Test failed: text expected to contain /Model de Qualitat de Solucions/</failure>
    </testcase>
    <testcase classname="testmeter.generalitat" name="TestNegatiu_Abril url i verificar capçalera_Fils:100;Rampup:65;Durada:20" time="0.027">
        <failure message="Not Found">Test failed: text expected to contain /Model de Qualitat de Solucions/</failure>
    </testcase>
    <testcase classname="testmeter.generalitat" name="TestNegatiu_Abril url i verificar capçalera_Fils:100;Rampup:65;Durada:20" time="0.027">
        <failure message="Not Found">Test failed: text expected to contain /Model de Qualitat de Solucions/</failure>
    </testcase>
    <testcase classname="testmeter.generalitat" name="Abril url i verificar capçalera_Fils:100;Rampup:65;Durada:20" time="0.028"/>
    <testcase classname="testmeter.generalitat" name="TestNegatiu_Abril url i verificar capçalera_Fils:100;Rampup:65;Durada:20" time="0.031">
        <failure message="Not Found">Test failed: text expected to contain /Model de Qualitat de Solucions/</failure>
    </testcase>
    <testcase classname="testmeter.generalitat" name="Abril url i verificar capçalera_Fils:100;Rampup:65;Durada:20" time="0.027"/>
    <testcase classname="testmeter.generalitat" name="Abril url i verificar capçalera_Fils:100;Rampup:65;Durada:20" time="0.122"/>
    <testcase classname="testmeter.generalitat" name="TestNegatiu_Abril url i verificar capçalera_Fils:100;Rampup:65;Durada:20" time="0.025">
        <failure message="Not Found">Test failed: text expected to contain /Model de Qualitat de Solucions/</failure>
    </testcase>
    <testcase classname="testmeter.generalitat" name="Abril url i verificar capçalera_Fils:100;Rampup:65;Durada:20" time="0.026"/>
    <testcase classname="testmeter.generalitat" name="Abril url i verificar capçalera_Fils:100;Rampup:65;Durada:20" time="0.026"/>
    <testcase classname="testmeter.generalitat" name="Abril url i verificar capçalera_Fils:100;Rampup:65;Durada:20" time="0.026"/>
    <testcase classname="testmeter.generalitat" name="TestNegatiu_Abril url i verificar capçalera_Fils:100;Rampup:65;Durada:20" time="0.029">
        <failure message="Not Found">Test failed: text expected to contain /Model de Qualitat de Solucions/</failure>
    </testcase>
    <testcase classname="testmeter.generalitat" name="TestNegatiu_Abril url i verificar capçalera_Fils:100;Rampup:65;Durada:20" time="0.025">
        <failure message="Not Found">Test failed: text expected to contain /Model de Qualitat de Solucions/</failure>
    </testcase>
    <testcase classname="testmeter.generalitat" name="TestNegatiu_Abril url i verificar capçalera_Fils:100;Rampup:65;Durada:20" time="0.029">
        <failure message="Not Found">Test failed: text expected to contain /Model de Qualitat de Solucions/</failure>
    </testcase>
    <testcase classname="testmeter.generalitat" name="TestNegatiu_Abril url i verificar capçalera_Fils:100;Rampup:65;Durada:20" time="0.029">
        <failure message="Not Found">Test failed: text expected to contain /Model de Qualitat de Solucions/</failure>
    </testcase>
    <testcase classname="testmeter.generalitat" name="Abril url i verificar capçalera_Fils:100;Rampup:65;Durada:20" time="0.027"/>
    <testcase classname="testmeter.generalitat" name="TestNegatiu_Abril url i verificar capçalera_Fils:100;Rampup:65;Durada:20" time="0.025">
        <failure message="Not Found">Test failed: text expected to contain /Model de Qualitat de Solucions/</failure>
    </testcase>
    <testcase classname="testmeter.generalitat" name="Abril url i verificar capçalera_Fils:100;Rampup:65;Durada:20" time="0.031"/>
    <testcase classname="testmeter.generalitat" name="TestNegatiu_Abril url i verificar capçalera_Fils:100;Rampup:65;Durada:20" time="0.027">
        <failure message="Not Found">Test failed: text expected to contain /Model de Qualitat de Solucions/</failure>
    </testcase>
    <testcase classname="testmeter.generalitat" name="Abril url i verificar capçalera_Fils:100;Rampup:65;Durada:20" time="0.027"/>
    <testcase classname="testmeter.generalitat" name="Abril url i verificar capçalera_Fils:100;Rampup:65;Durada:20" time="0.028"/>
    <testcase classname="testmeter.generalitat" name="Abril url i verificar capçalera_Fils:100;Rampup:65;Durada:20" time="0.029"/>
    <testcase classname="testmeter.generalitat" name="Abril url i verificar capçalera_Fils:100;Rampup:65;Durada:20" time="0.047"/>
    <testcase classname="testmeter.generalitat" name="TestNegatiu_Abril url i verificar capçalera_Fils:100;Rampup:65;Durada:20" time="0.028">
        <failure message="Not Found">Test failed: text expected to contain /Model de Qualitat de Solucions/</failure>
    </testcase>
    <testcase classname="testmeter.generalitat" name="TestNegatiu_Abril url i verificar capçalera_Fils:100;Rampup:65;Durada:20" time="0.024">
        <failure message="Not Found">Test failed: text expected to contain /Model de Qualitat de Solucions/</failure>
    </testcase>
    <testcase classname="testmeter.generalitat" name="TestNegatiu_Abril url i verificar capçalera_Fils:100;Rampup:65;Durada:20" time="0.025">
        <failure message="Not Found">Test failed: text expected to contain /Model de Qualitat de Solucions/</failure>
    </testcase>
    <testcase classname="testmeter.generalitat" name="TestNegatiu_Abril url i verificar capçalera_Fils:100;Rampup:65;Durada:20" time="0.026">
        <failure message="Not Found">Test failed: text expected to contain /Model de Qualitat de Solucions/</failure>
    </testcase>
    <testcase classname="testmeter.generalitat" name="Abril url i verificar capçalera_Fils:100;Rampup:65;Durada:20" time="0.034"/>
    <testcase classname="testmeter.generalitat" name="TestNegatiu_Abril url i verificar capçalera_Fils:100;Rampup:65;Durada:20" time="0.030">
        <failure message="Not Found">Test failed: text expected to contain /Model de Qualitat de Solucions/</failure>
    </testcase>
    <testcase classname="testmeter.generalitat" name="Abril url i verificar capçalera_Fils:100;Rampup:65;Durada:20" time="0.029"/>
    <testcase classname="testmeter.generalitat" name="Abril url i verificar capçalera_Fils:100;Rampup:65;Durada:20" time="0.027"/>
    <testcase classname="testmeter.generalitat" name="Abril url i verificar capçalera_Fils:100;Rampup:65;Durada:20" time="0.028"/>
    <testcase classname="testmeter.generalitat" name="TestNegatiu_Abril url i verificar capçalera_Fils:100;Rampup:65;Durada:20" time="0.029">
        <failure message="Not Found">Test failed: text expected to contain /Model de Qualitat de Solucions/</failure>
    </testcase>
    <testcase classname="testmeter.generalitat" name="Abril url i verificar capçalera_Fils:100;Rampup:65;Durada:20" time="0.028"/>
    <testcase classname="testmeter.generalitat" name="TestNegatiu_Abril url i verificar capçalera_Fils:100;Rampup:65;Durada:20" time="0.023">
        <failure message="Not Found">Test failed: text expected to contain /Model de Qualitat de Solucions/</failure>
    </testcase>
    <testcase classname="testmeter.generalitat" name="TestNegatiu_Abril url i verificar capçalera_Fils:100;Rampup:65;Durada:20" time="0.024">
        <failure message="Not Found">Test failed: text expected to contain /Model de Qualitat de Solucions/</failure>
    </testcase>
    <testcase classname="testmeter.generalitat" name="TestNegatiu_Abril url i verificar capçalera_Fils:100;Rampup:65;Durada:20" time="0.023">
        <failure message="Not Found">Test failed: text expected to contain /Model de Qualitat de Solucions/</failure>
    </testcase>
    <testcase classname="testmeter.generalitat" name="Abril url i verificar capçalera_Fils:100;Rampup:65;Durada:20" time="0.048"/>
    <testcase classname="testmeter.generalitat" name="Abril url i verificar capçalera_Fils:100;Rampup:65;Durada:20" time="0.029"/>
    <testcase classname="testmeter.generalitat" name="TestNegatiu_Abril url i verificar capçalera_Fils:100;Rampup:65;Durada:20" time="0.039">
        <failure message="Not Found">Test failed: text expected to contain /Model de Qualitat de Solucions/</failure>
    </testcase>
    <testcase classname="testmeter.generalitat" name="Abril url i verificar capçalera_Fils:100;Rampup:65;Durada:20" time="0.035"/>
    <testcase classname="testmeter.generalitat" name="Abril url i verificar capçalera_Fils:100;Rampup:65;Durada:20" time="0.028"/>
    <testcase classname="testmeter.generalitat" name="TestNegatiu_Abril url i verificar capçalera_Fils:100;Rampup:65;Durada:20" time="0.025">
        <failure message="Not Found">Test failed: text expected to contain /Model de Qualitat de Solucions/</failure>
    </testcase>
    <testcase classname="testmeter.generalitat" name="Abril url i verificar capçalera_Fils:100;Rampup:65;Durada:20" time="0.027"/>
    <testcase classname="testmeter.generalitat" name="TestNegatiu_Abril url i verificar capçalera_Fils:100;Rampup:65;Durada:20" time="0.026">
        <failure message="Not Found">Test failed: text expected to contain /Model de Qualitat de Solucions/</failure>
    </testcase>
    <testcase classname="testmeter.generalitat" name="TestNegatiu_Abril url i verificar capçalera_Fils:100;Rampup:65;Durada:20" time="0.023">
        <failure message="Not Found">Test failed: text expected to contain /Model de Qualitat de Solucions/</failure>
    </testcase>
    <testcase classname="testmeter.generalitat" name="Abril url i verificar capçalera_Fils:100;Rampup:65;Durada:20" time="0.026"/>
    <testcase classname="testmeter.generalitat" name="TestNegatiu_Abril url i verificar capçalera_Fils:100;Rampup:65;Durada:20" time="0.026">
        <failure message="Not Found">Test failed: text expected to contain /Model de Qualitat de Solucions/</failure>
    </testcase>
    <testcase classname="testmeter.generalitat" name="TestNegatiu_Abril url i verificar capçalera_Fils:100;Rampup:65;Durada:20" time="0.025">
        <failure message="Not Found">Test failed: text expected to contain /Model de Qualitat de Solucions/</failure>
    </testcase>
    <testcase classname="testmeter.generalitat" name="Abril url i verificar capçalera_Fils:100;Rampup:65;Durada:20" time="0.031"/>
    <testcase classname="testmeter.generalitat" name="TestNegatiu_Abril url i verificar capçalera_Fils:100;Rampup:65;Durada:20" time="0.027">
        <failure message="Not Found">Test failed: text expected to contain /Model de Qualitat de Solucions/</failure>
    </testcase>
    <testcase classname="testmeter.generalitat" name="Abril url i verificar capçalera_Fils:100;Rampup:65;Durada:20" time="0.026"/>
    <testcase classname="testmeter.generalitat" name="Abril url i verificar capçalera_Fils:100;Rampup:65;Durada:20" time="0.031"/>
    <testcase classname="testmeter.generalitat" name="Abril url i verificar capçalera_Fils:100;Rampup:65;Durada:20" time="0.028"/>
    <testcase classname="testmeter.generalitat" name="TestNegatiu_Abril url i verificar capçalera_Fils:100;Rampup:65;Durada:20" time="0.025">
        <failure message="Not Found">Test failed: text expected to contain /Model de Qualitat de Solucions/</failure>
    </testcase>
    <testcase classname="testmeter.generalitat" name="Abril url i verificar capçalera_Fils:100;Rampup:65;Durada:20" time="0.027"/>
    <testcase classname="testmeter.generalitat" name="TestNegatiu_Abril url i verificar capçalera_Fils:100;Rampup:65;Durada:20" time="0.027">
        <failure message="Not Found">Test failed: text expected to contain /Model de Qualitat de Solucions/</failure>
    </testcase>
    <testcase classname="testmeter.generalitat" name="TestNegatiu_Abril url i verificar capçalera_Fils:100;Rampup:65;Durada:20" time="0.023">
        <failure message="Not Found">Test failed: text expected to contain /Model de Qualitat de Solucions/</failure>
    </testcase>
    <testcase classname="testmeter.generalitat" name="TestNegatiu_Abril url i verificar capçalera_Fils:100;Rampup:65;Durada:20" time="0.025">
        <failure message="Not Found">Test failed: text expected to contain /Model de Qualitat de Solucions/</failure>
    </testcase>
    <testcase classname="testmeter.generalitat" name="Abril url i verificar capçalera_Fils:100;Rampup:65;Durada:20" time="0.031"/>
    <testcase classname="testmeter.generalitat" name="TestNegatiu_Abril url i verificar capçalera_Fils:100;Rampup:65;Durada:20" time="0.026">
        <failure message="Not Found">Test failed: text expected to contain /Model de Qualitat de Solucions/</failure>
    </testcase>
    <testcase classname="testmeter.generalitat" name="Abril url i verificar capçalera_Fils:100;Rampup:65;Durada:20" time="0.029"/>
    <testcase classname="testmeter.generalitat" name="Abril url i verificar capçalera_Fils:100;Rampup:65;Durada:20" time="0.029"/>
    <testcase classname="testmeter.generalitat" name="Abril url i verificar capçalera_Fils:100;Rampup:65;Durada:20" time="0.028"/>
    <testcase classname="testmeter.generalitat" name="Abril url i verificar capçalera_Fils:100;Rampup:65;Durada:20" time="0.126"/>
    <testcase classname="testmeter.generalitat" name="TestNegatiu_Abril url i verificar capçalera_Fils:100;Rampup:65;Durada:20" time="0.026">
        <failure message="Not Found">Test failed: text expected to contain /Model de Qualitat de Solucions/</failure>
    </testcase>
    <testcase classname="testmeter.generalitat" name="Abril url i verificar capçalera_Fils:100;Rampup:65;Durada:20" time="0.032"/>
    <testcase classname="testmeter.generalitat" name="TestNegatiu_Abril url i verificar capçalera_Fils:100;Rampup:65;Durada:20" time="0.022">
        <failure message="Not Found">Test failed: text expected to contain /Model de Qualitat de Solucions/</failure>
    </testcase>
    <testcase classname="testmeter.generalitat" name="TestNegatiu_Abril url i verificar capçalera_Fils:100;Rampup:65;Durada:20" time="0.022">
        <failure message="Not Found">Test failed: text expected to contain /Model de Qualitat de Solucions/</failure>
    </testcase>
    <testcase classname="testmeter.generalitat" name="TestNegatiu_Abril url i verificar capçalera_Fils:100;Rampup:65;Durada:20" time="0.027">
        <failure message="Not Found">Test failed: text expected to contain /Model de Qualitat de Solucions/</failure>
    </testcase>
    <testcase classname="testmeter.generalitat" name="TestNegatiu_Abril url i verificar capçalera_Fils:100;Rampup:65;Durada:20" time="0.030">
        <failure message="Not Found">Test failed: text expected to contain /Model de Qualitat de Solucions/</failure>
    </testcase>
    <testcase classname="testmeter.generalitat" name="Abril url i verificar capçalera_Fils:100;Rampup:65;Durada:20" time="0.026"/>
    <testcase classname="testmeter.generalitat" name="TestNegatiu_Abril url i verificar capçalera_Fils:100;Rampup:65;Durada:20" time="0.026">
        <failure message="Not Found">Test failed: text expected to contain /Model de Qualitat de Solucions/</failure>
    </testcase>
    <testcase classname="testmeter.generalitat" name="Abril url i verificar capçalera_Fils:100;Rampup:65;Durada:20" time="0.030"/>
    <testcase classname="testmeter.generalitat" name="Abril url i verificar capçalera_Fils:100;Rampup:65;Durada:20" time="0.030"/>
    <testcase classname="testmeter.generalitat" name="Abril url i verificar capçalera_Fils:100;Rampup:65;Durada:20" time="0.028"/>
    <testcase classname="testmeter.generalitat" name="TestNegatiu_Abril url i verificar capçalera_Fils:100;Rampup:65;Durada:20" time="0.030">
        <failure message="Not Found">Test failed: text expected to contain /Model de Qualitat de Solucions/</failure>
    </testcase>
    <testcase classname="testmeter.generalitat" name="Abril url i verificar capçalera_Fils:100;Rampup:65;Durada:20" time="0.032"/>
    <testcase classname="testmeter.generalitat" name="Abril url i verificar capçalera_Fils:100;Rampup:65;Durada:20" time="0.041"/>
    <testcase classname="testmeter.generalitat" name="TestNegatiu_Abril url i verificar capçalera_Fils:100;Rampup:65;Durada:20" time="0.024">
        <failure message="Not Found">Test failed: text expected to contain /Model de Qualitat de Solucions/</failure>
    </testcase>
    <testcase classname="testmeter.generalitat" name="TestNegatiu_Abril url i verificar capçalera_Fils:100;Rampup:65;Durada:20" time="0.024">
        <failure message="Not Found">Test failed: text expected to contain /Model de Qualitat de Solucions/</failure>
    </testcase>
    <testcase classname="testmeter.generalitat" name="TestNegatiu_Abril url i verificar capçalera_Fils:100;Rampup:65;Durada:20" time="0.026">
        <failure message="Not Found">Test failed: text expected to contain /Model de Qualitat de Solucions/</failure>
    </testcase>
    <testcase classname="testmeter.generalitat" name="Abril url i verificar capçalera_Fils:100;Rampup:65;Durada:20" time="0.026"/>
    <testcase classname="testmeter.generalitat" name="TestNegatiu_Abril url i verificar capçalera_Fils:100;Rampup:65;Durada:20" time="0.025">
        <failure message="Not Found">Test failed: text expected to contain /Model de Qualitat de Solucions/</failure>
    </testcase>
    <testcase classname="testmeter.generalitat" name="TestNegatiu_Abril url i verificar capçalera_Fils:100;Rampup:65;Durada:20" time="0.032">
        <failure message="Not Found">Test failed: text expected to contain /Model de Qualitat de Solucions/</failure>
    </testcase>
    <testcase classname="testmeter.generalitat" name="Abril url i verificar capçalera_Fils:100;Rampup:65;Durada:20" time="0.025"/>
    <testcase classname="testmeter.generalitat" name="Abril url i verificar capçalera_Fils:100;Rampup:65;Durada:20" time="0.026"/>
    <testcase classname="testmeter.generalitat" name="Abril url i verificar capçalera_Fils:100;Rampup:65;Durada:20" time="0.029"/>
    <testcase classname="testmeter.generalitat" name="TestNegatiu_Abril url i verificar capçalera_Fils:100;Rampup:65;Durada:20" time="0.029">
        <failure message="Not Found">Test failed: text expected to contain /Model de Qualitat de Solucions/</failure>
    </testcase>
    <testcase classname="testmeter.generalitat" name="Abril url i verificar capçalera_Fils:100;Rampup:65;Durada:20" time="0.030"/>
    <testcase classname="testmeter.generalitat" name="TestNegatiu_Abril url i verificar capçalera_Fils:100;Rampup:65;Durada:20" time="0.025">
        <failure message="Not Found">Test failed: text expected to contain /Model de Qualitat de Solucions/</failure>
    </testcase>
    <testcase classname="testmeter.generalitat" name="TestNegatiu_Abril url i verificar capçalera_Fils:100;Rampup:65;Durada:20" time="0.029">
        <failure message="Not Found">Test failed: text expected to contain /Model de Qualitat de Solucions/</failure>
    </testcase>
    <testcase classname="testmeter.generalitat" name="TestNegatiu_Abril url i verificar capçalera_Fils:100;Rampup:65;Durada:20" time="0.027">
        <failure message="Not Found">Test failed: text expected to contain /Model de Qualitat de Solucions/</failure>
    </testcase>
    <testcase classname="testmeter.generalitat" name="Abril url i verificar capçalera_Fils:100;Rampup:65;Durada:20" time="0.028"/>
    <testcase classname="testmeter.generalitat" name="Abril url i verificar capçalera_Fils:100;Rampup:65;Durada:20" time="0.030"/>
    <testcase classname="testmeter.generalitat" name="TestNegatiu_Abril url i verificar capçalera_Fils:100;Rampup:65;Durada:20" time="0.025">
        <failure message="Not Found">Test failed: text expected to contain /Model de Qualitat de Solucions/</failure>
    </testcase>
    <testcase classname="testmeter.generalitat" name="Abril url i verificar capçalera_Fils:100;Rampup:65;Durada:20" time="0.028"/>
    <testcase classname="testmeter.generalitat" name="TestNegatiu_Abril url i verificar capçalera_Fils:100;Rampup:65;Durada:20" time="0.033">
        <failure message="Not Found">Test failed: text expected to contain /Model de Qualitat de Solucions/</failure>
    </testcase>
    <testcase classname="testmeter.generalitat" name="TestNegatiu_Abril url i verificar capçalera_Fils:100;Rampup:65;Durada:20" time="0.024">
        <failure message="Not Found">Test failed: text expected to contain /Model de Qualitat de Solucions/</failure>
    </testcase>
    <testcase classname="testmeter.generalitat" name="Abril url i verificar capçalera_Fils:100;Rampup:65;Durada:20" time="0.036"/>
    <testcase classname="testmeter.generalitat" name="Abril url i verificar capçalera_Fils:100;Rampup:65;Durada:20" time="0.035"/>
    <testcase classname="testmeter.generalitat" name="TestNegatiu_Abril url i verificar capçalera_Fils:100;Rampup:65;Durada:20" time="0.023">
        <failure message="Not Found">Test failed: text expected to contain /Model de Qualitat de Solucions/</failure>
    </testcase>
    <testcase classname="testmeter.generalitat" name="Abril url i verificar capçalera_Fils:100;Rampup:65;Durada:20" time="0.027"/>
    <testcase classname="testmeter.generalitat" name="Abril url i verificar capçalera_Fils:100;Rampup:65;Durada:20" time="0.034"/>
    <testcase classname="testmeter.generalitat" name="TestNegatiu_Abril url i verificar capçalera_Fils:100;Rampup:65;Durada:20" time="0.028">
        <failure message="Not Found">Test failed: text expected to contain /Model de Qualitat de Solucions/</failure>
    </testcase>
    <testcase classname="testmeter.generalitat" name="Abril url i verificar capçalera_Fils:100;Rampup:65;Durada:20" time="0.029"/>
    <testcase classname="testmeter.generalitat" name="TestNegatiu_Abril url i verificar capçalera_Fils:100;Rampup:65;Durada:20" time="0.031">
        <failure message="Not Found">Test failed: text expected to contain /Model de Qualitat de Solucions/</failure>
    </testcase>
    <testcase classname="testmeter.generalitat" name="Abril url i verificar capçalera_Fils:100;Rampup:65;Durada:20" time="0.027"/>
    <testcase classname="testmeter.generalitat" name="TestNegatiu_Abril url i verificar capçalera_Fils:100;Rampup:65;Durada:20" time="0.026">
        <failure message="Not Found">Test failed: text expected to contain /Model de Qualitat de Solucions/</failure>
    </testcase>
    <testcase classname="testmeter.generalitat" name="TestNegatiu_Abril url i verificar capçalera_Fils:100;Rampup:65;Durada:20" time="0.027">
        <failure message="Not Found">Test failed: text expected to contain /Model de Qualitat de Solucions/</failure>
    </testcase>
    <testcase classname="testmeter.generalitat" name="TestNegatiu_Abril url i verificar capçalera_Fils:100;Rampup:65;Durada:20" time="0.025">
        <failure message="Not Found">Test failed: text expected to contain /Model de Qualitat de Solucions/</failure>
    </testcase>
    <testcase classname="testmeter.generalitat" name="Abril url i verificar capçalera_Fils:100;Rampup:65;Durada:20" time="0.025"/>
    <testcase classname="testmeter.generalitat" name="TestNegatiu_Abril url i verificar capçalera_Fils:100;Rampup:65;Durada:20" time="0.021">
        <failure message="Not Found">Test failed: text expected to contain /Model de Qualitat de Solucions/</failure>
    </testcase>
    <testcase classname="testmeter.generalitat" name="Abril url i verificar capçalera_Fils:100;Rampup:65;Durada:20" time="0.027"/>
    <testcase classname="testmeter.generalitat" name="Abril url i verificar capçalera_Fils:100;Rampup:65;Durada:20" time="0.026"/>
    <testcase classname="testmeter.generalitat" name="TestNegatiu_Abril url i verificar capçalera_Fils:100;Rampup:65;Durada:20" time="0.034">
        <failure message="Not Found">Test failed: text expected to contain /Model de Qualitat de Solucions/</failure>
    </testcase>
    <testcase classname="testmeter.generalitat" name="TestNegatiu_Abril url i verificar capçalera_Fils:100;Rampup:65;Durada:20" time="0.031">
        <failure message="Not Found">Test failed: text expected to contain /Model de Qualitat de Solucions/</failure>
    </testcase>
    <testcase classname="testmeter.generalitat" name="Abril url i verificar capçalera_Fils:100;Rampup:65;Durada:20" time="0.038"/>
    <testcase classname="testmeter.generalitat" name="Abril url i verificar capçalera_Fils:100;Rampup:65;Durada:20" time="0.032"/>
    <testcase classname="testmeter.generalitat" name="TestNegatiu_Abril url i verificar capçalera_Fils:100;Rampup:65;Durada:20" time="0.026">
        <failure message="Not Found">Test failed: text expected to contain /Model de Qualitat de Solucions/</failure>
    </testcase>
    <testcase classname="testmeter.generalitat" name="Abril url i verificar capçalera_Fils:100;Rampup:65;Durada:20" time="0.038"/>
    <testcase classname="testmeter.generalitat" name="TestNegatiu_Abril url i verificar capçalera_Fils:100;Rampup:65;Durada:20" time="0.027">
        <failure message="Not Found">Test failed: text expected to contain /Model de Qualitat de Solucions/</failure>
    </testcase>
    <testcase classname="testmeter.generalitat" name="TestNegatiu_Abril url i verificar capçalera_Fils:100;Rampup:65;Durada:20" time="0.028">
        <failure message="Not Found">Test failed: text expected to contain /Model de Qualitat de Solucions/</failure>
    </testcase>
    <testcase classname="testmeter.generalitat" name="TestNegatiu_Abril url i verificar capçalera_Fils:100;Rampup:65;Durada:20" time="0.029">
        <failure message="Not Found">Test failed: text expected to contain /Model de Qualitat de Solucions/</failure>
    </testcase>
    <testcase classname="testmeter.generalitat" name="Abril url i verificar capçalera_Fils:100;Rampup:65;Durada:20" time="0.030"/>
    <testcase classname="testmeter.generalitat" name="Abril url i verificar capçalera_Fils:100;Rampup:65;Durada:20" time="0.031"/>
    <testcase classname="testmeter.generalitat" name="Abril url i verificar capçalera_Fils:100;Rampup:65;Durada:20" time="0.029"/>
    <testcase classname="testmeter.generalitat" name="Abril url i verificar capçalera_Fils:100;Rampup:65;Durada:20" time="0.125"/>
    <testcase classname="testmeter.generalitat" name="Abril url i verificar capçalera_Fils:100;Rampup:65;Durada:20" time="0.026"/>
    <testcase classname="testmeter.generalitat" name="TestNegatiu_Abril url i verificar capçalera_Fils:100;Rampup:65;Durada:20" time="0.025">
        <failure message="Not Found">Test failed: text expected to contain /Model de Qualitat de Solucions/</failure>
    </testcase>
    <testcase classname="testmeter.generalitat" name="TestNegatiu_Abril url i verificar capçalera_Fils:100;Rampup:65;Durada:20" time="0.026">
        <failure message="Not Found">Test failed: text expected to contain /Model de Qualitat de Solucions/</failure>
    </testcase>
    <testcase classname="testmeter.generalitat" name="TestNegatiu_Abril url i verificar capçalera_Fils:100;Rampup:65;Durada:20" time="0.026">
        <failure message="Not Found">Test failed: text expected to contain /Model de Qualitat de Solucions/</failure>
    </testcase>
    <testcase classname="testmeter.generalitat" name="Abril url i verificar capçalera_Fils:100;Rampup:65;Durada:20" time="0.027"/>
    <testcase classname="testmeter.generalitat" name="Abril url i verificar capçalera_Fils:100;Rampup:65;Durada:20" time="0.036"/>
    <testcase classname="testmeter.generalitat" name="TestNegatiu_Abril url i verificar capçalera_Fils:100;Rampup:65;Durada:20" time="0.029">
        <failure message="Not Found">Test failed: text expected to contain /Model de Qualitat de Solucions/</failure>
    </testcase>
    <testcase classname="testmeter.generalitat" name="TestNegatiu_Abril url i verificar capçalera_Fils:100;Rampup:65;Durada:20" time="0.046">
        <failure message="Not Found">Test failed: text expected to contain /Model de Qualitat de Solucions/</failure>
    </testcase>
    <testcase classname="testmeter.generalitat" name="TestNegatiu_Abril url i verificar capçalera_Fils:100;Rampup:65;Durada:20" time="0.042">
        <failure message="Not Found">Test failed: text expected to contain /Model de Qualitat de Solucions/</failure>
    </testcase>
    <testcase classname="testmeter.generalitat" name="TestNegatiu_Abril url i verificar capçalera_Fils:100;Rampup:65;Durada:20" time="0.041">
        <failure message="Not Found">Test failed: text expected to contain /Model de Qualitat de Solucions/</failure>
    </testcase>
    <testcase classname="testmeter.generalitat" name="Abril url i verificar capçalera_Fils:100;Rampup:65;Durada:20" time="0.045"/>
    <testcase classname="testmeter.generalitat" name="Abril url i verificar capçalera_Fils:100;Rampup:65;Durada:20" time="0.045"/>
    <testcase classname="testmeter.generalitat" name="Abril url i verificar capçalera_Fils:100;Rampup:65;Durada:20" time="0.048"/>
    <testcase classname="testmeter.generalitat" name="TestNegatiu_Abril url i verificar capçalera_Fils:100;Rampup:65;Durada:20" time="0.028">
        <failure message="Not Found">Test failed: text expected to contain /Model de Qualitat de Solucions/</failure>
    </testcase>
    <testcase classname="testmeter.generalitat" name="TestNegatiu_Abril url i verificar capçalera_Fils:100;Rampup:65;Durada:20" time="0.029">
        <failure message="Not Found">Test failed: text expected to contain /Model de Qualitat de Solucions/</failure>
    </testcase>
    <testcase classname="testmeter.generalitat" name="Abril url i verificar capçalera_Fils:100;Rampup:65;Durada:20" time="0.032"/>
    <testcase classname="testmeter.generalitat" name="Abril url i verificar capçalera_Fils:100;Rampup:65;Durada:20" time="0.032"/>
    <testcase classname="testmeter.generalitat" name="Abril url i verificar capçalera_Fils:100;Rampup:65;Durada:20" time="0.033"/>
    <testcase classname="testmeter.generalitat" name="Abril url i verificar capçalera_Fils:100;Rampup:65;Durada:20" time="0.086"/>
    <testcase classname="testmeter.generalitat" name="Abril url i verificar capçalera_Fils:100;Rampup:65;Durada:20" time="0.029"/>
    <testcase classname="testmeter.generalitat" name="TestNegatiu_Abril url i verificar capçalera_Fils:100;Rampup:65;Durada:20" time="0.032">
        <failure message="Not Found">Test failed: text expected to contain /Model de Qualitat de Solucions/</failure>
    </testcase>
    <testcase classname="testmeter.generalitat" name="TestNegatiu_Abril url i verificar capçalera_Fils:100;Rampup:65;Durada:20" time="0.032">
        <failure message="Not Found">Test failed: text expected to contain /Model de Qualitat de Solucions/</failure>
    </testcase>
    <testcase classname="testmeter.generalitat" name="TestNegatiu_Abril url i verificar capçalera_Fils:100;Rampup:65;Durada:20" time="0.032">
        <failure message="Not Found">Test failed: text expected to contain /Model de Qualitat de Solucions/</failure>
    </testcase>
    <testcase classname="testmeter.generalitat" name="TestNegatiu_Abril url i verificar capçalera_Fils:100;Rampup:65;Durada:20" time="0.025">
        <failure message="Not Found">Test failed: text expected to contain /Model de Qualitat de Solucions/</failure>
    </testcase>
    <testcase classname="testmeter.generalitat" name="Abril url i verificar capçalera_Fils:100;Rampup:65;Durada:20" time="0.044"/>
    <testcase classname="testmeter.generalitat" name="TestNegatiu_Abril url i verificar capçalera_Fils:100;Rampup:65;Durada:20" time="0.025">
        <failure message="Not Found">Test failed: text expected to contain /Model de Qualitat de Solucions/</failure>
    </testcase>
    <testcase classname="testmeter.generalitat" name="TestNegatiu_Abril url i verificar capçalera_Fils:100;Rampup:65;Durada:20" time="0.028">
        <failure message="Not Found">Test failed: text expected to contain /Model de Qualitat de Solucions/</failure>
    </testcase>
    <testcase classname="testmeter.generalitat" name="Abril url i verificar capçalera_Fils:100;Rampup:65;Durada:20" time="0.029"/>
    <testcase classname="testmeter.generalitat" name="Abril url i verificar capçalera_Fils:100;Rampup:65;Durada:20" time="0.030"/>
    <testcase classname="testmeter.generalitat" name="Abril url i verificar capçalera_Fils:100;Rampup:65;Durada:20" time="0.028"/>
    <testcase classname="testmeter.generalitat" name="Abril url i verificar capçalera_Fils:100;Rampup:65;Durada:20" time="0.027"/>
    <testcase classname="testmeter.generalitat" name="TestNegatiu_Abril url i verificar capçalera_Fils:100;Rampup:65;Durada:20" time="0.123">
        <failure message="Not Found">Test failed: text expected to contain /Model de Qualitat de Solucions/</failure>
    </testcase>
    <testcase classname="testmeter.generalitat" name="Abril url i verificar capçalera_Fils:100;Rampup:65;Durada:20" time="0.047"/>
    <testcase classname="testmeter.generalitat" name="Abril url i verificar capçalera_Fils:100;Rampup:65;Durada:20" time="0.025"/>
    <testcase classname="testmeter.generalitat" name="TestNegatiu_Abril url i verificar capçalera_Fils:100;Rampup:65;Durada:20" time="0.025">
        <failure message="Not Found">Test failed: text expected to contain /Model de Qualitat de Solucions/</failure>
    </testcase>
    <testcase classname="testmeter.generalitat" name="TestNegatiu_Abril url i verificar capçalera_Fils:100;Rampup:65;Durada:20" time="0.025">
        <failure message="Not Found">Test failed: text expected to contain /Model de Qualitat de Solucions/</failure>
    </testcase>
    <testcase classname="testmeter.generalitat" name="TestNegatiu_Abril url i verificar capçalera_Fils:100;Rampup:65;Durada:20" time="0.025">
        <failure message="Not Found">Test failed: text expected to contain /Model de Qualitat de Solucions/</failure>
    </testcase>
    <testcase classname="testmeter.generalitat" name="TestNegatiu_Abril url i verificar capçalera_Fils:100;Rampup:65;Durada:20" time="0.026">
        <failure message="Not Found">Test failed: text expected to contain /Model de Qualitat de Solucions/</failure>
    </testcase>
    <testcase classname="testmeter.generalitat" name="TestNegatiu_Abril url i verificar capçalera_Fils:100;Rampup:65;Durada:20" time="0.031">
        <failure message="Not Found">Test failed: text expected to contain /Model de Qualitat de Solucions/</failure>
    </testcase>
    <testcase classname="testmeter.generalitat" name="TestNegatiu_Abril url i verificar capçalera_Fils:100;Rampup:65;Durada:20" time="0.038">
        <failure message="Not Found">Test failed: text expected to contain /Model de Qualitat de Solucions/</failure>
    </testcase>
    <testcase classname="testmeter.generalitat" name="Abril url i verificar capçalera_Fils:100;Rampup:65;Durada:20" time="0.031"/>
    <testcase classname="testmeter.generalitat" name="Abril url i verificar capçalera_Fils:100;Rampup:65;Durada:20" time="0.033"/>
    <testcase classname="testmeter.generalitat" name="Abril url i verificar capçalera_Fils:100;Rampup:65;Durada:20" time="0.032"/>
    <testcase classname="testmeter.generalitat" name="Abril url i verificar capçalera_Fils:100;Rampup:65;Durada:20" time="0.033"/>
    <testcase classname="testmeter.generalitat" name="Abril url i verificar capçalera_Fils:100;Rampup:65;Durada:20" time="0.046"/>
    <testcase classname="testmeter.generalitat" name="Abril url i verificar capçalera_Fils:100;Rampup:65;Durada:20" time="0.047"/>
    <testcase classname="testmeter.generalitat" name="TestNegatiu_Abril url i verificar capçalera_Fils:100;Rampup:65;Durada:20" time="0.052">
        <failure message="Not Found">Test failed: text expected to contain /Model de Qualitat de Solucions/</failure>
    </testcase>
    <testcase classname="testmeter.generalitat" name="TestNegatiu_Abril url i verificar capçalera_Fils:100;Rampup:65;Durada:20" time="0.051">
        <failure message="Not Found">Test failed: text expected to contain /Model de Qualitat de Solucions/</failure>
    </testcase>
    <testcase classname="testmeter.generalitat" name="TestNegatiu_Abril url i verificar capçalera_Fils:100;Rampup:65;Durada:20" time="0.055">
        <failure message="Not Found">Test failed: text expected to contain /Model de Qualitat de Solucions/</failure>
    </testcase>
    <testcase classname="testmeter.generalitat" name="TestNegatiu_Abril url i verificar capçalera_Fils:100;Rampup:65;Durada:20" time="0.024">
        <failure message="Not Found">Test failed: text expected to contain /Model de Qualitat de Solucions/</failure>
    </testcase>
    <testcase classname="testmeter.generalitat" name="TestNegatiu_Abril url i verificar capçalera_Fils:100;Rampup:65;Durada:20" time="0.057">
        <failure message="Not Found">Test failed: text expected to contain /Model de Qualitat de Solucions/</failure>
    </testcase>
    <testcase classname="testmeter.generalitat" name="TestNegatiu_Abril url i verificar capçalera_Fils:100;Rampup:65;Durada:20" time="0.026">
        <failure message="Not Found">Test failed: text expected to contain /Model de Qualitat de Solucions/</failure>
    </testcase>
    <testcase classname="testmeter.generalitat" name="Abril url i verificar capçalera_Fils:100;Rampup:65;Durada:20" time="0.030"/>
    <testcase classname="testmeter.generalitat" name="Abril url i verificar capçalera_Fils:100;Rampup:65;Durada:20" time="0.031"/>
    <testcase classname="testmeter.generalitat" name="Abril url i verificar capçalera_Fils:100;Rampup:65;Durada:20" time="0.031"/>
    <testcase classname="testmeter.generalitat" name="Abril url i verificar capçalera_Fils:100;Rampup:65;Durada:20" time="0.036"/>
    <testcase classname="testmeter.generalitat" name="Abril url i verificar capçalera_Fils:100;Rampup:65;Durada:20" time="0.030"/>
    <testcase classname="testmeter.generalitat" name="Abril url i verificar capçalera_Fils:100;Rampup:65;Durada:20" time="0.149"/>
    <testcase classname="testmeter.generalitat" name="Abril url i verificar capçalera_Fils:100;Rampup:65;Durada:20" time="0.032"/>
    <testcase classname="testmeter.generalitat" name="TestNegatiu_Abril url i verificar capçalera_Fils:100;Rampup:65;Durada:20" time="0.023">
        <failure message="Not Found">Test failed: text expected to contain /Model de Qualitat de Solucions/</failure>
    </testcase>
    <testcase classname="testmeter.generalitat" name="TestNegatiu_Abril url i verificar capçalera_Fils:100;Rampup:65;Durada:20" time="0.026">
        <failure message="Not Found">Test failed: text expected to contain /Model de Qualitat de Solucions/</failure>
    </testcase>
    <testcase classname="testmeter.generalitat" name="TestNegatiu_Abril url i verificar capçalera_Fils:100;Rampup:65;Durada:20" time="0.027">
        <failure message="Not Found">Test failed: text expected to contain /Model de Qualitat de Solucions/</failure>
    </testcase>
    <testcase classname="testmeter.generalitat" name="TestNegatiu_Abril url i verificar capçalera_Fils:100;Rampup:65;Durada:20" time="0.023">
        <failure message="Not Found">Test failed: text expected to contain /Model de Qualitat de Solucions/</failure>
    </testcase>
    <testcase classname="testmeter.generalitat" name="TestNegatiu_Abril url i verificar capçalera_Fils:100;Rampup:65;Durada:20" time="0.029">
        <failure message="Not Found">Test failed: text expected to contain /Model de Qualitat de Solucions/</failure>
    </testcase>
    <testcase classname="testmeter.generalitat" name="TestNegatiu_Abril url i verificar capçalera_Fils:100;Rampup:65;Durada:20" time="0.030">
        <failure message="Not Found">Test failed: text expected to contain /Model de Qualitat de Solucions/</failure>
    </testcase>
    <testcase classname="testmeter.generalitat" name="TestNegatiu_Abril url i verificar capçalera_Fils:100;Rampup:65;Durada:20" time="0.031">
        <failure message="Not Found">Test failed: text expected to contain /Model de Qualitat de Solucions/</failure>
    </testcase>
    <testcase classname="testmeter.generalitat" name="Abril url i verificar capçalera_Fils:100;Rampup:65;Durada:20" time="0.025"/>
    <testcase classname="testmeter.generalitat" name="Abril url i verificar capçalera_Fils:100;Rampup:65;Durada:20" time="0.028"/>
    <testcase classname="testmeter.generalitat" name="Abril url i verificar capçalera_Fils:100;Rampup:65;Durada:20" time="0.036"/>
    <testcase classname="testmeter.generalitat" name="Abril url i verificar capçalera_Fils:100;Rampup:65;Durada:20" time="0.033"/>
    <testcase classname="testmeter.generalitat" name="Abril url i verificar capçalera_Fils:100;Rampup:65;Durada:20" time="0.034"/>
    <testcase classname="testmeter.generalitat" name="Abril url i verificar capçalera_Fils:100;Rampup:65;Durada:20" time="0.034"/>
    <testcase classname="testmeter.generalitat" name="TestNegatiu_Abril url i verificar capçalera_Fils:100;Rampup:65;Durada:20" time="0.025">
        <failure message="Not Found">Test failed: text expected to contain /Model de Qualitat de Solucions/</failure>
    </testcase>
    <testcase classname="testmeter.generalitat" name="Abril url i verificar capçalera_Fils:100;Rampup:65;Durada:20" time="0.048"/>
    <testcase classname="testmeter.generalitat" name="TestNegatiu_Abril url i verificar capçalera_Fils:100;Rampup:65;Durada:20" time="0.026">
        <failure message="Not Found">Test failed: text expected to contain /Model de Qualitat de Solucions/</failure>
    </testcase>
    <testcase classname="testmeter.generalitat" name="TestNegatiu_Abril url i verificar capçalera_Fils:100;Rampup:65;Durada:20" time="0.029">
        <failure message="Not Found">Test failed: text expected to contain /Model de Qualitat de Solucions/</failure>
    </testcase>
    <testcase classname="testmeter.generalitat" name="TestNegatiu_Abril url i verificar capçalera_Fils:100;Rampup:65;Durada:20" time="0.031">
        <failure message="Not Found">Test failed: text expected to contain /Model de Qualitat de Solucions/</failure>
    </testcase>
    <testcase classname="testmeter.generalitat" name="TestNegatiu_Abril url i verificar capçalera_Fils:100;Rampup:65;Durada:20" time="0.024">
        <failure message="Not Found">Test failed: text expected to contain /Model de Qualitat de Solucions/</failure>
    </testcase>
    <testcase classname="testmeter.generalitat" name="Abril url i verificar capçalera_Fils:100;Rampup:65;Durada:20" time="0.024"/>
    <testcase classname="testmeter.generalitat" name="TestNegatiu_Abril url i verificar capçalera_Fils:100;Rampup:65;Durada:20" time="0.057">
        <failure message="Not Found">Test failed: text expected to contain /Model de Qualitat de Solucions/</failure>
    </testcase>
    <testcase classname="testmeter.generalitat" name="TestNegatiu_Abril url i verificar capçalera_Fils:100;Rampup:65;Durada:20" time="0.030">
        <failure message="Not Found">Test failed: text expected to contain /Model de Qualitat de Solucions/</failure>
    </testcase>
    <testcase classname="testmeter.generalitat" name="Abril url i verificar capçalera_Fils:100;Rampup:65;Durada:20" time="0.032"/>
    <testcase classname="testmeter.generalitat" name="Abril url i verificar capçalera_Fils:100;Rampup:65;Durada:20" time="0.034"/>
    <testcase classname="testmeter.generalitat" name="Abril url i verificar capçalera_Fils:100;Rampup:65;Durada:20" time="0.035"/>
    <testcase classname="testmeter.generalitat" name="Abril url i verificar capçalera_Fils:100;Rampup:65;Durada:20" time="0.031"/>
    <testcase classname="testmeter.generalitat" name="TestNegatiu_Abril url i verificar capçalera_Fils:100;Rampup:65;Durada:20" time="0.097">
        <failure message="Not Found">Test failed: text expected to contain /Model de Qualitat de Solucions/</failure>
    </testcase>
    <testcase classname="testmeter.generalitat" name="Abril url i verificar capçalera_Fils:100;Rampup:65;Durada:20" time="0.025"/>
    <testcase classname="testmeter.generalitat" name="TestNegatiu_Abril url i verificar capçalera_Fils:100;Rampup:65;Durada:20" time="0.024">
        <failure message="Not Found">Test failed: text expected to contain /Model de Qualitat de Solucions/</failure>
    </testcase>
    <testcase classname="testmeter.generalitat" name="TestNegatiu_Abril url i verificar capçalera_Fils:100;Rampup:65;Durada:20" time="0.026">
        <failure message="Not Found">Test failed: text expected to contain /Model de Qualitat de Solucions/</failure>
    </testcase>
    <testcase classname="testmeter.generalitat" name="TestNegatiu_Abril url i verificar capçalera_Fils:100;Rampup:65;Durada:20" time="0.026">
        <failure message="Not Found">Test failed: text expected to contain /Model de Qualitat de Solucions/</failure>
    </testcase>
    <testcase classname="testmeter.generalitat" name="TestNegatiu_Abril url i verificar capçalera_Fils:100;Rampup:65;Durada:20" time="0.031">
        <failure message="Not Found">Test failed: text expected to contain /Model de Qualitat de Solucions/</failure>
    </testcase>
    <testcase classname="testmeter.generalitat" name="Abril url i verificar capçalera_Fils:100;Rampup:65;Durada:20" time="0.051"/>
    <testcase classname="testmeter.generalitat" name="TestNegatiu_Abril url i verificar capçalera_Fils:100;Rampup:65;Durada:20" time="0.023">
        <failure message="Not Found">Test failed: text expected to contain /Model de Qualitat de Solucions/</failure>
    </testcase>
    <testcase classname="testmeter.generalitat" name="Abril url i verificar capçalera_Fils:100;Rampup:65;Durada:20" time="0.027"/>
    <testcase classname="testmeter.generalitat" name="TestNegatiu_Abril url i verificar capçalera_Fils:100;Rampup:65;Durada:20" time="0.036">
        <failure message="Not Found">Test failed: text expected to contain /Model de Qualitat de Solucions/</failure>
    </testcase>
    <testcase classname="testmeter.generalitat" name="Abril url i verificar capçalera_Fils:100;Rampup:65;Durada:20" time="0.028"/>
    <testcase classname="testmeter.generalitat" name="Abril url i verificar capçalera_Fils:100;Rampup:65;Durada:20" time="0.029"/>
    <testcase classname="testmeter.generalitat" name="Abril url i verificar capçalera_Fils:100;Rampup:65;Durada:20" time="0.028"/>
    <testcase classname="testmeter.generalitat" name="Abril url i verificar capçalera_Fils:100;Rampup:65;Durada:20" time="0.027"/>
    <testcase classname="testmeter.generalitat" name="TestNegatiu_Abril url i verificar capçalera_Fils:100;Rampup:65;Durada:20" time="0.030">
        <failure message="Not Found">Test failed: text expected to contain /Model de Qualitat de Solucions/</failure>
    </testcase>
    <testcase classname="testmeter.generalitat" name="TestNegatiu_Abril url i verificar capçalera_Fils:100;Rampup:65;Durada:20" time="0.025">
        <failure message="Not Found">Test failed: text expected to contain /Model de Qualitat de Solucions/</failure>
    </testcase>
    <testcase classname="testmeter.generalitat" name="TestNegatiu_Abril url i verificar capçalera_Fils:100;Rampup:65;Durada:20" time="0.026">
        <failure message="Not Found">Test failed: text expected to contain /Model de Qualitat de Solucions/</failure>
    </testcase>
    <testcase classname="testmeter.generalitat" name="TestNegatiu_Abril url i verificar capçalera_Fils:100;Rampup:65;Durada:20" time="0.027">
        <failure message="Not Found">Test failed: text expected to contain /Model de Qualitat de Solucions/</failure>
    </testcase>
    <testcase classname="testmeter.generalitat" name="TestNegatiu_Abril url i verificar capçalera_Fils:100;Rampup:65;Durada:20" time="0.028">
        <failure message="Not Found">Test failed: text expected to contain /Model de Qualitat de Solucions/</failure>
    </testcase>
    <testcase classname="testmeter.generalitat" name="Abril url i verificar capçalera_Fils:100;Rampup:65;Durada:20" time="0.025"/>
    <testcase classname="testmeter.generalitat" name="Abril url i verificar capçalera_Fils:100;Rampup:65;Durada:20" time="0.130"/>
    <testcase classname="testmeter.generalitat" name="TestNegatiu_Abril url i verificar capçalera_Fils:100;Rampup:65;Durada:20" time="0.033">
        <failure message="Not Found">Test failed: text expected to contain /Model de Qualitat de Solucions/</failure>
    </testcase>
    <testcase classname="testmeter.generalitat" name="Abril url i verificar capçalera_Fils:100;Rampup:65;Durada:20" time="0.032"/>
    <testcase classname="testmeter.generalitat" name="Abril url i verificar capçalera_Fils:100;Rampup:65;Durada:20" time="0.031"/>
    <testcase classname="testmeter.generalitat" name="Abril url i verificar capçalera_Fils:100;Rampup:65;Durada:20" time="0.029"/>
    <testcase classname="testmeter.generalitat" name="Abril url i verificar capçalera_Fils:100;Rampup:65;Durada:20" time="0.035"/>
    <testcase classname="testmeter.generalitat" name="Abril url i verificar capçalera_Fils:100;Rampup:65;Durada:20" time="0.039"/>
    <testcase classname="testmeter.generalitat" name="TestNegatiu_Abril url i verificar capçalera_Fils:100;Rampup:65;Durada:20" time="0.029">
        <failure message="Not Found">Test failed: text expected to contain /Model de Qualitat de Solucions/</failure>
    </testcase>
    <testcase classname="testmeter.generalitat" name="Abril url i verificar capçalera_Fils:100;Rampup:65;Durada:20" time="0.153"/>
    <testcase classname="testmeter.generalitat" name="Abril url i verificar capçalera_Fils:100;Rampup:65;Durada:20" time="0.024"/>
    <testcase classname="testmeter.generalitat" name="TestNegatiu_Abril url i verificar capçalera_Fils:100;Rampup:65;Durada:20" time="0.024">
        <failure message="Not Found">Test failed: text expected to contain /Model de Qualitat de Solucions/</failure>
    </testcase>
    <testcase classname="testmeter.generalitat" name="TestNegatiu_Abril url i verificar capçalera_Fils:100;Rampup:65;Durada:20" time="0.022">
        <failure message="Not Found">Test failed: text expected to contain /Model de Qualitat de Solucions/</failure>
    </testcase>
    <testcase classname="testmeter.generalitat" name="TestNegatiu_Abril url i verificar capçalera_Fils:100;Rampup:65;Durada:20" time="0.026">
        <failure message="Not Found">Test failed: text expected to contain /Model de Qualitat de Solucions/</failure>
    </testcase>
    <testcase classname="testmeter.generalitat" name="TestNegatiu_Abril url i verificar capçalera_Fils:100;Rampup:65;Durada:20" time="0.030">
        <failure message="Not Found">Test failed: text expected to contain /Model de Qualitat de Solucions/</failure>
    </testcase>
    <testcase classname="testmeter.generalitat" name="TestNegatiu_Abril url i verificar capçalera_Fils:100;Rampup:65;Durada:20" time="0.041">
        <failure message="Not Found">Test failed: text expected to contain /Model de Qualitat de Solucions/</failure>
    </testcase>
    <testcase classname="testmeter.generalitat" name="TestNegatiu_Abril url i verificar capçalera_Fils:100;Rampup:65;Durada:20" time="0.057">
        <failure message="Not Found">Test failed: text expected to contain /Model de Qualitat de Solucions/</failure>
    </testcase>
    <testcase classname="testmeter.generalitat" name="TestNegatiu_Abril url i verificar capçalera_Fils:100;Rampup:65;Durada:20" time="0.037">
        <failure message="Not Found">Test failed: text expected to contain /Model de Qualitat de Solucions/</failure>
    </testcase>
    <testcase classname="testmeter.generalitat" name="Abril url i verificar capçalera_Fils:100;Rampup:65;Durada:20" time="0.033"/>
    <testcase classname="testmeter.generalitat" name="Abril url i verificar capçalera_Fils:100;Rampup:65;Durada:20" time="0.036"/>
    <testcase classname="testmeter.generalitat" name="Abril url i verificar capçalera_Fils:100;Rampup:65;Durada:20" time="0.068"/>
    <testcase classname="testmeter.generalitat" name="TestNegatiu_Abril url i verificar capçalera_Fils:100;Rampup:65;Durada:20" time="0.027">
        <failure message="Not Found">Test failed: text expected to contain /Model de Qualitat de Solucions/</failure>
    </testcase>
    <testcase classname="testmeter.generalitat" name="Abril url i verificar capçalera_Fils:100;Rampup:65;Durada:20" time="0.029"/>
    <testcase classname="testmeter.generalitat" name="Abril url i verificar capçalera_Fils:100;Rampup:65;Durada:20" time="0.057"/>
    <testcase classname="testmeter.generalitat" name="Abril url i verificar capçalera_Fils:100;Rampup:65;Durada:20" time="0.034"/>
    <testcase classname="testmeter.generalitat" name="Abril url i verificar capçalera_Fils:100;Rampup:65;Durada:20" time="0.054"/>
    <testcase classname="testmeter.generalitat" name="TestNegatiu_Abril url i verificar capçalera_Fils:100;Rampup:65;Durada:20" time="0.036">
        <failure message="Not Found">Test failed: text expected to contain /Model de Qualitat de Solucions/</failure>
    </testcase>
    <testcase classname="testmeter.generalitat" name="TestNegatiu_Abril url i verificar capçalera_Fils:100;Rampup:65;Durada:20" time="0.024">
        <failure message="Not Found">Test failed: text expected to contain /Model de Qualitat de Solucions/</failure>
    </testcase>
    <testcase classname="testmeter.generalitat" name="Abril url i verificar capçalera_Fils:100;Rampup:65;Durada:20" time="0.028"/>
    <testcase classname="testmeter.generalitat" name="TestNegatiu_Abril url i verificar capçalera_Fils:100;Rampup:65;Durada:20" time="0.026">
        <failure message="Not Found">Test failed: text expected to contain /Model de Qualitat de Solucions/</failure>
    </testcase>
    <testcase classname="testmeter.generalitat" name="TestNegatiu_Abril url i verificar capçalera_Fils:100;Rampup:65;Durada:20" time="0.026">
        <failure message="Not Found">Test failed: text expected to contain /Model de Qualitat de Solucions/</failure>
    </testcase>
    <testcase classname="testmeter.generalitat" name="TestNegatiu_Abril url i verificar capçalera_Fils:100;Rampup:65;Durada:20" time="0.025">
        <failure message="Not Found">Test failed: text expected to contain /Model de Qualitat de Solucions/</failure>
    </testcase>
    <testcase classname="testmeter.generalitat" name="Abril url i verificar capçalera_Fils:100;Rampup:65;Durada:20" time="0.125"/>
    <testcase classname="testmeter.generalitat" name="TestNegatiu_Abril url i verificar capçalera_Fils:100;Rampup:65;Durada:20" time="0.026">
        <failure message="Not Found">Test failed: text expected to contain /Model de Qualitat de Solucions/</failure>
    </testcase>
    <testcase classname="testmeter.generalitat" name="Abril url i verificar capçalera_Fils:100;Rampup:65;Durada:20" time="0.026"/>
    <testcase classname="testmeter.generalitat" name="TestNegatiu_Abril url i verificar capçalera_Fils:100;Rampup:65;Durada:20" time="0.104">
        <failure message="Not Found">Test failed: text expected to contain /Model de Qualitat de Solucions/</failure>
    </testcase>
    <testcase classname="testmeter.generalitat" name="Abril url i verificar capçalera_Fils:100;Rampup:65;Durada:20" time="0.026"/>
    <testcase classname="testmeter.generalitat" name="Abril url i verificar capçalera_Fils:100;Rampup:65;Durada:20" time="0.027"/>
    <testcase classname="testmeter.generalitat" name="Abril url i verificar capçalera_Fils:100;Rampup:65;Durada:20" time="0.043"/>
    <testcase classname="testmeter.generalitat" name="TestNegatiu_Abril url i verificar capçalera_Fils:100;Rampup:65;Durada:20" time="0.027">
        <failure message="Not Found">Test failed: text expected to contain /Model de Qualitat de Solucions/</failure>
    </testcase>
    <testcase classname="testmeter.generalitat" name="Abril url i verificar capçalera_Fils:100;Rampup:65;Durada:20" time="0.025"/>
    <testcase classname="testmeter.generalitat" name="TestNegatiu_Abril url i verificar capçalera_Fils:100;Rampup:65;Durada:20" time="0.028">
        <failure message="Not Found">Test failed: text expected to contain /Model de Qualitat de Solucions/</failure>
    </testcase>
    <testcase classname="testmeter.generalitat" name="TestNegatiu_Abril url i verificar capçalera_Fils:100;Rampup:65;Durada:20" time="0.024">
        <failure message="Not Found">Test failed: text expected to contain /Model de Qualitat de Solucions/</failure>
    </testcase>
    <testcase classname="testmeter.generalitat" name="TestNegatiu_Abril url i verificar capçalera_Fils:100;Rampup:65;Durada:20" time="0.025">
        <failure message="Not Found">Test failed: text expected to contain /Model de Qualitat de Solucions/</failure>
    </testcase>
    <testcase classname="testmeter.generalitat" name="TestNegatiu_Abril url i verificar capçalera_Fils:100;Rampup:65;Durada:20" time="0.031">
        <failure message="Not Found">Test failed: text expected to contain /Model de Qualitat de Solucions/</failure>
    </testcase>
    <testcase classname="testmeter.generalitat" name="TestNegatiu_Abril url i verificar capçalera_Fils:100;Rampup:65;Durada:20" time="0.025">
        <failure message="Not Found">Test failed: text expected to contain /Model de Qualitat de Solucions/</failure>
    </testcase>
    <testcase classname="testmeter.generalitat" name="Abril url i verificar capçalera_Fils:100;Rampup:65;Durada:20" time="0.032"/>
    <testcase classname="testmeter.generalitat" name="Abril url i verificar capçalera_Fils:100;Rampup:65;Durada:20" time="0.038"/>
    <testcase classname="testmeter.generalitat" name="Abril url i verificar capçalera_Fils:100;Rampup:65;Durada:20" time="0.027"/>
    <testcase classname="testmeter.generalitat" name="Abril url i verificar capçalera_Fils:100;Rampup:65;Durada:20" time="0.027"/>
    <testcase classname="testmeter.generalitat" name="TestNegatiu_Abril url i verificar capçalera_Fils:100;Rampup:65;Durada:20" time="0.025">
        <failure message="Not Found">Test failed: text expected to contain /Model de Qualitat de Solucions/</failure>
    </testcase>
    <testcase classname="testmeter.generalitat" name="Abril url i verificar capçalera_Fils:100;Rampup:65;Durada:20" time="0.030"/>
    <testcase classname="testmeter.generalitat" name="Abril url i verificar capçalera_Fils:100;Rampup:65;Durada:20" time="0.026"/>
    <testcase classname="testmeter.generalitat" name="TestNegatiu_Abril url i verificar capçalera_Fils:100;Rampup:65;Durada:20" time="0.051">
        <failure message="Not Found">Test failed: text expected to contain /Model de Qualitat de Solucions/</failure>
    </testcase>
    <testcase classname="testmeter.generalitat" name="TestNegatiu_Abril url i verificar capçalera_Fils:100;Rampup:65;Durada:20" time="0.049">
        <failure message="Not Found">Test failed: text expected to contain /Model de Qualitat de Solucions/</failure>
    </testcase>
    <testcase classname="testmeter.generalitat" name="TestNegatiu_Abril url i verificar capçalera_Fils:100;Rampup:65;Durada:20" time="0.046">
        <failure message="Not Found">Test failed: text expected to contain /Model de Qualitat de Solucions/</failure>
    </testcase>
    <testcase classname="testmeter.generalitat" name="TestNegatiu_Abril url i verificar capçalera_Fils:100;Rampup:65;Durada:20" time="0.047">
        <failure message="Not Found">Test failed: text expected to contain /Model de Qualitat de Solucions/</failure>
    </testcase>
    <testcase classname="testmeter.generalitat" name="TestNegatiu_Abril url i verificar capçalera_Fils:100;Rampup:65;Durada:20" time="0.045">
        <failure message="Not Found">Test failed: text expected to contain /Model de Qualitat de Solucions/</failure>
    </testcase>
    <testcase classname="testmeter.generalitat" name="Abril url i verificar capçalera_Fils:100;Rampup:65;Durada:20" time="0.047"/>
    <testcase classname="testmeter.generalitat" name="Abril url i verificar capçalera_Fils:100;Rampup:65;Durada:20" time="0.140"/>
    <testcase classname="testmeter.generalitat" name="TestNegatiu_Abril url i verificar capçalera_Fils:100;Rampup:65;Durada:20" time="0.027">
        <failure message="Not Found">Test failed: text expected to contain /Model de Qualitat de Solucions/</failure>
    </testcase>
    <testcase classname="testmeter.generalitat" name="Abril url i verificar capçalera_Fils:100;Rampup:65;Durada:20" time="0.031"/>
    <testcase classname="testmeter.generalitat" name="Abril url i verificar capçalera_Fils:100;Rampup:65;Durada:20" time="0.031"/>
    <testcase classname="testmeter.generalitat" name="Abril url i verificar capçalera_Fils:100;Rampup:65;Durada:20" time="0.031"/>
    <testcase classname="testmeter.generalitat" name="TestNegatiu_Abril url i verificar capçalera_Fils:100;Rampup:65;Durada:20" time="0.043">
        <failure message="Not Found">Test failed: text expected to contain /Model de Qualitat de Solucions/</failure>
    </testcase>
    <testcase classname="testmeter.generalitat" name="Abril url i verificar capçalera_Fils:100;Rampup:65;Durada:20" time="0.048"/>
    <testcase classname="testmeter.generalitat" name="Abril url i verificar capçalera_Fils:100;Rampup:65;Durada:20" time="0.047"/>
    <testcase classname="testmeter.generalitat" name="Abril url i verificar capçalera_Fils:100;Rampup:65;Durada:20" time="0.161"/>
    <testcase classname="testmeter.generalitat" name="TestNegatiu_Abril url i verificar capçalera_Fils:100;Rampup:65;Durada:20" time="0.024">
        <failure message="Not Found">Test failed: text expected to contain /Model de Qualitat de Solucions/</failure>
    </testcase>
    <testcase classname="testmeter.generalitat" name="Abril url i verificar capçalera_Fils:100;Rampup:65;Durada:20" time="0.028"/>
    <testcase classname="testmeter.generalitat" name="TestNegatiu_Abril url i verificar capçalera_Fils:100;Rampup:65;Durada:20" time="0.033">
        <failure message="Not Found">Test failed: text expected to contain /Model de Qualitat de Solucions/</failure>
    </testcase>
    <testcase classname="testmeter.generalitat" name="TestNegatiu_Abril url i verificar capçalera_Fils:100;Rampup:65;Durada:20" time="0.033">
        <failure message="Not Found">Test failed: text expected to contain /Model de Qualitat de Solucions/</failure>
    </testcase>
    <testcase classname="testmeter.generalitat" name="TestNegatiu_Abril url i verificar capçalera_Fils:100;Rampup:65;Durada:20" time="0.022">
        <failure message="Not Found">Test failed: text expected to contain /Model de Qualitat de Solucions/</failure>
    </testcase>
    <testcase classname="testmeter.generalitat" name="TestNegatiu_Abril url i verificar capçalera_Fils:100;Rampup:65;Durada:20" time="0.027">
        <failure message="Not Found">Test failed: text expected to contain /Model de Qualitat de Solucions/</failure>
    </testcase>
    <testcase classname="testmeter.generalitat" name="TestNegatiu_Abril url i verificar capçalera_Fils:100;Rampup:65;Durada:20" time="0.027">
        <failure message="Not Found">Test failed: text expected to contain /Model de Qualitat de Solucions/</failure>
    </testcase>
    <testcase classname="testmeter.generalitat" name="Abril url i verificar capçalera_Fils:100;Rampup:65;Durada:20" time="0.029"/>
    <testcase classname="testmeter.generalitat" name="Abril url i verificar capçalera_Fils:100;Rampup:65;Durada:20" time="0.026"/>
    <testcase classname="testmeter.generalitat" name="TestNegatiu_Abril url i verificar capçalera_Fils:100;Rampup:65;Durada:20" time="0.030">
        <failure message="Not Found">Test failed: text expected to contain /Model de Qualitat de Solucions/</failure>
    </testcase>
    <testcase classname="testmeter.generalitat" name="Abril url i verificar capçalera_Fils:100;Rampup:65;Durada:20" time="0.029"/>
    <testcase classname="testmeter.generalitat" name="Abril url i verificar capçalera_Fils:100;Rampup:65;Durada:20" time="0.029"/>
    <testcase classname="testmeter.generalitat" name="Abril url i verificar capçalera_Fils:100;Rampup:65;Durada:20" time="0.028"/>
    <testcase classname="testmeter.generalitat" name="Abril url i verificar capçalera_Fils:100;Rampup:65;Durada:20" time="0.031"/>
    <testcase classname="testmeter.generalitat" name="TestNegatiu_Abril url i verificar capçalera_Fils:100;Rampup:65;Durada:20" time="0.034">
        <failure message="Not Found">Test failed: text expected to contain /Model de Qualitat de Solucions/</failure>
    </testcase>
    <testcase classname="testmeter.generalitat" name="TestNegatiu_Abril url i verificar capçalera_Fils:100;Rampup:65;Durada:20" time="0.024">
        <failure message="Not Found">Test failed: text expected to contain /Model de Qualitat de Solucions/</failure>
    </testcase>
    <testcase classname="testmeter.generalitat" name="Abril url i verificar capçalera_Fils:100;Rampup:65;Durada:20" time="0.043"/>
    <testcase classname="testmeter.generalitat" name="Abril url i verificar capçalera_Fils:100;Rampup:65;Durada:20" time="0.028"/>
    <testcase classname="testmeter.generalitat" name="TestNegatiu_Abril url i verificar capçalera_Fils:100;Rampup:65;Durada:20" time="0.026">
        <failure message="Not Found">Test failed: text expected to contain /Model de Qualitat de Solucions/</failure>
    </testcase>
    <testcase classname="testmeter.generalitat" name="TestNegatiu_Abril url i verificar capçalera_Fils:100;Rampup:65;Durada:20" time="0.027">
        <failure message="Not Found">Test failed: text expected to contain /Model de Qualitat de Solucions/</failure>
    </testcase>
    <testcase classname="testmeter.generalitat" name="TestNegatiu_Abril url i verificar capçalera_Fils:100;Rampup:65;Durada:20" time="0.025">
        <failure message="Not Found">Test failed: text expected to contain /Model de Qualitat de Solucions/</failure>
    </testcase>
    <testcase classname="testmeter.generalitat" name="TestNegatiu_Abril url i verificar capçalera_Fils:100;Rampup:65;Durada:20" time="0.025">
        <failure message="Not Found">Test failed: text expected to contain /Model de Qualitat de Solucions/</failure>
    </testcase>
    <testcase classname="testmeter.generalitat" name="Abril url i verificar capçalera_Fils:100;Rampup:65;Durada:20" time="0.027"/>
    <testcase classname="testmeter.generalitat" name="TestNegatiu_Abril url i verificar capçalera_Fils:100;Rampup:65;Durada:20" time="0.023">
        <failure message="Not Found">Test failed: text expected to contain /Model de Qualitat de Solucions/</failure>
    </testcase>
    <testcase classname="testmeter.generalitat" name="TestNegatiu_Abril url i verificar capçalera_Fils:100;Rampup:65;Durada:20" time="0.023">
        <failure message="Not Found">Test failed: text expected to contain /Model de Qualitat de Solucions/</failure>
    </testcase>
    <testcase classname="testmeter.generalitat" name="Abril url i verificar capçalera_Fils:100;Rampup:65;Durada:20" time="0.034"/>
    <testcase classname="testmeter.generalitat" name="TestNegatiu_Abril url i verificar capçalera_Fils:100;Rampup:65;Durada:20" time="0.084">
        <failure message="Not Found">Test failed: text expected to contain /Model de Qualitat de Solucions/</failure>
    </testcase>
    <testcase classname="testmeter.generalitat" name="TestNegatiu_Abril url i verificar capçalera_Fils:100;Rampup:65;Durada:20" time="0.080">
        <failure message="Not Found">Test failed: text expected to contain /Model de Qualitat de Solucions/</failure>
    </testcase>
    <testcase classname="testmeter.generalitat" name="Abril url i verificar capçalera_Fils:100;Rampup:65;Durada:20" time="0.090"/>
    <testcase classname="testmeter.generalitat" name="Abril url i verificar capçalera_Fils:100;Rampup:65;Durada:20" time="0.088"/>
    <testcase classname="testmeter.generalitat" name="Abril url i verificar capçalera_Fils:100;Rampup:65;Durada:20" time="0.091"/>
    <testcase classname="testmeter.generalitat" name="Abril url i verificar capçalera_Fils:100;Rampup:65;Durada:20" time="0.089"/>
    <testcase classname="testmeter.generalitat" name="Abril url i verificar capçalera_Fils:100;Rampup:65;Durada:20" time="0.081"/>
    <testcase classname="testmeter.generalitat" name="Abril url i verificar capçalera_Fils:100;Rampup:65;Durada:20" time="0.110"/>
    <testcase classname="testmeter.generalitat" name="Abril url i verificar capçalera_Fils:100;Rampup:65;Durada:20" time="0.027"/>
    <testcase classname="testmeter.generalitat" name="Abril url i verificar capçalera_Fils:100;Rampup:65;Durada:20" time="0.032"/>
    <testcase classname="testmeter.generalitat" name="TestNegatiu_Abril url i verificar capçalera_Fils:100;Rampup:65;Durada:20" time="0.029">
        <failure message="Not Found">Test failed: text expected to contain /Model de Qualitat de Solucions/</failure>
    </testcase>
    <testcase classname="testmeter.generalitat" name="TestNegatiu_Abril url i verificar capçalera_Fils:100;Rampup:65;Durada:20" time="0.029">
        <failure message="Not Found">Test failed: text expected to contain /Model de Qualitat de Solucions/</failure>
    </testcase>
    <testcase classname="testmeter.generalitat" name="TestNegatiu_Abril url i verificar capçalera_Fils:100;Rampup:65;Durada:20" time="0.030">
        <failure message="Not Found">Test failed: text expected to contain /Model de Qualitat de Solucions/</failure>
    </testcase>
    <testcase classname="testmeter.generalitat" name="TestNegatiu_Abril url i verificar capçalera_Fils:100;Rampup:65;Durada:20" time="0.030">
        <failure message="Not Found">Test failed: text expected to contain /Model de Qualitat de Solucions/</failure>
    </testcase>
    <testcase classname="testmeter.generalitat" name="TestNegatiu_Abril url i verificar capçalera_Fils:100;Rampup:65;Durada:20" time="0.031">
        <failure message="Not Found">Test failed: text expected to contain /Model de Qualitat de Solucions/</failure>
    </testcase>
    <testcase classname="testmeter.generalitat" name="TestNegatiu_Abril url i verificar capçalera_Fils:100;Rampup:65;Durada:20" time="0.024">
        <failure message="Not Found">Test failed: text expected to contain /Model de Qualitat de Solucions/</failure>
    </testcase>
    <testcase classname="testmeter.generalitat" name="TestNegatiu_Abril url i verificar capçalera_Fils:100;Rampup:65;Durada:20" time="0.023">
        <failure message="Not Found">Test failed: text expected to contain /Model de Qualitat de Solucions/</failure>
    </testcase>
    <testcase classname="testmeter.generalitat" name="TestNegatiu_Abril url i verificar capçalera_Fils:100;Rampup:65;Durada:20" time="0.028">
        <failure message="Not Found">Test failed: text expected to contain /Model de Qualitat de Solucions/</failure>
    </testcase>
    <testcase classname="testmeter.generalitat" name="Abril url i verificar capçalera_Fils:100;Rampup:65;Durada:20" time="0.026"/>
    <testcase classname="testmeter.generalitat" name="Abril url i verificar capçalera_Fils:100;Rampup:65;Durada:20" time="0.037"/>
    <testcase classname="testmeter.generalitat" name="Abril url i verificar capçalera_Fils:100;Rampup:65;Durada:20" time="0.035"/>
    <testcase classname="testmeter.generalitat" name="TestNegatiu_Abril url i verificar capçalera_Fils:100;Rampup:65;Durada:20" time="0.025">
        <failure message="Not Found">Test failed: text expected to contain /Model de Qualitat de Solucions/</failure>
    </testcase>
    <testcase classname="testmeter.generalitat" name="Abril url i verificar capçalera_Fils:100;Rampup:65;Durada:20" time="0.040"/>
    <testcase classname="testmeter.generalitat" name="Abril url i verificar capçalera_Fils:100;Rampup:65;Durada:20" time="0.034"/>
    <testcase classname="testmeter.generalitat" name="Abril url i verificar capçalera_Fils:100;Rampup:65;Durada:20" time="0.038"/>
    <testcase classname="testmeter.generalitat" name="Abril url i verificar capçalera_Fils:100;Rampup:65;Durada:20" time="0.039"/>
    <testcase classname="testmeter.generalitat" name="Abril url i verificar capçalera_Fils:100;Rampup:65;Durada:20" time="0.027"/>
    <testcase classname="testmeter.generalitat" name="TestNegatiu_Abril url i verificar capçalera_Fils:100;Rampup:65;Durada:20" time="0.024">
        <failure message="Not Found">Test failed: text expected to contain /Model de Qualitat de Solucions/</failure>
    </testcase>
    <testcase classname="testmeter.generalitat" name="TestNegatiu_Abril url i verificar capçalera_Fils:100;Rampup:65;Durada:20" time="0.022">
        <failure message="Not Found">Test failed: text expected to contain /Model de Qualitat de Solucions/</failure>
    </testcase>
    <testcase classname="testmeter.generalitat" name="TestNegatiu_Abril url i verificar capçalera_Fils:100;Rampup:65;Durada:20" time="0.028">
        <failure message="Not Found">Test failed: text expected to contain /Model de Qualitat de Solucions/</failure>
    </testcase>
    <testcase classname="testmeter.generalitat" name="TestNegatiu_Abril url i verificar capçalera_Fils:100;Rampup:65;Durada:20" time="0.025">
        <failure message="Not Found">Test failed: text expected to contain /Model de Qualitat de Solucions/</failure>
    </testcase>
    <testcase classname="testmeter.generalitat" name="Abril url i verificar capçalera_Fils:100;Rampup:65;Durada:20" time="0.031"/>
    <testcase classname="testmeter.generalitat" name="TestNegatiu_Abril url i verificar capçalera_Fils:100;Rampup:65;Durada:20" time="0.032">
        <failure message="Not Found">Test failed: text expected to contain /Model de Qualitat de Solucions/</failure>
    </testcase>
    <testcase classname="testmeter.generalitat" name="TestNegatiu_Abril url i verificar capçalera_Fils:100;Rampup:65;Durada:20" time="0.033">
        <failure message="Not Found">Test failed: text expected to contain /Model de Qualitat de Solucions/</failure>
    </testcase>
    <testcase classname="testmeter.generalitat" name="TestNegatiu_Abril url i verificar capçalera_Fils:100;Rampup:65;Durada:20" time="0.034">
        <failure message="Not Found">Test failed: text expected to contain /Model de Qualitat de Solucions/</failure>
    </testcase>
    <testcase classname="testmeter.generalitat" name="Abril url i verificar capçalera_Fils:100;Rampup:65;Durada:20" time="0.151"/>
    <testcase classname="testmeter.generalitat" name="Abril url i verificar capçalera_Fils:100;Rampup:65;Durada:20" time="0.023"/>
    <testcase classname="testmeter.generalitat" name="TestNegatiu_Abril url i verificar capçalera_Fils:100;Rampup:65;Durada:20" time="0.026">
        <failure message="Not Found">Test failed: text expected to contain /Model de Qualitat de Solucions/</failure>
    </testcase>
    <testcase classname="testmeter.generalitat" name="Abril url i verificar capçalera_Fils:100;Rampup:65;Durada:20" time="0.027"/>
    <testcase classname="testmeter.generalitat" name="Abril url i verificar capçalera_Fils:100;Rampup:65;Durada:20" time="0.028"/>
    <testcase classname="testmeter.generalitat" name="Abril url i verificar capçalera_Fils:100;Rampup:65;Durada:20" time="0.028"/>
    <testcase classname="testmeter.generalitat" name="Abril url i verificar capçalera_Fils:100;Rampup:65;Durada:20" time="0.030"/>
    <testcase classname="testmeter.generalitat" name="Abril url i verificar capçalera_Fils:100;Rampup:65;Durada:20" time="0.028"/>
    <testcase classname="testmeter.generalitat" name="TestNegatiu_Abril url i verificar capçalera_Fils:100;Rampup:65;Durada:20" time="0.044">
        <failure message="Not Found">Test failed: text expected to contain /Model de Qualitat de Solucions/</failure>
    </testcase>
    <testcase classname="testmeter.generalitat" name="TestNegatiu_Abril url i verificar capçalera_Fils:100;Rampup:65;Durada:20" time="0.039">
        <failure message="Not Found">Test failed: text expected to contain /Model de Qualitat de Solucions/</failure>
    </testcase>
    <testcase classname="testmeter.generalitat" name="TestNegatiu_Abril url i verificar capçalera_Fils:100;Rampup:65;Durada:20" time="0.025">
        <failure message="Not Found">Test failed: text expected to contain /Model de Qualitat de Solucions/</failure>
    </testcase>
    <testcase classname="testmeter.generalitat" name="TestNegatiu_Abril url i verificar capçalera_Fils:100;Rampup:65;Durada:20" time="0.025">
        <failure message="Not Found">Test failed: text expected to contain /Model de Qualitat de Solucions/</failure>
    </testcase>
    <testcase classname="testmeter.generalitat" name="TestNegatiu_Abril url i verificar capçalera_Fils:100;Rampup:65;Durada:20" time="0.025">
        <failure message="Not Found">Test failed: text expected to contain /Model de Qualitat de Solucions/</failure>
    </testcase>
    <testcase classname="testmeter.generalitat" name="Abril url i verificar capçalera_Fils:100;Rampup:65;Durada:20" time="0.033"/>
    <testcase classname="testmeter.generalitat" name="TestNegatiu_Abril url i verificar capçalera_Fils:100;Rampup:65;Durada:20" time="0.022">
        <failure message="Not Found">Test failed: text expected to contain /Model de Qualitat de Solucions/</failure>
    </testcase>
    <testcase classname="testmeter.generalitat" name="TestNegatiu_Abril url i verificar capçalera_Fils:100;Rampup:65;Durada:20" time="0.026">
        <failure message="Not Found">Test failed: text expected to contain /Model de Qualitat de Solucions/</failure>
    </testcase>
    <testcase classname="testmeter.generalitat" name="Abril url i verificar capçalera_Fils:100;Rampup:65;Durada:20" time="0.024"/>
    <testcase classname="testmeter.generalitat" name="Abril url i verificar capçalera_Fils:100;Rampup:65;Durada:20" time="0.027"/>
    <testcase classname="testmeter.generalitat" name="Abril url i verificar capçalera_Fils:100;Rampup:65;Durada:20" time="0.027"/>
    <testcase classname="testmeter.generalitat" name="TestNegatiu_Abril url i verificar capçalera_Fils:100;Rampup:65;Durada:20" time="0.026">
        <failure message="Not Found">Test failed: text expected to contain /Model de Qualitat de Solucions/</failure>
    </testcase>
    <testcase classname="testmeter.generalitat" name="Abril url i verificar capçalera_Fils:100;Rampup:65;Durada:20" time="0.028"/>
    <testcase classname="testmeter.generalitat" name="Abril url i verificar capçalera_Fils:100;Rampup:65;Durada:20" time="0.026"/>
    <testcase classname="testmeter.generalitat" name="Abril url i verificar capçalera_Fils:100;Rampup:65;Durada:20" time="0.041"/>
    <testcase classname="testmeter.generalitat" name="Abril url i verificar capçalera_Fils:100;Rampup:65;Durada:20" time="0.027"/>
    <testcase classname="testmeter.generalitat" name="TestNegatiu_Abril url i verificar capçalera_Fils:100;Rampup:65;Durada:20" time="0.031">
        <failure message="Not Found">Test failed: text expected to contain /Model de Qualitat de Solucions/</failure>
    </testcase>
    <testcase classname="testmeter.generalitat" name="Abril url i verificar capçalera_Fils:100;Rampup:65;Durada:20" time="0.125"/>
    <testcase classname="testmeter.generalitat" name="TestNegatiu_Abril url i verificar capçalera_Fils:100;Rampup:65;Durada:20" time="0.026">
        <failure message="Not Found">Test failed: text expected to contain /Model de Qualitat de Solucions/</failure>
    </testcase>
    <testcase classname="testmeter.generalitat" name="TestNegatiu_Abril url i verificar capçalera_Fils:100;Rampup:65;Durada:20" time="0.028">
        <failure message="Not Found">Test failed: text expected to contain /Model de Qualitat de Solucions/</failure>
    </testcase>
    <testcase classname="testmeter.generalitat" name="Abril url i verificar capçalera_Fils:100;Rampup:65;Durada:20" time="0.027"/>
    <testcase classname="testmeter.generalitat" name="TestNegatiu_Abril url i verificar capçalera_Fils:100;Rampup:65;Durada:20" time="0.027">
        <failure message="Not Found">Test failed: text expected to contain /Model de Qualitat de Solucions/</failure>
    </testcase>
    <testcase classname="testmeter.generalitat" name="TestNegatiu_Abril url i verificar capçalera_Fils:100;Rampup:65;Durada:20" time="0.024">
        <failure message="Not Found">Test failed: text expected to contain /Model de Qualitat de Solucions/</failure>
    </testcase>
    <testcase classname="testmeter.generalitat" name="TestNegatiu_Abril url i verificar capçalera_Fils:100;Rampup:65;Durada:20" time="0.026">
        <failure message="Not Found">Test failed: text expected to contain /Model de Qualitat de Solucions/</failure>
    </testcase>
    <testcase classname="testmeter.generalitat" name="Abril url i verificar capçalera_Fils:100;Rampup:65;Durada:20" time="0.023"/>
    <testcase classname="testmeter.generalitat" name="TestNegatiu_Abril url i verificar capçalera_Fils:100;Rampup:65;Durada:20" time="0.027">
        <failure message="Not Found">Test failed: text expected to contain /Model de Qualitat de Solucions/</failure>
    </testcase>
    <testcase classname="testmeter.generalitat" name="TestNegatiu_Abril url i verificar capçalera_Fils:100;Rampup:65;Durada:20" time="0.024">
        <failure message="Not Found">Test failed: text expected to contain /Model de Qualitat de Solucions/</failure>
    </testcase>
    <testcase classname="testmeter.generalitat" name="Abril url i verificar capçalera_Fils:100;Rampup:65;Durada:20" time="0.027"/>
    <testcase classname="testmeter.generalitat" name="Abril url i verificar capçalera_Fils:100;Rampup:65;Durada:20" time="0.028"/>
    <testcase classname="testmeter.generalitat" name="Abril url i verificar capçalera_Fils:100;Rampup:65;Durada:20" time="0.039"/>
    <testcase classname="testmeter.generalitat" name="Abril url i verificar capçalera_Fils:100;Rampup:65;Durada:20" time="0.028"/>
    <testcase classname="testmeter.generalitat" name="TestNegatiu_Abril url i verificar capçalera_Fils:100;Rampup:65;Durada:20" time="0.029">
        <failure message="Not Found">Test failed: text expected to contain /Model de Qualitat de Solucions/</failure>
    </testcase>
    <testcase classname="testmeter.generalitat" name="TestNegatiu_Abril url i verificar capçalera_Fils:100;Rampup:65;Durada:20" time="0.030">
        <failure message="Not Found">Test failed: text expected to contain /Model de Qualitat de Solucions/</failure>
    </testcase>
    <testcase classname="testmeter.generalitat" name="Abril url i verificar capçalera_Fils:100;Rampup:65;Durada:20" time="0.028"/>
    <testcase classname="testmeter.generalitat" name="Abril url i verificar capçalera_Fils:100;Rampup:65;Durada:20" time="0.044"/>
    <testcase classname="testmeter.generalitat" name="Abril url i verificar capçalera_Fils:100;Rampup:65;Durada:20" time="0.032"/>
    <testcase classname="testmeter.generalitat" name="TestNegatiu_Abril url i verificar capçalera_Fils:100;Rampup:65;Durada:20" time="0.027">
        <failure message="Not Found">Test failed: text expected to contain /Model de Qualitat de Solucions/</failure>
    </testcase>
    <testcase classname="testmeter.generalitat" name="TestNegatiu_Abril url i verificar capçalera_Fils:100;Rampup:65;Durada:20" time="0.029">
        <failure message="Not Found">Test failed: text expected to contain /Model de Qualitat de Solucions/</failure>
    </testcase>
    <testcase classname="testmeter.generalitat" name="TestNegatiu_Abril url i verificar capçalera_Fils:100;Rampup:65;Durada:20" time="0.029">
        <failure message="Not Found">Test failed: text expected to contain /Model de Qualitat de Solucions/</failure>
    </testcase>
    <testcase classname="testmeter.generalitat" name="TestNegatiu_Abril url i verificar capçalera_Fils:100;Rampup:65;Durada:20" time="0.101">
        <failure message="Not Found">Test failed: text expected to contain /Model de Qualitat de Solucions/</failure>
    </testcase>
    <testcase classname="testmeter.generalitat" name="TestNegatiu_Abril url i verificar capçalera_Fils:100;Rampup:65;Durada:20" time="0.023">
        <failure message="Not Found">Test failed: text expected to contain /Model de Qualitat de Solucions/</failure>
    </testcase>
    <testcase classname="testmeter.generalitat" name="TestNegatiu_Abril url i verificar capçalera_Fils:100;Rampup:65;Durada:20" time="0.027">
        <failure message="Not Found">Test failed: text expected to contain /Model de Qualitat de Solucions/</failure>
    </testcase>
    <testcase classname="testmeter.generalitat" name="Abril url i verificar capçalera_Fils:100;Rampup:65;Durada:20" time="0.036"/>
    <testcase classname="testmeter.generalitat" name="Abril url i verificar capçalera_Fils:100;Rampup:65;Durada:20" time="0.029"/>
    <testcase classname="testmeter.generalitat" name="TestNegatiu_Abril url i verificar capçalera_Fils:100;Rampup:65;Durada:20" time="0.031">
        <failure message="Not Found">Test failed: text expected to contain /Model de Qualitat de Solucions/</failure>
    </testcase>
    <testcase classname="testmeter.generalitat" name="Abril url i verificar capçalera_Fils:100;Rampup:65;Durada:20" time="0.032"/>
    <testcase classname="testmeter.generalitat" name="Abril url i verificar capçalera_Fils:100;Rampup:65;Durada:20" time="0.030"/>
    <testcase classname="testmeter.generalitat" name="Abril url i verificar capçalera_Fils:100;Rampup:65;Durada:20" time="0.031"/>
    <testcase classname="testmeter.generalitat" name="Abril url i verificar capçalera_Fils:100;Rampup:65;Durada:20" time="0.026"/>
    <testcase classname="testmeter.generalitat" name="TestNegatiu_Abril url i verificar capçalera_Fils:100;Rampup:65;Durada:20" time="0.026">
        <failure message="Not Found">Test failed: text expected to contain /Model de Qualitat de Solucions/</failure>
    </testcase>
    <testcase classname="testmeter.generalitat" name="TestNegatiu_Abril url i verificar capçalera_Fils:100;Rampup:65;Durada:20" time="0.026">
        <failure message="Not Found">Test failed: text expected to contain /Model de Qualitat de Solucions/</failure>
    </testcase>
    <testcase classname="testmeter.generalitat" name="Abril url i verificar capçalera_Fils:100;Rampup:65;Durada:20" time="0.028"/>
    <testcase classname="testmeter.generalitat" name="TestNegatiu_Abril url i verificar capçalera_Fils:100;Rampup:65;Durada:20" time="0.025">
        <failure message="Not Found">Test failed: text expected to contain /Model de Qualitat de Solucions/</failure>
    </testcase>
    <testcase classname="testmeter.generalitat" name="Abril url i verificar capçalera_Fils:100;Rampup:65;Durada:20" time="0.026"/>
    <testcase classname="testmeter.generalitat" name="TestNegatiu_Abril url i verificar capçalera_Fils:100;Rampup:65;Durada:20" time="0.025">
        <failure message="Not Found">Test failed: text expected to contain /Model de Qualitat de Solucions/</failure>
    </testcase>
    <testcase classname="testmeter.generalitat" name="TestNegatiu_Abril url i verificar capçalera_Fils:100;Rampup:65;Durada:20" time="0.025">
        <failure message="Not Found">Test failed: text expected to contain /Model de Qualitat de Solucions/</failure>
    </testcase>
    <testcase classname="testmeter.generalitat" name="TestNegatiu_Abril url i verificar capçalera_Fils:100;Rampup:65;Durada:20" time="0.022">
        <failure message="Not Found">Test failed: text expected to contain /Model de Qualitat de Solucions/</failure>
    </testcase>
    <testcase classname="testmeter.generalitat" name="Abril url i verificar capçalera_Fils:100;Rampup:65;Durada:20" time="0.023"/>
    <testcase classname="testmeter.generalitat" name="TestNegatiu_Abril url i verificar capçalera_Fils:100;Rampup:65;Durada:20" time="0.025">
        <failure message="Not Found">Test failed: text expected to contain /Model de Qualitat de Solucions/</failure>
    </testcase>
    <testcase classname="testmeter.generalitat" name="Abril url i verificar capçalera_Fils:100;Rampup:65;Durada:20" time="0.025"/>
    <testcase classname="testmeter.generalitat" name="TestNegatiu_Abril url i verificar capçalera_Fils:100;Rampup:65;Durada:20" time="0.025">
        <failure message="Not Found">Test failed: text expected to contain /Model de Qualitat de Solucions/</failure>
    </testcase>
    <testcase classname="testmeter.generalitat" name="Abril url i verificar capçalera_Fils:100;Rampup:65;Durada:20" time="0.027"/>
    <testcase classname="testmeter.generalitat" name="Abril url i verificar capçalera_Fils:100;Rampup:65;Durada:20" time="0.029"/>
    <testcase classname="testmeter.generalitat" name="Abril url i verificar capçalera_Fils:100;Rampup:65;Durada:20" time="0.028"/>
    <testcase classname="testmeter.generalitat" name="Abril url i verificar capçalera_Fils:100;Rampup:65;Durada:20" time="0.025"/>
    <testcase classname="testmeter.generalitat" name="TestNegatiu_Abril url i verificar capçalera_Fils:100;Rampup:65;Durada:20" time="0.021">
        <failure message="Not Found">Test failed: text expected to contain /Model de Qualitat de Solucions/</failure>
    </testcase>
    <testcase classname="testmeter.generalitat" name="TestNegatiu_Abril url i verificar capçalera_Fils:100;Rampup:65;Durada:20" time="0.024">
        <failure message="Not Found">Test failed: text expected to contain /Model de Qualitat de Solucions/</failure>
    </testcase>
    <testcase classname="testmeter.generalitat" name="Abril url i verificar capçalera_Fils:100;Rampup:65;Durada:20" time="0.026"/>
    <testcase classname="testmeter.generalitat" name="Abril url i verificar capçalera_Fils:100;Rampup:65;Durada:20" time="0.025"/>
    <testcase classname="testmeter.generalitat" name="TestNegatiu_Abril url i verificar capçalera_Fils:100;Rampup:65;Durada:20" time="0.024">
        <failure message="Not Found">Test failed: text expected to contain /Model de Qualitat de Solucions/</failure>
    </testcase>
    <testcase classname="testmeter.generalitat" name="TestNegatiu_Abril url i verificar capçalera_Fils:100;Rampup:65;Durada:20" time="0.023">
        <failure message="Not Found">Test failed: text expected to contain /Model de Qualitat de Solucions/</failure>
    </testcase>
    <testcase classname="testmeter.generalitat" name="TestNegatiu_Abril url i verificar capçalera_Fils:100;Rampup:65;Durada:20" time="0.026">
        <failure message="Not Found">Test failed: text expected to contain /Model de Qualitat de Solucions/</failure>
    </testcase>
    <testcase classname="testmeter.generalitat" name="TestNegatiu_Abril url i verificar capçalera_Fils:100;Rampup:65;Durada:20" time="0.026">
        <failure message="Not Found">Test failed: text expected to contain /Model de Qualitat de Solucions/</failure>
    </testcase>
    <testcase classname="testmeter.generalitat" name="Abril url i verificar capçalera_Fils:100;Rampup:65;Durada:20" time="0.025"/>
    <testcase classname="testmeter.generalitat" name="TestNegatiu_Abril url i verificar capçalera_Fils:100;Rampup:65;Durada:20" time="0.023">
        <failure message="Not Found">Test failed: text expected to contain /Model de Qualitat de Solucions/</failure>
    </testcase>
    <testcase classname="testmeter.generalitat" name="Abril url i verificar capçalera_Fils:100;Rampup:65;Durada:20" time="0.026"/>
    <testcase classname="testmeter.generalitat" name="TestNegatiu_Abril url i verificar capçalera_Fils:100;Rampup:65;Durada:20" time="0.029">
        <failure message="Not Found">Test failed: text expected to contain /Model de Qualitat de Solucions/</failure>
    </testcase>
    <testcase classname="testmeter.generalitat" name="Abril url i verificar capçalera_Fils:100;Rampup:65;Durada:20" time="0.027"/>
    <testcase classname="testmeter.generalitat" name="TestNegatiu_Abril url i verificar capçalera_Fils:100;Rampup:65;Durada:20" time="0.023">
        <failure message="Not Found">Test failed: text expected to contain /Model de Qualitat de Solucions/</failure>
    </testcase>
    <testcase classname="testmeter.generalitat" name="Abril url i verificar capçalera_Fils:100;Rampup:65;Durada:20" time="0.026"/>
    <testcase classname="testmeter.generalitat" name="Abril url i verificar capçalera_Fils:100;Rampup:65;Durada:20" time="0.029"/>
    <testcase classname="testmeter.generalitat" name="Abril url i verificar capçalera_Fils:100;Rampup:65;Durada:20" time="0.032"/>
    <testcase classname="testmeter.generalitat" name="TestNegatiu_Abril url i verificar capçalera_Fils:100;Rampup:65;Durada:20" time="0.026">
        <failure message="Not Found">Test failed: text expected to contain /Model de Qualitat de Solucions/</failure>
    </testcase>
    <testcase classname="testmeter.generalitat" name="Abril url i verificar capçalera_Fils:100;Rampup:65;Durada:20" time="0.028"/>
    <testcase classname="testmeter.generalitat" name="Abril url i verificar capçalera_Fils:100;Rampup:65;Durada:20" time="0.146"/>
    <testcase classname="testmeter.generalitat" name="Abril url i verificar capçalera_Fils:100;Rampup:65;Durada:20" time="0.025"/>
    <testcase classname="testmeter.generalitat" name="TestNegatiu_Abril url i verificar capçalera_Fils:100;Rampup:65;Durada:20" time="0.028">
        <failure message="Not Found">Test failed: text expected to contain /Model de Qualitat de Solucions/</failure>
    </testcase>
    <testcase classname="testmeter.generalitat" name="TestNegatiu_Abril url i verificar capçalera_Fils:100;Rampup:65;Durada:20" time="0.040">
        <failure message="Not Found">Test failed: text expected to contain /Model de Qualitat de Solucions/</failure>
    </testcase>
    <testcase classname="testmeter.generalitat" name="Abril url i verificar capçalera_Fils:100;Rampup:65;Durada:20" time="0.032"/>
    <testcase classname="testmeter.generalitat" name="TestNegatiu_Abril url i verificar capçalera_Fils:100;Rampup:65;Durada:20" time="0.029">
        <failure message="Not Found">Test failed: text expected to contain /Model de Qualitat de Solucions/</failure>
    </testcase>
    <testcase classname="testmeter.generalitat" name="TestNegatiu_Abril url i verificar capçalera_Fils:100;Rampup:65;Durada:20" time="0.034">
        <failure message="Not Found">Test failed: text expected to contain /Model de Qualitat de Solucions/</failure>
    </testcase>
    <testcase classname="testmeter.generalitat" name="TestNegatiu_Abril url i verificar capçalera_Fils:100;Rampup:65;Durada:20" time="0.024">
        <failure message="Not Found">Test failed: text expected to contain /Model de Qualitat de Solucions/</failure>
    </testcase>
    <testcase classname="testmeter.generalitat" name="Abril url i verificar capçalera_Fils:100;Rampup:65;Durada:20" time="0.030"/>
    <testcase classname="testmeter.generalitat" name="TestNegatiu_Abril url i verificar capçalera_Fils:100;Rampup:65;Durada:20" time="0.028">
        <failure message="Not Found">Test failed: text expected to contain /Model de Qualitat de Solucions/</failure>
    </testcase>
    <testcase classname="testmeter.generalitat" name="TestNegatiu_Abril url i verificar capçalera_Fils:100;Rampup:65;Durada:20" time="0.026">
        <failure message="Not Found">Test failed: text expected to contain /Model de Qualitat de Solucions/</failure>
    </testcase>
    <testcase classname="testmeter.generalitat" name="TestNegatiu_Abril url i verificar capçalera_Fils:100;Rampup:65;Durada:20" time="0.023">
        <failure message="Not Found">Test failed: text expected to contain /Model de Qualitat de Solucions/</failure>
    </testcase>
    <testcase classname="testmeter.generalitat" name="Abril url i verificar capçalera_Fils:100;Rampup:65;Durada:20" time="0.025"/>
    <testcase classname="testmeter.generalitat" name="Abril url i verificar capçalera_Fils:100;Rampup:65;Durada:20" time="0.029"/>
    <testcase classname="testmeter.generalitat" name="TestNegatiu_Abril url i verificar capçalera_Fils:100;Rampup:65;Durada:20" time="0.025">
        <failure message="Not Found">Test failed: text expected to contain /Model de Qualitat de Solucions/</failure>
    </testcase>
    <testcase classname="testmeter.generalitat" name="Abril url i verificar capçalera_Fils:100;Rampup:65;Durada:20" time="0.028"/>
    <testcase classname="testmeter.generalitat" name="Abril url i verificar capçalera_Fils:100;Rampup:65;Durada:20" time="0.029"/>
    <testcase classname="testmeter.generalitat" name="Abril url i verificar capçalera_Fils:100;Rampup:65;Durada:20" time="0.027"/>
    <testcase classname="testmeter.generalitat" name="Abril url i verificar capçalera_Fils:100;Rampup:65;Durada:20" time="0.032"/>
    <testcase classname="testmeter.generalitat" name="TestNegatiu_Abril url i verificar capçalera_Fils:100;Rampup:65;Durada:20" time="0.026">
        <failure message="Not Found">Test failed: text expected to contain /Model de Qualitat de Solucions/</failure>
    </testcase>
    <testcase classname="testmeter.generalitat" name="Abril url i verificar capçalera_Fils:100;Rampup:65;Durada:20" time="0.024"/>
    <testcase classname="testmeter.generalitat" name="TestNegatiu_Abril url i verificar capçalera_Fils:100;Rampup:65;Durada:20" time="0.026">
        <failure message="Not Found">Test failed: text expected to contain /Model de Qualitat de Solucions/</failure>
    </testcase>
    <testcase classname="testmeter.generalitat" name="TestNegatiu_Abril url i verificar capçalera_Fils:100;Rampup:65;Durada:20" time="0.030">
        <failure message="Not Found">Test failed: text expected to contain /Model de Qualitat de Solucions/</failure>
    </testcase>
    <testcase classname="testmeter.generalitat" name="TestNegatiu_Abril url i verificar capçalera_Fils:100;Rampup:65;Durada:20" time="0.028">
        <failure message="Not Found">Test failed: text expected to contain /Model de Qualitat de Solucions/</failure>
    </testcase>
    <testcase classname="testmeter.generalitat" name="TestNegatiu_Abril url i verificar capçalera_Fils:100;Rampup:65;Durada:20" time="0.030">
        <failure message="Not Found">Test failed: text expected to contain /Model de Qualitat de Solucions/</failure>
    </testcase>
    <testcase classname="testmeter.generalitat" name="Abril url i verificar capçalera_Fils:100;Rampup:65;Durada:20" time="0.030"/>
    <testcase classname="testmeter.generalitat" name="Abril url i verificar capçalera_Fils:100;Rampup:65;Durada:20" time="0.053"/>
    <testcase classname="testmeter.generalitat" name="TestNegatiu_Abril url i verificar capçalera_Fils:100;Rampup:65;Durada:20" time="0.028">
        <failure message="Not Found">Test failed: text expected to contain /Model de Qualitat de Solucions/</failure>
    </testcase>
    <testcase classname="testmeter.generalitat" name="TestNegatiu_Abril url i verificar capçalera_Fils:100;Rampup:65;Durada:20" time="0.024">
        <failure message="Not Found">Test failed: text expected to contain /Model de Qualitat de Solucions/</failure>
    </testcase>
    <testcase classname="testmeter.generalitat" name="Abril url i verificar capçalera_Fils:100;Rampup:65;Durada:20" time="0.025"/>
    <testcase classname="testmeter.generalitat" name="Abril url i verificar capçalera_Fils:100;Rampup:65;Durada:20" time="0.027"/>
    <testcase classname="testmeter.generalitat" name="TestNegatiu_Abril url i verificar capçalera_Fils:100;Rampup:65;Durada:20" time="0.025">
        <failure message="Not Found">Test failed: text expected to contain /Model de Qualitat de Solucions/</failure>
    </testcase>
    <testcase classname="testmeter.generalitat" name="Abril url i verificar capçalera_Fils:100;Rampup:65;Durada:20" time="0.029"/>
    <testcase classname="testmeter.generalitat" name="Abril url i verificar capçalera_Fils:100;Rampup:65;Durada:20" time="0.031"/>
    <testcase classname="testmeter.generalitat" name="TestNegatiu_Abril url i verificar capçalera_Fils:100;Rampup:65;Durada:20" time="0.022">
        <failure message="Not Found">Test failed: text expected to contain /Model de Qualitat de Solucions/</failure>
    </testcase>
    <testcase classname="testmeter.generalitat" name="Abril url i verificar capçalera_Fils:100;Rampup:65;Durada:20" time="0.033"/>
    <testcase classname="testmeter.generalitat" name="Abril url i verificar capçalera_Fils:100;Rampup:65;Durada:20" time="0.028"/>
    <testcase classname="testmeter.generalitat" name="TestNegatiu_Abril url i verificar capçalera_Fils:100;Rampup:65;Durada:20" time="0.041">
        <failure message="Not Found">Test failed: text expected to contain /Model de Qualitat de Solucions/</failure>
    </testcase>
    <testcase classname="testmeter.generalitat" name="TestNegatiu_Abril url i verificar capçalera_Fils:100;Rampup:65;Durada:20" time="0.026">
        <failure message="Not Found">Test failed: text expected to contain /Model de Qualitat de Solucions/</failure>
    </testcase>
    <testcase classname="testmeter.generalitat" name="Abril url i verificar capçalera_Fils:100;Rampup:65;Durada:20" time="0.037"/>
    <testcase classname="testmeter.generalitat" name="TestNegatiu_Abril url i verificar capçalera_Fils:100;Rampup:65;Durada:20" time="0.026">
        <failure message="Not Found">Test failed: text expected to contain /Model de Qualitat de Solucions/</failure>
    </testcase>
    <testcase classname="testmeter.generalitat" name="TestNegatiu_Abril url i verificar capçalera_Fils:100;Rampup:65;Durada:20" time="0.027">
        <failure message="Not Found">Test failed: text expected to contain /Model de Qualitat de Solucions/</failure>
    </testcase>
    <testcase classname="testmeter.generalitat" name="TestNegatiu_Abril url i verificar capçalera_Fils:100;Rampup:65;Durada:20" time="0.026">
        <failure message="Not Found">Test failed: text expected to contain /Model de Qualitat de Solucions/</failure>
    </testcase>
    <testcase classname="testmeter.generalitat" name="Abril url i verificar capçalera_Fils:100;Rampup:65;Durada:20" time="0.026"/>
    <testcase classname="testmeter.generalitat" name="TestNegatiu_Abril url i verificar capçalera_Fils:100;Rampup:65;Durada:20" time="0.028">
        <failure message="Not Found">Test failed: text expected to contain /Model de Qualitat de Solucions/</failure>
    </testcase>
    <testcase classname="testmeter.generalitat" name="TestNegatiu_Abril url i verificar capçalera_Fils:100;Rampup:65;Durada:20" time="0.025">
        <failure message="Not Found">Test failed: text expected to contain /Model de Qualitat de Solucions/</failure>
    </testcase>
    <testcase classname="testmeter.generalitat" name="Abril url i verificar capçalera_Fils:100;Rampup:65;Durada:20" time="0.027"/>
    <testcase classname="testmeter.generalitat" name="Abril url i verificar capçalera_Fils:100;Rampup:65;Durada:20" time="0.046"/>
    <testcase classname="testmeter.generalitat" name="Abril url i verificar capçalera_Fils:100;Rampup:65;Durada:20" time="0.028"/>
    <testcase classname="testmeter.generalitat" name="TestNegatiu_Abril url i verificar capçalera_Fils:100;Rampup:65;Durada:20" time="0.025">
        <failure message="Not Found">Test failed: text expected to contain /Model de Qualitat de Solucions/</failure>
    </testcase>
    <testcase classname="testmeter.generalitat" name="Abril url i verificar capçalera_Fils:100;Rampup:65;Durada:20" time="0.027"/>
    <testcase classname="testmeter.generalitat" name="Abril url i verificar capçalera_Fils:100;Rampup:65;Durada:20" time="0.029"/>
    <testcase classname="testmeter.generalitat" name="TestNegatiu_Abril url i verificar capçalera_Fils:100;Rampup:65;Durada:20" time="0.023">
        <failure message="Not Found">Test failed: text expected to contain /Model de Qualitat de Solucions/</failure>
    </testcase>
    <testcase classname="testmeter.generalitat" name="Abril url i verificar capçalera_Fils:100;Rampup:65;Durada:20" time="0.028"/>
    <testcase classname="testmeter.generalitat" name="Abril url i verificar capçalera_Fils:100;Rampup:65;Durada:20" time="0.024"/>
    <testcase classname="testmeter.generalitat" name="Abril url i verificar capçalera_Fils:100;Rampup:65;Durada:20" time="0.052"/>
    <testcase classname="testmeter.generalitat" name="TestNegatiu_Abril url i verificar capçalera_Fils:100;Rampup:65;Durada:20" time="0.023">
        <failure message="Not Found">Test failed: text expected to contain /Model de Qualitat de Solucions/</failure>
    </testcase>
    <testcase classname="testmeter.generalitat" name="TestNegatiu_Abril url i verificar capçalera_Fils:100;Rampup:65;Durada:20" time="0.025">
        <failure message="Not Found">Test failed: text expected to contain /Model de Qualitat de Solucions/</failure>
    </testcase>
    <testcase classname="testmeter.generalitat" name="Abril url i verificar capçalera_Fils:100;Rampup:65;Durada:20" time="0.023"/>
    <testcase classname="testmeter.generalitat" name="TestNegatiu_Abril url i verificar capçalera_Fils:100;Rampup:65;Durada:20" time="0.025">
        <failure message="Not Found">Test failed: text expected to contain /Model de Qualitat de Solucions/</failure>
    </testcase>
    <testcase classname="testmeter.generalitat" name="TestNegatiu_Abril url i verificar capçalera_Fils:100;Rampup:65;Durada:20" time="0.030">
        <failure message="Not Found">Test failed: text expected to contain /Model de Qualitat de Solucions/</failure>
    </testcase>
    <testcase classname="testmeter.generalitat" name="TestNegatiu_Abril url i verificar capçalera_Fils:100;Rampup:65;Durada:20" time="0.025">
        <failure message="Not Found">Test failed: text expected to contain /Model de Qualitat de Solucions/</failure>
    </testcase>
    <testcase classname="testmeter.generalitat" name="TestNegatiu_Abril url i verificar capçalera_Fils:100;Rampup:65;Durada:20" time="0.024">
        <failure message="Not Found">Test failed: text expected to contain /Model de Qualitat de Solucions/</failure>
    </testcase>
    <testcase classname="testmeter.generalitat" name="TestNegatiu_Abril url i verificar capçalera_Fils:100;Rampup:65;Durada:20" time="0.029">
        <failure message="Not Found">Test failed: text expected to contain /Model de Qualitat de Solucions/</failure>
    </testcase>
    <testcase classname="testmeter.generalitat" name="Abril url i verificar capçalera_Fils:100;Rampup:65;Durada:20" time="0.028"/>
    <testcase classname="testmeter.generalitat" name="Abril url i verificar capçalera_Fils:100;Rampup:65;Durada:20" time="0.033"/>
    <testcase classname="testmeter.generalitat" name="TestNegatiu_Abril url i verificar capçalera_Fils:100;Rampup:65;Durada:20" time="0.023">
        <failure message="Not Found">Test failed: text expected to contain /Model de Qualitat de Solucions/</failure>
    </testcase>
    <testcase classname="testmeter.generalitat" name="Abril url i verificar capçalera_Fils:100;Rampup:65;Durada:20" time="0.025"/>
    <testcase classname="testmeter.generalitat" name="Abril url i verificar capçalera_Fils:100;Rampup:65;Durada:20" time="0.030"/>
    <testcase classname="testmeter.generalitat" name="Abril url i verificar capçalera_Fils:100;Rampup:65;Durada:20" time="0.029"/>
    <testcase classname="testmeter.generalitat" name="TestNegatiu_Abril url i verificar capçalera_Fils:100;Rampup:65;Durada:20" time="0.029">
        <failure message="Not Found">Test failed: text expected to contain /Model de Qualitat de Solucions/</failure>
    </testcase>
    <testcase classname="testmeter.generalitat" name="TestNegatiu_Abril url i verificar capçalera_Fils:100;Rampup:65;Durada:20" time="0.029">
        <failure message="Not Found">Test failed: text expected to contain /Model de Qualitat de Solucions/</failure>
    </testcase>
    <testcase classname="testmeter.generalitat" name="Abril url i verificar capçalera_Fils:100;Rampup:65;Durada:20" time="0.024"/>
    <testcase classname="testmeter.generalitat" name="Abril url i verificar capçalera_Fils:100;Rampup:65;Durada:20" time="0.028"/>
    <testcase classname="testmeter.generalitat" name="TestNegatiu_Abril url i verificar capçalera_Fils:100;Rampup:65;Durada:20" time="0.029">
        <failure message="Not Found">Test failed: text expected to contain /Model de Qualitat de Solucions/</failure>
    </testcase>
    <testcase classname="testmeter.generalitat" name="Abril url i verificar capçalera_Fils:100;Rampup:65;Durada:20" time="0.034"/>
    <testcase classname="testmeter.generalitat" name="Abril url i verificar capçalera_Fils:100;Rampup:65;Durada:20" time="0.026"/>
    <testcase classname="testmeter.generalitat" name="TestNegatiu_Abril url i verificar capçalera_Fils:100;Rampup:65;Durada:20" time="0.025">
        <failure message="Not Found">Test failed: text expected to contain /Model de Qualitat de Solucions/</failure>
    </testcase>
    <testcase classname="testmeter.generalitat" name="TestNegatiu_Abril url i verificar capçalera_Fils:100;Rampup:65;Durada:20" time="0.029">
        <failure message="Not Found">Test failed: text expected to contain /Model de Qualitat de Solucions/</failure>
    </testcase>
    <testcase classname="testmeter.generalitat" name="TestNegatiu_Abril url i verificar capçalera_Fils:100;Rampup:65;Durada:20" time="0.034">
        <failure message="Not Found">Test failed: text expected to contain /Model de Qualitat de Solucions/</failure>
    </testcase>
    <testcase classname="testmeter.generalitat" name="TestNegatiu_Abril url i verificar capçalera_Fils:100;Rampup:65;Durada:20" time="0.029">
        <failure message="Not Found">Test failed: text expected to contain /Model de Qualitat de Solucions/</failure>
    </testcase>
    <testcase classname="testmeter.generalitat" name="Abril url i verificar capçalera_Fils:100;Rampup:65;Durada:20" time="0.033"/>
    <testcase classname="testmeter.generalitat" name="TestNegatiu_Abril url i verificar capçalera_Fils:100;Rampup:65;Durada:20" time="0.028">
        <failure message="Not Found">Test failed: text expected to contain /Model de Qualitat de Solucions/</failure>
    </testcase>
    <testcase classname="testmeter.generalitat" name="TestNegatiu_Abril url i verificar capçalera_Fils:100;Rampup:65;Durada:20" time="0.030">
        <failure message="Not Found">Test failed: text expected to contain /Model de Qualitat de Solucions/</failure>
    </testcase>
    <testcase classname="testmeter.generalitat" name="Abril url i verificar capçalera_Fils:100;Rampup:65;Durada:20" time="0.031"/>
    <testcase classname="testmeter.generalitat" name="Abril url i verificar capçalera_Fils:100;Rampup:65;Durada:20" time="0.032"/>
    <testcase classname="testmeter.generalitat" name="Abril url i verificar capçalera_Fils:100;Rampup:65;Durada:20" time="0.139"/>
    <testcase classname="testmeter.generalitat" name="Abril url i verificar capçalera_Fils:100;Rampup:65;Durada:20" time="0.032"/>
    <testcase classname="testmeter.generalitat" name="Abril url i verificar capçalera_Fils:100;Rampup:65;Durada:20" time="0.023"/>
    <testcase classname="testmeter.generalitat" name="Abril url i verificar capçalera_Fils:100;Rampup:65;Durada:20" time="0.030"/>
    <testcase classname="testmeter.generalitat" name="TestNegatiu_Abril url i verificar capçalera_Fils:100;Rampup:65;Durada:20" time="0.036">
        <failure message="Not Found">Test failed: text expected to contain /Model de Qualitat de Solucions/</failure>
    </testcase>
    <testcase classname="testmeter.generalitat" name="Abril url i verificar capçalera_Fils:100;Rampup:65;Durada:20" time="0.035"/>
    <testcase classname="testmeter.generalitat" name="Abril url i verificar capçalera_Fils:100;Rampup:65;Durada:20" time="0.034"/>
    <testcase classname="testmeter.generalitat" name="TestNegatiu_Abril url i verificar capçalera_Fils:100;Rampup:65;Durada:20" time="0.039">
        <failure message="Not Found">Test failed: text expected to contain /Model de Qualitat de Solucions/</failure>
    </testcase>
    <testcase classname="testmeter.generalitat" name="TestNegatiu_Abril url i verificar capçalera_Fils:100;Rampup:65;Durada:20" time="0.036">
        <failure message="Not Found">Test failed: text expected to contain /Model de Qualitat de Solucions/</failure>
    </testcase>
    <testcase classname="testmeter.generalitat" name="TestNegatiu_Abril url i verificar capçalera_Fils:100;Rampup:65;Durada:20" time="0.036">
        <failure message="Not Found">Test failed: text expected to contain /Model de Qualitat de Solucions/</failure>
    </testcase>
    <testcase classname="testmeter.generalitat" name="TestNegatiu_Abril url i verificar capçalera_Fils:100;Rampup:65;Durada:20" time="0.023">
        <failure message="Not Found">Test failed: text expected to contain /Model de Qualitat de Solucions/</failure>
    </testcase>
    <testcase classname="testmeter.generalitat" name="TestNegatiu_Abril url i verificar capçalera_Fils:100;Rampup:65;Durada:20" time="0.035">
        <failure message="Not Found">Test failed: text expected to contain /Model de Qualitat de Solucions/</failure>
    </testcase>
    <testcase classname="testmeter.generalitat" name="Abril url i verificar capçalera_Fils:100;Rampup:65;Durada:20" time="0.048"/>
    <testcase classname="testmeter.generalitat" name="TestNegatiu_Abril url i verificar capçalera_Fils:100;Rampup:65;Durada:20" time="0.029">
        <failure message="Not Found">Test failed: text expected to contain /Model de Qualitat de Solucions/</failure>
    </testcase>
    <testcase classname="testmeter.generalitat" name="TestNegatiu_Abril url i verificar capçalera_Fils:100;Rampup:65;Durada:20" time="0.021">
        <failure message="Not Found">Test failed: text expected to contain /Model de Qualitat de Solucions/</failure>
    </testcase>
    <testcase classname="testmeter.generalitat" name="TestNegatiu_Abril url i verificar capçalera_Fils:100;Rampup:65;Durada:20" time="0.024">
        <failure message="Not Found">Test failed: text expected to contain /Model de Qualitat de Solucions/</failure>
    </testcase>
    <testcase classname="testmeter.generalitat" name="Abril url i verificar capçalera_Fils:100;Rampup:65;Durada:20" time="0.027"/>
    <testcase classname="testmeter.generalitat" name="Abril url i verificar capçalera_Fils:100;Rampup:65;Durada:20" time="0.025"/>
    <testcase classname="testmeter.generalitat" name="TestNegatiu_Abril url i verificar capçalera_Fils:100;Rampup:65;Durada:20" time="0.025">
        <failure message="Not Found">Test failed: text expected to contain /Model de Qualitat de Solucions/</failure>
    </testcase>
    <testcase classname="testmeter.generalitat" name="Abril url i verificar capçalera_Fils:100;Rampup:65;Durada:20" time="0.028"/>
    <testcase classname="testmeter.generalitat" name="Abril url i verificar capçalera_Fils:100;Rampup:65;Durada:20" time="0.027"/>
    <testcase classname="testmeter.generalitat" name="Abril url i verificar capçalera_Fils:100;Rampup:65;Durada:20" time="0.027"/>
    <testcase classname="testmeter.generalitat" name="Abril url i verificar capçalera_Fils:100;Rampup:65;Durada:20" time="0.025"/>
    <testcase classname="testmeter.generalitat" name="Abril url i verificar capçalera_Fils:100;Rampup:65;Durada:20" time="0.028"/>
    <testcase classname="testmeter.generalitat" name="TestNegatiu_Abril url i verificar capçalera_Fils:100;Rampup:65;Durada:20" time="0.026">
        <failure message="Not Found">Test failed: text expected to contain /Model de Qualitat de Solucions/</failure>
    </testcase>
    <testcase classname="testmeter.generalitat" name="Abril url i verificar capçalera_Fils:100;Rampup:65;Durada:20" time="0.046"/>
    <testcase classname="testmeter.generalitat" name="Abril url i verificar capçalera_Fils:100;Rampup:65;Durada:20" time="0.024"/>
    <testcase classname="testmeter.generalitat" name="TestNegatiu_Abril url i verificar capçalera_Fils:100;Rampup:65;Durada:20" time="0.025">
        <failure message="Not Found">Test failed: text expected to contain /Model de Qualitat de Solucions/</failure>
    </testcase>
    <testcase classname="testmeter.generalitat" name="Abril url i verificar capçalera_Fils:100;Rampup:65;Durada:20" time="0.026"/>
    <testcase classname="testmeter.generalitat" name="TestNegatiu_Abril url i verificar capçalera_Fils:100;Rampup:65;Durada:20" time="0.025">
        <failure message="Not Found">Test failed: text expected to contain /Model de Qualitat de Solucions/</failure>
    </testcase>
    <testcase classname="testmeter.generalitat" name="TestNegatiu_Abril url i verificar capçalera_Fils:100;Rampup:65;Durada:20" time="0.027">
        <failure message="Not Found">Test failed: text expected to contain /Model de Qualitat de Solucions/</failure>
    </testcase>
    <testcase classname="testmeter.generalitat" name="TestNegatiu_Abril url i verificar capçalera_Fils:100;Rampup:65;Durada:20" time="0.029">
        <failure message="Not Found">Test failed: text expected to contain /Model de Qualitat de Solucions/</failure>
    </testcase>
    <testcase classname="testmeter.generalitat" name="TestNegatiu_Abril url i verificar capçalera_Fils:100;Rampup:65;Durada:20" time="0.021">
        <failure message="Not Found">Test failed: text expected to contain /Model de Qualitat de Solucions/</failure>
    </testcase>
    <testcase classname="testmeter.generalitat" name="TestNegatiu_Abril url i verificar capçalera_Fils:100;Rampup:65;Durada:20" time="0.024">
        <failure message="Not Found">Test failed: text expected to contain /Model de Qualitat de Solucions/</failure>
    </testcase>
    <testcase classname="testmeter.generalitat" name="TestNegatiu_Abril url i verificar capçalera_Fils:100;Rampup:65;Durada:20" time="0.024">
        <failure message="Not Found">Test failed: text expected to contain /Model de Qualitat de Solucions/</failure>
    </testcase>
    <testcase classname="testmeter.generalitat" name="TestNegatiu_Abril url i verificar capçalera_Fils:100;Rampup:65;Durada:20" time="0.026">
        <failure message="Not Found">Test failed: text expected to contain /Model de Qualitat de Solucions/</failure>
    </testcase>
    <testcase classname="testmeter.generalitat" name="Abril url i verificar capçalera_Fils:100;Rampup:65;Durada:20" time="0.026"/>
    <testcase classname="testmeter.generalitat" name="Abril url i verificar capçalera_Fils:100;Rampup:65;Durada:20" time="0.027"/>
    <testcase classname="testmeter.generalitat" name="TestNegatiu_Abril url i verificar capçalera_Fils:100;Rampup:65;Durada:20" time="0.028">
        <failure message="Not Found">Test failed: text expected to contain /Model de Qualitat de Solucions/</failure>
    </testcase>
    <testcase classname="testmeter.generalitat" name="Abril url i verificar capçalera_Fils:100;Rampup:65;Durada:20" time="0.032"/>
    <testcase classname="testmeter.generalitat" name="Abril url i verificar capçalera_Fils:100;Rampup:65;Durada:20" time="0.024"/>
    <testcase classname="testmeter.generalitat" name="Abril url i verificar capçalera_Fils:100;Rampup:65;Durada:20" time="0.032"/>
    <testcase classname="testmeter.generalitat" name="Abril url i verificar capçalera_Fils:100;Rampup:65;Durada:20" time="0.031"/>
    <testcase classname="testmeter.generalitat" name="Abril url i verificar capçalera_Fils:100;Rampup:65;Durada:20" time="0.028"/>
    <testcase classname="testmeter.generalitat" name="TestNegatiu_Abril url i verificar capçalera_Fils:100;Rampup:65;Durada:20" time="0.025">
        <failure message="Not Found">Test failed: text expected to contain /Model de Qualitat de Solucions/</failure>
    </testcase>
    <testcase classname="testmeter.generalitat" name="Abril url i verificar capçalera_Fils:100;Rampup:65;Durada:20" time="0.028"/>
    <testcase classname="testmeter.generalitat" name="TestNegatiu_Abril url i verificar capçalera_Fils:100;Rampup:65;Durada:20" time="0.028">
        <failure message="Not Found">Test failed: text expected to contain /Model de Qualitat de Solucions/</failure>
    </testcase>
    <testcase classname="testmeter.generalitat" name="Abril url i verificar capçalera_Fils:100;Rampup:65;Durada:20" time="0.028"/>
    <testcase classname="testmeter.generalitat" name="TestNegatiu_Abril url i verificar capçalera_Fils:100;Rampup:65;Durada:20" time="0.024">
        <failure message="Not Found">Test failed: text expected to contain /Model de Qualitat de Solucions/</failure>
    </testcase>
    <testcase classname="testmeter.generalitat" name="TestNegatiu_Abril url i verificar capçalera_Fils:100;Rampup:65;Durada:20" time="0.025">
        <failure message="Not Found">Test failed: text expected to contain /Model de Qualitat de Solucions/</failure>
    </testcase>
    <testcase classname="testmeter.generalitat" name="TestNegatiu_Abril url i verificar capçalera_Fils:100;Rampup:65;Durada:20" time="0.025">
        <failure message="Not Found">Test failed: text expected to contain /Model de Qualitat de Solucions/</failure>
    </testcase>
    <testcase classname="testmeter.generalitat" name="TestNegatiu_Abril url i verificar capçalera_Fils:100;Rampup:65;Durada:20" time="0.026">
        <failure message="Not Found">Test failed: text expected to contain /Model de Qualitat de Solucions/</failure>
    </testcase>
    <testcase classname="testmeter.generalitat" name="Abril url i verificar capçalera_Fils:100;Rampup:65;Durada:20" time="0.047"/>
    <testcase classname="testmeter.generalitat" name="TestNegatiu_Abril url i verificar capçalera_Fils:100;Rampup:65;Durada:20" time="0.025">
        <failure message="Not Found">Test failed: text expected to contain /Model de Qualitat de Solucions/</failure>
    </testcase>
    <testcase classname="testmeter.generalitat" name="TestNegatiu_Abril url i verificar capçalera_Fils:100;Rampup:65;Durada:20" time="0.025">
        <failure message="Not Found">Test failed: text expected to contain /Model de Qualitat de Solucions/</failure>
    </testcase>
    <testcase classname="testmeter.generalitat" name="Abril url i verificar capçalera_Fils:100;Rampup:65;Durada:20" time="0.026"/>
    <testcase classname="testmeter.generalitat" name="Abril url i verificar capçalera_Fils:100;Rampup:65;Durada:20" time="0.024"/>
    <testcase classname="testmeter.generalitat" name="TestNegatiu_Abril url i verificar capçalera_Fils:100;Rampup:65;Durada:20" time="0.024">
        <failure message="Not Found">Test failed: text expected to contain /Model de Qualitat de Solucions/</failure>
    </testcase>
    <testcase classname="testmeter.generalitat" name="Abril url i verificar capçalera_Fils:100;Rampup:65;Durada:20" time="0.024"/>
    <testcase classname="testmeter.generalitat" name="TestNegatiu_Abril url i verificar capçalera_Fils:100;Rampup:65;Durada:20" time="0.025">
        <failure message="Not Found">Test failed: text expected to contain /Model de Qualitat de Solucions/</failure>
    </testcase>
    <testcase classname="testmeter.generalitat" name="Abril url i verificar capçalera_Fils:100;Rampup:65;Durada:20" time="0.026"/>
    <testcase classname="testmeter.generalitat" name="Abril url i verificar capçalera_Fils:100;Rampup:65;Durada:20" time="0.027"/>
    <testcase classname="testmeter.generalitat" name="TestNegatiu_Abril url i verificar capçalera_Fils:100;Rampup:65;Durada:20" time="0.024">
        <failure message="Not Found">Test failed: text expected to contain /Model de Qualitat de Solucions/</failure>
    </testcase>
    <testcase classname="testmeter.generalitat" name="Abril url i verificar capçalera_Fils:100;Rampup:65;Durada:20" time="0.026"/>
    <testcase classname="testmeter.generalitat" name="Abril url i verificar capçalera_Fils:100;Rampup:65;Durada:20" time="0.029"/>
    <testcase classname="testmeter.generalitat" name="Abril url i verificar capçalera_Fils:100;Rampup:65;Durada:20" time="0.025"/>
    <testcase classname="testmeter.generalitat" name="TestNegatiu_Abril url i verificar capçalera_Fils:100;Rampup:65;Durada:20" time="0.029">
        <failure message="Not Found">Test failed: text expected to contain /Model de Qualitat de Solucions/</failure>
    </testcase>
    <testcase classname="testmeter.generalitat" name="Abril url i verificar capçalera_Fils:100;Rampup:65;Durada:20" time="0.026"/>
    <testcase classname="testmeter.generalitat" name="TestNegatiu_Abril url i verificar capçalera_Fils:100;Rampup:65;Durada:20" time="0.024">
        <failure message="Not Found">Test failed: text expected to contain /Model de Qualitat de Solucions/</failure>
    </testcase>
    <testcase classname="testmeter.generalitat" name="TestNegatiu_Abril url i verificar capçalera_Fils:100;Rampup:65;Durada:20" time="0.022">
        <failure message="Not Found">Test failed: text expected to contain /Model de Qualitat de Solucions/</failure>
    </testcase>
    <testcase classname="testmeter.generalitat" name="TestNegatiu_Abril url i verificar capçalera_Fils:100;Rampup:65;Durada:20" time="0.024">
        <failure message="Not Found">Test failed: text expected to contain /Model de Qualitat de Solucions/</failure>
    </testcase>
    <testcase classname="testmeter.generalitat" name="Abril url i verificar capçalera_Fils:100;Rampup:65;Durada:20" time="0.027"/>
    <testcase classname="testmeter.generalitat" name="Abril url i verificar capçalera_Fils:100;Rampup:65;Durada:20" time="0.027"/>
    <testcase classname="testmeter.generalitat" name="TestNegatiu_Abril url i verificar capçalera_Fils:100;Rampup:65;Durada:20" time="0.027">
        <failure message="Not Found">Test failed: text expected to contain /Model de Qualitat de Solucions/</failure>
    </testcase>
    <testcase classname="testmeter.generalitat" name="TestNegatiu_Abril url i verificar capçalera_Fils:100;Rampup:65;Durada:20" time="0.028">
        <failure message="Not Found">Test failed: text expected to contain /Model de Qualitat de Solucions/</failure>
    </testcase>
    <testcase classname="testmeter.generalitat" name="TestNegatiu_Abril url i verificar capçalera_Fils:100;Rampup:65;Durada:20" time="0.028">
        <failure message="Not Found">Test failed: text expected to contain /Model de Qualitat de Solucions/</failure>
    </testcase>
    <testcase classname="testmeter.generalitat" name="TestNegatiu_Abril url i verificar capçalera_Fils:100;Rampup:65;Durada:20" time="0.023">
        <failure message="Not Found">Test failed: text expected to contain /Model de Qualitat de Solucions/</failure>
    </testcase>
    <testcase classname="testmeter.generalitat" name="Abril url i verificar capçalera_Fils:100;Rampup:65;Durada:20" time="0.026"/>
    <testcase classname="testmeter.generalitat" name="Abril url i verificar capçalera_Fils:100;Rampup:65;Durada:20" time="0.025"/>
    <testcase classname="testmeter.generalitat" name="Abril url i verificar capçalera_Fils:100;Rampup:65;Durada:20" time="0.025"/>
    <testcase classname="testmeter.generalitat" name="TestNegatiu_Abril url i verificar capçalera_Fils:100;Rampup:65;Durada:20" time="0.030">
        <failure message="Not Found">Test failed: text expected to contain /Model de Qualitat de Solucions/</failure>
    </testcase>
    <testcase classname="testmeter.generalitat" name="TestNegatiu_Abril url i verificar capçalera_Fils:100;Rampup:65;Durada:20" time="0.026">
        <failure message="Not Found">Test failed: text expected to contain /Model de Qualitat de Solucions/</failure>
    </testcase>
    <testcase classname="testmeter.generalitat" name="Abril url i verificar capçalera_Fils:100;Rampup:65;Durada:20" time="0.029"/>
    <testcase classname="testmeter.generalitat" name="TestNegatiu_Abril url i verificar capçalera_Fils:100;Rampup:65;Durada:20" time="0.024">
        <failure message="Not Found">Test failed: text expected to contain /Model de Qualitat de Solucions/</failure>
    </testcase>
    <testcase classname="testmeter.generalitat" name="Abril url i verificar capçalera_Fils:100;Rampup:65;Durada:20" time="0.028"/>
    <testcase classname="testmeter.generalitat" name="Abril url i verificar capçalera_Fils:100;Rampup:65;Durada:20" time="0.028"/>
    <testcase classname="testmeter.generalitat" name="Abril url i verificar capçalera_Fils:100;Rampup:65;Durada:20" time="0.028"/>
    <testcase classname="testmeter.generalitat" name="TestNegatiu_Abril url i verificar capçalera_Fils:100;Rampup:65;Durada:20" time="0.021">
        <failure message="Not Found">Test failed: text expected to contain /Model de Qualitat de Solucions/</failure>
    </testcase>
    <testcase classname="testmeter.generalitat" name="Abril url i verificar capçalera_Fils:100;Rampup:65;Durada:20" time="0.027"/>
    <testcase classname="testmeter.generalitat" name="TestNegatiu_Abril url i verificar capçalera_Fils:100;Rampup:65;Durada:20" time="0.023">
        <failure message="Not Found">Test failed: text expected to contain /Model de Qualitat de Solucions/</failure>
    </testcase>
    <testcase classname="testmeter.generalitat" name="TestNegatiu_Abril url i verificar capçalera_Fils:100;Rampup:65;Durada:20" time="0.027">
        <failure message="Not Found">Test failed: text expected to contain /Model de Qualitat de Solucions/</failure>
    </testcase>
    <testcase classname="testmeter.generalitat" name="Abril url i verificar capçalera_Fils:100;Rampup:65;Durada:20" time="0.028"/>
    <testcase classname="testmeter.generalitat" name="Abril url i verificar capçalera_Fils:100;Rampup:65;Durada:20" time="0.031"/>
    <testcase classname="testmeter.generalitat" name="TestNegatiu_Abril url i verificar capçalera_Fils:100;Rampup:65;Durada:20" time="0.025">
        <failure message="Not Found">Test failed: text expected to contain /Model de Qualitat de Solucions/</failure>
    </testcase>
    <testcase classname="testmeter.generalitat" name="TestNegatiu_Abril url i verificar capçalera_Fils:100;Rampup:65;Durada:20" time="0.027">
        <failure message="Not Found">Test failed: text expected to contain /Model de Qualitat de Solucions/</failure>
    </testcase>
    <testcase classname="testmeter.generalitat" name="Abril url i verificar capçalera_Fils:100;Rampup:65;Durada:20" time="0.027"/>
    <testcase classname="testmeter.generalitat" name="Abril url i verificar capçalera_Fils:100;Rampup:65;Durada:20" time="0.023"/>
    <testcase classname="testmeter.generalitat" name="TestNegatiu_Abril url i verificar capçalera_Fils:100;Rampup:65;Durada:20" time="0.029">
        <failure message="Not Found">Test failed: text expected to contain /Model de Qualitat de Solucions/</failure>
    </testcase>
    <testcase classname="testmeter.generalitat" name="TestNegatiu_Abril url i verificar capçalera_Fils:100;Rampup:65;Durada:20" time="0.028">
        <failure message="Not Found">Test failed: text expected to contain /Model de Qualitat de Solucions/</failure>
    </testcase>
    <testcase classname="testmeter.generalitat" name="Abril url i verificar capçalera_Fils:100;Rampup:65;Durada:20" time="0.026"/>
    <testcase classname="testmeter.generalitat" name="TestNegatiu_Abril url i verificar capçalera_Fils:100;Rampup:65;Durada:20" time="0.026">
        <failure message="Not Found">Test failed: text expected to contain /Model de Qualitat de Solucions/</failure>
    </testcase>
    <testcase classname="testmeter.generalitat" name="TestNegatiu_Abril url i verificar capçalera_Fils:100;Rampup:65;Durada:20" time="0.027">
        <failure message="Not Found">Test failed: text expected to contain /Model de Qualitat de Solucions/</failure>
    </testcase>
    <testcase classname="testmeter.generalitat" name="Abril url i verificar capçalera_Fils:100;Rampup:65;Durada:20" time="0.031"/>
    <testcase classname="testmeter.generalitat" name="TestNegatiu_Abril url i verificar capçalera_Fils:100;Rampup:65;Durada:20" time="0.031">
        <failure message="Not Found">Test failed: text expected to contain /Model de Qualitat de Solucions/</failure>
    </testcase>
    <testcase classname="testmeter.generalitat" name="TestNegatiu_Abril url i verificar capçalera_Fils:100;Rampup:65;Durada:20" time="0.032">
        <failure message="Not Found">Test failed: text expected to contain /Model de Qualitat de Solucions/</failure>
    </testcase>
    <testcase classname="testmeter.generalitat" name="TestNegatiu_Abril url i verificar capçalera_Fils:100;Rampup:65;Durada:20" time="0.032">
        <failure message="Not Found">Test failed: text expected to contain /Model de Qualitat de Solucions/</failure>
    </testcase>
    <testcase classname="testmeter.generalitat" name="Abril url i verificar capçalera_Fils:100;Rampup:65;Durada:20" time="0.034"/>
    <testcase classname="testmeter.generalitat" name="Abril url i verificar capçalera_Fils:100;Rampup:65;Durada:20" time="0.034"/>
    <testcase classname="testmeter.generalitat" name="Abril url i verificar capçalera_Fils:100;Rampup:65;Durada:20" time="0.033"/>
    <testcase classname="testmeter.generalitat" name="Abril url i verificar capçalera_Fils:100;Rampup:65;Durada:20" time="0.033"/>
    <testcase classname="testmeter.generalitat" name="TestNegatiu_Abril url i verificar capçalera_Fils:100;Rampup:65;Durada:20" time="0.029">
        <failure message="Not Found">Test failed: text expected to contain /Model de Qualitat de Solucions/</failure>
    </testcase>
    <testcase classname="testmeter.generalitat" name="Abril url i verificar capçalera_Fils:100;Rampup:65;Durada:20" time="0.032"/>
    <testcase classname="testmeter.generalitat" name="Abril url i verificar capçalera_Fils:100;Rampup:65;Durada:20" time="0.032"/>
    <testcase classname="testmeter.generalitat" name="Abril url i verificar capçalera_Fils:100;Rampup:65;Durada:20" time="0.024"/>
    <testcase classname="testmeter.generalitat" name="Abril url i verificar capçalera_Fils:100;Rampup:65;Durada:20" time="0.024"/>
    <testcase classname="testmeter.generalitat" name="Abril url i verificar capçalera_Fils:100;Rampup:65;Durada:20" time="0.026"/>
    <testcase classname="testmeter.generalitat" name="TestNegatiu_Abril url i verificar capçalera_Fils:100;Rampup:65;Durada:20" time="0.022">
        <failure message="Not Found">Test failed: text expected to contain /Model de Qualitat de Solucions/</failure>
    </testcase>
    <testcase classname="testmeter.generalitat" name="TestNegatiu_Abril url i verificar capçalera_Fils:100;Rampup:65;Durada:20" time="0.025">
        <failure message="Not Found">Test failed: text expected to contain /Model de Qualitat de Solucions/</failure>
    </testcase>
    <testcase classname="testmeter.generalitat" name="TestNegatiu_Abril url i verificar capçalera_Fils:100;Rampup:65;Durada:20" time="0.030">
        <failure message="Not Found">Test failed: text expected to contain /Model de Qualitat de Solucions/</failure>
    </testcase>
    <testcase classname="testmeter.generalitat" name="TestNegatiu_Abril url i verificar capçalera_Fils:100;Rampup:65;Durada:20" time="0.031">
        <failure message="Not Found">Test failed: text expected to contain /Model de Qualitat de Solucions/</failure>
    </testcase>
    <testcase classname="testmeter.generalitat" name="TestNegatiu_Abril url i verificar capçalera_Fils:100;Rampup:65;Durada:20" time="0.026">
        <failure message="Not Found">Test failed: text expected to contain /Model de Qualitat de Solucions/</failure>
    </testcase>
    <testcase classname="testmeter.generalitat" name="TestNegatiu_Abril url i verificar capçalera_Fils:100;Rampup:65;Durada:20" time="0.024">
        <failure message="Not Found">Test failed: text expected to contain /Model de Qualitat de Solucions/</failure>
    </testcase>
    <testcase classname="testmeter.generalitat" name="Abril url i verificar capçalera_Fils:100;Rampup:65;Durada:20" time="0.027"/>
    <testcase classname="testmeter.generalitat" name="TestNegatiu_Abril url i verificar capçalera_Fils:100;Rampup:65;Durada:20" time="0.026">
        <failure message="Not Found">Test failed: text expected to contain /Model de Qualitat de Solucions/</failure>
    </testcase>
    <testcase classname="testmeter.generalitat" name="TestNegatiu_Abril url i verificar capçalera_Fils:100;Rampup:65;Durada:20" time="0.024">
        <failure message="Not Found">Test failed: text expected to contain /Model de Qualitat de Solucions/</failure>
    </testcase>
    <testcase classname="testmeter.generalitat" name="TestNegatiu_Abril url i verificar capçalera_Fils:100;Rampup:65;Durada:20" time="0.027">
        <failure message="Not Found">Test failed: text expected to contain /Model de Qualitat de Solucions/</failure>
    </testcase>
    <testcase classname="testmeter.generalitat" name="Abril url i verificar capçalera_Fils:100;Rampup:65;Durada:20" time="0.034"/>
    <testcase classname="testmeter.generalitat" name="Abril url i verificar capçalera_Fils:100;Rampup:65;Durada:20" time="0.026"/>
    <testcase classname="testmeter.generalitat" name="Abril url i verificar capçalera_Fils:100;Rampup:65;Durada:20" time="0.029"/>
    <testcase classname="testmeter.generalitat" name="TestNegatiu_Abril url i verificar capçalera_Fils:100;Rampup:65;Durada:20" time="0.026">
        <failure message="Not Found">Test failed: text expected to contain /Model de Qualitat de Solucions/</failure>
    </testcase>
    <testcase classname="testmeter.generalitat" name="Abril url i verificar capçalera_Fils:100;Rampup:65;Durada:20" time="0.025"/>
    <testcase classname="testmeter.generalitat" name="Abril url i verificar capçalera_Fils:100;Rampup:65;Durada:20" time="0.027"/>
    <testcase classname="testmeter.generalitat" name="Abril url i verificar capçalera_Fils:100;Rampup:65;Durada:20" time="0.030"/>
    <testcase classname="testmeter.generalitat" name="Abril url i verificar capçalera_Fils:100;Rampup:65;Durada:20" time="0.028"/>
    <testcase classname="testmeter.generalitat" name="Abril url i verificar capçalera_Fils:100;Rampup:65;Durada:20" time="0.028"/>
    <testcase classname="testmeter.generalitat" name="Abril url i verificar capçalera_Fils:100;Rampup:65;Durada:20" time="0.051"/>
    <testcase classname="testmeter.generalitat" name="TestNegatiu_Abril url i verificar capçalera_Fils:100;Rampup:65;Durada:20" time="0.029">
        <failure message="Not Found">Test failed: text expected to contain /Model de Qualitat de Solucions/</failure>
    </testcase>
    <testcase classname="testmeter.generalitat" name="TestNegatiu_Abril url i verificar capçalera_Fils:100;Rampup:65;Durada:20" time="0.026">
        <failure message="Not Found">Test failed: text expected to contain /Model de Qualitat de Solucions/</failure>
    </testcase>
    <testcase classname="testmeter.generalitat" name="TestNegatiu_Abril url i verificar capçalera_Fils:100;Rampup:65;Durada:20" time="0.022">
        <failure message="Not Found">Test failed: text expected to contain /Model de Qualitat de Solucions/</failure>
    </testcase>
    <testcase classname="testmeter.generalitat" name="TestNegatiu_Abril url i verificar capçalera_Fils:100;Rampup:65;Durada:20" time="0.030">
        <failure message="Not Found">Test failed: text expected to contain /Model de Qualitat de Solucions/</failure>
    </testcase>
    <testcase classname="testmeter.generalitat" name="Abril url i verificar capçalera_Fils:100;Rampup:65;Durada:20" time="0.030"/>
    <testcase classname="testmeter.generalitat" name="TestNegatiu_Abril url i verificar capçalera_Fils:100;Rampup:65;Durada:20" time="0.028">
        <failure message="Not Found">Test failed: text expected to contain /Model de Qualitat de Solucions/</failure>
    </testcase>
    <testcase classname="testmeter.generalitat" name="TestNegatiu_Abril url i verificar capçalera_Fils:100;Rampup:65;Durada:20" time="0.031">
        <failure message="Not Found">Test failed: text expected to contain /Model de Qualitat de Solucions/</failure>
    </testcase>
    <testcase classname="testmeter.generalitat" name="TestNegatiu_Abril url i verificar capçalera_Fils:100;Rampup:65;Durada:20" time="0.028">
        <failure message="Not Found">Test failed: text expected to contain /Model de Qualitat de Solucions/</failure>
    </testcase>
    <testcase classname="testmeter.generalitat" name="TestNegatiu_Abril url i verificar capçalera_Fils:100;Rampup:65;Durada:20" time="0.026">
        <failure message="Not Found">Test failed: text expected to contain /Model de Qualitat de Solucions/</failure>
    </testcase>
    <testcase classname="testmeter.generalitat" name="TestNegatiu_Abril url i verificar capçalera_Fils:100;Rampup:65;Durada:20" time="0.027">
        <failure message="Not Found">Test failed: text expected to contain /Model de Qualitat de Solucions/</failure>
    </testcase>
    <testcase classname="testmeter.generalitat" name="Abril url i verificar capçalera_Fils:100;Rampup:65;Durada:20" time="0.027"/>
    <testcase classname="testmeter.generalitat" name="TestNegatiu_Abril url i verificar capçalera_Fils:100;Rampup:65;Durada:20" time="0.031">
        <failure message="Not Found">Test failed: text expected to contain /Model de Qualitat de Solucions/</failure>
    </testcase>
    <testcase classname="testmeter.generalitat" name="Abril url i verificar capçalera_Fils:100;Rampup:65;Durada:20" time="0.029"/>
    <testcase classname="testmeter.generalitat" name="Abril url i verificar capçalera_Fils:100;Rampup:65;Durada:20" time="0.035"/>
    <testcase classname="testmeter.generalitat" name="Abril url i verificar capçalera_Fils:100;Rampup:65;Durada:20" time="0.029"/>
    <testcase classname="testmeter.generalitat" name="Abril url i verificar capçalera_Fils:100;Rampup:65;Durada:20" time="0.049"/>
    <testcase classname="testmeter.generalitat" name="Abril url i verificar capçalera_Fils:100;Rampup:65;Durada:20" time="0.030"/>
    <testcase classname="testmeter.generalitat" name="Abril url i verificar capçalera_Fils:100;Rampup:65;Durada:20" time="0.030"/>
    <testcase classname="testmeter.generalitat" name="Abril url i verificar capçalera_Fils:100;Rampup:65;Durada:20" time="0.032"/>
    <testcase classname="testmeter.generalitat" name="Abril url i verificar capçalera_Fils:100;Rampup:65;Durada:20" time="0.026"/>
    <testcase classname="testmeter.generalitat" name="TestNegatiu_Abril url i verificar capçalera_Fils:100;Rampup:65;Durada:20" time="0.023">
        <failure message="Not Found">Test failed: text expected to contain /Model de Qualitat de Solucions/</failure>
    </testcase>
    <testcase classname="testmeter.generalitat" name="Abril url i verificar capçalera_Fils:100;Rampup:65;Durada:20" time="0.029"/>
    <testcase classname="testmeter.generalitat" name="TestNegatiu_Abril url i verificar capçalera_Fils:100;Rampup:65;Durada:20" time="0.023">
        <failure message="Not Found">Test failed: text expected to contain /Model de Qualitat de Solucions/</failure>
    </testcase>
    <testcase classname="testmeter.generalitat" name="TestNegatiu_Abril url i verificar capçalera_Fils:100;Rampup:65;Durada:20" time="0.027">
        <failure message="Not Found">Test failed: text expected to contain /Model de Qualitat de Solucions/</failure>
    </testcase>
    <testcase classname="testmeter.generalitat" name="TestNegatiu_Abril url i verificar capçalera_Fils:100;Rampup:65;Durada:20" time="0.027">
        <failure message="Not Found">Test failed: text expected to contain /Model de Qualitat de Solucions/</failure>
    </testcase>
    <testcase classname="testmeter.generalitat" name="TestNegatiu_Abril url i verificar capçalera_Fils:100;Rampup:65;Durada:20" time="0.030">
        <failure message="Not Found">Test failed: text expected to contain /Model de Qualitat de Solucions/</failure>
    </testcase>
    <testcase classname="testmeter.generalitat" name="TestNegatiu_Abril url i verificar capçalera_Fils:100;Rampup:65;Durada:20" time="0.028">
        <failure message="Not Found">Test failed: text expected to contain /Model de Qualitat de Solucions/</failure>
    </testcase>
    <testcase classname="testmeter.generalitat" name="TestNegatiu_Abril url i verificar capçalera_Fils:100;Rampup:65;Durada:20" time="0.028">
        <failure message="Not Found">Test failed: text expected to contain /Model de Qualitat de Solucions/</failure>
    </testcase>
    <testcase classname="testmeter.generalitat" name="TestNegatiu_Abril url i verificar capçalera_Fils:100;Rampup:65;Durada:20" time="0.028">
        <failure message="Not Found">Test failed: text expected to contain /Model de Qualitat de Solucions/</failure>
    </testcase>
    <testcase classname="testmeter.generalitat" name="Abril url i verificar capçalera_Fils:100;Rampup:65;Durada:20" time="0.026"/>
    <testcase classname="testmeter.generalitat" name="TestNegatiu_Abril url i verificar capçalera_Fils:100;Rampup:65;Durada:20" time="0.028">
        <failure message="Not Found">Test failed: text expected to contain /Model de Qualitat de Solucions/</failure>
    </testcase>
    <testcase classname="testmeter.generalitat" name="Abril url i verificar capçalera_Fils:100;Rampup:65;Durada:20" time="0.023"/>
    <testcase classname="testmeter.generalitat" name="TestNegatiu_Abril url i verificar capçalera_Fils:100;Rampup:65;Durada:20" time="0.028">
        <failure message="Not Found">Test failed: text expected to contain /Model de Qualitat de Solucions/</failure>
    </testcase>
    <testcase classname="testmeter.generalitat" name="Abril url i verificar capçalera_Fils:100;Rampup:65;Durada:20" time="0.031"/>
    <testcase classname="testmeter.generalitat" name="Abril url i verificar capçalera_Fils:100;Rampup:65;Durada:20" time="0.029"/>
    <testcase classname="testmeter.generalitat" name="Abril url i verificar capçalera_Fils:100;Rampup:65;Durada:20" time="0.028"/>
    <testcase classname="testmeter.generalitat" name="Abril url i verificar capçalera_Fils:100;Rampup:65;Durada:20" time="0.032"/>
    <testcase classname="testmeter.generalitat" name="Abril url i verificar capçalera_Fils:100;Rampup:65;Durada:20" time="0.032"/>
    <testcase classname="testmeter.generalitat" name="Abril url i verificar capçalera_Fils:100;Rampup:65;Durada:20" time="0.028"/>
    <testcase classname="testmeter.generalitat" name="TestNegatiu_Abril url i verificar capçalera_Fils:100;Rampup:65;Durada:20" time="0.025">
        <failure message="Not Found">Test failed: text expected to contain /Model de Qualitat de Solucions/</failure>
    </testcase>
    <testcase classname="testmeter.generalitat" name="TestNegatiu_Abril url i verificar capçalera_Fils:100;Rampup:65;Durada:20" time="0.102">
        <failure message="Not Found">Test failed: text expected to contain /Model de Qualitat de Solucions/</failure>
    </testcase>
    <testcase classname="testmeter.generalitat" name="Abril url i verificar capçalera_Fils:100;Rampup:65;Durada:20" time="0.050"/>
    <testcase classname="testmeter.generalitat" name="Abril url i verificar capçalera_Fils:100;Rampup:65;Durada:20" time="0.025"/>
    <testcase classname="testmeter.generalitat" name="TestNegatiu_Abril url i verificar capçalera_Fils:100;Rampup:65;Durada:20" time="0.024">
        <failure message="Not Found">Test failed: text expected to contain /Model de Qualitat de Solucions/</failure>
    </testcase>
    <testcase classname="testmeter.generalitat" name="TestNegatiu_Abril url i verificar capçalera_Fils:100;Rampup:65;Durada:20" time="0.024">
        <failure message="Not Found">Test failed: text expected to contain /Model de Qualitat de Solucions/</failure>
    </testcase>
    <testcase classname="testmeter.generalitat" name="TestNegatiu_Abril url i verificar capçalera_Fils:100;Rampup:65;Durada:20" time="0.026">
        <failure message="Not Found">Test failed: text expected to contain /Model de Qualitat de Solucions/</failure>
    </testcase>
    <testcase classname="testmeter.generalitat" name="TestNegatiu_Abril url i verificar capçalera_Fils:100;Rampup:65;Durada:20" time="0.027">
        <failure message="Not Found">Test failed: text expected to contain /Model de Qualitat de Solucions/</failure>
    </testcase>
    <testcase classname="testmeter.generalitat" name="TestNegatiu_Abril url i verificar capçalera_Fils:100;Rampup:65;Durada:20" time="0.027">
        <failure message="Not Found">Test failed: text expected to contain /Model de Qualitat de Solucions/</failure>
    </testcase>
    <testcase classname="testmeter.generalitat" name="TestNegatiu_Abril url i verificar capçalera_Fils:100;Rampup:65;Durada:20" time="0.029">
        <failure message="Not Found">Test failed: text expected to contain /Model de Qualitat de Solucions/</failure>
    </testcase>
    <testcase classname="testmeter.generalitat" name="Abril url i verificar capçalera_Fils:100;Rampup:65;Durada:20" time="0.027"/>
    <testcase classname="testmeter.generalitat" name="TestNegatiu_Abril url i verificar capçalera_Fils:100;Rampup:65;Durada:20" time="0.032">
        <failure message="Not Found">Test failed: text expected to contain /Model de Qualitat de Solucions/</failure>
    </testcase>
    <testcase classname="testmeter.generalitat" name="TestNegatiu_Abril url i verificar capçalera_Fils:100;Rampup:65;Durada:20" time="0.024">
        <failure message="Not Found">Test failed: text expected to contain /Model de Qualitat de Solucions/</failure>
    </testcase>
    <testcase classname="testmeter.generalitat" name="TestNegatiu_Abril url i verificar capçalera_Fils:100;Rampup:65;Durada:20" time="0.026">
        <failure message="Not Found">Test failed: text expected to contain /Model de Qualitat de Solucions/</failure>
    </testcase>
    <testcase classname="testmeter.generalitat" name="Abril url i verificar capçalera_Fils:100;Rampup:65;Durada:20" time="0.031"/>
    <testcase classname="testmeter.generalitat" name="Abril url i verificar capçalera_Fils:100;Rampup:65;Durada:20" time="0.031"/>
    <testcase classname="testmeter.generalitat" name="Abril url i verificar capçalera_Fils:100;Rampup:65;Durada:20" time="0.028"/>
    <testcase classname="testmeter.generalitat" name="Abril url i verificar capçalera_Fils:100;Rampup:65;Durada:20" time="0.030"/>
    <testcase classname="testmeter.generalitat" name="Abril url i verificar capçalera_Fils:100;Rampup:65;Durada:20" time="0.029"/>
    <testcase classname="testmeter.generalitat" name="Abril url i verificar capçalera_Fils:100;Rampup:65;Durada:20" time="0.027"/>
    <testcase classname="testmeter.generalitat" name="Abril url i verificar capçalera_Fils:100;Rampup:65;Durada:20" time="0.024"/>
    <testcase classname="testmeter.generalitat" name="Abril url i verificar capçalera_Fils:100;Rampup:65;Durada:20" time="0.124"/>
    <testcase classname="testmeter.generalitat" name="Abril url i verificar capçalera_Fils:100;Rampup:65;Durada:20" time="0.026"/>
    <testcase classname="testmeter.generalitat" name="Abril url i verificar capçalera_Fils:100;Rampup:65;Durada:20" time="0.048"/>
    <testcase classname="testmeter.generalitat" name="TestNegatiu_Abril url i verificar capçalera_Fils:100;Rampup:65;Durada:20" time="0.024">
        <failure message="Not Found">Test failed: text expected to contain /Model de Qualitat de Solucions/</failure>
    </testcase>
    <testcase classname="testmeter.generalitat" name="TestNegatiu_Abril url i verificar capçalera_Fils:100;Rampup:65;Durada:20" time="0.027">
        <failure message="Not Found">Test failed: text expected to contain /Model de Qualitat de Solucions/</failure>
    </testcase>
    <testcase classname="testmeter.generalitat" name="TestNegatiu_Abril url i verificar capçalera_Fils:100;Rampup:65;Durada:20" time="0.034">
        <failure message="Not Found">Test failed: text expected to contain /Model de Qualitat de Solucions/</failure>
    </testcase>
    <testcase classname="testmeter.generalitat" name="TestNegatiu_Abril url i verificar capçalera_Fils:100;Rampup:65;Durada:20" time="0.025">
        <failure message="Not Found">Test failed: text expected to contain /Model de Qualitat de Solucions/</failure>
    </testcase>
    <testcase classname="testmeter.generalitat" name="TestNegatiu_Abril url i verificar capçalera_Fils:100;Rampup:65;Durada:20" time="0.037">
        <failure message="Not Found">Test failed: text expected to contain /Model de Qualitat de Solucions/</failure>
    </testcase>
    <testcase classname="testmeter.generalitat" name="TestNegatiu_Abril url i verificar capçalera_Fils:100;Rampup:65;Durada:20" time="0.037">
        <failure message="Not Found">Test failed: text expected to contain /Model de Qualitat de Solucions/</failure>
    </testcase>
    <testcase classname="testmeter.generalitat" name="TestNegatiu_Abril url i verificar capçalera_Fils:100;Rampup:65;Durada:20" time="0.033">
        <failure message="Not Found">Test failed: text expected to contain /Model de Qualitat de Solucions/</failure>
    </testcase>
    <testcase classname="testmeter.generalitat" name="TestNegatiu_Abril url i verificar capçalera_Fils:100;Rampup:65;Durada:20" time="0.038">
        <failure message="Not Found">Test failed: text expected to contain /Model de Qualitat de Solucions/</failure>
    </testcase>
    <testcase classname="testmeter.generalitat" name="TestNegatiu_Abril url i verificar capçalera_Fils:100;Rampup:65;Durada:20" time="0.023">
        <failure message="Not Found">Test failed: text expected to contain /Model de Qualitat de Solucions/</failure>
    </testcase>
    <testcase classname="testmeter.generalitat" name="TestNegatiu_Abril url i verificar capçalera_Fils:100;Rampup:65;Durada:20" time="0.026">
        <failure message="Not Found">Test failed: text expected to contain /Model de Qualitat de Solucions/</failure>
    </testcase>
    <testcase classname="testmeter.generalitat" name="Abril url i verificar capçalera_Fils:100;Rampup:65;Durada:20" time="0.026"/>
    <testcase classname="testmeter.generalitat" name="Abril url i verificar capçalera_Fils:100;Rampup:65;Durada:20" time="0.026"/>
    <testcase classname="testmeter.generalitat" name="Abril url i verificar capçalera_Fils:100;Rampup:65;Durada:20" time="0.029"/>
    <testcase classname="testmeter.generalitat" name="Abril url i verificar capçalera_Fils:100;Rampup:65;Durada:20" time="0.030"/>
    <testcase classname="testmeter.generalitat" name="Abril url i verificar capçalera_Fils:100;Rampup:65;Durada:20" time="0.026"/>
    <testcase classname="testmeter.generalitat" name="Abril url i verificar capçalera_Fils:100;Rampup:65;Durada:20" time="0.029"/>
    <testcase classname="testmeter.generalitat" name="Abril url i verificar capçalera_Fils:100;Rampup:65;Durada:20" time="0.038"/>
    <testcase classname="testmeter.generalitat" name="Abril url i verificar capçalera_Fils:100;Rampup:65;Durada:20" time="0.050"/>
    <testcase classname="testmeter.generalitat" name="TestNegatiu_Abril url i verificar capçalera_Fils:100;Rampup:65;Durada:20" time="0.021">
        <failure message="Not Found">Test failed: text expected to contain /Model de Qualitat de Solucions/</failure>
    </testcase>
    <testcase classname="testmeter.generalitat" name="TestNegatiu_Abril url i verificar capçalera_Fils:100;Rampup:65;Durada:20" time="0.022">
        <failure message="Not Found">Test failed: text expected to contain /Model de Qualitat de Solucions/</failure>
    </testcase>
    <testcase classname="testmeter.generalitat" name="Abril url i verificar capçalera_Fils:100;Rampup:65;Durada:20" time="0.144"/>
    <testcase classname="testmeter.generalitat" name="TestNegatiu_Abril url i verificar capçalera_Fils:100;Rampup:65;Durada:20" time="0.025">
        <failure message="Not Found">Test failed: text expected to contain /Model de Qualitat de Solucions/</failure>
    </testcase>
    <testcase classname="testmeter.generalitat" name="Abril url i verificar capçalera_Fils:100;Rampup:65;Durada:20" time="0.050"/>
    <testcase classname="testmeter.generalitat" name="TestNegatiu_Abril url i verificar capçalera_Fils:100;Rampup:65;Durada:20" time="0.023">
        <failure message="Not Found">Test failed: text expected to contain /Model de Qualitat de Solucions/</failure>
    </testcase>
    <testcase classname="testmeter.generalitat" name="TestNegatiu_Abril url i verificar capçalera_Fils:100;Rampup:65;Durada:20" time="0.028">
        <failure message="Not Found">Test failed: text expected to contain /Model de Qualitat de Solucions/</failure>
    </testcase>
    <testcase classname="testmeter.generalitat" name="Abril url i verificar capçalera_Fils:100;Rampup:65;Durada:20" time="0.047"/>
    <testcase classname="testmeter.generalitat" name="TestNegatiu_Abril url i verificar capçalera_Fils:100;Rampup:65;Durada:20" time="0.024">
        <failure message="Not Found">Test failed: text expected to contain /Model de Qualitat de Solucions/</failure>
    </testcase>
    <testcase classname="testmeter.generalitat" name="TestNegatiu_Abril url i verificar capçalera_Fils:100;Rampup:65;Durada:20" time="0.035">
        <failure message="Not Found">Test failed: text expected to contain /Model de Qualitat de Solucions/</failure>
    </testcase>
    <testcase classname="testmeter.generalitat" name="TestNegatiu_Abril url i verificar capçalera_Fils:100;Rampup:65;Durada:20" time="0.025">
        <failure message="Not Found">Test failed: text expected to contain /Model de Qualitat de Solucions/</failure>
    </testcase>
    <testcase classname="testmeter.generalitat" name="Abril url i verificar capçalera_Fils:100;Rampup:65;Durada:20" time="0.025"/>
    <testcase classname="testmeter.generalitat" name="Abril url i verificar capçalera_Fils:100;Rampup:65;Durada:20" time="0.025"/>
    <testcase classname="testmeter.generalitat" name="Abril url i verificar capçalera_Fils:100;Rampup:65;Durada:20" time="0.027"/>
    <testcase classname="testmeter.generalitat" name="TestNegatiu_Abril url i verificar capçalera_Fils:100;Rampup:65;Durada:20" time="0.048">
        <failure message="Not Found">Test failed: text expected to contain /Model de Qualitat de Solucions/</failure>
    </testcase>
    <testcase classname="testmeter.generalitat" name="TestNegatiu_Abril url i verificar capçalera_Fils:100;Rampup:65;Durada:20" time="0.026">
        <failure message="Not Found">Test failed: text expected to contain /Model de Qualitat de Solucions/</failure>
    </testcase>
    <testcase classname="testmeter.generalitat" name="Abril url i verificar capçalera_Fils:100;Rampup:65;Durada:20" time="0.031"/>
    <testcase classname="testmeter.generalitat" name="Abril url i verificar capçalera_Fils:100;Rampup:65;Durada:20" time="0.027"/>
    <testcase classname="testmeter.generalitat" name="Abril url i verificar capçalera_Fils:100;Rampup:65;Durada:20" time="0.027"/>
    <testcase classname="testmeter.generalitat" name="TestNegatiu_Abril url i verificar capçalera_Fils:100;Rampup:65;Durada:20" time="0.023">
        <failure message="Not Found">Test failed: text expected to contain /Model de Qualitat de Solucions/</failure>
    </testcase>
    <testcase classname="testmeter.generalitat" name="TestNegatiu_Abril url i verificar capçalera_Fils:100;Rampup:65;Durada:20" time="0.027">
        <failure message="Not Found">Test failed: text expected to contain /Model de Qualitat de Solucions/</failure>
    </testcase>
    <testcase classname="testmeter.generalitat" name="TestNegatiu_Abril url i verificar capçalera_Fils:100;Rampup:65;Durada:20" time="0.051">
        <failure message="Not Found">Test failed: text expected to contain /Model de Qualitat de Solucions/</failure>
    </testcase>
    <testcase classname="testmeter.generalitat" name="TestNegatiu_Abril url i verificar capçalera_Fils:100;Rampup:65;Durada:20" time="0.027">
        <failure message="Not Found">Test failed: text expected to contain /Model de Qualitat de Solucions/</failure>
    </testcase>
    <testcase classname="testmeter.generalitat" name="Abril url i verificar capçalera_Fils:100;Rampup:65;Durada:20" time="0.045"/>
    <testcase classname="testmeter.generalitat" name="TestNegatiu_Abril url i verificar capçalera_Fils:100;Rampup:65;Durada:20" time="0.022">
        <failure message="Not Found">Test failed: text expected to contain /Model de Qualitat de Solucions/</failure>
    </testcase>
    <testcase classname="testmeter.generalitat" name="Abril url i verificar capçalera_Fils:100;Rampup:65;Durada:20" time="0.043"/>
    <testcase classname="testmeter.generalitat" name="TestNegatiu_Abril url i verificar capçalera_Fils:100;Rampup:65;Durada:20" time="0.026">
        <failure message="Not Found">Test failed: text expected to contain /Model de Qualitat de Solucions/</failure>
    </testcase>
    <testcase classname="testmeter.generalitat" name="TestNegatiu_Abril url i verificar capçalera_Fils:100;Rampup:65;Durada:20" time="0.027">
        <failure message="Not Found">Test failed: text expected to contain /Model de Qualitat de Solucions/</failure>
    </testcase>
    <testcase classname="testmeter.generalitat" name="Abril url i verificar capçalera_Fils:100;Rampup:65;Durada:20" time="0.023"/>
    <testcase classname="testmeter.generalitat" name="Abril url i verificar capçalera_Fils:100;Rampup:65;Durada:20" time="0.026"/>
    <testcase classname="testmeter.generalitat" name="Abril url i verificar capçalera_Fils:100;Rampup:65;Durada:20" time="0.026"/>
    <testcase classname="testmeter.generalitat" name="TestNegatiu_Abril url i verificar capçalera_Fils:100;Rampup:65;Durada:20" time="0.026">
        <failure message="Not Found">Test failed: text expected to contain /Model de Qualitat de Solucions/</failure>
    </testcase>
    <testcase classname="testmeter.generalitat" name="Abril url i verificar capçalera_Fils:100;Rampup:65;Durada:20" time="0.024"/>
    <testcase classname="testmeter.generalitat" name="Abril url i verificar capçalera_Fils:100;Rampup:65;Durada:20" time="0.049"/>
    <testcase classname="testmeter.generalitat" name="TestNegatiu_Abril url i verificar capçalera_Fils:100;Rampup:65;Durada:20" time="0.024">
        <failure message="Not Found">Test failed: text expected to contain /Model de Qualitat de Solucions/</failure>
    </testcase>
    <testcase classname="testmeter.generalitat" name="Abril url i verificar capçalera_Fils:100;Rampup:65;Durada:20" time="0.027"/>
    <testcase classname="testmeter.generalitat" name="TestNegatiu_Abril url i verificar capçalera_Fils:100;Rampup:65;Durada:20" time="0.027">
        <failure message="Not Found">Test failed: text expected to contain /Model de Qualitat de Solucions/</failure>
    </testcase>
    <testcase classname="testmeter.generalitat" name="TestNegatiu_Abril url i verificar capçalera_Fils:100;Rampup:65;Durada:20" time="0.025">
        <failure message="Not Found">Test failed: text expected to contain /Model de Qualitat de Solucions/</failure>
    </testcase>
    <testcase classname="testmeter.generalitat" name="Abril url i verificar capçalera_Fils:100;Rampup:65;Durada:20" time="0.028"/>
    <testcase classname="testmeter.generalitat" name="Abril url i verificar capçalera_Fils:100;Rampup:65;Durada:20" time="0.067"/>
    <testcase classname="testmeter.generalitat" name="TestNegatiu_Abril url i verificar capçalera_Fils:100;Rampup:65;Durada:20" time="0.022">
        <failure message="Not Found">Test failed: text expected to contain /Model de Qualitat de Solucions/</failure>
    </testcase>
    <testcase classname="testmeter.generalitat" name="TestNegatiu_Abril url i verificar capçalera_Fils:100;Rampup:65;Durada:20" time="0.033">
        <failure message="Not Found">Test failed: text expected to contain /Model de Qualitat de Solucions/</failure>
    </testcase>
    <testcase classname="testmeter.generalitat" name="Abril url i verificar capçalera_Fils:100;Rampup:65;Durada:20" time="0.027"/>
    <testcase classname="testmeter.generalitat" name="TestNegatiu_Abril url i verificar capçalera_Fils:100;Rampup:65;Durada:20" time="0.025">
        <failure message="Not Found">Test failed: text expected to contain /Model de Qualitat de Solucions/</failure>
    </testcase>
    <testcase classname="testmeter.generalitat" name="Abril url i verificar capçalera_Fils:100;Rampup:65;Durada:20" time="0.068"/>
    <testcase classname="testmeter.generalitat" name="Abril url i verificar capçalera_Fils:100;Rampup:65;Durada:20" time="0.028"/>
    <testcase classname="testmeter.generalitat" name="Abril url i verificar capçalera_Fils:100;Rampup:65;Durada:20" time="0.026"/>
    <testcase classname="testmeter.generalitat" name="TestNegatiu_Abril url i verificar capçalera_Fils:100;Rampup:65;Durada:20" time="0.049">
        <failure message="Not Found">Test failed: text expected to contain /Model de Qualitat de Solucions/</failure>
    </testcase>
    <testcase classname="testmeter.generalitat" name="TestNegatiu_Abril url i verificar capçalera_Fils:100;Rampup:65;Durada:20" time="0.030">
        <failure message="Not Found">Test failed: text expected to contain /Model de Qualitat de Solucions/</failure>
    </testcase>
    <testcase classname="testmeter.generalitat" name="Abril url i verificar capçalera_Fils:100;Rampup:65;Durada:20" time="0.025"/>
    <testcase classname="testmeter.generalitat" name="Abril url i verificar capçalera_Fils:100;Rampup:65;Durada:20" time="0.051"/>
    <testcase classname="testmeter.generalitat" name="TestNegatiu_Abril url i verificar capçalera_Fils:100;Rampup:65;Durada:20" time="0.025">
        <failure message="Not Found">Test failed: text expected to contain /Model de Qualitat de Solucions/</failure>
    </testcase>
    <testcase classname="testmeter.generalitat" name="TestNegatiu_Abril url i verificar capçalera_Fils:100;Rampup:65;Durada:20" time="0.024">
        <failure message="Not Found">Test failed: text expected to contain /Model de Qualitat de Solucions/</failure>
    </testcase>
    <testcase classname="testmeter.generalitat" name="TestNegatiu_Abril url i verificar capçalera_Fils:100;Rampup:65;Durada:20" time="0.053">
        <failure message="Not Found">Test failed: text expected to contain /Model de Qualitat de Solucions/</failure>
    </testcase>
    <testcase classname="testmeter.generalitat" name="TestNegatiu_Abril url i verificar capçalera_Fils:100;Rampup:65;Durada:20" time="0.027">
        <failure message="Not Found">Test failed: text expected to contain /Model de Qualitat de Solucions/</failure>
    </testcase>
    <testcase classname="testmeter.generalitat" name="Abril url i verificar capçalera_Fils:100;Rampup:65;Durada:20" time="0.033"/>
    <testcase classname="testmeter.generalitat" name="TestNegatiu_Abril url i verificar capçalera_Fils:100;Rampup:65;Durada:20" time="0.025">
        <failure message="Not Found">Test failed: text expected to contain /Model de Qualitat de Solucions/</failure>
    </testcase>
    <testcase classname="testmeter.generalitat" name="TestNegatiu_Abril url i verificar capçalera_Fils:100;Rampup:65;Durada:20" time="0.043">
        <failure message="Not Found">Test failed: text expected to contain /Model de Qualitat de Solucions/</failure>
    </testcase>
    <testcase classname="testmeter.generalitat" name="TestNegatiu_Abril url i verificar capçalera_Fils:100;Rampup:65;Durada:20" time="0.025">
        <failure message="Not Found">Test failed: text expected to contain /Model de Qualitat de Solucions/</failure>
    </testcase>
    <testcase classname="testmeter.generalitat" name="Abril url i verificar capçalera_Fils:100;Rampup:65;Durada:20" time="0.028"/>
    <testcase classname="testmeter.generalitat" name="Abril url i verificar capçalera_Fils:100;Rampup:65;Durada:20" time="0.026"/>
    <testcase classname="testmeter.generalitat" name="Abril url i verificar capçalera_Fils:100;Rampup:65;Durada:20" time="0.048"/>
    <testcase classname="testmeter.generalitat" name="TestNegatiu_Abril url i verificar capçalera_Fils:100;Rampup:65;Durada:20" time="0.027">
        <failure message="Not Found">Test failed: text expected to contain /Model de Qualitat de Solucions/</failure>
    </testcase>
    <testcase classname="testmeter.generalitat" name="TestNegatiu_Abril url i verificar capçalera_Fils:100;Rampup:65;Durada:20" time="0.025">
        <failure message="Not Found">Test failed: text expected to contain /Model de Qualitat de Solucions/</failure>
    </testcase>
    <testcase classname="testmeter.generalitat" name="Abril url i verificar capçalera_Fils:100;Rampup:65;Durada:20" time="0.028"/>
    <testcase classname="testmeter.generalitat" name="Abril url i verificar capçalera_Fils:100;Rampup:65;Durada:20" time="0.029"/>
    <testcase classname="testmeter.generalitat" name="Abril url i verificar capçalera_Fils:100;Rampup:65;Durada:20" time="0.024"/>
    <testcase classname="testmeter.generalitat" name="TestNegatiu_Abril url i verificar capçalera_Fils:100;Rampup:65;Durada:20" time="0.025">
        <failure message="Not Found">Test failed: text expected to contain /Model de Qualitat de Solucions/</failure>
    </testcase>
    <testcase classname="testmeter.generalitat" name="TestNegatiu_Abril url i verificar capçalera_Fils:100;Rampup:65;Durada:20" time="0.025">
        <failure message="Not Found">Test failed: text expected to contain /Model de Qualitat de Solucions/</failure>
    </testcase>
    <testcase classname="testmeter.generalitat" name="Abril url i verificar capçalera_Fils:100;Rampup:65;Durada:20" time="0.041"/>
    <testcase classname="testmeter.generalitat" name="Abril url i verificar capçalera_Fils:100;Rampup:65;Durada:20" time="0.066"/>
    <testcase classname="testmeter.generalitat" name="Abril url i verificar capçalera_Fils:100;Rampup:65;Durada:20" time="0.045"/>
    <testcase classname="testmeter.generalitat" name="Abril url i verificar capçalera_Fils:100;Rampup:65;Durada:20" time="0.048"/>
    <testcase classname="testmeter.generalitat" name="TestNegatiu_Abril url i verificar capçalera_Fils:100;Rampup:65;Durada:20" time="0.026">
        <failure message="Not Found">Test failed: text expected to contain /Model de Qualitat de Solucions/</failure>
    </testcase>
    <testcase classname="testmeter.generalitat" name="TestNegatiu_Abril url i verificar capçalera_Fils:100;Rampup:65;Durada:20" time="0.026">
        <failure message="Not Found">Test failed: text expected to contain /Model de Qualitat de Solucions/</failure>
    </testcase>
    <testcase classname="testmeter.generalitat" name="TestNegatiu_Abril url i verificar capçalera_Fils:100;Rampup:65;Durada:20" time="0.026">
        <failure message="Not Found">Test failed: text expected to contain /Model de Qualitat de Solucions/</failure>
    </testcase>
    <testcase classname="testmeter.generalitat" name="Abril url i verificar capçalera_Fils:100;Rampup:65;Durada:20" time="0.030"/>
    <testcase classname="testmeter.generalitat" name="Abril url i verificar capçalera_Fils:100;Rampup:65;Durada:20" time="0.026"/>
    <testcase classname="testmeter.generalitat" name="Abril url i verificar capçalera_Fils:100;Rampup:65;Durada:20" time="0.033"/>
    <testcase classname="testmeter.generalitat" name="TestNegatiu_Abril url i verificar capçalera_Fils:100;Rampup:65;Durada:20" time="0.026">
        <failure message="Not Found">Test failed: text expected to contain /Model de Qualitat de Solucions/</failure>
    </testcase>
    <testcase classname="testmeter.generalitat" name="Abril url i verificar capçalera_Fils:100;Rampup:65;Durada:20" time="0.028"/>
    <testcase classname="testmeter.generalitat" name="TestNegatiu_Abril url i verificar capçalera_Fils:100;Rampup:65;Durada:20" time="0.033">
        <failure message="Not Found">Test failed: text expected to contain /Model de Qualitat de Solucions/</failure>
    </testcase>
    <testcase classname="testmeter.generalitat" name="TestNegatiu_Abril url i verificar capçalera_Fils:100;Rampup:65;Durada:20" time="0.026">
        <failure message="Not Found">Test failed: text expected to contain /Model de Qualitat de Solucions/</failure>
    </testcase>
    <testcase classname="testmeter.generalitat" name="TestNegatiu_Abril url i verificar capçalera_Fils:100;Rampup:65;Durada:20" time="0.031">
        <failure message="Not Found">Test failed: text expected to contain /Model de Qualitat de Solucions/</failure>
    </testcase>
    <testcase classname="testmeter.generalitat" name="Abril url i verificar capçalera_Fils:100;Rampup:65;Durada:20" time="0.024"/>
    <testcase classname="testmeter.generalitat" name="Abril url i verificar capçalera_Fils:100;Rampup:65;Durada:20" time="0.027"/>
    <testcase classname="testmeter.generalitat" name="TestNegatiu_Abril url i verificar capçalera_Fils:100;Rampup:65;Durada:20" time="0.029">
        <failure message="Not Found">Test failed: text expected to contain /Model de Qualitat de Solucions/</failure>
    </testcase>
    <testcase classname="testmeter.generalitat" name="TestNegatiu_Abril url i verificar capçalera_Fils:100;Rampup:65;Durada:20" time="0.026">
        <failure message="Not Found">Test failed: text expected to contain /Model de Qualitat de Solucions/</failure>
    </testcase>
    <testcase classname="testmeter.generalitat" name="Abril url i verificar capçalera_Fils:100;Rampup:65;Durada:20" time="0.031"/>
    <testcase classname="testmeter.generalitat" name="TestNegatiu_Abril url i verificar capçalera_Fils:100;Rampup:65;Durada:20" time="0.027">
        <failure message="Not Found">Test failed: text expected to contain /Model de Qualitat de Solucions/</failure>
    </testcase>
    <testcase classname="testmeter.generalitat" name="TestNegatiu_Abril url i verificar capçalera_Fils:100;Rampup:65;Durada:20" time="0.028">
        <failure message="Not Found">Test failed: text expected to contain /Model de Qualitat de Solucions/</failure>
    </testcase>
    <testcase classname="testmeter.generalitat" name="TestNegatiu_Abril url i verificar capçalera_Fils:100;Rampup:65;Durada:20" time="0.021">
        <failure message="Not Found">Test failed: text expected to contain /Model de Qualitat de Solucions/</failure>
    </testcase>
    <testcase classname="testmeter.generalitat" name="Abril url i verificar capçalera_Fils:100;Rampup:65;Durada:20" time="0.032"/>
    <testcase classname="testmeter.generalitat" name="TestNegatiu_Abril url i verificar capçalera_Fils:100;Rampup:65;Durada:20" time="0.024">
        <failure message="Not Found">Test failed: text expected to contain /Model de Qualitat de Solucions/</failure>
    </testcase>
    <testcase classname="testmeter.generalitat" name="Abril url i verificar capçalera_Fils:100;Rampup:65;Durada:20" time="0.029"/>
    <testcase classname="testmeter.generalitat" name="TestNegatiu_Abril url i verificar capçalera_Fils:100;Rampup:65;Durada:20" time="0.027">
        <failure message="Not Found">Test failed: text expected to contain /Model de Qualitat de Solucions/</failure>
    </testcase>
    <testcase classname="testmeter.generalitat" name="Abril url i verificar capçalera_Fils:100;Rampup:65;Durada:20" time="0.048"/>
    <testcase classname="testmeter.generalitat" name="Abril url i verificar capçalera_Fils:100;Rampup:65;Durada:20" time="0.029"/>
    <testcase classname="testmeter.generalitat" name="Abril url i verificar capçalera_Fils:100;Rampup:65;Durada:20" time="0.034"/>
    <testcase classname="testmeter.generalitat" name="Abril url i verificar capçalera_Fils:100;Rampup:65;Durada:20" time="0.026"/>
    <testcase classname="testmeter.generalitat" name="Abril url i verificar capçalera_Fils:100;Rampup:65;Durada:20" time="0.034"/>
    <testcase classname="testmeter.generalitat" name="Abril url i verificar capçalera_Fils:100;Rampup:65;Durada:20" time="0.024"/>
    <testcase classname="testmeter.generalitat" name="TestNegatiu_Abril url i verificar capçalera_Fils:100;Rampup:65;Durada:20" time="0.032">
        <failure message="Not Found">Test failed: text expected to contain /Model de Qualitat de Solucions/</failure>
    </testcase>
    <testcase classname="testmeter.generalitat" name="Abril url i verificar capçalera_Fils:100;Rampup:65;Durada:20" time="0.069"/>
    <testcase classname="testmeter.generalitat" name="Abril url i verificar capçalera_Fils:100;Rampup:65;Durada:20" time="0.026"/>
    <testcase classname="testmeter.generalitat" name="TestNegatiu_Abril url i verificar capçalera_Fils:100;Rampup:65;Durada:20" time="0.029">
        <failure message="Not Found">Test failed: text expected to contain /Model de Qualitat de Solucions/</failure>
    </testcase>
    <testcase classname="testmeter.generalitat" name="Abril url i verificar capçalera_Fils:100;Rampup:65;Durada:20" time="0.026"/>
    <testcase classname="testmeter.generalitat" name="TestNegatiu_Abril url i verificar capçalera_Fils:100;Rampup:65;Durada:20" time="0.023">
        <failure message="Not Found">Test failed: text expected to contain /Model de Qualitat de Solucions/</failure>
    </testcase>
    <testcase classname="testmeter.generalitat" name="TestNegatiu_Abril url i verificar capçalera_Fils:100;Rampup:65;Durada:20" time="0.023">
        <failure message="Not Found">Test failed: text expected to contain /Model de Qualitat de Solucions/</failure>
    </testcase>
    <testcase classname="testmeter.generalitat" name="TestNegatiu_Abril url i verificar capçalera_Fils:100;Rampup:65;Durada:20" time="0.026">
        <failure message="Not Found">Test failed: text expected to contain /Model de Qualitat de Solucions/</failure>
    </testcase>
    <testcase classname="testmeter.generalitat" name="TestNegatiu_Abril url i verificar capçalera_Fils:100;Rampup:65;Durada:20" time="0.026">
        <failure message="Not Found">Test failed: text expected to contain /Model de Qualitat de Solucions/</failure>
    </testcase>
    <testcase classname="testmeter.generalitat" name="TestNegatiu_Abril url i verificar capçalera_Fils:100;Rampup:65;Durada:20" time="0.027">
        <failure message="Not Found">Test failed: text expected to contain /Model de Qualitat de Solucions/</failure>
    </testcase>
    <testcase classname="testmeter.generalitat" name="TestNegatiu_Abril url i verificar capçalera_Fils:100;Rampup:65;Durada:20" time="0.027">
        <failure message="Not Found">Test failed: text expected to contain /Model de Qualitat de Solucions/</failure>
    </testcase>
    <testcase classname="testmeter.generalitat" name="TestNegatiu_Abril url i verificar capçalera_Fils:100;Rampup:65;Durada:20" time="0.026">
        <failure message="Not Found">Test failed: text expected to contain /Model de Qualitat de Solucions/</failure>
    </testcase>
    <testcase classname="testmeter.generalitat" name="TestNegatiu_Abril url i verificar capçalera_Fils:100;Rampup:65;Durada:20" time="0.029">
        <failure message="Not Found">Test failed: text expected to contain /Model de Qualitat de Solucions/</failure>
    </testcase>
    <testcase classname="testmeter.generalitat" name="TestNegatiu_Abril url i verificar capçalera_Fils:100;Rampup:65;Durada:20" time="0.024">
        <failure message="Not Found">Test failed: text expected to contain /Model de Qualitat de Solucions/</failure>
    </testcase>
    <testcase classname="testmeter.generalitat" name="Abril url i verificar capçalera_Fils:100;Rampup:65;Durada:20" time="0.032"/>
    <testcase classname="testmeter.generalitat" name="Abril url i verificar capçalera_Fils:100;Rampup:65;Durada:20" time="0.032"/>
    <testcase classname="testmeter.generalitat" name="Abril url i verificar capçalera_Fils:100;Rampup:65;Durada:20" time="0.041"/>
    <testcase classname="testmeter.generalitat" name="Abril url i verificar capçalera_Fils:100;Rampup:65;Durada:20" time="0.032"/>
    <testcase classname="testmeter.generalitat" name="Abril url i verificar capçalera_Fils:100;Rampup:65;Durada:20" time="0.031"/>
    <testcase classname="testmeter.generalitat" name="Abril url i verificar capçalera_Fils:100;Rampup:65;Durada:20" time="0.034"/>
    <testcase classname="testmeter.generalitat" name="Abril url i verificar capçalera_Fils:100;Rampup:65;Durada:20" time="0.033"/>
    <testcase classname="testmeter.generalitat" name="Abril url i verificar capçalera_Fils:100;Rampup:65;Durada:20" time="0.029"/>
    <testcase classname="testmeter.generalitat" name="Abril url i verificar capçalera_Fils:100;Rampup:65;Durada:20" time="0.024"/>
    <testcase classname="testmeter.generalitat" name="Abril url i verificar capçalera_Fils:100;Rampup:65;Durada:20" time="0.058"/>
    <testcase classname="testmeter.generalitat" name="TestNegatiu_Abril url i verificar capçalera_Fils:100;Rampup:65;Durada:20" time="0.024">
        <failure message="Not Found">Test failed: text expected to contain /Model de Qualitat de Solucions/</failure>
    </testcase>
    <testcase classname="testmeter.generalitat" name="TestNegatiu_Abril url i verificar capçalera_Fils:100;Rampup:65;Durada:20" time="0.029">
        <failure message="Not Found">Test failed: text expected to contain /Model de Qualitat de Solucions/</failure>
    </testcase>
    <testcase classname="testmeter.generalitat" name="TestNegatiu_Abril url i verificar capçalera_Fils:100;Rampup:65;Durada:20" time="0.023">
        <failure message="Not Found">Test failed: text expected to contain /Model de Qualitat de Solucions/</failure>
    </testcase>
    <testcase classname="testmeter.generalitat" name="TestNegatiu_Abril url i verificar capçalera_Fils:100;Rampup:65;Durada:20" time="0.027">
        <failure message="Not Found">Test failed: text expected to contain /Model de Qualitat de Solucions/</failure>
    </testcase>
    <testcase classname="testmeter.generalitat" name="TestNegatiu_Abril url i verificar capçalera_Fils:100;Rampup:65;Durada:20" time="0.025">
        <failure message="Not Found">Test failed: text expected to contain /Model de Qualitat de Solucions/</failure>
    </testcase>
    <testcase classname="testmeter.generalitat" name="TestNegatiu_Abril url i verificar capçalera_Fils:100;Rampup:65;Durada:20" time="0.027">
        <failure message="Not Found">Test failed: text expected to contain /Model de Qualitat de Solucions/</failure>
    </testcase>
    <testcase classname="testmeter.generalitat" name="Abril url i verificar capçalera_Fils:100;Rampup:65;Durada:20" time="0.066"/>
    <testcase classname="testmeter.generalitat" name="TestNegatiu_Abril url i verificar capçalera_Fils:100;Rampup:65;Durada:20" time="0.036">
        <failure message="Not Found">Test failed: text expected to contain /Model de Qualitat de Solucions/</failure>
    </testcase>
    <testcase classname="testmeter.generalitat" name="TestNegatiu_Abril url i verificar capçalera_Fils:100;Rampup:65;Durada:20" time="0.036">
        <failure message="Not Found">Test failed: text expected to contain /Model de Qualitat de Solucions/</failure>
    </testcase>
    <testcase classname="testmeter.generalitat" name="TestNegatiu_Abril url i verificar capçalera_Fils:100;Rampup:65;Durada:20" time="0.024">
        <failure message="Not Found">Test failed: text expected to contain /Model de Qualitat de Solucions/</failure>
    </testcase>
    <testcase classname="testmeter.generalitat" name="Abril url i verificar capçalera_Fils:100;Rampup:65;Durada:20" time="0.025"/>
    <testcase classname="testmeter.generalitat" name="TestNegatiu_Abril url i verificar capçalera_Fils:100;Rampup:65;Durada:20" time="0.024">
        <failure message="Not Found">Test failed: text expected to contain /Model de Qualitat de Solucions/</failure>
    </testcase>
    <testcase classname="testmeter.generalitat" name="Abril url i verificar capçalera_Fils:100;Rampup:65;Durada:20" time="0.030"/>
    <testcase classname="testmeter.generalitat" name="Abril url i verificar capçalera_Fils:100;Rampup:65;Durada:20" time="0.031"/>
    <testcase classname="testmeter.generalitat" name="Abril url i verificar capçalera_Fils:100;Rampup:65;Durada:20" time="0.029"/>
    <testcase classname="testmeter.generalitat" name="Abril url i verificar capçalera_Fils:100;Rampup:65;Durada:20" time="0.025"/>
    <testcase classname="testmeter.generalitat" name="Abril url i verificar capçalera_Fils:100;Rampup:65;Durada:20" time="0.025"/>
    <testcase classname="testmeter.generalitat" name="Abril url i verificar capçalera_Fils:100;Rampup:65;Durada:20" time="0.028"/>
    <testcase classname="testmeter.generalitat" name="Abril url i verificar capçalera_Fils:100;Rampup:65;Durada:20" time="0.041"/>
    <testcase classname="testmeter.generalitat" name="TestNegatiu_Abril url i verificar capçalera_Fils:100;Rampup:65;Durada:20" time="0.022">
        <failure message="Not Found">Test failed: text expected to contain /Model de Qualitat de Solucions/</failure>
    </testcase>
    <testcase classname="testmeter.generalitat" name="TestNegatiu_Abril url i verificar capçalera_Fils:100;Rampup:65;Durada:20" time="0.026">
        <failure message="Not Found">Test failed: text expected to contain /Model de Qualitat de Solucions/</failure>
    </testcase>
    <testcase classname="testmeter.generalitat" name="TestNegatiu_Abril url i verificar capçalera_Fils:100;Rampup:65;Durada:20" time="0.021">
        <failure message="Not Found">Test failed: text expected to contain /Model de Qualitat de Solucions/</failure>
    </testcase>
    <testcase classname="testmeter.generalitat" name="Abril url i verificar capçalera_Fils:100;Rampup:65;Durada:20" time="0.047"/>
    <testcase classname="testmeter.generalitat" name="TestNegatiu_Abril url i verificar capçalera_Fils:100;Rampup:65;Durada:20" time="0.026">
        <failure message="Not Found">Test failed: text expected to contain /Model de Qualitat de Solucions/</failure>
    </testcase>
    <testcase classname="testmeter.generalitat" name="TestNegatiu_Abril url i verificar capçalera_Fils:100;Rampup:65;Durada:20" time="0.026">
        <failure message="Not Found">Test failed: text expected to contain /Model de Qualitat de Solucions/</failure>
    </testcase>
    <testcase classname="testmeter.generalitat" name="TestNegatiu_Abril url i verificar capçalera_Fils:100;Rampup:65;Durada:20" time="0.025">
        <failure message="Not Found">Test failed: text expected to contain /Model de Qualitat de Solucions/</failure>
    </testcase>
    <testcase classname="testmeter.generalitat" name="TestNegatiu_Abril url i verificar capçalera_Fils:100;Rampup:65;Durada:20" time="0.121">
        <failure message="Not Found">Test failed: text expected to contain /Model de Qualitat de Solucions/</failure>
    </testcase>
    <testcase classname="testmeter.generalitat" name="TestNegatiu_Abril url i verificar capçalera_Fils:100;Rampup:65;Durada:20" time="0.025">
        <failure message="Not Found">Test failed: text expected to contain /Model de Qualitat de Solucions/</failure>
    </testcase>
    <testcase classname="testmeter.generalitat" name="TestNegatiu_Abril url i verificar capçalera_Fils:100;Rampup:65;Durada:20" time="0.024">
        <failure message="Not Found">Test failed: text expected to contain /Model de Qualitat de Solucions/</failure>
    </testcase>
    <testcase classname="testmeter.generalitat" name="Abril url i verificar capçalera_Fils:100;Rampup:65;Durada:20" time="0.025"/>
    <testcase classname="testmeter.generalitat" name="TestNegatiu_Abril url i verificar capçalera_Fils:100;Rampup:65;Durada:20" time="0.026">
        <failure message="Not Found">Test failed: text expected to contain /Model de Qualitat de Solucions/</failure>
    </testcase>
    <testcase classname="testmeter.generalitat" name="Abril url i verificar capçalera_Fils:100;Rampup:65;Durada:20" time="0.024"/>
    <testcase classname="testmeter.generalitat" name="Abril url i verificar capçalera_Fils:100;Rampup:65;Durada:20" time="0.027"/>
    <testcase classname="testmeter.generalitat" name="Abril url i verificar capçalera_Fils:100;Rampup:65;Durada:20" time="0.027"/>
    <testcase classname="testmeter.generalitat" name="Abril url i verificar capçalera_Fils:100;Rampup:65;Durada:20" time="0.029"/>
    <testcase classname="testmeter.generalitat" name="Abril url i verificar capçalera_Fils:100;Rampup:65;Durada:20" time="0.030"/>
    <testcase classname="testmeter.generalitat" name="Abril url i verificar capçalera_Fils:100;Rampup:65;Durada:20" time="0.028"/>
    <testcase classname="testmeter.generalitat" name="Abril url i verificar capçalera_Fils:100;Rampup:65;Durada:20" time="0.064"/>
    <testcase classname="testmeter.generalitat" name="Abril url i verificar capçalera_Fils:100;Rampup:65;Durada:20" time="0.030"/>
    <testcase classname="testmeter.generalitat" name="TestNegatiu_Abril url i verificar capçalera_Fils:100;Rampup:65;Durada:20" time="0.023">
        <failure message="Not Found">Test failed: text expected to contain /Model de Qualitat de Solucions/</failure>
    </testcase>
    <testcase classname="testmeter.generalitat" name="TestNegatiu_Abril url i verificar capçalera_Fils:100;Rampup:65;Durada:20" time="0.022">
        <failure message="Not Found">Test failed: text expected to contain /Model de Qualitat de Solucions/</failure>
    </testcase>
    <testcase classname="testmeter.generalitat" name="TestNegatiu_Abril url i verificar capçalera_Fils:100;Rampup:65;Durada:20" time="0.023">
        <failure message="Not Found">Test failed: text expected to contain /Model de Qualitat de Solucions/</failure>
    </testcase>
    <testcase classname="testmeter.generalitat" name="TestNegatiu_Abril url i verificar capçalera_Fils:100;Rampup:65;Durada:20" time="0.025">
        <failure message="Not Found">Test failed: text expected to contain /Model de Qualitat de Solucions/</failure>
    </testcase>
    <testcase classname="testmeter.generalitat" name="TestNegatiu_Abril url i verificar capçalera_Fils:100;Rampup:65;Durada:20" time="0.027">
        <failure message="Not Found">Test failed: text expected to contain /Model de Qualitat de Solucions/</failure>
    </testcase>
    <testcase classname="testmeter.generalitat" name="TestNegatiu_Abril url i verificar capçalera_Fils:100;Rampup:65;Durada:20" time="0.025">
        <failure message="Not Found">Test failed: text expected to contain /Model de Qualitat de Solucions/</failure>
    </testcase>
    <testcase classname="testmeter.generalitat" name="TestNegatiu_Abril url i verificar capçalera_Fils:100;Rampup:65;Durada:20" time="0.031">
        <failure message="Not Found">Test failed: text expected to contain /Model de Qualitat de Solucions/</failure>
    </testcase>
    <testcase classname="testmeter.generalitat" name="TestNegatiu_Abril url i verificar capçalera_Fils:100;Rampup:65;Durada:20" time="0.031">
        <failure message="Not Found">Test failed: text expected to contain /Model de Qualitat de Solucions/</failure>
    </testcase>
    <testcase classname="testmeter.generalitat" name="TestNegatiu_Abril url i verificar capçalera_Fils:100;Rampup:65;Durada:20" time="0.029">
        <failure message="Not Found">Test failed: text expected to contain /Model de Qualitat de Solucions/</failure>
    </testcase>
    <testcase classname="testmeter.generalitat" name="Abril url i verificar capçalera_Fils:100;Rampup:65;Durada:20" time="0.027"/>
    <testcase classname="testmeter.generalitat" name="Abril url i verificar capçalera_Fils:100;Rampup:65;Durada:20" time="0.048"/>
    <testcase classname="testmeter.generalitat" name="Abril url i verificar capçalera_Fils:100;Rampup:65;Durada:20" time="0.023"/>
    <testcase classname="testmeter.generalitat" name="Abril url i verificar capçalera_Fils:100;Rampup:65;Durada:20" time="0.029"/>
    <testcase classname="testmeter.generalitat" name="Abril url i verificar capçalera_Fils:100;Rampup:65;Durada:20" time="0.027"/>
    <testcase classname="testmeter.generalitat" name="Abril url i verificar capçalera_Fils:100;Rampup:65;Durada:20" time="0.026"/>
    <testcase classname="testmeter.generalitat" name="Abril url i verificar capçalera_Fils:100;Rampup:65;Durada:20" time="0.026"/>
    <testcase classname="testmeter.generalitat" name="TestNegatiu_Abril url i verificar capçalera_Fils:100;Rampup:65;Durada:20" time="0.024">
        <failure message="Not Found">Test failed: text expected to contain /Model de Qualitat de Solucions/</failure>
    </testcase>
    <testcase classname="testmeter.generalitat" name="TestNegatiu_Abril url i verificar capçalera_Fils:100;Rampup:65;Durada:20" time="0.026">
        <failure message="Not Found">Test failed: text expected to contain /Model de Qualitat de Solucions/</failure>
    </testcase>
    <testcase classname="testmeter.generalitat" name="Abril url i verificar capçalera_Fils:100;Rampup:65;Durada:20" time="0.029"/>
    <testcase classname="testmeter.generalitat" name="Abril url i verificar capçalera_Fils:100;Rampup:65;Durada:20" time="0.033"/>
    <testcase classname="testmeter.generalitat" name="TestNegatiu_Abril url i verificar capçalera_Fils:100;Rampup:65;Durada:20" time="0.038">
        <failure message="Not Found">Test failed: text expected to contain /Model de Qualitat de Solucions/</failure>
    </testcase>
    <testcase classname="testmeter.generalitat" name="TestNegatiu_Abril url i verificar capçalera_Fils:100;Rampup:65;Durada:20" time="0.023">
        <failure message="Not Found">Test failed: text expected to contain /Model de Qualitat de Solucions/</failure>
    </testcase>
    <testcase classname="testmeter.generalitat" name="TestNegatiu_Abril url i verificar capçalera_Fils:100;Rampup:65;Durada:20" time="0.033">
        <failure message="Not Found">Test failed: text expected to contain /Model de Qualitat de Solucions/</failure>
    </testcase>
    <testcase classname="testmeter.generalitat" name="TestNegatiu_Abril url i verificar capçalera_Fils:100;Rampup:65;Durada:20" time="0.027">
        <failure message="Not Found">Test failed: text expected to contain /Model de Qualitat de Solucions/</failure>
    </testcase>
    <testcase classname="testmeter.generalitat" name="TestNegatiu_Abril url i verificar capçalera_Fils:100;Rampup:65;Durada:20" time="0.037">
        <failure message="Not Found">Test failed: text expected to contain /Model de Qualitat de Solucions/</failure>
    </testcase>
    <testcase classname="testmeter.generalitat" name="TestNegatiu_Abril url i verificar capçalera_Fils:100;Rampup:65;Durada:20" time="0.030">
        <failure message="Not Found">Test failed: text expected to contain /Model de Qualitat de Solucions/</failure>
    </testcase>
    <testcase classname="testmeter.generalitat" name="TestNegatiu_Abril url i verificar capçalera_Fils:100;Rampup:65;Durada:20" time="0.027">
        <failure message="Not Found">Test failed: text expected to contain /Model de Qualitat de Solucions/</failure>
    </testcase>
    <testcase classname="testmeter.generalitat" name="Abril url i verificar capçalera_Fils:100;Rampup:65;Durada:20" time="0.031"/>
    <testcase classname="testmeter.generalitat" name="Abril url i verificar capçalera_Fils:100;Rampup:65;Durada:20" time="0.029"/>
    <testcase classname="testmeter.generalitat" name="Abril url i verificar capçalera_Fils:100;Rampup:65;Durada:20" time="0.179"/>
    <testcase classname="testmeter.generalitat" name="Abril url i verificar capçalera_Fils:100;Rampup:65;Durada:20" time="0.150"/>
    <testcase classname="testmeter.generalitat" name="TestNegatiu_Abril url i verificar capçalera_Fils:100;Rampup:65;Durada:20" time="0.024">
        <failure message="Not Found">Test failed: text expected to contain /Model de Qualitat de Solucions/</failure>
    </testcase>
    <testcase classname="testmeter.generalitat" name="TestNegatiu_Abril url i verificar capçalera_Fils:100;Rampup:65;Durada:20" time="0.024">
        <failure message="Not Found">Test failed: text expected to contain /Model de Qualitat de Solucions/</failure>
    </testcase>
    <testcase classname="testmeter.generalitat" name="Abril url i verificar capçalera_Fils:100;Rampup:65;Durada:20" time="0.037"/>
    <testcase classname="testmeter.generalitat" name="Abril url i verificar capçalera_Fils:100;Rampup:65;Durada:20" time="0.038"/>
    <testcase classname="testmeter.generalitat" name="Abril url i verificar capçalera_Fils:100;Rampup:65;Durada:20" time="0.035"/>
    <testcase classname="testmeter.generalitat" name="Abril url i verificar capçalera_Fils:100;Rampup:65;Durada:20" time="0.087"/>
    <testcase classname="testmeter.generalitat" name="Abril url i verificar capçalera_Fils:100;Rampup:65;Durada:20" time="0.035"/>
    <testcase classname="testmeter.generalitat" name="Abril url i verificar capçalera_Fils:100;Rampup:65;Durada:20" time="0.030"/>
    <testcase classname="testmeter.generalitat" name="Abril url i verificar capçalera_Fils:100;Rampup:65;Durada:20" time="0.034"/>
    <testcase classname="testmeter.generalitat" name="Abril url i verificar capçalera_Fils:100;Rampup:65;Durada:20" time="0.058"/>
    <testcase classname="testmeter.generalitat" name="TestNegatiu_Abril url i verificar capçalera_Fils:100;Rampup:65;Durada:20" time="0.029">
        <failure message="Not Found">Test failed: text expected to contain /Model de Qualitat de Solucions/</failure>
    </testcase>
    <testcase classname="testmeter.generalitat" name="TestNegatiu_Abril url i verificar capçalera_Fils:100;Rampup:65;Durada:20" time="0.032">
        <failure message="Not Found">Test failed: text expected to contain /Model de Qualitat de Solucions/</failure>
    </testcase>
    <testcase classname="testmeter.generalitat" name="Abril url i verificar capçalera_Fils:100;Rampup:65;Durada:20" time="0.028"/>
    <testcase classname="testmeter.generalitat" name="TestNegatiu_Abril url i verificar capçalera_Fils:100;Rampup:65;Durada:20" time="0.032">
        <failure message="Not Found">Test failed: text expected to contain /Model de Qualitat de Solucions/</failure>
    </testcase>
    <testcase classname="testmeter.generalitat" name="Abril url i verificar capçalera_Fils:100;Rampup:65;Durada:20" time="0.035"/>
    <testcase classname="testmeter.generalitat" name="TestNegatiu_Abril url i verificar capçalera_Fils:100;Rampup:65;Durada:20" time="0.029">
        <failure message="Not Found">Test failed: text expected to contain /Model de Qualitat de Solucions/</failure>
    </testcase>
    <testcase classname="testmeter.generalitat" name="TestNegatiu_Abril url i verificar capçalera_Fils:100;Rampup:65;Durada:20" time="0.032">
        <failure message="Not Found">Test failed: text expected to contain /Model de Qualitat de Solucions/</failure>
    </testcase>
    <testcase classname="testmeter.generalitat" name="TestNegatiu_Abril url i verificar capçalera_Fils:100;Rampup:65;Durada:20" time="0.032">
        <failure message="Not Found">Test failed: text expected to contain /Model de Qualitat de Solucions/</failure>
    </testcase>
    <testcase classname="testmeter.generalitat" name="TestNegatiu_Abril url i verificar capçalera_Fils:100;Rampup:65;Durada:20" time="0.029">
        <failure message="Not Found">Test failed: text expected to contain /Model de Qualitat de Solucions/</failure>
    </testcase>
    <testcase classname="testmeter.generalitat" name="TestNegatiu_Abril url i verificar capçalera_Fils:100;Rampup:65;Durada:20" time="0.034">
        <failure message="Not Found">Test failed: text expected to contain /Model de Qualitat de Solucions/</failure>
    </testcase>
    <testcase classname="testmeter.generalitat" name="TestNegatiu_Abril url i verificar capçalera_Fils:100;Rampup:65;Durada:20" time="0.029">
        <failure message="Not Found">Test failed: text expected to contain /Model de Qualitat de Solucions/</failure>
    </testcase>
    <testcase classname="testmeter.generalitat" name="TestNegatiu_Abril url i verificar capçalera_Fils:100;Rampup:65;Durada:20" time="0.023">
        <failure message="Not Found">Test failed: text expected to contain /Model de Qualitat de Solucions/</failure>
    </testcase>
    <testcase classname="testmeter.generalitat" name="TestNegatiu_Abril url i verificar capçalera_Fils:100;Rampup:65;Durada:20" time="0.029">
        <failure message="Not Found">Test failed: text expected to contain /Model de Qualitat de Solucions/</failure>
    </testcase>
    <testcase classname="testmeter.generalitat" name="TestNegatiu_Abril url i verificar capçalera_Fils:100;Rampup:65;Durada:20" time="0.053">
        <failure message="Not Found">Test failed: text expected to contain /Model de Qualitat de Solucions/</failure>
    </testcase>
    <testcase classname="testmeter.generalitat" name="Abril url i verificar capçalera_Fils:100;Rampup:65;Durada:20" time="0.026"/>
    <testcase classname="testmeter.generalitat" name="Abril url i verificar capçalera_Fils:100;Rampup:65;Durada:20" time="0.029"/>
    <testcase classname="testmeter.generalitat" name="Abril url i verificar capçalera_Fils:100;Rampup:65;Durada:20" time="0.028"/>
    <testcase classname="testmeter.generalitat" name="Abril url i verificar capçalera_Fils:100;Rampup:65;Durada:20" time="0.048"/>
    <testcase classname="testmeter.generalitat" name="Abril url i verificar capçalera_Fils:100;Rampup:65;Durada:20" time="0.031"/>
    <testcase classname="testmeter.generalitat" name="Abril url i verificar capçalera_Fils:100;Rampup:65;Durada:20" time="0.032"/>
    <testcase classname="testmeter.generalitat" name="Abril url i verificar capçalera_Fils:100;Rampup:65;Durada:20" time="0.052"/>
    <testcase classname="testmeter.generalitat" name="Abril url i verificar capçalera_Fils:100;Rampup:65;Durada:20" time="0.023"/>
    <testcase classname="testmeter.generalitat" name="TestNegatiu_Abril url i verificar capçalera_Fils:100;Rampup:65;Durada:20" time="0.028">
        <failure message="Not Found">Test failed: text expected to contain /Model de Qualitat de Solucions/</failure>
    </testcase>
    <testcase classname="testmeter.generalitat" name="TestNegatiu_Abril url i verificar capçalera_Fils:100;Rampup:65;Durada:20" time="0.029">
        <failure message="Not Found">Test failed: text expected to contain /Model de Qualitat de Solucions/</failure>
    </testcase>
    <testcase classname="testmeter.generalitat" name="Abril url i verificar capçalera_Fils:100;Rampup:65;Durada:20" time="0.024"/>
    <testcase classname="testmeter.generalitat" name="TestNegatiu_Abril url i verificar capçalera_Fils:100;Rampup:65;Durada:20" time="0.024">
        <failure message="Not Found">Test failed: text expected to contain /Model de Qualitat de Solucions/</failure>
    </testcase>
    <testcase classname="testmeter.generalitat" name="Abril url i verificar capçalera_Fils:100;Rampup:65;Durada:20" time="0.050"/>
    <testcase classname="testmeter.generalitat" name="Abril url i verificar capçalera_Fils:100;Rampup:65;Durada:20" time="0.054"/>
    <testcase classname="testmeter.generalitat" name="Abril url i verificar capçalera_Fils:100;Rampup:65;Durada:20" time="0.030"/>
    <testcase classname="testmeter.generalitat" name="TestNegatiu_Abril url i verificar capçalera_Fils:100;Rampup:65;Durada:20" time="0.028">
        <failure message="Not Found">Test failed: text expected to contain /Model de Qualitat de Solucions/</failure>
    </testcase>
    <testcase classname="testmeter.generalitat" name="TestNegatiu_Abril url i verificar capçalera_Fils:100;Rampup:65;Durada:20" time="0.027">
        <failure message="Not Found">Test failed: text expected to contain /Model de Qualitat de Solucions/</failure>
    </testcase>
    <testcase classname="testmeter.generalitat" name="TestNegatiu_Abril url i verificar capçalera_Fils:100;Rampup:65;Durada:20" time="0.027">
        <failure message="Not Found">Test failed: text expected to contain /Model de Qualitat de Solucions/</failure>
    </testcase>
    <testcase classname="testmeter.generalitat" name="TestNegatiu_Abril url i verificar capçalera_Fils:100;Rampup:65;Durada:20" time="0.027">
        <failure message="Not Found">Test failed: text expected to contain /Model de Qualitat de Solucions/</failure>
    </testcase>
    <testcase classname="testmeter.generalitat" name="TestNegatiu_Abril url i verificar capçalera_Fils:100;Rampup:65;Durada:20" time="0.024">
        <failure message="Not Found">Test failed: text expected to contain /Model de Qualitat de Solucions/</failure>
    </testcase>
    <testcase classname="testmeter.generalitat" name="TestNegatiu_Abril url i verificar capçalera_Fils:100;Rampup:65;Durada:20" time="0.022">
        <failure message="Not Found">Test failed: text expected to contain /Model de Qualitat de Solucions/</failure>
    </testcase>
    <testcase classname="testmeter.generalitat" name="TestNegatiu_Abril url i verificar capçalera_Fils:100;Rampup:65;Durada:20" time="0.025">
        <failure message="Not Found">Test failed: text expected to contain /Model de Qualitat de Solucions/</failure>
    </testcase>
    <testcase classname="testmeter.generalitat" name="TestNegatiu_Abril url i verificar capçalera_Fils:100;Rampup:65;Durada:20" time="0.027">
        <failure message="Not Found">Test failed: text expected to contain /Model de Qualitat de Solucions/</failure>
    </testcase>
    <testcase classname="testmeter.generalitat" name="TestNegatiu_Abril url i verificar capçalera_Fils:100;Rampup:65;Durada:20" time="0.027">
        <failure message="Not Found">Test failed: text expected to contain /Model de Qualitat de Solucions/</failure>
    </testcase>
    <testcase classname="testmeter.generalitat" name="Abril url i verificar capçalera_Fils:100;Rampup:65;Durada:20" time="0.027"/>
    <testcase classname="testmeter.generalitat" name="Abril url i verificar capçalera_Fils:100;Rampup:65;Durada:20" time="0.029"/>
    <testcase classname="testmeter.generalitat" name="Abril url i verificar capçalera_Fils:100;Rampup:65;Durada:20" time="0.027"/>
    <testcase classname="testmeter.generalitat" name="Abril url i verificar capçalera_Fils:100;Rampup:65;Durada:20" time="0.026"/>
    <testcase classname="testmeter.generalitat" name="Abril url i verificar capçalera_Fils:100;Rampup:65;Durada:20" time="0.028"/>
    <testcase classname="testmeter.generalitat" name="Abril url i verificar capçalera_Fils:100;Rampup:65;Durada:20" time="0.035"/>
    <testcase classname="testmeter.generalitat" name="Abril url i verificar capçalera_Fils:100;Rampup:65;Durada:20" time="0.026"/>
    <testcase classname="testmeter.generalitat" name="Abril url i verificar capçalera_Fils:100;Rampup:65;Durada:20" time="0.024"/>
    <testcase classname="testmeter.generalitat" name="TestNegatiu_Abril url i verificar capçalera_Fils:100;Rampup:65;Durada:20" time="0.025">
        <failure message="Not Found">Test failed: text expected to contain /Model de Qualitat de Solucions/</failure>
    </testcase>
    <testcase classname="testmeter.generalitat" name="TestNegatiu_Abril url i verificar capçalera_Fils:100;Rampup:65;Durada:20" time="0.025">
        <failure message="Not Found">Test failed: text expected to contain /Model de Qualitat de Solucions/</failure>
    </testcase>
    <testcase classname="testmeter.generalitat" name="Abril url i verificar capçalera_Fils:100;Rampup:65;Durada:20" time="0.028"/>
    <testcase classname="testmeter.generalitat" name="TestNegatiu_Abril url i verificar capçalera_Fils:100;Rampup:65;Durada:20" time="0.027">
        <failure message="Not Found">Test failed: text expected to contain /Model de Qualitat de Solucions/</failure>
    </testcase>
    <testcase classname="testmeter.generalitat" name="TestNegatiu_Abril url i verificar capçalera_Fils:100;Rampup:65;Durada:20" time="0.026">
        <failure message="Not Found">Test failed: text expected to contain /Model de Qualitat de Solucions/</failure>
    </testcase>
    <testcase classname="testmeter.generalitat" name="TestNegatiu_Abril url i verificar capçalera_Fils:100;Rampup:65;Durada:20" time="0.027">
        <failure message="Not Found">Test failed: text expected to contain /Model de Qualitat de Solucions/</failure>
    </testcase>
    <testcase classname="testmeter.generalitat" name="TestNegatiu_Abril url i verificar capçalera_Fils:100;Rampup:65;Durada:20" time="0.024">
        <failure message="Not Found">Test failed: text expected to contain /Model de Qualitat de Solucions/</failure>
    </testcase>
    <testcase classname="testmeter.generalitat" name="TestNegatiu_Abril url i verificar capçalera_Fils:100;Rampup:65;Durada:20" time="0.024">
        <failure message="Not Found">Test failed: text expected to contain /Model de Qualitat de Solucions/</failure>
    </testcase>
    <testcase classname="testmeter.generalitat" name="TestNegatiu_Abril url i verificar capçalera_Fils:100;Rampup:65;Durada:20" time="0.027">
        <failure message="Not Found">Test failed: text expected to contain /Model de Qualitat de Solucions/</failure>
    </testcase>
    <testcase classname="testmeter.generalitat" name="Abril url i verificar capçalera_Fils:100;Rampup:65;Durada:20" time="0.046"/>
    <testcase classname="testmeter.generalitat" name="Abril url i verificar capçalera_Fils:100;Rampup:65;Durada:20" time="0.049"/>
    <testcase classname="testmeter.generalitat" name="TestNegatiu_Abril url i verificar capçalera_Fils:100;Rampup:65;Durada:20" time="0.031">
        <failure message="Not Found">Test failed: text expected to contain /Model de Qualitat de Solucions/</failure>
    </testcase>
    <testcase classname="testmeter.generalitat" name="Abril url i verificar capçalera_Fils:100;Rampup:65;Durada:20" time="0.031"/>
    <testcase classname="testmeter.generalitat" name="Abril url i verificar capçalera_Fils:100;Rampup:65;Durada:20" time="0.028"/>
    <testcase classname="testmeter.generalitat" name="Abril url i verificar capçalera_Fils:100;Rampup:65;Durada:20" time="0.024"/>
    <testcase classname="testmeter.generalitat" name="Abril url i verificar capçalera_Fils:100;Rampup:65;Durada:20" time="0.024"/>
    <testcase classname="testmeter.generalitat" name="Abril url i verificar capçalera_Fils:100;Rampup:65;Durada:20" time="0.028"/>
    <testcase classname="testmeter.generalitat" name="Abril url i verificar capçalera_Fils:100;Rampup:65;Durada:20" time="0.032"/>
    <testcase classname="testmeter.generalitat" name="Abril url i verificar capçalera_Fils:100;Rampup:65;Durada:20" time="0.028"/>
    <testcase classname="testmeter.generalitat" name="TestNegatiu_Abril url i verificar capçalera_Fils:100;Rampup:65;Durada:20" time="0.028">
        <failure message="Not Found">Test failed: text expected to contain /Model de Qualitat de Solucions/</failure>
    </testcase>
    <testcase classname="testmeter.generalitat" name="TestNegatiu_Abril url i verificar capçalera_Fils:100;Rampup:65;Durada:20" time="0.024">
        <failure message="Not Found">Test failed: text expected to contain /Model de Qualitat de Solucions/</failure>
    </testcase>
    <testcase classname="testmeter.generalitat" name="Abril url i verificar capçalera_Fils:100;Rampup:65;Durada:20" time="0.031"/>
    <testcase classname="testmeter.generalitat" name="TestNegatiu_Abril url i verificar capçalera_Fils:100;Rampup:65;Durada:20" time="0.024">
        <failure message="Not Found">Test failed: text expected to contain /Model de Qualitat de Solucions/</failure>
    </testcase>
    <testcase classname="testmeter.generalitat" name="TestNegatiu_Abril url i verificar capçalera_Fils:100;Rampup:65;Durada:20" time="0.023">
        <failure message="Not Found">Test failed: text expected to contain /Model de Qualitat de Solucions/</failure>
    </testcase>
    <testcase classname="testmeter.generalitat" name="TestNegatiu_Abril url i verificar capçalera_Fils:100;Rampup:65;Durada:20" time="0.025">
        <failure message="Not Found">Test failed: text expected to contain /Model de Qualitat de Solucions/</failure>
    </testcase>
    <testcase classname="testmeter.generalitat" name="TestNegatiu_Abril url i verificar capçalera_Fils:100;Rampup:65;Durada:20" time="0.027">
        <failure message="Not Found">Test failed: text expected to contain /Model de Qualitat de Solucions/</failure>
    </testcase>
    <testcase classname="testmeter.generalitat" name="TestNegatiu_Abril url i verificar capçalera_Fils:100;Rampup:65;Durada:20" time="0.030">
        <failure message="Not Found">Test failed: text expected to contain /Model de Qualitat de Solucions/</failure>
    </testcase>
    <testcase classname="testmeter.generalitat" name="TestNegatiu_Abril url i verificar capçalera_Fils:100;Rampup:65;Durada:20" time="0.030">
        <failure message="Not Found">Test failed: text expected to contain /Model de Qualitat de Solucions/</failure>
    </testcase>
    <testcase classname="testmeter.generalitat" name="TestNegatiu_Abril url i verificar capçalera_Fils:100;Rampup:65;Durada:20" time="0.032">
        <failure message="Not Found">Test failed: text expected to contain /Model de Qualitat de Solucions/</failure>
    </testcase>
    <testcase classname="testmeter.generalitat" name="Abril url i verificar capçalera_Fils:100;Rampup:65;Durada:20" time="0.129"/>
    <testcase classname="testmeter.generalitat" name="Abril url i verificar capçalera_Fils:100;Rampup:65;Durada:20" time="0.040"/>
    <testcase classname="testmeter.generalitat" name="TestNegatiu_Abril url i verificar capçalera_Fils:100;Rampup:65;Durada:20" time="0.031">
        <failure message="Not Found">Test failed: text expected to contain /Model de Qualitat de Solucions/</failure>
    </testcase>
    <testcase classname="testmeter.generalitat" name="Abril url i verificar capçalera_Fils:100;Rampup:65;Durada:20" time="0.025"/>
    <testcase classname="testmeter.generalitat" name="Abril url i verificar capçalera_Fils:100;Rampup:65;Durada:20" time="0.024"/>
    <testcase classname="testmeter.generalitat" name="Abril url i verificar capçalera_Fils:100;Rampup:65;Durada:20" time="0.047"/>
    <testcase classname="testmeter.generalitat" name="TestNegatiu_Abril url i verificar capçalera_Fils:100;Rampup:65;Durada:20" time="0.025">
        <failure message="Not Found">Test failed: text expected to contain /Model de Qualitat de Solucions/</failure>
    </testcase>
    <testcase classname="testmeter.generalitat" name="TestNegatiu_Abril url i verificar capçalera_Fils:100;Rampup:65;Durada:20" time="0.028">
        <failure message="Not Found">Test failed: text expected to contain /Model de Qualitat de Solucions/</failure>
    </testcase>
    <testcase classname="testmeter.generalitat" name="Abril url i verificar capçalera_Fils:100;Rampup:65;Durada:20" time="0.048"/>
    <testcase classname="testmeter.generalitat" name="TestNegatiu_Abril url i verificar capçalera_Fils:100;Rampup:65;Durada:20" time="0.025">
        <failure message="Not Found">Test failed: text expected to contain /Model de Qualitat de Solucions/</failure>
    </testcase>
    <testcase classname="testmeter.generalitat" name="TestNegatiu_Abril url i verificar capçalera_Fils:100;Rampup:65;Durada:20" time="0.024">
        <failure message="Not Found">Test failed: text expected to contain /Model de Qualitat de Solucions/</failure>
    </testcase>
    <testcase classname="testmeter.generalitat" name="Abril url i verificar capçalera_Fils:100;Rampup:65;Durada:20" time="0.027"/>
    <testcase classname="testmeter.generalitat" name="Abril url i verificar capçalera_Fils:100;Rampup:65;Durada:20" time="0.026"/>
    <testcase classname="testmeter.generalitat" name="Abril url i verificar capçalera_Fils:100;Rampup:65;Durada:20" time="0.028"/>
    <testcase classname="testmeter.generalitat" name="Abril url i verificar capçalera_Fils:100;Rampup:65;Durada:20" time="0.029"/>
    <testcase classname="testmeter.generalitat" name="Abril url i verificar capçalera_Fils:100;Rampup:65;Durada:20" time="0.027"/>
    <testcase classname="testmeter.generalitat" name="TestNegatiu_Abril url i verificar capçalera_Fils:100;Rampup:65;Durada:20" time="0.027">
        <failure message="Not Found">Test failed: text expected to contain /Model de Qualitat de Solucions/</failure>
    </testcase>
    <testcase classname="testmeter.generalitat" name="Abril url i verificar capçalera_Fils:100;Rampup:65;Durada:20" time="0.049"/>
    <testcase classname="testmeter.generalitat" name="Abril url i verificar capçalera_Fils:100;Rampup:65;Durada:20" time="0.027"/>
    <testcase classname="testmeter.generalitat" name="TestNegatiu_Abril url i verificar capçalera_Fils:100;Rampup:65;Durada:20" time="0.024">
        <failure message="Not Found">Test failed: text expected to contain /Model de Qualitat de Solucions/</failure>
    </testcase>
    <testcase classname="testmeter.generalitat" name="Abril url i verificar capçalera_Fils:100;Rampup:65;Durada:20" time="0.029"/>
    <testcase classname="testmeter.generalitat" name="TestNegatiu_Abril url i verificar capçalera_Fils:100;Rampup:65;Durada:20" time="0.025">
        <failure message="Not Found">Test failed: text expected to contain /Model de Qualitat de Solucions/</failure>
    </testcase>
    <testcase classname="testmeter.generalitat" name="TestNegatiu_Abril url i verificar capçalera_Fils:100;Rampup:65;Durada:20" time="0.028">
        <failure message="Not Found">Test failed: text expected to contain /Model de Qualitat de Solucions/</failure>
    </testcase>
    <testcase classname="testmeter.generalitat" name="TestNegatiu_Abril url i verificar capçalera_Fils:100;Rampup:65;Durada:20" time="0.029">
        <failure message="Not Found">Test failed: text expected to contain /Model de Qualitat de Solucions/</failure>
    </testcase>
    <testcase classname="testmeter.generalitat" name="TestNegatiu_Abril url i verificar capçalera_Fils:100;Rampup:65;Durada:20" time="0.028">
        <failure message="Not Found">Test failed: text expected to contain /Model de Qualitat de Solucions/</failure>
    </testcase>
    <testcase classname="testmeter.generalitat" name="TestNegatiu_Abril url i verificar capçalera_Fils:100;Rampup:65;Durada:20" time="0.026">
        <failure message="Not Found">Test failed: text expected to contain /Model de Qualitat de Solucions/</failure>
    </testcase>
    <testcase classname="testmeter.generalitat" name="Abril url i verificar capçalera_Fils:100;Rampup:65;Durada:20" time="0.027"/>
    <testcase classname="testmeter.generalitat" name="Abril url i verificar capçalera_Fils:100;Rampup:65;Durada:20" time="0.029"/>
    <testcase classname="testmeter.generalitat" name="TestNegatiu_Abril url i verificar capçalera_Fils:100;Rampup:65;Durada:20" time="0.027">
        <failure message="Not Found">Test failed: text expected to contain /Model de Qualitat de Solucions/</failure>
    </testcase>
    <testcase classname="testmeter.generalitat" name="TestNegatiu_Abril url i verificar capçalera_Fils:100;Rampup:65;Durada:20" time="0.027">
        <failure message="Not Found">Test failed: text expected to contain /Model de Qualitat de Solucions/</failure>
    </testcase>
    <testcase classname="testmeter.generalitat" name="Abril url i verificar capçalera_Fils:100;Rampup:65;Durada:20" time="0.024"/>
    <testcase classname="testmeter.generalitat" name="Abril url i verificar capçalera_Fils:100;Rampup:65;Durada:20" time="0.047"/>
    <testcase classname="testmeter.generalitat" name="TestNegatiu_Abril url i verificar capçalera_Fils:100;Rampup:65;Durada:20" time="0.023">
        <failure message="Not Found">Test failed: text expected to contain /Model de Qualitat de Solucions/</failure>
    </testcase>
    <testcase classname="testmeter.generalitat" name="TestNegatiu_Abril url i verificar capçalera_Fils:100;Rampup:65;Durada:20" time="0.024">
        <failure message="Not Found">Test failed: text expected to contain /Model de Qualitat de Solucions/</failure>
    </testcase>
    <testcase classname="testmeter.generalitat" name="Abril url i verificar capçalera_Fils:100;Rampup:65;Durada:20" time="0.028"/>
    <testcase classname="testmeter.generalitat" name="Abril url i verificar capçalera_Fils:100;Rampup:65;Durada:20" time="0.028"/>
    <testcase classname="testmeter.generalitat" name="Abril url i verificar capçalera_Fils:100;Rampup:65;Durada:20" time="0.029"/>
    <testcase classname="testmeter.generalitat" name="Abril url i verificar capçalera_Fils:100;Rampup:65;Durada:20" time="0.046"/>
    <testcase classname="testmeter.generalitat" name="Abril url i verificar capçalera_Fils:100;Rampup:65;Durada:20" time="0.026"/>
    <testcase classname="testmeter.generalitat" name="TestNegatiu_Abril url i verificar capçalera_Fils:100;Rampup:65;Durada:20" time="0.022">
        <failure message="Not Found">Test failed: text expected to contain /Model de Qualitat de Solucions/</failure>
    </testcase>
    <testcase classname="testmeter.generalitat" name="TestNegatiu_Abril url i verificar capçalera_Fils:100;Rampup:65;Durada:20" time="0.028">
        <failure message="Not Found">Test failed: text expected to contain /Model de Qualitat de Solucions/</failure>
    </testcase>
    <testcase classname="testmeter.generalitat" name="Abril url i verificar capçalera_Fils:100;Rampup:65;Durada:20" time="0.030"/>
    <testcase classname="testmeter.generalitat" name="Abril url i verificar capçalera_Fils:100;Rampup:65;Durada:20" time="0.026"/>
    <testcase classname="testmeter.generalitat" name="TestNegatiu_Abril url i verificar capçalera_Fils:100;Rampup:65;Durada:20" time="0.024">
        <failure message="Not Found">Test failed: text expected to contain /Model de Qualitat de Solucions/</failure>
    </testcase>
    <testcase classname="testmeter.generalitat" name="TestNegatiu_Abril url i verificar capçalera_Fils:100;Rampup:65;Durada:20" time="0.025">
        <failure message="Not Found">Test failed: text expected to contain /Model de Qualitat de Solucions/</failure>
    </testcase>
    <testcase classname="testmeter.generalitat" name="TestNegatiu_Abril url i verificar capçalera_Fils:100;Rampup:65;Durada:20" time="0.025">
        <failure message="Not Found">Test failed: text expected to contain /Model de Qualitat de Solucions/</failure>
    </testcase>
    <testcase classname="testmeter.generalitat" name="TestNegatiu_Abril url i verificar capçalera_Fils:100;Rampup:65;Durada:20" time="0.024">
        <failure message="Not Found">Test failed: text expected to contain /Model de Qualitat de Solucions/</failure>
    </testcase>
    <testcase classname="testmeter.generalitat" name="Abril url i verificar capçalera_Fils:100;Rampup:65;Durada:20" time="0.027"/>
    <testcase classname="testmeter.generalitat" name="TestNegatiu_Abril url i verificar capçalera_Fils:100;Rampup:65;Durada:20" time="0.049">
        <failure message="Not Found">Test failed: text expected to contain /Model de Qualitat de Solucions/</failure>
    </testcase>
    <testcase classname="testmeter.generalitat" name="TestNegatiu_Abril url i verificar capçalera_Fils:100;Rampup:65;Durada:20" time="0.122">
        <failure message="Not Found">Test failed: text expected to contain /Model de Qualitat de Solucions/</failure>
    </testcase>
    <testcase classname="testmeter.generalitat" name="Abril url i verificar capçalera_Fils:100;Rampup:65;Durada:20" time="0.045"/>
    <testcase classname="testmeter.generalitat" name="TestNegatiu_Abril url i verificar capçalera_Fils:100;Rampup:65;Durada:20" time="0.039">
        <failure message="Not Found">Test failed: text expected to contain /Model de Qualitat de Solucions/</failure>
    </testcase>
    <testcase classname="testmeter.generalitat" name="TestNegatiu_Abril url i verificar capçalera_Fils:100;Rampup:65;Durada:20" time="0.036">
        <failure message="Not Found">Test failed: text expected to contain /Model de Qualitat de Solucions/</failure>
    </testcase>
    <testcase classname="testmeter.generalitat" name="TestNegatiu_Abril url i verificar capçalera_Fils:100;Rampup:65;Durada:20" time="0.035">
        <failure message="Not Found">Test failed: text expected to contain /Model de Qualitat de Solucions/</failure>
    </testcase>
    <testcase classname="testmeter.generalitat" name="Abril url i verificar capçalera_Fils:100;Rampup:65;Durada:20" time="0.035"/>
    <testcase classname="testmeter.generalitat" name="Abril url i verificar capçalera_Fils:100;Rampup:65;Durada:20" time="0.034"/>
    <testcase classname="testmeter.generalitat" name="Abril url i verificar capçalera_Fils:100;Rampup:65;Durada:20" time="0.036"/>
    <testcase classname="testmeter.generalitat" name="TestNegatiu_Abril url i verificar capçalera_Fils:100;Rampup:65;Durada:20" time="0.032">
        <failure message="Not Found">Test failed: text expected to contain /Model de Qualitat de Solucions/</failure>
    </testcase>
    <testcase classname="testmeter.generalitat" name="TestNegatiu_Abril url i verificar capçalera_Fils:100;Rampup:65;Durada:20" time="0.031">
        <failure message="Not Found">Test failed: text expected to contain /Model de Qualitat de Solucions/</failure>
    </testcase>
    <testcase classname="testmeter.generalitat" name="TestNegatiu_Abril url i verificar capçalera_Fils:100;Rampup:65;Durada:20" time="0.032">
        <failure message="Not Found">Test failed: text expected to contain /Model de Qualitat de Solucions/</failure>
    </testcase>
    <testcase classname="testmeter.generalitat" name="TestNegatiu_Abril url i verificar capçalera_Fils:100;Rampup:65;Durada:20" time="0.033">
        <failure message="Not Found">Test failed: text expected to contain /Model de Qualitat de Solucions/</failure>
    </testcase>
    <testcase classname="testmeter.generalitat" name="Abril url i verificar capçalera_Fils:100;Rampup:65;Durada:20" time="0.069"/>
    <testcase classname="testmeter.generalitat" name="Abril url i verificar capçalera_Fils:100;Rampup:65;Durada:20" time="0.063"/>
    <testcase classname="testmeter.generalitat" name="Abril url i verificar capçalera_Fils:100;Rampup:65;Durada:20" time="0.041"/>
    <testcase classname="testmeter.generalitat" name="Abril url i verificar capçalera_Fils:100;Rampup:65;Durada:20" time="0.031"/>
    <testcase classname="testmeter.generalitat" name="Abril url i verificar capçalera_Fils:100;Rampup:65;Durada:20" time="0.032"/>
    <testcase classname="testmeter.generalitat" name="Abril url i verificar capçalera_Fils:100;Rampup:65;Durada:20" time="0.038"/>
    <testcase classname="testmeter.generalitat" name="Abril url i verificar capçalera_Fils:100;Rampup:65;Durada:20" time="0.025"/>
    <testcase classname="testmeter.generalitat" name="TestNegatiu_Abril url i verificar capçalera_Fils:100;Rampup:65;Durada:20" time="0.026">
        <failure message="Not Found">Test failed: text expected to contain /Model de Qualitat de Solucions/</failure>
    </testcase>
    <testcase classname="testmeter.generalitat" name="Abril url i verificar capçalera_Fils:100;Rampup:65;Durada:20" time="0.027"/>
    <testcase classname="testmeter.generalitat" name="Abril url i verificar capçalera_Fils:100;Rampup:65;Durada:20" time="0.029"/>
    <testcase classname="testmeter.generalitat" name="Abril url i verificar capçalera_Fils:100;Rampup:65;Durada:20" time="0.028"/>
    <testcase classname="testmeter.generalitat" name="TestNegatiu_Abril url i verificar capçalera_Fils:100;Rampup:65;Durada:20" time="0.026">
        <failure message="Not Found">Test failed: text expected to contain /Model de Qualitat de Solucions/</failure>
    </testcase>
    <testcase classname="testmeter.generalitat" name="TestNegatiu_Abril url i verificar capçalera_Fils:100;Rampup:65;Durada:20" time="0.025">
        <failure message="Not Found">Test failed: text expected to contain /Model de Qualitat de Solucions/</failure>
    </testcase>
    <testcase classname="testmeter.generalitat" name="TestNegatiu_Abril url i verificar capçalera_Fils:100;Rampup:65;Durada:20" time="0.025">
        <failure message="Not Found">Test failed: text expected to contain /Model de Qualitat de Solucions/</failure>
    </testcase>
    <testcase classname="testmeter.generalitat" name="TestNegatiu_Abril url i verificar capçalera_Fils:100;Rampup:65;Durada:20" time="0.028">
        <failure message="Not Found">Test failed: text expected to contain /Model de Qualitat de Solucions/</failure>
    </testcase>
    <testcase classname="testmeter.generalitat" name="TestNegatiu_Abril url i verificar capçalera_Fils:100;Rampup:65;Durada:20" time="0.026">
        <failure message="Not Found">Test failed: text expected to contain /Model de Qualitat de Solucions/</failure>
    </testcase>
    <testcase classname="testmeter.generalitat" name="TestNegatiu_Abril url i verificar capçalera_Fils:100;Rampup:65;Durada:20" time="0.023">
        <failure message="Not Found">Test failed: text expected to contain /Model de Qualitat de Solucions/</failure>
    </testcase>
    <testcase classname="testmeter.generalitat" name="TestNegatiu_Abril url i verificar capçalera_Fils:100;Rampup:65;Durada:20" time="0.024">
        <failure message="Not Found">Test failed: text expected to contain /Model de Qualitat de Solucions/</failure>
    </testcase>
    <testcase classname="testmeter.generalitat" name="TestNegatiu_Abril url i verificar capçalera_Fils:100;Rampup:65;Durada:20" time="0.030">
        <failure message="Not Found">Test failed: text expected to contain /Model de Qualitat de Solucions/</failure>
    </testcase>
    <testcase classname="testmeter.generalitat" name="TestNegatiu_Abril url i verificar capçalera_Fils:100;Rampup:65;Durada:20" time="0.033">
        <failure message="Not Found">Test failed: text expected to contain /Model de Qualitat de Solucions/</failure>
    </testcase>
    <testcase classname="testmeter.generalitat" name="Abril url i verificar capçalera_Fils:100;Rampup:65;Durada:20" time="0.024"/>
    <testcase classname="testmeter.generalitat" name="Abril url i verificar capçalera_Fils:100;Rampup:65;Durada:20" time="0.028"/>
    <testcase classname="testmeter.generalitat" name="Abril url i verificar capçalera_Fils:100;Rampup:65;Durada:20" time="0.027"/>
    <testcase classname="testmeter.generalitat" name="Abril url i verificar capçalera_Fils:100;Rampup:65;Durada:20" time="0.030"/>
    <testcase classname="testmeter.generalitat" name="Abril url i verificar capçalera_Fils:100;Rampup:65;Durada:20" time="0.030"/>
    <testcase classname="testmeter.generalitat" name="Abril url i verificar capçalera_Fils:100;Rampup:65;Durada:20" time="0.048"/>
    <testcase classname="testmeter.generalitat" name="Abril url i verificar capçalera_Fils:100;Rampup:65;Durada:20" time="0.026"/>
    <testcase classname="testmeter.generalitat" name="Abril url i verificar capçalera_Fils:100;Rampup:65;Durada:20" time="0.048"/>
    <testcase classname="testmeter.generalitat" name="TestNegatiu_Abril url i verificar capçalera_Fils:100;Rampup:65;Durada:20" time="0.023">
        <failure message="Not Found">Test failed: text expected to contain /Model de Qualitat de Solucions/</failure>
    </testcase>
    <testcase classname="testmeter.generalitat" name="Abril url i verificar capçalera_Fils:100;Rampup:65;Durada:20" time="0.029"/>
    <testcase classname="testmeter.generalitat" name="Abril url i verificar capçalera_Fils:100;Rampup:65;Durada:20" time="0.027"/>
    <testcase classname="testmeter.generalitat" name="TestNegatiu_Abril url i verificar capçalera_Fils:100;Rampup:65;Durada:20" time="0.022">
        <failure message="Not Found">Test failed: text expected to contain /Model de Qualitat de Solucions/</failure>
    </testcase>
    <testcase classname="testmeter.generalitat" name="TestNegatiu_Abril url i verificar capçalera_Fils:100;Rampup:65;Durada:20" time="0.025">
        <failure message="Not Found">Test failed: text expected to contain /Model de Qualitat de Solucions/</failure>
    </testcase>
    <testcase classname="testmeter.generalitat" name="TestNegatiu_Abril url i verificar capçalera_Fils:100;Rampup:65;Durada:20" time="0.025">
        <failure message="Not Found">Test failed: text expected to contain /Model de Qualitat de Solucions/</failure>
    </testcase>
    <testcase classname="testmeter.generalitat" name="TestNegatiu_Abril url i verificar capçalera_Fils:100;Rampup:65;Durada:20" time="0.025">
        <failure message="Not Found">Test failed: text expected to contain /Model de Qualitat de Solucions/</failure>
    </testcase>
    <testcase classname="testmeter.generalitat" name="TestNegatiu_Abril url i verificar capçalera_Fils:100;Rampup:65;Durada:20" time="0.032">
        <failure message="Not Found">Test failed: text expected to contain /Model de Qualitat de Solucions/</failure>
    </testcase>
    <testcase classname="testmeter.generalitat" name="TestNegatiu_Abril url i verificar capçalera_Fils:100;Rampup:65;Durada:20" time="0.029">
        <failure message="Not Found">Test failed: text expected to contain /Model de Qualitat de Solucions/</failure>
    </testcase>
    <testcase classname="testmeter.generalitat" name="TestNegatiu_Abril url i verificar capçalera_Fils:100;Rampup:65;Durada:20" time="0.032">
        <failure message="Not Found">Test failed: text expected to contain /Model de Qualitat de Solucions/</failure>
    </testcase>
    <testcase classname="testmeter.generalitat" name="Abril url i verificar capçalera_Fils:100;Rampup:65;Durada:20" time="0.108"/>
    <testcase classname="testmeter.generalitat" name="Abril url i verificar capçalera_Fils:100;Rampup:65;Durada:20" time="0.153"/>
    <testcase classname="testmeter.generalitat" name="Abril url i verificar capçalera_Fils:100;Rampup:65;Durada:20" time="0.026"/>
    <testcase classname="testmeter.generalitat" name="TestNegatiu_Abril url i verificar capçalera_Fils:100;Rampup:65;Durada:20" time="0.027">
        <failure message="Not Found">Test failed: text expected to contain /Model de Qualitat de Solucions/</failure>
    </testcase>
    <testcase classname="testmeter.generalitat" name="TestNegatiu_Abril url i verificar capçalera_Fils:100;Rampup:65;Durada:20" time="0.033">
        <failure message="Not Found">Test failed: text expected to contain /Model de Qualitat de Solucions/</failure>
    </testcase>
    <testcase classname="testmeter.generalitat" name="Abril url i verificar capçalera_Fils:100;Rampup:65;Durada:20" time="0.023"/>
    <testcase classname="testmeter.generalitat" name="Abril url i verificar capçalera_Fils:100;Rampup:65;Durada:20" time="0.027"/>
    <testcase classname="testmeter.generalitat" name="TestNegatiu_Abril url i verificar capçalera_Fils:100;Rampup:65;Durada:20" time="0.025">
        <failure message="Not Found">Test failed: text expected to contain /Model de Qualitat de Solucions/</failure>
    </testcase>
    <testcase classname="testmeter.generalitat" name="TestNegatiu_Abril url i verificar capçalera_Fils:100;Rampup:65;Durada:20" time="0.026">
        <failure message="Not Found">Test failed: text expected to contain /Model de Qualitat de Solucions/</failure>
    </testcase>
    <testcase classname="testmeter.generalitat" name="Abril url i verificar capçalera_Fils:100;Rampup:65;Durada:20" time="0.031"/>
    <testcase classname="testmeter.generalitat" name="TestNegatiu_Abril url i verificar capçalera_Fils:100;Rampup:65;Durada:20" time="0.029">
        <failure message="Not Found">Test failed: text expected to contain /Model de Qualitat de Solucions/</failure>
    </testcase>
    <testcase classname="testmeter.generalitat" name="Abril url i verificar capçalera_Fils:100;Rampup:65;Durada:20" time="0.026"/>
    <testcase classname="testmeter.generalitat" name="Abril url i verificar capçalera_Fils:100;Rampup:65;Durada:20" time="0.030"/>
    <testcase classname="testmeter.generalitat" name="Abril url i verificar capçalera_Fils:100;Rampup:65;Durada:20" time="0.027"/>
    <testcase classname="testmeter.generalitat" name="Abril url i verificar capçalera_Fils:100;Rampup:65;Durada:20" time="0.028"/>
    <testcase classname="testmeter.generalitat" name="Abril url i verificar capçalera_Fils:100;Rampup:65;Durada:20" time="0.049"/>
    <testcase classname="testmeter.generalitat" name="TestNegatiu_Abril url i verificar capçalera_Fils:100;Rampup:65;Durada:20" time="0.033">
        <failure message="Not Found">Test failed: text expected to contain /Model de Qualitat de Solucions/</failure>
    </testcase>
    <testcase classname="testmeter.generalitat" name="Abril url i verificar capçalera_Fils:100;Rampup:65;Durada:20" time="0.047"/>
    <testcase classname="testmeter.generalitat" name="TestNegatiu_Abril url i verificar capçalera_Fils:100;Rampup:65;Durada:20" time="0.037">
        <failure message="Not Found">Test failed: text expected to contain /Model de Qualitat de Solucions/</failure>
    </testcase>
    <testcase classname="testmeter.generalitat" name="TestNegatiu_Abril url i verificar capçalera_Fils:100;Rampup:65;Durada:20" time="0.032">
        <failure message="Not Found">Test failed: text expected to contain /Model de Qualitat de Solucions/</failure>
    </testcase>
    <testcase classname="testmeter.generalitat" name="TestNegatiu_Abril url i verificar capçalera_Fils:100;Rampup:65;Durada:20" time="0.026">
        <failure message="Not Found">Test failed: text expected to contain /Model de Qualitat de Solucions/</failure>
    </testcase>
    <testcase classname="testmeter.generalitat" name="TestNegatiu_Abril url i verificar capçalera_Fils:100;Rampup:65;Durada:20" time="0.030">
        <failure message="Not Found">Test failed: text expected to contain /Model de Qualitat de Solucions/</failure>
    </testcase>
    <testcase classname="testmeter.generalitat" name="TestNegatiu_Abril url i verificar capçalera_Fils:100;Rampup:65;Durada:20" time="0.026">
        <failure message="Not Found">Test failed: text expected to contain /Model de Qualitat de Solucions/</failure>
    </testcase>
    <testcase classname="testmeter.generalitat" name="TestNegatiu_Abril url i verificar capçalera_Fils:100;Rampup:65;Durada:20" time="0.028">
        <failure message="Not Found">Test failed: text expected to contain /Model de Qualitat de Solucions/</failure>
    </testcase>
    <testcase classname="testmeter.generalitat" name="TestNegatiu_Abril url i verificar capçalera_Fils:100;Rampup:65;Durada:20" time="0.029">
        <failure message="Not Found">Test failed: text expected to contain /Model de Qualitat de Solucions/</failure>
    </testcase>
    <testcase classname="testmeter.generalitat" name="TestNegatiu_Abril url i verificar capçalera_Fils:100;Rampup:65;Durada:20" time="0.024">
        <failure message="Not Found">Test failed: text expected to contain /Model de Qualitat de Solucions/</failure>
    </testcase>
    <testcase classname="testmeter.generalitat" name="Abril url i verificar capçalera_Fils:100;Rampup:65;Durada:20" time="0.038"/>
    <testcase classname="testmeter.generalitat" name="Abril url i verificar capçalera_Fils:100;Rampup:65;Durada:20" time="0.046"/>
    <testcase classname="testmeter.generalitat" name="Abril url i verificar capçalera_Fils:100;Rampup:65;Durada:20" time="0.026"/>
    <testcase classname="testmeter.generalitat" name="Abril url i verificar capçalera_Fils:100;Rampup:65;Durada:20" time="0.048"/>
    <testcase classname="testmeter.generalitat" name="Abril url i verificar capçalera_Fils:100;Rampup:65;Durada:20" time="0.029"/>
    <testcase classname="testmeter.generalitat" name="Abril url i verificar capçalera_Fils:100;Rampup:65;Durada:20" time="0.028"/>
    <testcase classname="testmeter.generalitat" name="TestNegatiu_Abril url i verificar capçalera_Fils:100;Rampup:65;Durada:20" time="0.023">
        <failure message="Not Found">Test failed: text expected to contain /Model de Qualitat de Solucions/</failure>
    </testcase>
    <testcase classname="testmeter.generalitat" name="TestNegatiu_Abril url i verificar capçalera_Fils:100;Rampup:65;Durada:20" time="0.025">
        <failure message="Not Found">Test failed: text expected to contain /Model de Qualitat de Solucions/</failure>
    </testcase>
    <testcase classname="testmeter.generalitat" name="TestNegatiu_Abril url i verificar capçalera_Fils:100;Rampup:65;Durada:20" time="0.023">
        <failure message="Not Found">Test failed: text expected to contain /Model de Qualitat de Solucions/</failure>
    </testcase>
    <testcase classname="testmeter.generalitat" name="TestNegatiu_Abril url i verificar capçalera_Fils:100;Rampup:65;Durada:20" time="0.026">
        <failure message="Not Found">Test failed: text expected to contain /Model de Qualitat de Solucions/</failure>
    </testcase>
    <testcase classname="testmeter.generalitat" name="Abril url i verificar capçalera_Fils:100;Rampup:65;Durada:20" time="0.030"/>
    <testcase classname="testmeter.generalitat" name="Abril url i verificar capçalera_Fils:100;Rampup:65;Durada:20" time="0.043"/>
    <testcase classname="testmeter.generalitat" name="Abril url i verificar capçalera_Fils:100;Rampup:65;Durada:20" time="0.030"/>
    <testcase classname="testmeter.generalitat" name="Abril url i verificar capçalera_Fils:100;Rampup:65;Durada:20" time="0.047"/>
    <testcase classname="testmeter.generalitat" name="TestNegatiu_Abril url i verificar capçalera_Fils:100;Rampup:65;Durada:20" time="0.027">
        <failure message="Not Found">Test failed: text expected to contain /Model de Qualitat de Solucions/</failure>
    </testcase>
    <testcase classname="testmeter.generalitat" name="TestNegatiu_Abril url i verificar capçalera_Fils:100;Rampup:65;Durada:20" time="0.028">
        <failure message="Not Found">Test failed: text expected to contain /Model de Qualitat de Solucions/</failure>
    </testcase>
    <testcase classname="testmeter.generalitat" name="Abril url i verificar capçalera_Fils:100;Rampup:65;Durada:20" time="0.050"/>
    <testcase classname="testmeter.generalitat" name="Abril url i verificar capçalera_Fils:100;Rampup:65;Durada:20" time="0.049"/>
    <testcase classname="testmeter.generalitat" name="Abril url i verificar capçalera_Fils:100;Rampup:65;Durada:20" time="0.027"/>
    <testcase classname="testmeter.generalitat" name="Abril url i verificar capçalera_Fils:100;Rampup:65;Durada:20" time="0.025"/>
    <testcase classname="testmeter.generalitat" name="TestNegatiu_Abril url i verificar capçalera_Fils:100;Rampup:65;Durada:20" time="0.032">
        <failure message="Not Found">Test failed: text expected to contain /Model de Qualitat de Solucions/</failure>
    </testcase>
    <testcase classname="testmeter.generalitat" name="TestNegatiu_Abril url i verificar capçalera_Fils:100;Rampup:65;Durada:20" time="0.032">
        <failure message="Not Found">Test failed: text expected to contain /Model de Qualitat de Solucions/</failure>
    </testcase>
    <testcase classname="testmeter.generalitat" name="TestNegatiu_Abril url i verificar capçalera_Fils:100;Rampup:65;Durada:20" time="0.027">
        <failure message="Not Found">Test failed: text expected to contain /Model de Qualitat de Solucions/</failure>
    </testcase>
    <testcase classname="testmeter.generalitat" name="TestNegatiu_Abril url i verificar capçalera_Fils:100;Rampup:65;Durada:20" time="0.029">
        <failure message="Not Found">Test failed: text expected to contain /Model de Qualitat de Solucions/</failure>
    </testcase>
    <testcase classname="testmeter.generalitat" name="Abril url i verificar capçalera_Fils:100;Rampup:65;Durada:20" time="0.045"/>
    <testcase classname="testmeter.generalitat" name="Abril url i verificar capçalera_Fils:100;Rampup:65;Durada:20" time="0.030"/>
    <testcase classname="testmeter.generalitat" name="Abril url i verificar capçalera_Fils:100;Rampup:65;Durada:20" time="0.029"/>
    <testcase classname="testmeter.generalitat" name="TestNegatiu_Abril url i verificar capçalera_Fils:100;Rampup:65;Durada:20" time="0.025">
        <failure message="Not Found">Test failed: text expected to contain /Model de Qualitat de Solucions/</failure>
    </testcase>
    <testcase classname="testmeter.generalitat" name="TestNegatiu_Abril url i verificar capçalera_Fils:100;Rampup:65;Durada:20" time="0.024">
        <failure message="Not Found">Test failed: text expected to contain /Model de Qualitat de Solucions/</failure>
    </testcase>
    <testcase classname="testmeter.generalitat" name="TestNegatiu_Abril url i verificar capçalera_Fils:100;Rampup:65;Durada:20" time="0.021">
        <failure message="Not Found">Test failed: text expected to contain /Model de Qualitat de Solucions/</failure>
    </testcase>
    <testcase classname="testmeter.generalitat" name="TestNegatiu_Abril url i verificar capçalera_Fils:100;Rampup:65;Durada:20" time="0.023">
        <failure message="Not Found">Test failed: text expected to contain /Model de Qualitat de Solucions/</failure>
    </testcase>
    <testcase classname="testmeter.generalitat" name="TestNegatiu_Abril url i verificar capçalera_Fils:100;Rampup:65;Durada:20" time="0.022">
        <failure message="Not Found">Test failed: text expected to contain /Model de Qualitat de Solucions/</failure>
    </testcase>
    <testcase classname="testmeter.generalitat" name="Abril url i verificar capçalera_Fils:100;Rampup:65;Durada:20" time="0.027"/>
    <testcase classname="testmeter.generalitat" name="Abril url i verificar capçalera_Fils:100;Rampup:65;Durada:20" time="0.028"/>
    <testcase classname="testmeter.generalitat" name="TestNegatiu_Abril url i verificar capçalera_Fils:100;Rampup:65;Durada:20" time="0.025">
        <failure message="Not Found">Test failed: text expected to contain /Model de Qualitat de Solucions/</failure>
    </testcase>
    <testcase classname="testmeter.generalitat" name="TestNegatiu_Abril url i verificar capçalera_Fils:100;Rampup:65;Durada:20" time="0.026">
        <failure message="Not Found">Test failed: text expected to contain /Model de Qualitat de Solucions/</failure>
    </testcase>
    <testcase classname="testmeter.generalitat" name="Abril url i verificar capçalera_Fils:100;Rampup:65;Durada:20" time="0.025"/>
    <testcase classname="testmeter.generalitat" name="Abril url i verificar capçalera_Fils:100;Rampup:65;Durada:20" time="0.026"/>
    <testcase classname="testmeter.generalitat" name="Abril url i verificar capçalera_Fils:100;Rampup:65;Durada:20" time="0.046"/>
    <testcase classname="testmeter.generalitat" name="Abril url i verificar capçalera_Fils:100;Rampup:65;Durada:20" time="0.044"/>
    <testcase classname="testmeter.generalitat" name="Abril url i verificar capçalera_Fils:100;Rampup:65;Durada:20" time="0.024"/>
    <testcase classname="testmeter.generalitat" name="TestNegatiu_Abril url i verificar capçalera_Fils:100;Rampup:65;Durada:20" time="0.025">
        <failure message="Not Found">Test failed: text expected to contain /Model de Qualitat de Solucions/</failure>
    </testcase>
    <testcase classname="testmeter.generalitat" name="TestNegatiu_Abril url i verificar capçalera_Fils:100;Rampup:65;Durada:20" time="0.027">
        <failure message="Not Found">Test failed: text expected to contain /Model de Qualitat de Solucions/</failure>
    </testcase>
    <testcase classname="testmeter.generalitat" name="Abril url i verificar capçalera_Fils:100;Rampup:65;Durada:20" time="0.046"/>
    <testcase classname="testmeter.generalitat" name="Abril url i verificar capçalera_Fils:100;Rampup:65;Durada:20" time="0.046"/>
    <testcase classname="testmeter.generalitat" name="TestNegatiu_Abril url i verificar capçalera_Fils:100;Rampup:65;Durada:20" time="0.021">
        <failure message="Not Found">Test failed: text expected to contain /Model de Qualitat de Solucions/</failure>
    </testcase>
    <testcase classname="testmeter.generalitat" name="Abril url i verificar capçalera_Fils:100;Rampup:65;Durada:20" time="0.031"/>
    <testcase classname="testmeter.generalitat" name="Abril url i verificar capçalera_Fils:100;Rampup:65;Durada:20" time="0.031"/>
    <testcase classname="testmeter.generalitat" name="Abril url i verificar capçalera_Fils:100;Rampup:65;Durada:20" time="0.111"/>
    <testcase classname="testmeter.generalitat" name="TestNegatiu_Abril url i verificar capçalera_Fils:100;Rampup:65;Durada:20" time="0.022">
        <failure message="Not Found">Test failed: text expected to contain /Model de Qualitat de Solucions/</failure>
    </testcase>
    <testcase classname="testmeter.generalitat" name="TestNegatiu_Abril url i verificar capçalera_Fils:100;Rampup:65;Durada:20" time="0.030">
        <failure message="Not Found">Test failed: text expected to contain /Model de Qualitat de Solucions/</failure>
    </testcase>
    <testcase classname="testmeter.generalitat" name="TestNegatiu_Abril url i verificar capçalera_Fils:100;Rampup:65;Durada:20" time="0.030">
        <failure message="Not Found">Test failed: text expected to contain /Model de Qualitat de Solucions/</failure>
    </testcase>
    <testcase classname="testmeter.generalitat" name="TestNegatiu_Abril url i verificar capçalera_Fils:100;Rampup:65;Durada:20" time="0.031">
        <failure message="Not Found">Test failed: text expected to contain /Model de Qualitat de Solucions/</failure>
    </testcase>
    <testcase classname="testmeter.generalitat" name="Abril url i verificar capçalera_Fils:100;Rampup:65;Durada:20" time="0.026"/>
    <testcase classname="testmeter.generalitat" name="Abril url i verificar capçalera_Fils:100;Rampup:65;Durada:20" time="0.029"/>
    <testcase classname="testmeter.generalitat" name="TestNegatiu_Abril url i verificar capçalera_Fils:100;Rampup:65;Durada:20" time="0.029">
        <failure message="Not Found">Test failed: text expected to contain /Model de Qualitat de Solucions/</failure>
    </testcase>
    <testcase classname="testmeter.generalitat" name="TestNegatiu_Abril url i verificar capçalera_Fils:100;Rampup:65;Durada:20" time="0.030">
        <failure message="Not Found">Test failed: text expected to contain /Model de Qualitat de Solucions/</failure>
    </testcase>
    <testcase classname="testmeter.generalitat" name="TestNegatiu_Abril url i verificar capçalera_Fils:100;Rampup:65;Durada:20" time="0.025">
        <failure message="Not Found">Test failed: text expected to contain /Model de Qualitat de Solucions/</failure>
    </testcase>
    <testcase classname="testmeter.generalitat" name="Abril url i verificar capçalera_Fils:100;Rampup:65;Durada:20" time="0.028"/>
    <testcase classname="testmeter.generalitat" name="TestNegatiu_Abril url i verificar capçalera_Fils:100;Rampup:65;Durada:20" time="0.029">
        <failure message="Not Found">Test failed: text expected to contain /Model de Qualitat de Solucions/</failure>
    </testcase>
    <testcase classname="testmeter.generalitat" name="TestNegatiu_Abril url i verificar capçalera_Fils:100;Rampup:65;Durada:20" time="0.029">
        <failure message="Not Found">Test failed: text expected to contain /Model de Qualitat de Solucions/</failure>
    </testcase>
    <testcase classname="testmeter.generalitat" name="Abril url i verificar capçalera_Fils:100;Rampup:65;Durada:20" time="0.025"/>
    <testcase classname="testmeter.generalitat" name="Abril url i verificar capçalera_Fils:100;Rampup:65;Durada:20" time="0.027"/>
    <testcase classname="testmeter.generalitat" name="Abril url i verificar capçalera_Fils:100;Rampup:65;Durada:20" time="0.026"/>
    <testcase classname="testmeter.generalitat" name="TestNegatiu_Abril url i verificar capçalera_Fils:100;Rampup:65;Durada:20" time="0.025">
        <failure message="Not Found">Test failed: text expected to contain /Model de Qualitat de Solucions/</failure>
    </testcase>
    <testcase classname="testmeter.generalitat" name="TestNegatiu_Abril url i verificar capçalera_Fils:100;Rampup:65;Durada:20" time="0.027">
        <failure message="Not Found">Test failed: text expected to contain /Model de Qualitat de Solucions/</failure>
    </testcase>
    <testcase classname="testmeter.generalitat" name="TestNegatiu_Abril url i verificar capçalera_Fils:100;Rampup:65;Durada:20" time="0.023">
        <failure message="Not Found">Test failed: text expected to contain /Model de Qualitat de Solucions/</failure>
    </testcase>
    <testcase classname="testmeter.generalitat" name="TestNegatiu_Abril url i verificar capçalera_Fils:100;Rampup:65;Durada:20" time="0.023">
        <failure message="Not Found">Test failed: text expected to contain /Model de Qualitat de Solucions/</failure>
    </testcase>
    <testcase classname="testmeter.generalitat" name="Abril url i verificar capçalera_Fils:100;Rampup:65;Durada:20" time="0.030"/>
    <testcase classname="testmeter.generalitat" name="Abril url i verificar capçalera_Fils:100;Rampup:65;Durada:20" time="0.029"/>
    <testcase classname="testmeter.generalitat" name="TestNegatiu_Abril url i verificar capçalera_Fils:100;Rampup:65;Durada:20" time="0.023">
        <failure message="Not Found">Test failed: text expected to contain /Model de Qualitat de Solucions/</failure>
    </testcase>
    <testcase classname="testmeter.generalitat" name="TestNegatiu_Abril url i verificar capçalera_Fils:100;Rampup:65;Durada:20" time="0.025">
        <failure message="Not Found">Test failed: text expected to contain /Model de Qualitat de Solucions/</failure>
    </testcase>
    <testcase classname="testmeter.generalitat" name="Abril url i verificar capçalera_Fils:100;Rampup:65;Durada:20" time="0.027"/>
    <testcase classname="testmeter.generalitat" name="Abril url i verificar capçalera_Fils:100;Rampup:65;Durada:20" time="0.043"/>
    <testcase classname="testmeter.generalitat" name="Abril url i verificar capçalera_Fils:100;Rampup:65;Durada:20" time="0.047"/>
    <testcase classname="testmeter.generalitat" name="Abril url i verificar capçalera_Fils:100;Rampup:65;Durada:20" time="0.046"/>
    <testcase classname="testmeter.generalitat" name="Abril url i verificar capçalera_Fils:100;Rampup:65;Durada:20" time="0.028"/>
    <testcase classname="testmeter.generalitat" name="Abril url i verificar capçalera_Fils:100;Rampup:65;Durada:20" time="0.025"/>
    <testcase classname="testmeter.generalitat" name="Abril url i verificar capçalera_Fils:100;Rampup:65;Durada:20" time="0.025"/>
    <testcase classname="testmeter.generalitat" name="TestNegatiu_Abril url i verificar capçalera_Fils:100;Rampup:65;Durada:20" time="0.025">
        <failure message="Not Found">Test failed: text expected to contain /Model de Qualitat de Solucions/</failure>
    </testcase>
    <testcase classname="testmeter.generalitat" name="Abril url i verificar capçalera_Fils:100;Rampup:65;Durada:20" time="0.026"/>
    <testcase classname="testmeter.generalitat" name="TestNegatiu_Abril url i verificar capçalera_Fils:100;Rampup:65;Durada:20" time="0.033">
        <failure message="Not Found">Test failed: text expected to contain /Model de Qualitat de Solucions/</failure>
    </testcase>
    <testcase classname="testmeter.generalitat" name="TestNegatiu_Abril url i verificar capçalera_Fils:100;Rampup:65;Durada:20" time="0.025">
        <failure message="Not Found">Test failed: text expected to contain /Model de Qualitat de Solucions/</failure>
    </testcase>
    <testcase classname="testmeter.generalitat" name="Abril url i verificar capçalera_Fils:100;Rampup:65;Durada:20" time="0.032"/>
    <testcase classname="testmeter.generalitat" name="TestNegatiu_Abril url i verificar capçalera_Fils:100;Rampup:65;Durada:20" time="0.023">
        <failure message="Not Found">Test failed: text expected to contain /Model de Qualitat de Solucions/</failure>
    </testcase>
    <testcase classname="testmeter.generalitat" name="TestNegatiu_Abril url i verificar capçalera_Fils:100;Rampup:65;Durada:20" time="0.025">
        <failure message="Not Found">Test failed: text expected to contain /Model de Qualitat de Solucions/</failure>
    </testcase>
    <testcase classname="testmeter.generalitat" name="TestNegatiu_Abril url i verificar capçalera_Fils:100;Rampup:65;Durada:20" time="0.025">
        <failure message="Not Found">Test failed: text expected to contain /Model de Qualitat de Solucions/</failure>
    </testcase>
    <testcase classname="testmeter.generalitat" name="TestNegatiu_Abril url i verificar capçalera_Fils:100;Rampup:65;Durada:20" time="0.023">
        <failure message="Not Found">Test failed: text expected to contain /Model de Qualitat de Solucions/</failure>
    </testcase>
    <testcase classname="testmeter.generalitat" name="TestNegatiu_Abril url i verificar capçalera_Fils:100;Rampup:65;Durada:20" time="0.024">
        <failure message="Not Found">Test failed: text expected to contain /Model de Qualitat de Solucions/</failure>
    </testcase>
    <testcase classname="testmeter.generalitat" name="TestNegatiu_Abril url i verificar capçalera_Fils:100;Rampup:65;Durada:20" time="0.026">
        <failure message="Not Found">Test failed: text expected to contain /Model de Qualitat de Solucions/</failure>
    </testcase>
    <testcase classname="testmeter.generalitat" name="TestNegatiu_Abril url i verificar capçalera_Fils:100;Rampup:65;Durada:20" time="0.025">
        <failure message="Not Found">Test failed: text expected to contain /Model de Qualitat de Solucions/</failure>
    </testcase>
    <testcase classname="testmeter.generalitat" name="Abril url i verificar capçalera_Fils:100;Rampup:65;Durada:20" time="0.028"/>
    <testcase classname="testmeter.generalitat" name="TestNegatiu_Abril url i verificar capçalera_Fils:100;Rampup:65;Durada:20" time="0.026">
        <failure message="Not Found">Test failed: text expected to contain /Model de Qualitat de Solucions/</failure>
    </testcase>
    <testcase classname="testmeter.generalitat" name="Abril url i verificar capçalera_Fils:100;Rampup:65;Durada:20" time="0.028"/>
    <testcase classname="testmeter.generalitat" name="Abril url i verificar capçalera_Fils:100;Rampup:65;Durada:20" time="0.027"/>
    <testcase classname="testmeter.generalitat" name="Abril url i verificar capçalera_Fils:100;Rampup:65;Durada:20" time="0.123"/>
    <testcase classname="testmeter.generalitat" name="Abril url i verificar capçalera_Fils:100;Rampup:65;Durada:20" time="0.026"/>
    <testcase classname="testmeter.generalitat" name="TestNegatiu_Abril url i verificar capçalera_Fils:100;Rampup:65;Durada:20" time="0.026">
        <failure message="Not Found">Test failed: text expected to contain /Model de Qualitat de Solucions/</failure>
    </testcase>
    <testcase classname="testmeter.generalitat" name="TestNegatiu_Abril url i verificar capçalera_Fils:100;Rampup:65;Durada:20" time="0.025">
        <failure message="Not Found">Test failed: text expected to contain /Model de Qualitat de Solucions/</failure>
    </testcase>
    <testcase classname="testmeter.generalitat" name="Abril url i verificar capçalera_Fils:100;Rampup:65;Durada:20" time="0.041"/>
    <testcase classname="testmeter.generalitat" name="Abril url i verificar capçalera_Fils:100;Rampup:65;Durada:20" time="0.027"/>
    <testcase classname="testmeter.generalitat" name="Abril url i verificar capçalera_Fils:100;Rampup:65;Durada:20" time="0.030"/>
    <testcase classname="testmeter.generalitat" name="Abril url i verificar capçalera_Fils:100;Rampup:65;Durada:20" time="0.050"/>
    <testcase classname="testmeter.generalitat" name="Abril url i verificar capçalera_Fils:100;Rampup:65;Durada:20" time="0.026"/>
    <testcase classname="testmeter.generalitat" name="Abril url i verificar capçalera_Fils:100;Rampup:65;Durada:20" time="0.046"/>
    <testcase classname="testmeter.generalitat" name="TestNegatiu_Abril url i verificar capçalera_Fils:100;Rampup:65;Durada:20" time="0.022">
        <failure message="Not Found">Test failed: text expected to contain /Model de Qualitat de Solucions/</failure>
    </testcase>
    <testcase classname="testmeter.generalitat" name="TestNegatiu_Abril url i verificar capçalera_Fils:100;Rampup:65;Durada:20" time="0.023">
        <failure message="Not Found">Test failed: text expected to contain /Model de Qualitat de Solucions/</failure>
    </testcase>
    <testcase classname="testmeter.generalitat" name="Abril url i verificar capçalera_Fils:100;Rampup:65;Durada:20" time="0.025"/>
    <testcase classname="testmeter.generalitat" name="TestNegatiu_Abril url i verificar capçalera_Fils:100;Rampup:65;Durada:20" time="0.026">
        <failure message="Not Found">Test failed: text expected to contain /Model de Qualitat de Solucions/</failure>
    </testcase>
    <testcase classname="testmeter.generalitat" name="TestNegatiu_Abril url i verificar capçalera_Fils:100;Rampup:65;Durada:20" time="0.026">
        <failure message="Not Found">Test failed: text expected to contain /Model de Qualitat de Solucions/</failure>
    </testcase>
    <testcase classname="testmeter.generalitat" name="TestNegatiu_Abril url i verificar capçalera_Fils:100;Rampup:65;Durada:20" time="0.043">
        <failure message="Not Found">Test failed: text expected to contain /Model de Qualitat de Solucions/</failure>
    </testcase>
    <testcase classname="testmeter.generalitat" name="TestNegatiu_Abril url i verificar capçalera_Fils:100;Rampup:65;Durada:20" time="0.025">
        <failure message="Not Found">Test failed: text expected to contain /Model de Qualitat de Solucions/</failure>
    </testcase>
    <testcase classname="testmeter.generalitat" name="TestNegatiu_Abril url i verificar capçalera_Fils:100;Rampup:65;Durada:20" time="0.025">
        <failure message="Not Found">Test failed: text expected to contain /Model de Qualitat de Solucions/</failure>
    </testcase>
    <testcase classname="testmeter.generalitat" name="Abril url i verificar capçalera_Fils:100;Rampup:65;Durada:20" time="0.029"/>
    <testcase classname="testmeter.generalitat" name="TestNegatiu_Abril url i verificar capçalera_Fils:100;Rampup:65;Durada:20" time="0.027">
        <failure message="Not Found">Test failed: text expected to contain /Model de Qualitat de Solucions/</failure>
    </testcase>
    <testcase classname="testmeter.generalitat" name="Abril url i verificar capçalera_Fils:100;Rampup:65;Durada:20" time="0.023"/>
    <testcase classname="testmeter.generalitat" name="Abril url i verificar capçalera_Fils:100;Rampup:65;Durada:20" time="0.024"/>
    <testcase classname="testmeter.generalitat" name="TestNegatiu_Abril url i verificar capçalera_Fils:100;Rampup:65;Durada:20" time="0.025">
        <failure message="Not Found">Test failed: text expected to contain /Model de Qualitat de Solucions/</failure>
    </testcase>
    <testcase classname="testmeter.generalitat" name="Abril url i verificar capçalera_Fils:100;Rampup:65;Durada:20" time="0.028"/>
    <testcase classname="testmeter.generalitat" name="Abril url i verificar capçalera_Fils:100;Rampup:65;Durada:20" time="0.029"/>
    <testcase classname="testmeter.generalitat" name="Abril url i verificar capçalera_Fils:100;Rampup:65;Durada:20" time="0.029"/>
    <testcase classname="testmeter.generalitat" name="TestNegatiu_Abril url i verificar capçalera_Fils:100;Rampup:65;Durada:20" time="0.032">
        <failure message="Not Found">Test failed: text expected to contain /Model de Qualitat de Solucions/</failure>
    </testcase>
    <testcase classname="testmeter.generalitat" name="TestNegatiu_Abril url i verificar capçalera_Fils:100;Rampup:65;Durada:20" time="0.024">
        <failure message="Not Found">Test failed: text expected to contain /Model de Qualitat de Solucions/</failure>
    </testcase>
    <testcase classname="testmeter.generalitat" name="TestNegatiu_Abril url i verificar capçalera_Fils:100;Rampup:65;Durada:20" time="0.028">
        <failure message="Not Found">Test failed: text expected to contain /Model de Qualitat de Solucions/</failure>
    </testcase>
    <testcase classname="testmeter.generalitat" name="TestNegatiu_Abril url i verificar capçalera_Fils:100;Rampup:65;Durada:20" time="0.026">
        <failure message="Not Found">Test failed: text expected to contain /Model de Qualitat de Solucions/</failure>
    </testcase>
    <testcase classname="testmeter.generalitat" name="Abril url i verificar capçalera_Fils:100;Rampup:65;Durada:20" time="0.049"/>
    <testcase classname="testmeter.generalitat" name="Abril url i verificar capçalera_Fils:100;Rampup:65;Durada:20" time="0.053"/>
    <testcase classname="testmeter.generalitat" name="TestNegatiu_Abril url i verificar capçalera_Fils:100;Rampup:65;Durada:20" time="0.029">
        <failure message="Not Found">Test failed: text expected to contain /Model de Qualitat de Solucions/</failure>
    </testcase>
    <testcase classname="testmeter.generalitat" name="TestNegatiu_Abril url i verificar capçalera_Fils:100;Rampup:65;Durada:20" time="0.029">
        <failure message="Not Found">Test failed: text expected to contain /Model de Qualitat de Solucions/</failure>
    </testcase>
    <testcase classname="testmeter.generalitat" name="Abril url i verificar capçalera_Fils:100;Rampup:65;Durada:20" time="0.034"/>
    <testcase classname="testmeter.generalitat" name="Abril url i verificar capçalera_Fils:100;Rampup:65;Durada:20" time="0.025"/>
    <testcase classname="testmeter.generalitat" name="Abril url i verificar capçalera_Fils:100;Rampup:65;Durada:20" time="0.029"/>
    <testcase classname="testmeter.generalitat" name="TestNegatiu_Abril url i verificar capçalera_Fils:100;Rampup:65;Durada:20" time="0.114">
        <failure message="Not Found">Test failed: text expected to contain /Model de Qualitat de Solucions/</failure>
    </testcase>
    <testcase classname="testmeter.generalitat" name="Abril url i verificar capçalera_Fils:100;Rampup:65;Durada:20" time="0.146"/>
    <testcase classname="testmeter.generalitat" name="Abril url i verificar capçalera_Fils:100;Rampup:65;Durada:20" time="0.025"/>
    <testcase classname="testmeter.generalitat" name="TestNegatiu_Abril url i verificar capçalera_Fils:100;Rampup:65;Durada:20" time="0.026">
        <failure message="Not Found">Test failed: text expected to contain /Model de Qualitat de Solucions/</failure>
    </testcase>
    <testcase classname="testmeter.generalitat" name="TestNegatiu_Abril url i verificar capçalera_Fils:100;Rampup:65;Durada:20" time="0.026">
        <failure message="Not Found">Test failed: text expected to contain /Model de Qualitat de Solucions/</failure>
    </testcase>
    <testcase classname="testmeter.generalitat" name="Abril url i verificar capçalera_Fils:100;Rampup:65;Durada:20" time="0.026"/>
    <testcase classname="testmeter.generalitat" name="TestNegatiu_Abril url i verificar capçalera_Fils:100;Rampup:65;Durada:20" time="0.025">
        <failure message="Not Found">Test failed: text expected to contain /Model de Qualitat de Solucions/</failure>
    </testcase>
    <testcase classname="testmeter.generalitat" name="TestNegatiu_Abril url i verificar capçalera_Fils:100;Rampup:65;Durada:20" time="0.029">
        <failure message="Not Found">Test failed: text expected to contain /Model de Qualitat de Solucions/</failure>
    </testcase>
    <testcase classname="testmeter.generalitat" name="TestNegatiu_Abril url i verificar capçalera_Fils:100;Rampup:65;Durada:20" time="0.026">
        <failure message="Not Found">Test failed: text expected to contain /Model de Qualitat de Solucions/</failure>
    </testcase>
    <testcase classname="testmeter.generalitat" name="Abril url i verificar capçalera_Fils:100;Rampup:65;Durada:20" time="0.027"/>
    <testcase classname="testmeter.generalitat" name="Abril url i verificar capçalera_Fils:100;Rampup:65;Durada:20" time="0.029"/>
    <testcase classname="testmeter.generalitat" name="TestNegatiu_Abril url i verificar capçalera_Fils:100;Rampup:65;Durada:20" time="0.023">
        <failure message="Not Found">Test failed: text expected to contain /Model de Qualitat de Solucions/</failure>
    </testcase>
    <testcase classname="testmeter.generalitat" name="TestNegatiu_Abril url i verificar capçalera_Fils:100;Rampup:65;Durada:20" time="0.030">
        <failure message="Not Found">Test failed: text expected to contain /Model de Qualitat de Solucions/</failure>
    </testcase>
    <testcase classname="testmeter.generalitat" name="TestNegatiu_Abril url i verificar capçalera_Fils:100;Rampup:65;Durada:20" time="0.027">
        <failure message="Not Found">Test failed: text expected to contain /Model de Qualitat de Solucions/</failure>
    </testcase>
    <testcase classname="testmeter.generalitat" name="TestNegatiu_Abril url i verificar capçalera_Fils:100;Rampup:65;Durada:20" time="0.031">
        <failure message="Not Found">Test failed: text expected to contain /Model de Qualitat de Solucions/</failure>
    </testcase>
    <testcase classname="testmeter.generalitat" name="Abril url i verificar capçalera_Fils:100;Rampup:65;Durada:20" time="0.028"/>
    <testcase classname="testmeter.generalitat" name="Abril url i verificar capçalera_Fils:100;Rampup:65;Durada:20" time="0.029"/>
    <testcase classname="testmeter.generalitat" name="Abril url i verificar capçalera_Fils:100;Rampup:65;Durada:20" time="0.030"/>
    <testcase classname="testmeter.generalitat" name="Abril url i verificar capçalera_Fils:100;Rampup:65;Durada:20" time="0.029"/>
    <testcase classname="testmeter.generalitat" name="TestNegatiu_Abril url i verificar capçalera_Fils:100;Rampup:65;Durada:20" time="0.073">
        <failure message="Not Found">Test failed: text expected to contain /Model de Qualitat de Solucions/</failure>
    </testcase>
    <testcase classname="testmeter.generalitat" name="Abril url i verificar capçalera_Fils:100;Rampup:65;Durada:20" time="0.047"/>
    <testcase classname="testmeter.generalitat" name="Abril url i verificar capçalera_Fils:100;Rampup:65;Durada:20" time="0.060"/>
    <testcase classname="testmeter.generalitat" name="TestNegatiu_Abril url i verificar capçalera_Fils:100;Rampup:65;Durada:20" time="0.025">
        <failure message="Not Found">Test failed: text expected to contain /Model de Qualitat de Solucions/</failure>
    </testcase>
    <testcase classname="testmeter.generalitat" name="Abril url i verificar capçalera_Fils:100;Rampup:65;Durada:20" time="0.025"/>
    <testcase classname="testmeter.generalitat" name="Abril url i verificar capçalera_Fils:100;Rampup:65;Durada:20" time="0.029"/>
    <testcase classname="testmeter.generalitat" name="Abril url i verificar capçalera_Fils:100;Rampup:65;Durada:20" time="0.162"/>
    <testcase classname="testmeter.generalitat" name="TestNegatiu_Abril url i verificar capçalera_Fils:100;Rampup:65;Durada:20" time="0.027">
        <failure message="Not Found">Test failed: text expected to contain /Model de Qualitat de Solucions/</failure>
    </testcase>
    <testcase classname="testmeter.generalitat" name="TestNegatiu_Abril url i verificar capçalera_Fils:100;Rampup:65;Durada:20" time="0.025">
        <failure message="Not Found">Test failed: text expected to contain /Model de Qualitat de Solucions/</failure>
    </testcase>
    <testcase classname="testmeter.generalitat" name="TestNegatiu_Abril url i verificar capçalera_Fils:100;Rampup:65;Durada:20" time="0.026">
        <failure message="Not Found">Test failed: text expected to contain /Model de Qualitat de Solucions/</failure>
    </testcase>
    <testcase classname="testmeter.generalitat" name="Abril url i verificar capçalera_Fils:100;Rampup:65;Durada:20" time="0.023"/>
    <testcase classname="testmeter.generalitat" name="Abril url i verificar capçalera_Fils:100;Rampup:65;Durada:20" time="0.060"/>
    <testcase classname="testmeter.generalitat" name="TestNegatiu_Abril url i verificar capçalera_Fils:100;Rampup:65;Durada:20" time="0.025">
        <failure message="Not Found">Test failed: text expected to contain /Model de Qualitat de Solucions/</failure>
    </testcase>
    <testcase classname="testmeter.generalitat" name="TestNegatiu_Abril url i verificar capçalera_Fils:100;Rampup:65;Durada:20" time="0.027">
        <failure message="Not Found">Test failed: text expected to contain /Model de Qualitat de Solucions/</failure>
    </testcase>
    <testcase classname="testmeter.generalitat" name="TestNegatiu_Abril url i verificar capçalera_Fils:100;Rampup:65;Durada:20" time="0.046">
        <failure message="Not Found">Test failed: text expected to contain /Model de Qualitat de Solucions/</failure>
    </testcase>
    <testcase classname="testmeter.generalitat" name="TestNegatiu_Abril url i verificar capçalera_Fils:100;Rampup:65;Durada:20" time="0.023">
        <failure message="Not Found">Test failed: text expected to contain /Model de Qualitat de Solucions/</failure>
    </testcase>
    <testcase classname="testmeter.generalitat" name="Abril url i verificar capçalera_Fils:100;Rampup:65;Durada:20" time="0.029"/>
    <testcase classname="testmeter.generalitat" name="TestNegatiu_Abril url i verificar capçalera_Fils:100;Rampup:65;Durada:20" time="0.043">
        <failure message="Not Found">Test failed: text expected to contain /Model de Qualitat de Solucions/</failure>
    </testcase>
    <testcase classname="testmeter.generalitat" name="TestNegatiu_Abril url i verificar capçalera_Fils:100;Rampup:65;Durada:20" time="0.025">
        <failure message="Not Found">Test failed: text expected to contain /Model de Qualitat de Solucions/</failure>
    </testcase>
    <testcase classname="testmeter.generalitat" name="Abril url i verificar capçalera_Fils:100;Rampup:65;Durada:20" time="0.030"/>
    <testcase classname="testmeter.generalitat" name="Abril url i verificar capçalera_Fils:100;Rampup:65;Durada:20" time="0.028"/>
    <testcase classname="testmeter.generalitat" name="Abril url i verificar capçalera_Fils:100;Rampup:65;Durada:20" time="0.028"/>
    <testcase classname="testmeter.generalitat" name="Abril url i verificar capçalera_Fils:100;Rampup:65;Durada:20" time="0.150"/>
    <testcase classname="testmeter.generalitat" name="Abril url i verificar capçalera_Fils:100;Rampup:65;Durada:20" time="0.031"/>
    <testcase classname="testmeter.generalitat" name="TestNegatiu_Abril url i verificar capçalera_Fils:100;Rampup:65;Durada:20" time="0.029">
        <failure message="Not Found">Test failed: text expected to contain /Model de Qualitat de Solucions/</failure>
    </testcase>
    <testcase classname="testmeter.generalitat" name="Abril url i verificar capçalera_Fils:100;Rampup:65;Durada:20" time="0.027"/>
    <testcase classname="testmeter.generalitat" name="TestNegatiu_Abril url i verificar capçalera_Fils:100;Rampup:65;Durada:20" time="0.023">
        <failure message="Not Found">Test failed: text expected to contain /Model de Qualitat de Solucions/</failure>
    </testcase>
    <testcase classname="testmeter.generalitat" name="TestNegatiu_Abril url i verificar capçalera_Fils:100;Rampup:65;Durada:20" time="0.026">
        <failure message="Not Found">Test failed: text expected to contain /Model de Qualitat de Solucions/</failure>
    </testcase>
    <testcase classname="testmeter.generalitat" name="TestNegatiu_Abril url i verificar capçalera_Fils:100;Rampup:65;Durada:20" time="0.024">
        <failure message="Not Found">Test failed: text expected to contain /Model de Qualitat de Solucions/</failure>
    </testcase>
    <testcase classname="testmeter.generalitat" name="TestNegatiu_Abril url i verificar capçalera_Fils:100;Rampup:65;Durada:20" time="0.105">
        <failure message="Not Found">Test failed: text expected to contain /Model de Qualitat de Solucions/</failure>
    </testcase>
    <testcase classname="testmeter.generalitat" name="TestNegatiu_Abril url i verificar capçalera_Fils:100;Rampup:65;Durada:20" time="0.026">
        <failure message="Not Found">Test failed: text expected to contain /Model de Qualitat de Solucions/</failure>
    </testcase>
    <testcase classname="testmeter.generalitat" name="TestNegatiu_Abril url i verificar capçalera_Fils:100;Rampup:65;Durada:20" time="0.026">
        <failure message="Not Found">Test failed: text expected to contain /Model de Qualitat de Solucions/</failure>
    </testcase>
    <testcase classname="testmeter.generalitat" name="Abril url i verificar capçalera_Fils:100;Rampup:65;Durada:20" time="0.049"/>
    <testcase classname="testmeter.generalitat" name="Abril url i verificar capçalera_Fils:100;Rampup:65;Durada:20" time="0.129"/>
    <testcase classname="testmeter.generalitat" name="TestNegatiu_Abril url i verificar capçalera_Fils:100;Rampup:65;Durada:20" time="0.023">
        <failure message="Not Found">Test failed: text expected to contain /Model de Qualitat de Solucions/</failure>
    </testcase>
    <testcase classname="testmeter.generalitat" name="Abril url i verificar capçalera_Fils:100;Rampup:65;Durada:20" time="0.027"/>
    <testcase classname="testmeter.generalitat" name="Abril url i verificar capçalera_Fils:100;Rampup:65;Durada:20" time="0.025"/>
    <testcase classname="testmeter.generalitat" name="Abril url i verificar capçalera_Fils:100;Rampup:65;Durada:20" time="0.028"/>
    <testcase classname="testmeter.generalitat" name="Abril url i verificar capçalera_Fils:100;Rampup:65;Durada:20" time="0.131"/>
    <testcase classname="testmeter.generalitat" name="Abril url i verificar capçalera_Fils:100;Rampup:65;Durada:20" time="0.080"/>
    <testcase classname="testmeter.generalitat" name="Abril url i verificar capçalera_Fils:100;Rampup:65;Durada:20" time="0.026"/>
    <testcase classname="testmeter.generalitat" name="TestNegatiu_Abril url i verificar capçalera_Fils:100;Rampup:65;Durada:20" time="0.030">
        <failure message="Not Found">Test failed: text expected to contain /Model de Qualitat de Solucions/</failure>
    </testcase>
    <testcase classname="testmeter.generalitat" name="TestNegatiu_Abril url i verificar capçalera_Fils:100;Rampup:65;Durada:20" time="0.028">
        <failure message="Not Found">Test failed: text expected to contain /Model de Qualitat de Solucions/</failure>
    </testcase>
    <testcase classname="testmeter.generalitat" name="TestNegatiu_Abril url i verificar capçalera_Fils:100;Rampup:65;Durada:20" time="0.027">
        <failure message="Not Found">Test failed: text expected to contain /Model de Qualitat de Solucions/</failure>
    </testcase>
    <testcase classname="testmeter.generalitat" name="TestNegatiu_Abril url i verificar capçalera_Fils:100;Rampup:65;Durada:20" time="0.027">
        <failure message="Not Found">Test failed: text expected to contain /Model de Qualitat de Solucions/</failure>
    </testcase>
    <testcase classname="testmeter.generalitat" name="Abril url i verificar capçalera_Fils:100;Rampup:65;Durada:20" time="0.033"/>
    <testcase classname="testmeter.generalitat" name="Abril url i verificar capçalera_Fils:100;Rampup:65;Durada:20" time="0.025"/>
    <testcase classname="testmeter.generalitat" name="TestNegatiu_Abril url i verificar capçalera_Fils:100;Rampup:65;Durada:20" time="0.024">
        <failure message="Not Found">Test failed: text expected to contain /Model de Qualitat de Solucions/</failure>
    </testcase>
    <testcase classname="testmeter.generalitat" name="Abril url i verificar capçalera_Fils:100;Rampup:65;Durada:20" time="0.046"/>
    <testcase classname="testmeter.generalitat" name="TestNegatiu_Abril url i verificar capçalera_Fils:100;Rampup:65;Durada:20" time="0.028">
        <failure message="Not Found">Test failed: text expected to contain /Model de Qualitat de Solucions/</failure>
    </testcase>
    <testcase classname="testmeter.generalitat" name="TestNegatiu_Abril url i verificar capçalera_Fils:100;Rampup:65;Durada:20" time="0.022">
        <failure message="Not Found">Test failed: text expected to contain /Model de Qualitat de Solucions/</failure>
    </testcase>
    <testcase classname="testmeter.generalitat" name="Abril url i verificar capçalera_Fils:100;Rampup:65;Durada:20" time="0.028"/>
    <testcase classname="testmeter.generalitat" name="TestNegatiu_Abril url i verificar capçalera_Fils:100;Rampup:65;Durada:20" time="0.046">
        <failure message="Not Found">Test failed: text expected to contain /Model de Qualitat de Solucions/</failure>
    </testcase>
    <testcase classname="testmeter.generalitat" name="TestNegatiu_Abril url i verificar capçalera_Fils:100;Rampup:65;Durada:20" time="0.028">
        <failure message="Not Found">Test failed: text expected to contain /Model de Qualitat de Solucions/</failure>
    </testcase>
    <testcase classname="testmeter.generalitat" name="Abril url i verificar capçalera_Fils:100;Rampup:65;Durada:20" time="0.028"/>
    <testcase classname="testmeter.generalitat" name="TestNegatiu_Abril url i verificar capçalera_Fils:100;Rampup:65;Durada:20" time="0.030">
        <failure message="Not Found">Test failed: text expected to contain /Model de Qualitat de Solucions/</failure>
    </testcase>
    <testcase classname="testmeter.generalitat" name="Abril url i verificar capçalera_Fils:100;Rampup:65;Durada:20" time="0.045"/>
    <testcase classname="testmeter.generalitat" name="Abril url i verificar capçalera_Fils:100;Rampup:65;Durada:20" time="0.028"/>
    <testcase classname="testmeter.generalitat" name="TestNegatiu_Abril url i verificar capçalera_Fils:100;Rampup:65;Durada:20" time="0.066">
        <failure message="Not Found">Test failed: text expected to contain /Model de Qualitat de Solucions/</failure>
    </testcase>
    <testcase classname="testmeter.generalitat" name="Abril url i verificar capçalera_Fils:100;Rampup:65;Durada:20" time="0.027"/>
    <testcase classname="testmeter.generalitat" name="Abril url i verificar capçalera_Fils:100;Rampup:65;Durada:20" time="0.086"/>
    <testcase classname="testmeter.generalitat" name="TestNegatiu_Abril url i verificar capçalera_Fils:100;Rampup:65;Durada:20" time="0.028">
        <failure message="Not Found">Test failed: text expected to contain /Model de Qualitat de Solucions/</failure>
    </testcase>
    <testcase classname="testmeter.generalitat" name="TestNegatiu_Abril url i verificar capçalera_Fils:100;Rampup:65;Durada:20" time="0.024">
        <failure message="Not Found">Test failed: text expected to contain /Model de Qualitat de Solucions/</failure>
    </testcase>
    <testcase classname="testmeter.generalitat" name="Abril url i verificar capçalera_Fils:100;Rampup:65;Durada:20" time="0.025"/>
    <testcase classname="testmeter.generalitat" name="Abril url i verificar capçalera_Fils:100;Rampup:65;Durada:20" time="0.054"/>
    <testcase classname="testmeter.generalitat" name="Abril url i verificar capçalera_Fils:100;Rampup:65;Durada:20" time="0.142"/>
    <testcase classname="testmeter.generalitat" name="Abril url i verificar capçalera_Fils:100;Rampup:65;Durada:20" time="0.029"/>
    <testcase classname="testmeter.generalitat" name="TestNegatiu_Abril url i verificar capçalera_Fils:100;Rampup:65;Durada:20" time="0.026">
        <failure message="Not Found">Test failed: text expected to contain /Model de Qualitat de Solucions/</failure>
    </testcase>
    <testcase classname="testmeter.generalitat" name="TestNegatiu_Abril url i verificar capçalera_Fils:100;Rampup:65;Durada:20" time="0.026">
        <failure message="Not Found">Test failed: text expected to contain /Model de Qualitat de Solucions/</failure>
    </testcase>
    <testcase classname="testmeter.generalitat" name="TestNegatiu_Abril url i verificar capçalera_Fils:100;Rampup:65;Durada:20" time="0.027">
        <failure message="Not Found">Test failed: text expected to contain /Model de Qualitat de Solucions/</failure>
    </testcase>
    <testcase classname="testmeter.generalitat" name="TestNegatiu_Abril url i verificar capçalera_Fils:100;Rampup:65;Durada:20" time="0.026">
        <failure message="Not Found">Test failed: text expected to contain /Model de Qualitat de Solucions/</failure>
    </testcase>
    <testcase classname="testmeter.generalitat" name="Abril url i verificar capçalera_Fils:100;Rampup:65;Durada:20" time="0.026"/>
    <testcase classname="testmeter.generalitat" name="TestNegatiu_Abril url i verificar capçalera_Fils:100;Rampup:65;Durada:20" time="0.028">
        <failure message="Not Found">Test failed: text expected to contain /Model de Qualitat de Solucions/</failure>
    </testcase>
    <testcase classname="testmeter.generalitat" name="TestNegatiu_Abril url i verificar capçalera_Fils:100;Rampup:65;Durada:20" time="0.025">
        <failure message="Not Found">Test failed: text expected to contain /Model de Qualitat de Solucions/</failure>
    </testcase>
    <testcase classname="testmeter.generalitat" name="Abril url i verificar capçalera_Fils:100;Rampup:65;Durada:20" time="0.029"/>
    <testcase classname="testmeter.generalitat" name="Abril url i verificar capçalera_Fils:100;Rampup:65;Durada:20" time="0.056"/>
    <testcase classname="testmeter.generalitat" name="TestNegatiu_Abril url i verificar capçalera_Fils:100;Rampup:65;Durada:20" time="0.047">
        <failure message="Not Found">Test failed: text expected to contain /Model de Qualitat de Solucions/</failure>
    </testcase>
    <testcase classname="testmeter.generalitat" name="Abril url i verificar capçalera_Fils:100;Rampup:65;Durada:20" time="0.027"/>
    <testcase classname="testmeter.generalitat" name="Abril url i verificar capçalera_Fils:100;Rampup:65;Durada:20" time="0.026"/>
    <testcase classname="testmeter.generalitat" name="TestNegatiu_Abril url i verificar capçalera_Fils:100;Rampup:65;Durada:20" time="0.025">
        <failure message="Not Found">Test failed: text expected to contain /Model de Qualitat de Solucions/</failure>
    </testcase>
    <testcase classname="testmeter.generalitat" name="TestNegatiu_Abril url i verificar capçalera_Fils:100;Rampup:65;Durada:20" time="0.027">
        <failure message="Not Found">Test failed: text expected to contain /Model de Qualitat de Solucions/</failure>
    </testcase>
    <testcase classname="testmeter.generalitat" name="TestNegatiu_Abril url i verificar capçalera_Fils:100;Rampup:65;Durada:20" time="0.061">
        <failure message="Not Found">Test failed: text expected to contain /Model de Qualitat de Solucions/</failure>
    </testcase>
    <testcase classname="testmeter.generalitat" name="Abril url i verificar capçalera_Fils:100;Rampup:65;Durada:20" time="1.061"/>
    <testcase classname="testmeter.generalitat" name="Abril url i verificar capçalera_Fils:100;Rampup:65;Durada:20" time="0.028"/>
    <testcase classname="testmeter.generalitat" name="Abril url i verificar capçalera_Fils:100;Rampup:65;Durada:20" time="0.049"/>
    <testcase classname="testmeter.generalitat" name="Abril url i verificar capçalera_Fils:100;Rampup:65;Durada:20" time="0.034"/>
    <testcase classname="testmeter.generalitat" name="TestNegatiu_Abril url i verificar capçalera_Fils:100;Rampup:65;Durada:20" time="0.039">
        <failure message="Not Found">Test failed: text expected to contain /Model de Qualitat de Solucions/</failure>
    </testcase>
    <testcase classname="testmeter.generalitat" name="TestNegatiu_Abril url i verificar capçalera_Fils:100;Rampup:65;Durada:20" time="0.029">
        <failure message="Not Found">Test failed: text expected to contain /Model de Qualitat de Solucions/</failure>
    </testcase>
    <testcase classname="testmeter.generalitat" name="TestNegatiu_Abril url i verificar capçalera_Fils:100;Rampup:65;Durada:20" time="0.024">
        <failure message="Not Found">Test failed: text expected to contain /Model de Qualitat de Solucions/</failure>
    </testcase>
    <testcase classname="testmeter.generalitat" name="Abril url i verificar capçalera_Fils:100;Rampup:65;Durada:20" time="0.028"/>
    <testcase classname="testmeter.generalitat" name="Abril url i verificar capçalera_Fils:100;Rampup:65;Durada:20" time="0.110"/>
    <testcase classname="testmeter.generalitat" name="Abril url i verificar capçalera_Fils:100;Rampup:65;Durada:20" time="0.055"/>
    <testcase classname="testmeter.generalitat" name="Abril url i verificar capçalera_Fils:100;Rampup:65;Durada:20" time="0.027"/>
    <testcase classname="testmeter.generalitat" name="TestNegatiu_Abril url i verificar capçalera_Fils:100;Rampup:65;Durada:20" time="0.027">
        <failure message="Not Found">Test failed: text expected to contain /Model de Qualitat de Solucions/</failure>
    </testcase>
    <testcase classname="testmeter.generalitat" name="TestNegatiu_Abril url i verificar capçalera_Fils:100;Rampup:65;Durada:20" time="0.036">
        <failure message="Not Found">Test failed: text expected to contain /Model de Qualitat de Solucions/</failure>
    </testcase>
    <testcase classname="testmeter.generalitat" name="TestNegatiu_Abril url i verificar capçalera_Fils:100;Rampup:65;Durada:20" time="0.033">
        <failure message="Not Found">Test failed: text expected to contain /Model de Qualitat de Solucions/</failure>
    </testcase>
    <testcase classname="testmeter.generalitat" name="TestNegatiu_Abril url i verificar capçalera_Fils:100;Rampup:65;Durada:20" time="0.025">
        <failure message="Not Found">Test failed: text expected to contain /Model de Qualitat de Solucions/</failure>
    </testcase>
    <testcase classname="testmeter.generalitat" name="TestNegatiu_Abril url i verificar capçalera_Fils:100;Rampup:65;Durada:20" time="0.030">
        <failure message="Not Found">Test failed: text expected to contain /Model de Qualitat de Solucions/</failure>
    </testcase>
    <testcase classname="testmeter.generalitat" name="Abril url i verificar capçalera_Fils:100;Rampup:65;Durada:20" time="0.027"/>
    <testcase classname="testmeter.generalitat" name="Abril url i verificar capçalera_Fils:100;Rampup:65;Durada:20" time="0.028"/>
    <testcase classname="testmeter.generalitat" name="Abril url i verificar capçalera_Fils:100;Rampup:65;Durada:20" time="0.032"/>
    <testcase classname="testmeter.generalitat" name="TestNegatiu_Abril url i verificar capçalera_Fils:100;Rampup:65;Durada:20" time="0.031">
        <failure message="Not Found">Test failed: text expected to contain /Model de Qualitat de Solucions/</failure>
    </testcase>
    <testcase classname="testmeter.generalitat" name="Abril url i verificar capçalera_Fils:100;Rampup:65;Durada:20" time="0.026"/>
    <testcase classname="testmeter.generalitat" name="Abril url i verificar capçalera_Fils:100;Rampup:65;Durada:20" time="0.134"/>
    <testcase classname="testmeter.generalitat" name="TestNegatiu_Abril url i verificar capçalera_Fils:100;Rampup:65;Durada:20" time="0.050">
        <failure message="Not Found">Test failed: text expected to contain /Model de Qualitat de Solucions/</failure>
    </testcase>
    <testcase classname="testmeter.generalitat" name="Abril url i verificar capçalera_Fils:100;Rampup:65;Durada:20" time="0.030"/>
    <testcase classname="testmeter.generalitat" name="Abril url i verificar capçalera_Fils:100;Rampup:65;Durada:20" time="0.027"/>
    <testcase classname="testmeter.generalitat" name="TestNegatiu_Abril url i verificar capçalera_Fils:100;Rampup:65;Durada:20" time="0.026">
        <failure message="Not Found">Test failed: text expected to contain /Model de Qualitat de Solucions/</failure>
    </testcase>
    <testcase classname="testmeter.generalitat" name="TestNegatiu_Abril url i verificar capçalera_Fils:100;Rampup:65;Durada:20" time="0.025">
        <failure message="Not Found">Test failed: text expected to contain /Model de Qualitat de Solucions/</failure>
    </testcase>
    <testcase classname="testmeter.generalitat" name="Abril url i verificar capçalera_Fils:100;Rampup:65;Durada:20" time="0.030"/>
    <testcase classname="testmeter.generalitat" name="TestNegatiu_Abril url i verificar capçalera_Fils:100;Rampup:65;Durada:20" time="0.023">
        <failure message="Not Found">Test failed: text expected to contain /Model de Qualitat de Solucions/</failure>
    </testcase>
    <testcase classname="testmeter.generalitat" name="TestNegatiu_Abril url i verificar capçalera_Fils:100;Rampup:65;Durada:20" time="0.031">
        <failure message="Not Found">Test failed: text expected to contain /Model de Qualitat de Solucions/</failure>
    </testcase>
    <testcase classname="testmeter.generalitat" name="Abril url i verificar capçalera_Fils:100;Rampup:65;Durada:20" time="0.048"/>
    <testcase classname="testmeter.generalitat" name="Abril url i verificar capçalera_Fils:100;Rampup:65;Durada:20" time="0.026"/>
    <testcase classname="testmeter.generalitat" name="Abril url i verificar capçalera_Fils:100;Rampup:65;Durada:20" time="0.117"/>
    <testcase classname="testmeter.generalitat" name="TestNegatiu_Abril url i verificar capçalera_Fils:100;Rampup:65;Durada:20" time="0.098">
        <failure message="Not Found">Test failed: text expected to contain /Model de Qualitat de Solucions/</failure>
    </testcase>
    <testcase classname="testmeter.generalitat" name="TestNegatiu_Abril url i verificar capçalera_Fils:100;Rampup:65;Durada:20" time="0.028">
        <failure message="Not Found">Test failed: text expected to contain /Model de Qualitat de Solucions/</failure>
    </testcase>
    <testcase classname="testmeter.generalitat" name="TestNegatiu_Abril url i verificar capçalera_Fils:100;Rampup:65;Durada:20" time="0.024">
        <failure message="Not Found">Test failed: text expected to contain /Model de Qualitat de Solucions/</failure>
    </testcase>
    <testcase classname="testmeter.generalitat" name="Abril url i verificar capçalera_Fils:100;Rampup:65;Durada:20" time="0.029"/>
    <testcase classname="testmeter.generalitat" name="TestNegatiu_Abril url i verificar capçalera_Fils:100;Rampup:65;Durada:20" time="0.048">
        <failure message="Not Found">Test failed: text expected to contain /Model de Qualitat de Solucions/</failure>
    </testcase>
    <testcase classname="testmeter.generalitat" name="TestNegatiu_Abril url i verificar capçalera_Fils:100;Rampup:65;Durada:20" time="0.030">
        <failure message="Not Found">Test failed: text expected to contain /Model de Qualitat de Solucions/</failure>
    </testcase>
    <testcase classname="testmeter.generalitat" name="Abril url i verificar capçalera_Fils:100;Rampup:65;Durada:20" time="0.031"/>
    <testcase classname="testmeter.generalitat" name="Abril url i verificar capçalera_Fils:100;Rampup:65;Durada:20" time="0.116"/>
    <testcase classname="testmeter.generalitat" name="Abril url i verificar capçalera_Fils:100;Rampup:65;Durada:20" time="0.026"/>
    <testcase classname="testmeter.generalitat" name="TestNegatiu_Abril url i verificar capçalera_Fils:100;Rampup:65;Durada:20" time="0.026">
        <failure message="Not Found">Test failed: text expected to contain /Model de Qualitat de Solucions/</failure>
    </testcase>
    <testcase classname="testmeter.generalitat" name="TestNegatiu_Abril url i verificar capçalera_Fils:100;Rampup:65;Durada:20" time="0.027">
        <failure message="Not Found">Test failed: text expected to contain /Model de Qualitat de Solucions/</failure>
    </testcase>
    <testcase classname="testmeter.generalitat" name="Abril url i verificar capçalera_Fils:100;Rampup:65;Durada:20" time="0.037"/>
    <testcase classname="testmeter.generalitat" name="Abril url i verificar capçalera_Fils:100;Rampup:65;Durada:20" time="0.029"/>
    <testcase classname="testmeter.generalitat" name="Abril url i verificar capçalera_Fils:100;Rampup:65;Durada:20" time="0.031"/>
    <testcase classname="testmeter.generalitat" name="TestNegatiu_Abril url i verificar capçalera_Fils:100;Rampup:65;Durada:20" time="0.026">
        <failure message="Not Found">Test failed: text expected to contain /Model de Qualitat de Solucions/</failure>
    </testcase>
    <testcase classname="testmeter.generalitat" name="Abril url i verificar capçalera_Fils:100;Rampup:65;Durada:20" time="0.027"/>
    <testcase classname="testmeter.generalitat" name="TestNegatiu_Abril url i verificar capçalera_Fils:100;Rampup:65;Durada:20" time="0.023">
        <failure message="Not Found">Test failed: text expected to contain /Model de Qualitat de Solucions/</failure>
    </testcase>
    <testcase classname="testmeter.generalitat" name="TestNegatiu_Abril url i verificar capçalera_Fils:100;Rampup:65;Durada:20" time="0.047">
        <failure message="Not Found">Test failed: text expected to contain /Model de Qualitat de Solucions/</failure>
    </testcase>
    <testcase classname="testmeter.generalitat" name="TestNegatiu_Abril url i verificar capçalera_Fils:100;Rampup:65;Durada:20" time="0.028">
        <failure message="Not Found">Test failed: text expected to contain /Model de Qualitat de Solucions/</failure>
    </testcase>
    <testcase classname="testmeter.generalitat" name="Abril url i verificar capçalera_Fils:100;Rampup:65;Durada:20" time="0.031"/>
    <testcase classname="testmeter.generalitat" name="TestNegatiu_Abril url i verificar capçalera_Fils:100;Rampup:65;Durada:20" time="0.028">
        <failure message="Not Found">Test failed: text expected to contain /Model de Qualitat de Solucions/</failure>
    </testcase>
    <testcase classname="testmeter.generalitat" name="TestNegatiu_Abril url i verificar capçalera_Fils:100;Rampup:65;Durada:20" time="0.031">
        <failure message="Not Found">Test failed: text expected to contain /Model de Qualitat de Solucions/</failure>
    </testcase>
    <testcase classname="testmeter.generalitat" name="TestNegatiu_Abril url i verificar capçalera_Fils:100;Rampup:65;Durada:20" time="0.024">
        <failure message="Not Found">Test failed: text expected to contain /Model de Qualitat de Solucions/</failure>
    </testcase>
    <testcase classname="testmeter.generalitat" name="TestNegatiu_Abril url i verificar capçalera_Fils:100;Rampup:65;Durada:20" time="0.041">
        <failure message="Not Found">Test failed: text expected to contain /Model de Qualitat de Solucions/</failure>
    </testcase>
    <testcase classname="testmeter.generalitat" name="Abril url i verificar capçalera_Fils:100;Rampup:65;Durada:20" time="0.024"/>
    <testcase classname="testmeter.generalitat" name="TestNegatiu_Abril url i verificar capçalera_Fils:100;Rampup:65;Durada:20" time="0.026">
        <failure message="Not Found">Test failed: text expected to contain /Model de Qualitat de Solucions/</failure>
    </testcase>
    <testcase classname="testmeter.generalitat" name="Abril url i verificar capçalera_Fils:100;Rampup:65;Durada:20" time="0.023"/>
    <testcase classname="testmeter.generalitat" name="Abril url i verificar capçalera_Fils:100;Rampup:65;Durada:20" time="0.047"/>
    <testcase classname="testmeter.generalitat" name="Abril url i verificar capçalera_Fils:100;Rampup:65;Durada:20" time="0.105"/>
    <testcase classname="testmeter.generalitat" name="Abril url i verificar capçalera_Fils:100;Rampup:65;Durada:20" time="0.026"/>
    <testcase classname="testmeter.generalitat" name="TestNegatiu_Abril url i verificar capçalera_Fils:100;Rampup:65;Durada:20" time="0.023">
        <failure message="Not Found">Test failed: text expected to contain /Model de Qualitat de Solucions/</failure>
    </testcase>
    <testcase classname="testmeter.generalitat" name="TestNegatiu_Abril url i verificar capçalera_Fils:100;Rampup:65;Durada:20" time="0.024">
        <failure message="Not Found">Test failed: text expected to contain /Model de Qualitat de Solucions/</failure>
    </testcase>
    <testcase classname="testmeter.generalitat" name="Abril url i verificar capçalera_Fils:100;Rampup:65;Durada:20" time="0.026"/>
    <testcase classname="testmeter.generalitat" name="Abril url i verificar capçalera_Fils:100;Rampup:65;Durada:20" time="0.026"/>
    <testcase classname="testmeter.generalitat" name="Abril url i verificar capçalera_Fils:100;Rampup:65;Durada:20" time="0.090"/>
    <testcase classname="testmeter.generalitat" name="TestNegatiu_Abril url i verificar capçalera_Fils:100;Rampup:65;Durada:20" time="0.023">
        <failure message="Not Found">Test failed: text expected to contain /Model de Qualitat de Solucions/</failure>
    </testcase>
    <testcase classname="testmeter.generalitat" name="Abril url i verificar capçalera_Fils:100;Rampup:65;Durada:20" time="0.038"/>
    <testcase classname="testmeter.generalitat" name="TestNegatiu_Abril url i verificar capçalera_Fils:100;Rampup:65;Durada:20" time="0.026">
        <failure message="Not Found">Test failed: text expected to contain /Model de Qualitat de Solucions/</failure>
    </testcase>
    <testcase classname="testmeter.generalitat" name="Abril url i verificar capçalera_Fils:100;Rampup:65;Durada:20" time="0.033"/>
    <testcase classname="testmeter.generalitat" name="TestNegatiu_Abril url i verificar capçalera_Fils:100;Rampup:65;Durada:20" time="0.031">
        <failure message="Not Found">Test failed: text expected to contain /Model de Qualitat de Solucions/</failure>
    </testcase>
    <testcase classname="testmeter.generalitat" name="Abril url i verificar capçalera_Fils:100;Rampup:65;Durada:20" time="0.033"/>
    <testcase classname="testmeter.generalitat" name="TestNegatiu_Abril url i verificar capçalera_Fils:100;Rampup:65;Durada:20" time="0.025">
        <failure message="Not Found">Test failed: text expected to contain /Model de Qualitat de Solucions/</failure>
    </testcase>
    <testcase classname="testmeter.generalitat" name="TestNegatiu_Abril url i verificar capçalera_Fils:100;Rampup:65;Durada:20" time="0.027">
        <failure message="Not Found">Test failed: text expected to contain /Model de Qualitat de Solucions/</failure>
    </testcase>
    <testcase classname="testmeter.generalitat" name="Abril url i verificar capçalera_Fils:100;Rampup:65;Durada:20" time="0.027"/>
    <testcase classname="testmeter.generalitat" name="Abril url i verificar capçalera_Fils:100;Rampup:65;Durada:20" time="0.109"/>
    <testcase classname="testmeter.generalitat" name="TestNegatiu_Abril url i verificar capçalera_Fils:100;Rampup:65;Durada:20" time="0.046">
        <failure message="Not Found">Test failed: text expected to contain /Model de Qualitat de Solucions/</failure>
    </testcase>
    <testcase classname="testmeter.generalitat" name="Abril url i verificar capçalera_Fils:100;Rampup:65;Durada:20" time="0.026"/>
    <testcase classname="testmeter.generalitat" name="TestNegatiu_Abril url i verificar capçalera_Fils:100;Rampup:65;Durada:20" time="0.028">
        <failure message="Not Found">Test failed: text expected to contain /Model de Qualitat de Solucions/</failure>
    </testcase>
    <testcase classname="testmeter.generalitat" name="Abril url i verificar capçalera_Fils:100;Rampup:65;Durada:20" time="0.085"/>
    <testcase classname="testmeter.generalitat" name="TestNegatiu_Abril url i verificar capçalera_Fils:100;Rampup:65;Durada:20" time="0.028">
        <failure message="Not Found">Test failed: text expected to contain /Model de Qualitat de Solucions/</failure>
    </testcase>
    <testcase classname="testmeter.generalitat" name="TestNegatiu_Abril url i verificar capçalera_Fils:100;Rampup:65;Durada:20" time="0.043">
        <failure message="Not Found">Test failed: text expected to contain /Model de Qualitat de Solucions/</failure>
    </testcase>
    <testcase classname="testmeter.generalitat" name="TestNegatiu_Abril url i verificar capçalera_Fils:100;Rampup:65;Durada:20" time="0.025">
        <failure message="Not Found">Test failed: text expected to contain /Model de Qualitat de Solucions/</failure>
    </testcase>
    <testcase classname="testmeter.generalitat" name="Abril url i verificar capçalera_Fils:100;Rampup:65;Durada:20" time="0.034"/>
    <testcase classname="testmeter.generalitat" name="TestNegatiu_Abril url i verificar capçalera_Fils:100;Rampup:65;Durada:20" time="0.026">
        <failure message="Not Found">Test failed: text expected to contain /Model de Qualitat de Solucions/</failure>
    </testcase>
    <testcase classname="testmeter.generalitat" name="Abril url i verificar capçalera_Fils:100;Rampup:65;Durada:20" time="0.028"/>
    <testcase classname="testmeter.generalitat" name="Abril url i verificar capçalera_Fils:100;Rampup:65;Durada:20" time="0.027"/>
    <testcase classname="testmeter.generalitat" name="TestNegatiu_Abril url i verificar capçalera_Fils:100;Rampup:65;Durada:20" time="0.023">
        <failure message="Not Found">Test failed: text expected to contain /Model de Qualitat de Solucions/</failure>
    </testcase>
    <testcase classname="testmeter.generalitat" name="Abril url i verificar capçalera_Fils:100;Rampup:65;Durada:20" time="0.091"/>
    <testcase classname="testmeter.generalitat" name="Abril url i verificar capçalera_Fils:100;Rampup:65;Durada:20" time="0.047"/>
    <testcase classname="testmeter.generalitat" name="Abril url i verificar capçalera_Fils:100;Rampup:65;Durada:20" time="0.028"/>
    <testcase classname="testmeter.generalitat" name="TestNegatiu_Abril url i verificar capçalera_Fils:100;Rampup:65;Durada:20" time="0.045">
        <failure message="Not Found">Test failed: text expected to contain /Model de Qualitat de Solucions/</failure>
    </testcase>
    <testcase classname="testmeter.generalitat" name="TestNegatiu_Abril url i verificar capçalera_Fils:100;Rampup:65;Durada:20" time="0.024">
        <failure message="Not Found">Test failed: text expected to contain /Model de Qualitat de Solucions/</failure>
    </testcase>
    <testcase classname="testmeter.generalitat" name="Abril url i verificar capçalera_Fils:100;Rampup:65;Durada:20" time="0.030"/>
    <testcase classname="testmeter.generalitat" name="Abril url i verificar capçalera_Fils:100;Rampup:65;Durada:20" time="0.025"/>
    <testcase classname="testmeter.generalitat" name="TestNegatiu_Abril url i verificar capçalera_Fils:100;Rampup:65;Durada:20" time="0.033">
        <failure message="Not Found">Test failed: text expected to contain /Model de Qualitat de Solucions/</failure>
    </testcase>
    <testcase classname="testmeter.generalitat" name="TestNegatiu_Abril url i verificar capçalera_Fils:100;Rampup:65;Durada:20" time="0.033">
        <failure message="Not Found">Test failed: text expected to contain /Model de Qualitat de Solucions/</failure>
    </testcase>
    <testcase classname="testmeter.generalitat" name="TestNegatiu_Abril url i verificar capçalera_Fils:100;Rampup:65;Durada:20" time="0.025">
        <failure message="Not Found">Test failed: text expected to contain /Model de Qualitat de Solucions/</failure>
    </testcase>
    <testcase classname="testmeter.generalitat" name="TestNegatiu_Abril url i verificar capçalera_Fils:100;Rampup:65;Durada:20" time="0.054">
        <failure message="Not Found">Test failed: text expected to contain /Model de Qualitat de Solucions/</failure>
    </testcase>
    <testcase classname="testmeter.generalitat" name="Abril url i verificar capçalera_Fils:100;Rampup:65;Durada:20" time="0.034"/>
    <testcase classname="testmeter.generalitat" name="Abril url i verificar capçalera_Fils:100;Rampup:65;Durada:20" time="0.048"/>
    <testcase classname="testmeter.generalitat" name="TestNegatiu_Abril url i verificar capçalera_Fils:100;Rampup:65;Durada:20" time="0.025">
        <failure message="Not Found">Test failed: text expected to contain /Model de Qualitat de Solucions/</failure>
    </testcase>
    <testcase classname="testmeter.generalitat" name="Abril url i verificar capçalera_Fils:100;Rampup:65;Durada:20" time="0.025"/>
    <testcase classname="testmeter.generalitat" name="TestNegatiu_Abril url i verificar capçalera_Fils:100;Rampup:65;Durada:20" time="0.024">
        <failure message="Not Found">Test failed: text expected to contain /Model de Qualitat de Solucions/</failure>
    </testcase>
    <testcase classname="testmeter.generalitat" name="TestNegatiu_Abril url i verificar capçalera_Fils:100;Rampup:65;Durada:20" time="0.045">
        <failure message="Not Found">Test failed: text expected to contain /Model de Qualitat de Solucions/</failure>
    </testcase>
    <testcase classname="testmeter.generalitat" name="TestNegatiu_Abril url i verificar capçalera_Fils:100;Rampup:65;Durada:20" time="0.021">
        <failure message="Not Found">Test failed: text expected to contain /Model de Qualitat de Solucions/</failure>
    </testcase>
    <testcase classname="testmeter.generalitat" name="TestNegatiu_Abril url i verificar capçalera_Fils:100;Rampup:65;Durada:20" time="0.024">
        <failure message="Not Found">Test failed: text expected to contain /Model de Qualitat de Solucions/</failure>
    </testcase>
    <testcase classname="testmeter.generalitat" name="TestNegatiu_Abril url i verificar capçalera_Fils:100;Rampup:65;Durada:20" time="0.025">
        <failure message="Not Found">Test failed: text expected to contain /Model de Qualitat de Solucions/</failure>
    </testcase>
    <testcase classname="testmeter.generalitat" name="Abril url i verificar capçalera_Fils:100;Rampup:65;Durada:20" time="0.027"/>
    <testcase classname="testmeter.generalitat" name="Abril url i verificar capçalera_Fils:100;Rampup:65;Durada:20" time="0.029"/>
    <testcase classname="testmeter.generalitat" name="Abril url i verificar capçalera_Fils:100;Rampup:65;Durada:20" time="0.085"/>
    <testcase classname="testmeter.generalitat" name="TestNegatiu_Abril url i verificar capçalera_Fils:100;Rampup:65;Durada:20" time="0.025">
        <failure message="Not Found">Test failed: text expected to contain /Model de Qualitat de Solucions/</failure>
    </testcase>
    <testcase classname="testmeter.generalitat" name="Abril url i verificar capçalera_Fils:100;Rampup:65;Durada:20" time="0.030"/>
    <testcase classname="testmeter.generalitat" name="Abril url i verificar capçalera_Fils:100;Rampup:65;Durada:20" time="0.025"/>
    <testcase classname="testmeter.generalitat" name="Abril url i verificar capçalera_Fils:100;Rampup:65;Durada:20" time="0.049"/>
    <testcase classname="testmeter.generalitat" name="Abril url i verificar capçalera_Fils:100;Rampup:65;Durada:20" time="0.032"/>
    <testcase classname="testmeter.generalitat" name="TestNegatiu_Abril url i verificar capçalera_Fils:100;Rampup:65;Durada:20" time="0.055">
        <failure message="Not Found">Test failed: text expected to contain /Model de Qualitat de Solucions/</failure>
    </testcase>
    <testcase classname="testmeter.generalitat" name="TestNegatiu_Abril url i verificar capçalera_Fils:100;Rampup:65;Durada:20" time="0.056">
        <failure message="Not Found">Test failed: text expected to contain /Model de Qualitat de Solucions/</failure>
    </testcase>
    <testcase classname="testmeter.generalitat" name="Abril url i verificar capçalera_Fils:100;Rampup:65;Durada:20" time="0.058"/>
    <testcase classname="testmeter.generalitat" name="TestNegatiu_Abril url i verificar capçalera_Fils:100;Rampup:65;Durada:20" time="0.046">
        <failure message="Not Found">Test failed: text expected to contain /Model de Qualitat de Solucions/</failure>
    </testcase>
    <testcase classname="testmeter.generalitat" name="TestNegatiu_Abril url i verificar capçalera_Fils:100;Rampup:65;Durada:20" time="0.046">
        <failure message="Not Found">Test failed: text expected to contain /Model de Qualitat de Solucions/</failure>
    </testcase>
    <testcase classname="testmeter.generalitat" name="Abril url i verificar capçalera_Fils:100;Rampup:65;Durada:20" time="0.051"/>
    <testcase classname="testmeter.generalitat" name="Abril url i verificar capçalera_Fils:100;Rampup:65;Durada:20" time="0.107"/>
    <testcase classname="testmeter.generalitat" name="Abril url i verificar capçalera_Fils:100;Rampup:65;Durada:20" time="0.145"/>
    <testcase classname="testmeter.generalitat" name="TestNegatiu_Abril url i verificar capçalera_Fils:100;Rampup:65;Durada:20" time="0.074">
        <failure message="Not Found">Test failed: text expected to contain /Model de Qualitat de Solucions/</failure>
    </testcase>
    <testcase classname="testmeter.generalitat" name="Abril url i verificar capçalera_Fils:100;Rampup:65;Durada:20" time="0.077"/>
    <testcase classname="testmeter.generalitat" name="TestNegatiu_Abril url i verificar capçalera_Fils:100;Rampup:65;Durada:20" time="0.057">
        <failure message="Not Found">Test failed: text expected to contain /Model de Qualitat de Solucions/</failure>
    </testcase>
    <testcase classname="testmeter.generalitat" name="TestNegatiu_Abril url i verificar capçalera_Fils:100;Rampup:65;Durada:20" time="0.058">
        <failure message="Not Found">Test failed: text expected to contain /Model de Qualitat de Solucions/</failure>
    </testcase>
    <testcase classname="testmeter.generalitat" name="Abril url i verificar capçalera_Fils:100;Rampup:65;Durada:20" time="0.110"/>
    <testcase classname="testmeter.generalitat" name="Abril url i verificar capçalera_Fils:100;Rampup:65;Durada:20" time="0.026"/>
    <testcase classname="testmeter.generalitat" name="TestNegatiu_Abril url i verificar capçalera_Fils:100;Rampup:65;Durada:20" time="0.028">
        <failure message="Not Found">Test failed: text expected to contain /Model de Qualitat de Solucions/</failure>
    </testcase>
    <testcase classname="testmeter.generalitat" name="TestNegatiu_Abril url i verificar capçalera_Fils:100;Rampup:65;Durada:20" time="0.025">
        <failure message="Not Found">Test failed: text expected to contain /Model de Qualitat de Solucions/</failure>
    </testcase>
    <testcase classname="testmeter.generalitat" name="Abril url i verificar capçalera_Fils:100;Rampup:65;Durada:20" time="0.027"/>
    <testcase classname="testmeter.generalitat" name="TestNegatiu_Abril url i verificar capçalera_Fils:100;Rampup:65;Durada:20" time="0.027">
        <failure message="Not Found">Test failed: text expected to contain /Model de Qualitat de Solucions/</failure>
    </testcase>
    <testcase classname="testmeter.generalitat" name="Abril url i verificar capçalera_Fils:100;Rampup:65;Durada:20" time="0.028"/>
    <testcase classname="testmeter.generalitat" name="Abril url i verificar capçalera_Fils:100;Rampup:65;Durada:20" time="0.028"/>
    <testcase classname="testmeter.generalitat" name="Abril url i verificar capçalera_Fils:100;Rampup:65;Durada:20" time="0.107"/>
    <testcase classname="testmeter.generalitat" name="TestNegatiu_Abril url i verificar capçalera_Fils:100;Rampup:65;Durada:20" time="0.024">
        <failure message="Not Found">Test failed: text expected to contain /Model de Qualitat de Solucions/</failure>
    </testcase>
    <testcase classname="testmeter.generalitat" name="Abril url i verificar capçalera_Fils:100;Rampup:65;Durada:20" time="0.026"/>
    <testcase classname="testmeter.generalitat" name="TestNegatiu_Abril url i verificar capçalera_Fils:100;Rampup:65;Durada:20" time="0.045">
        <failure message="Not Found">Test failed: text expected to contain /Model de Qualitat de Solucions/</failure>
    </testcase>
    <testcase classname="testmeter.generalitat" name="TestNegatiu_Abril url i verificar capçalera_Fils:100;Rampup:65;Durada:20" time="0.025">
        <failure message="Not Found">Test failed: text expected to contain /Model de Qualitat de Solucions/</failure>
    </testcase>
    <testcase classname="testmeter.generalitat" name="Abril url i verificar capçalera_Fils:100;Rampup:65;Durada:20" time="0.028"/>
    <testcase classname="testmeter.generalitat" name="TestNegatiu_Abril url i verificar capçalera_Fils:100;Rampup:65;Durada:20" time="0.026">
        <failure message="Not Found">Test failed: text expected to contain /Model de Qualitat de Solucions/</failure>
    </testcase>
    <testcase classname="testmeter.generalitat" name="Abril url i verificar capçalera_Fils:100;Rampup:65;Durada:20" time="0.029"/>
    <testcase classname="testmeter.generalitat" name="TestNegatiu_Abril url i verificar capçalera_Fils:100;Rampup:65;Durada:20" time="0.035">
        <failure message="Not Found">Test failed: text expected to contain /Model de Qualitat de Solucions/</failure>
    </testcase>
    <testcase classname="testmeter.generalitat" name="TestNegatiu_Abril url i verificar capçalera_Fils:100;Rampup:65;Durada:20" time="0.048">
        <failure message="Not Found">Test failed: text expected to contain /Model de Qualitat de Solucions/</failure>
    </testcase>
    <testcase classname="testmeter.generalitat" name="Abril url i verificar capçalera_Fils:100;Rampup:65;Durada:20" time="0.036"/>
    <testcase classname="testmeter.generalitat" name="TestNegatiu_Abril url i verificar capçalera_Fils:100;Rampup:65;Durada:20" time="0.037">
        <failure message="Not Found">Test failed: text expected to contain /Model de Qualitat de Solucions/</failure>
    </testcase>
    <testcase classname="testmeter.generalitat" name="TestNegatiu_Abril url i verificar capçalera_Fils:100;Rampup:65;Durada:20" time="0.024">
        <failure message="Not Found">Test failed: text expected to contain /Model de Qualitat de Solucions/</failure>
    </testcase>
    <testcase classname="testmeter.generalitat" name="Abril url i verificar capçalera_Fils:100;Rampup:65;Durada:20" time="0.026"/>
    <testcase classname="testmeter.generalitat" name="TestNegatiu_Abril url i verificar capçalera_Fils:100;Rampup:65;Durada:20" time="0.027">
        <failure message="Not Found">Test failed: text expected to contain /Model de Qualitat de Solucions/</failure>
    </testcase>
    <testcase classname="testmeter.generalitat" name="TestNegatiu_Abril url i verificar capçalera_Fils:100;Rampup:65;Durada:20" time="0.025">
        <failure message="Not Found">Test failed: text expected to contain /Model de Qualitat de Solucions/</failure>
    </testcase>
    <testcase classname="testmeter.generalitat" name="Abril url i verificar capçalera_Fils:100;Rampup:65;Durada:20" time="0.024"/>
    <testcase classname="testmeter.generalitat" name="TestNegatiu_Abril url i verificar capçalera_Fils:100;Rampup:65;Durada:20" time="0.053">
        <failure message="Not Found">Test failed: text expected to contain /Model de Qualitat de Solucions/</failure>
    </testcase>
    <testcase classname="testmeter.generalitat" name="Abril url i verificar capçalera_Fils:100;Rampup:65;Durada:20" time="0.048"/>
    <testcase classname="testmeter.generalitat" name="TestNegatiu_Abril url i verificar capçalera_Fils:100;Rampup:65;Durada:20" time="0.026">
        <failure message="Not Found">Test failed: text expected to contain /Model de Qualitat de Solucions/</failure>
    </testcase>
    <testcase classname="testmeter.generalitat" name="Abril url i verificar capçalera_Fils:100;Rampup:65;Durada:20" time="0.027"/>
    <testcase classname="testmeter.generalitat" name="Abril url i verificar capçalera_Fils:100;Rampup:65;Durada:20" time="0.026"/>
    <testcase classname="testmeter.generalitat" name="TestNegatiu_Abril url i verificar capçalera_Fils:100;Rampup:65;Durada:20" time="0.026">
        <failure message="Not Found">Test failed: text expected to contain /Model de Qualitat de Solucions/</failure>
    </testcase>
    <testcase classname="testmeter.generalitat" name="Abril url i verificar capçalera_Fils:100;Rampup:65;Durada:20" time="0.084"/>
    <testcase classname="testmeter.generalitat" name="Abril url i verificar capçalera_Fils:100;Rampup:65;Durada:20" time="0.026"/>
    <testcase classname="testmeter.generalitat" name="TestNegatiu_Abril url i verificar capçalera_Fils:100;Rampup:65;Durada:20" time="0.029">
        <failure message="Not Found">Test failed: text expected to contain /Model de Qualitat de Solucions/</failure>
    </testcase>
    <testcase classname="testmeter.generalitat" name="TestNegatiu_Abril url i verificar capçalera_Fils:100;Rampup:65;Durada:20" time="0.026">
        <failure message="Not Found">Test failed: text expected to contain /Model de Qualitat de Solucions/</failure>
    </testcase>
    <testcase classname="testmeter.generalitat" name="Abril url i verificar capçalera_Fils:100;Rampup:65;Durada:20" time="0.032"/>
    <testcase classname="testmeter.generalitat" name="Abril url i verificar capçalera_Fils:100;Rampup:65;Durada:20" time="0.030"/>
    <testcase classname="testmeter.generalitat" name="TestNegatiu_Abril url i verificar capçalera_Fils:100;Rampup:65;Durada:20" time="0.025">
        <failure message="Not Found">Test failed: text expected to contain /Model de Qualitat de Solucions/</failure>
    </testcase>
    <testcase classname="testmeter.generalitat" name="TestNegatiu_Abril url i verificar capçalera_Fils:100;Rampup:65;Durada:20" time="0.026">
        <failure message="Not Found">Test failed: text expected to contain /Model de Qualitat de Solucions/</failure>
    </testcase>
    <testcase classname="testmeter.generalitat" name="Abril url i verificar capçalera_Fils:100;Rampup:65;Durada:20" time="0.030"/>
    <testcase classname="testmeter.generalitat" name="TestNegatiu_Abril url i verificar capçalera_Fils:100;Rampup:65;Durada:20" time="0.024">
        <failure message="Not Found">Test failed: text expected to contain /Model de Qualitat de Solucions/</failure>
    </testcase>
    <testcase classname="testmeter.generalitat" name="Abril url i verificar capçalera_Fils:100;Rampup:65;Durada:20" time="0.028"/>
    <testcase classname="testmeter.generalitat" name="Abril url i verificar capçalera_Fils:100;Rampup:65;Durada:20" time="0.118"/>
    <testcase classname="testmeter.generalitat" name="Abril url i verificar capçalera_Fils:100;Rampup:65;Durada:20" time="0.094"/>
    <testcase classname="testmeter.generalitat" name="Abril url i verificar capçalera_Fils:100;Rampup:65;Durada:20" time="0.028"/>
    <testcase classname="testmeter.generalitat" name="TestNegatiu_Abril url i verificar capçalera_Fils:100;Rampup:65;Durada:20" time="0.024">
        <failure message="Not Found">Test failed: text expected to contain /Model de Qualitat de Solucions/</failure>
    </testcase>
    <testcase classname="testmeter.generalitat" name="TestNegatiu_Abril url i verificar capçalera_Fils:100;Rampup:65;Durada:20" time="0.032">
        <failure message="Not Found">Test failed: text expected to contain /Model de Qualitat de Solucions/</failure>
    </testcase>
    <testcase classname="testmeter.generalitat" name="TestNegatiu_Abril url i verificar capçalera_Fils:100;Rampup:65;Durada:20" time="0.046">
        <failure message="Not Found">Test failed: text expected to contain /Model de Qualitat de Solucions/</failure>
    </testcase>
    <testcase classname="testmeter.generalitat" name="TestNegatiu_Abril url i verificar capçalera_Fils:100;Rampup:65;Durada:20" time="0.027">
        <failure message="Not Found">Test failed: text expected to contain /Model de Qualitat de Solucions/</failure>
    </testcase>
    <testcase classname="testmeter.generalitat" name="Abril url i verificar capçalera_Fils:100;Rampup:65;Durada:20" time="0.028"/>
    <testcase classname="testmeter.generalitat" name="Abril url i verificar capçalera_Fils:100;Rampup:65;Durada:20" time="0.025"/>
    <testcase classname="testmeter.generalitat" name="Abril url i verificar capçalera_Fils:100;Rampup:65;Durada:20" time="0.088"/>
    <testcase classname="testmeter.generalitat" name="TestNegatiu_Abril url i verificar capçalera_Fils:100;Rampup:65;Durada:20" time="0.027">
        <failure message="Not Found">Test failed: text expected to contain /Model de Qualitat de Solucions/</failure>
    </testcase>
    <testcase classname="testmeter.generalitat" name="TestNegatiu_Abril url i verificar capçalera_Fils:100;Rampup:65;Durada:20" time="0.021">
        <failure message="Not Found">Test failed: text expected to contain /Model de Qualitat de Solucions/</failure>
    </testcase>
    <testcase classname="testmeter.generalitat" name="Abril url i verificar capçalera_Fils:100;Rampup:65;Durada:20" time="0.044"/>
    <testcase classname="testmeter.generalitat" name="Abril url i verificar capçalera_Fils:100;Rampup:65;Durada:20" time="0.080"/>
    <testcase classname="testmeter.generalitat" name="Abril url i verificar capçalera_Fils:100;Rampup:65;Durada:20" time="0.198"/>
    <testcase classname="testmeter.generalitat" name="Abril url i verificar capçalera_Fils:100;Rampup:65;Durada:20" time="0.026"/>
    <testcase classname="testmeter.generalitat" name="TestNegatiu_Abril url i verificar capçalera_Fils:100;Rampup:65;Durada:20" time="0.039">
        <failure message="Not Found">Test failed: text expected to contain /Model de Qualitat de Solucions/</failure>
    </testcase>
    <testcase classname="testmeter.generalitat" name="Abril url i verificar capçalera_Fils:100;Rampup:65;Durada:20" time="0.049"/>
    <testcase classname="testmeter.generalitat" name="TestNegatiu_Abril url i verificar capçalera_Fils:100;Rampup:65;Durada:20" time="0.023">
        <failure message="Not Found">Test failed: text expected to contain /Model de Qualitat de Solucions/</failure>
    </testcase>
    <testcase classname="testmeter.generalitat" name="Abril url i verificar capçalera_Fils:100;Rampup:65;Durada:20" time="0.028"/>
    <testcase classname="testmeter.generalitat" name="TestNegatiu_Abril url i verificar capçalera_Fils:100;Rampup:65;Durada:20" time="0.028">
        <failure message="Not Found">Test failed: text expected to contain /Model de Qualitat de Solucions/</failure>
    </testcase>
    <testcase classname="testmeter.generalitat" name="TestNegatiu_Abril url i verificar capçalera_Fils:100;Rampup:65;Durada:20" time="0.045">
        <failure message="Not Found">Test failed: text expected to contain /Model de Qualitat de Solucions/</failure>
    </testcase>
    <testcase classname="testmeter.generalitat" name="TestNegatiu_Abril url i verificar capçalera_Fils:100;Rampup:65;Durada:20" time="0.023">
        <failure message="Not Found">Test failed: text expected to contain /Model de Qualitat de Solucions/</failure>
    </testcase>
    <testcase classname="testmeter.generalitat" name="TestNegatiu_Abril url i verificar capçalera_Fils:100;Rampup:65;Durada:20" time="0.026">
        <failure message="Not Found">Test failed: text expected to contain /Model de Qualitat de Solucions/</failure>
    </testcase>
    <testcase classname="testmeter.generalitat" name="Abril url i verificar capçalera_Fils:100;Rampup:65;Durada:20" time="0.031"/>
    <testcase classname="testmeter.generalitat" name="Abril url i verificar capçalera_Fils:100;Rampup:65;Durada:20" time="0.028"/>
    <testcase classname="testmeter.generalitat" name="TestNegatiu_Abril url i verificar capçalera_Fils:100;Rampup:65;Durada:20" time="0.028">
        <failure message="Not Found">Test failed: text expected to contain /Model de Qualitat de Solucions/</failure>
    </testcase>
    <testcase classname="testmeter.generalitat" name="TestNegatiu_Abril url i verificar capçalera_Fils:100;Rampup:65;Durada:20" time="0.025">
        <failure message="Not Found">Test failed: text expected to contain /Model de Qualitat de Solucions/</failure>
    </testcase>
    <testcase classname="testmeter.generalitat" name="TestNegatiu_Abril url i verificar capçalera_Fils:100;Rampup:65;Durada:20" time="0.047">
        <failure message="Not Found">Test failed: text expected to contain /Model de Qualitat de Solucions/</failure>
    </testcase>
    <testcase classname="testmeter.generalitat" name="TestNegatiu_Abril url i verificar capçalera_Fils:100;Rampup:65;Durada:20" time="0.026">
        <failure message="Not Found">Test failed: text expected to contain /Model de Qualitat de Solucions/</failure>
    </testcase>
    <testcase classname="testmeter.generalitat" name="TestNegatiu_Abril url i verificar capçalera_Fils:100;Rampup:65;Durada:20" time="0.041">
        <failure message="Not Found">Test failed: text expected to contain /Model de Qualitat de Solucions/</failure>
    </testcase>
    <testcase classname="testmeter.generalitat" name="Abril url i verificar capçalera_Fils:100;Rampup:65;Durada:20" time="0.024"/>
    <testcase classname="testmeter.generalitat" name="Abril url i verificar capçalera_Fils:100;Rampup:65;Durada:20" time="0.049"/>
    <testcase classname="testmeter.generalitat" name="Abril url i verificar capçalera_Fils:100;Rampup:65;Durada:20" time="0.027"/>
    <testcase classname="testmeter.generalitat" name="TestNegatiu_Abril url i verificar capçalera_Fils:100;Rampup:65;Durada:20" time="0.025">
        <failure message="Not Found">Test failed: text expected to contain /Model de Qualitat de Solucions/</failure>
    </testcase>
    <testcase classname="testmeter.generalitat" name="Abril url i verificar capçalera_Fils:100;Rampup:65;Durada:20" time="0.070"/>
    <testcase classname="testmeter.generalitat" name="Abril url i verificar capçalera_Fils:100;Rampup:65;Durada:20" time="0.027"/>
    <testcase classname="testmeter.generalitat" name="Abril url i verificar capçalera_Fils:100;Rampup:65;Durada:20" time="0.027"/>
    <testcase classname="testmeter.generalitat" name="TestNegatiu_Abril url i verificar capçalera_Fils:100;Rampup:65;Durada:20" time="0.023">
        <failure message="Not Found">Test failed: text expected to contain /Model de Qualitat de Solucions/</failure>
    </testcase>
    <testcase classname="testmeter.generalitat" name="Abril url i verificar capçalera_Fils:100;Rampup:65;Durada:20" time="0.026"/>
    <testcase classname="testmeter.generalitat" name="Abril url i verificar capçalera_Fils:100;Rampup:65;Durada:20" time="0.045"/>
    <testcase classname="testmeter.generalitat" name="TestNegatiu_Abril url i verificar capçalera_Fils:100;Rampup:65;Durada:20" time="0.031">
        <failure message="Not Found">Test failed: text expected to contain /Model de Qualitat de Solucions/</failure>
    </testcase>
    <testcase classname="testmeter.generalitat" name="TestNegatiu_Abril url i verificar capçalera_Fils:100;Rampup:65;Durada:20" time="0.027">
        <failure message="Not Found">Test failed: text expected to contain /Model de Qualitat de Solucions/</failure>
    </testcase>
    <testcase classname="testmeter.generalitat" name="Abril url i verificar capçalera_Fils:100;Rampup:65;Durada:20" time="0.051"/>
    <testcase classname="testmeter.generalitat" name="Abril url i verificar capçalera_Fils:100;Rampup:65;Durada:20" time="0.028"/>
    <testcase classname="testmeter.generalitat" name="TestNegatiu_Abril url i verificar capçalera_Fils:100;Rampup:65;Durada:20" time="0.024">
        <failure message="Not Found">Test failed: text expected to contain /Model de Qualitat de Solucions/</failure>
    </testcase>
    <testcase classname="testmeter.generalitat" name="TestNegatiu_Abril url i verificar capçalera_Fils:100;Rampup:65;Durada:20" time="0.030">
        <failure message="Not Found">Test failed: text expected to contain /Model de Qualitat de Solucions/</failure>
    </testcase>
    <testcase classname="testmeter.generalitat" name="Abril url i verificar capçalera_Fils:100;Rampup:65;Durada:20" time="0.028"/>
    <testcase classname="testmeter.generalitat" name="TestNegatiu_Abril url i verificar capçalera_Fils:100;Rampup:65;Durada:20" time="0.031">
        <failure message="Not Found">Test failed: text expected to contain /Model de Qualitat de Solucions/</failure>
    </testcase>
    <testcase classname="testmeter.generalitat" name="TestNegatiu_Abril url i verificar capçalera_Fils:100;Rampup:65;Durada:20" time="0.033">
        <failure message="Not Found">Test failed: text expected to contain /Model de Qualitat de Solucions/</failure>
    </testcase>
    <testcase classname="testmeter.generalitat" name="Abril url i verificar capçalera_Fils:100;Rampup:65;Durada:20" time="0.061"/>
    <testcase classname="testmeter.generalitat" name="TestNegatiu_Abril url i verificar capçalera_Fils:100;Rampup:65;Durada:20" time="0.049">
        <failure message="Not Found">Test failed: text expected to contain /Model de Qualitat de Solucions/</failure>
    </testcase>
    <testcase classname="testmeter.generalitat" name="TestNegatiu_Abril url i verificar capçalera_Fils:100;Rampup:65;Durada:20" time="0.028">
        <failure message="Not Found">Test failed: text expected to contain /Model de Qualitat de Solucions/</failure>
    </testcase>
    <testcase classname="testmeter.generalitat" name="TestNegatiu_Abril url i verificar capçalera_Fils:100;Rampup:65;Durada:20" time="0.025">
        <failure message="Not Found">Test failed: text expected to contain /Model de Qualitat de Solucions/</failure>
    </testcase>
    <testcase classname="testmeter.generalitat" name="Abril url i verificar capçalera_Fils:100;Rampup:65;Durada:20" time="0.029"/>
    <testcase classname="testmeter.generalitat" name="Abril url i verificar capçalera_Fils:100;Rampup:65;Durada:20" time="0.068"/>
    <testcase classname="testmeter.generalitat" name="Abril url i verificar capçalera_Fils:100;Rampup:65;Durada:20" time="0.099"/>
    <testcase classname="testmeter.generalitat" name="Abril url i verificar capçalera_Fils:100;Rampup:65;Durada:20" time="0.029"/>
    <testcase classname="testmeter.generalitat" name="TestNegatiu_Abril url i verificar capçalera_Fils:100;Rampup:65;Durada:20" time="0.021">
        <failure message="Not Found">Test failed: text expected to contain /Model de Qualitat de Solucions/</failure>
    </testcase>
    <testcase classname="testmeter.generalitat" name="Abril url i verificar capçalera_Fils:100;Rampup:65;Durada:20" time="0.028"/>
    <testcase classname="testmeter.generalitat" name="TestNegatiu_Abril url i verificar capçalera_Fils:100;Rampup:65;Durada:20" time="0.098">
        <failure message="Not Found">Test failed: text expected to contain /Model de Qualitat de Solucions/</failure>
    </testcase>
    <testcase classname="testmeter.generalitat" name="Abril url i verificar capçalera_Fils:100;Rampup:65;Durada:20" time="0.027"/>
    <testcase classname="testmeter.generalitat" name="Abril url i verificar capçalera_Fils:100;Rampup:65;Durada:20" time="0.032"/>
    <testcase classname="testmeter.generalitat" name="Abril url i verificar capçalera_Fils:100;Rampup:65;Durada:20" time="0.025"/>
    <testcase classname="testmeter.generalitat" name="TestNegatiu_Abril url i verificar capçalera_Fils:100;Rampup:65;Durada:20" time="0.024">
        <failure message="Not Found">Test failed: text expected to contain /Model de Qualitat de Solucions/</failure>
    </testcase>
    <testcase classname="testmeter.generalitat" name="Abril url i verificar capçalera_Fils:100;Rampup:65;Durada:20" time="0.043"/>
    <testcase classname="testmeter.generalitat" name="TestNegatiu_Abril url i verificar capçalera_Fils:100;Rampup:65;Durada:20" time="0.029">
        <failure message="Not Found">Test failed: text expected to contain /Model de Qualitat de Solucions/</failure>
    </testcase>
    <testcase classname="testmeter.generalitat" name="TestNegatiu_Abril url i verificar capçalera_Fils:100;Rampup:65;Durada:20" time="0.041">
        <failure message="Not Found">Test failed: text expected to contain /Model de Qualitat de Solucions/</failure>
    </testcase>
    <testcase classname="testmeter.generalitat" name="Abril url i verificar capçalera_Fils:100;Rampup:65;Durada:20" time="0.024"/>
    <testcase classname="testmeter.generalitat" name="TestNegatiu_Abril url i verificar capçalera_Fils:100;Rampup:65;Durada:20" time="0.039">
        <failure message="Not Found">Test failed: text expected to contain /Model de Qualitat de Solucions/</failure>
    </testcase>
    <testcase classname="testmeter.generalitat" name="TestNegatiu_Abril url i verificar capçalera_Fils:100;Rampup:65;Durada:20" time="0.026">
        <failure message="Not Found">Test failed: text expected to contain /Model de Qualitat de Solucions/</failure>
    </testcase>
    <testcase classname="testmeter.generalitat" name="TestNegatiu_Abril url i verificar capçalera_Fils:100;Rampup:65;Durada:20" time="0.026">
        <failure message="Not Found">Test failed: text expected to contain /Model de Qualitat de Solucions/</failure>
    </testcase>
    <testcase classname="testmeter.generalitat" name="Abril url i verificar capçalera_Fils:100;Rampup:65;Durada:20" time="0.048"/>
    <testcase classname="testmeter.generalitat" name="TestNegatiu_Abril url i verificar capçalera_Fils:100;Rampup:65;Durada:20" time="0.024">
        <failure message="Not Found">Test failed: text expected to contain /Model de Qualitat de Solucions/</failure>
    </testcase>
    <testcase classname="testmeter.generalitat" name="TestNegatiu_Abril url i verificar capçalera_Fils:100;Rampup:65;Durada:20" time="0.049">
        <failure message="Not Found">Test failed: text expected to contain /Model de Qualitat de Solucions/</failure>
    </testcase>
    <testcase classname="testmeter.generalitat" name="TestNegatiu_Abril url i verificar capçalera_Fils:100;Rampup:65;Durada:20" time="0.026">
        <failure message="Not Found">Test failed: text expected to contain /Model de Qualitat de Solucions/</failure>
    </testcase>
    <testcase classname="testmeter.generalitat" name="TestNegatiu_Abril url i verificar capçalera_Fils:100;Rampup:65;Durada:20" time="0.028">
        <failure message="Not Found">Test failed: text expected to contain /Model de Qualitat de Solucions/</failure>
    </testcase>
    <testcase classname="testmeter.generalitat" name="Abril url i verificar capçalera_Fils:100;Rampup:65;Durada:20" time="0.026"/>
    <testcase classname="testmeter.generalitat" name="TestNegatiu_Abril url i verificar capçalera_Fils:100;Rampup:65;Durada:20" time="0.021">
        <failure message="Not Found">Test failed: text expected to contain /Model de Qualitat de Solucions/</failure>
    </testcase>
    <testcase classname="testmeter.generalitat" name="Abril url i verificar capçalera_Fils:100;Rampup:65;Durada:20" time="0.028"/>
    <testcase classname="testmeter.generalitat" name="Abril url i verificar capçalera_Fils:100;Rampup:65;Durada:20" time="0.069"/>
    <testcase classname="testmeter.generalitat" name="Abril url i verificar capçalera_Fils:100;Rampup:65;Durada:20" time="0.155"/>
    <testcase classname="testmeter.generalitat" name="Abril url i verificar capçalera_Fils:100;Rampup:65;Durada:20" time="0.025"/>
    <testcase classname="testmeter.generalitat" name="TestNegatiu_Abril url i verificar capçalera_Fils:100;Rampup:65;Durada:20" time="0.025">
        <failure message="Not Found">Test failed: text expected to contain /Model de Qualitat de Solucions/</failure>
    </testcase>
    <testcase classname="testmeter.generalitat" name="Abril url i verificar capçalera_Fils:100;Rampup:65;Durada:20" time="0.026"/>
    <testcase classname="testmeter.generalitat" name="Abril url i verificar capçalera_Fils:100;Rampup:65;Durada:20" time="0.026"/>
    <testcase classname="testmeter.generalitat" name="TestNegatiu_Abril url i verificar capçalera_Fils:100;Rampup:65;Durada:20" time="0.031">
        <failure message="Not Found">Test failed: text expected to contain /Model de Qualitat de Solucions/</failure>
    </testcase>
    <testcase classname="testmeter.generalitat" name="TestNegatiu_Abril url i verificar capçalera_Fils:100;Rampup:65;Durada:20" time="0.025">
        <failure message="Not Found">Test failed: text expected to contain /Model de Qualitat de Solucions/</failure>
    </testcase>
    <testcase classname="testmeter.generalitat" name="TestNegatiu_Abril url i verificar capçalera_Fils:100;Rampup:65;Durada:20" time="0.024">
        <failure message="Not Found">Test failed: text expected to contain /Model de Qualitat de Solucions/</failure>
    </testcase>
    <testcase classname="testmeter.generalitat" name="Abril url i verificar capçalera_Fils:100;Rampup:65;Durada:20" time="0.031"/>
    <testcase classname="testmeter.generalitat" name="Abril url i verificar capçalera_Fils:100;Rampup:65;Durada:20" time="0.031"/>
    <testcase classname="testmeter.generalitat" name="Abril url i verificar capçalera_Fils:100;Rampup:65;Durada:20" time="0.031"/>
    <testcase classname="testmeter.generalitat" name="TestNegatiu_Abril url i verificar capçalera_Fils:100;Rampup:65;Durada:20" time="0.024">
        <failure message="Not Found">Test failed: text expected to contain /Model de Qualitat de Solucions/</failure>
    </testcase>
    <testcase classname="testmeter.generalitat" name="Abril url i verificar capçalera_Fils:100;Rampup:65;Durada:20" time="0.060"/>
    <testcase classname="testmeter.generalitat" name="TestNegatiu_Abril url i verificar capçalera_Fils:100;Rampup:65;Durada:20" time="0.026">
        <failure message="Not Found">Test failed: text expected to contain /Model de Qualitat de Solucions/</failure>
    </testcase>
    <testcase classname="testmeter.generalitat" name="TestNegatiu_Abril url i verificar capçalera_Fils:100;Rampup:65;Durada:20" time="0.024">
        <failure message="Not Found">Test failed: text expected to contain /Model de Qualitat de Solucions/</failure>
    </testcase>
    <testcase classname="testmeter.generalitat" name="TestNegatiu_Abril url i verificar capçalera_Fils:100;Rampup:65;Durada:20" time="0.024">
        <failure message="Not Found">Test failed: text expected to contain /Model de Qualitat de Solucions/</failure>
    </testcase>
    <testcase classname="testmeter.generalitat" name="TestNegatiu_Abril url i verificar capçalera_Fils:100;Rampup:65;Durada:20" time="0.025">
        <failure message="Not Found">Test failed: text expected to contain /Model de Qualitat de Solucions/</failure>
    </testcase>
    <testcase classname="testmeter.generalitat" name="TestNegatiu_Abril url i verificar capçalera_Fils:100;Rampup:65;Durada:20" time="0.025">
        <failure message="Not Found">Test failed: text expected to contain /Model de Qualitat de Solucions/</failure>
    </testcase>
    <testcase classname="testmeter.generalitat" name="Abril url i verificar capçalera_Fils:100;Rampup:65;Durada:20" time="0.028"/>
    <testcase classname="testmeter.generalitat" name="Abril url i verificar capçalera_Fils:100;Rampup:65;Durada:20" time="0.075"/>
    <testcase classname="testmeter.generalitat" name="Abril url i verificar capçalera_Fils:100;Rampup:65;Durada:20" time="0.027"/>
    <testcase classname="testmeter.generalitat" name="Abril url i verificar capçalera_Fils:100;Rampup:65;Durada:20" time="0.066"/>
    <testcase classname="testmeter.generalitat" name="Abril url i verificar capçalera_Fils:100;Rampup:65;Durada:20" time="0.048"/>
    <testcase classname="testmeter.generalitat" name="Abril url i verificar capçalera_Fils:100;Rampup:65;Durada:20" time="0.028"/>
    <testcase classname="testmeter.generalitat" name="TestNegatiu_Abril url i verificar capçalera_Fils:100;Rampup:65;Durada:20" time="0.064">
        <failure message="Not Found">Test failed: text expected to contain /Model de Qualitat de Solucions/</failure>
    </testcase>
    <testcase classname="testmeter.generalitat" name="Abril url i verificar capçalera_Fils:100;Rampup:65;Durada:20" time="0.026"/>
    <testcase classname="testmeter.generalitat" name="Abril url i verificar capçalera_Fils:100;Rampup:65;Durada:20" time="0.027"/>
    <testcase classname="testmeter.generalitat" name="TestNegatiu_Abril url i verificar capçalera_Fils:100;Rampup:65;Durada:20" time="0.038">
        <failure message="Not Found">Test failed: text expected to contain /Model de Qualitat de Solucions/</failure>
    </testcase>
    <testcase classname="testmeter.generalitat" name="Abril url i verificar capçalera_Fils:100;Rampup:65;Durada:20" time="0.025"/>
    <testcase classname="testmeter.generalitat" name="Abril url i verificar capçalera_Fils:100;Rampup:65;Durada:20" time="0.029"/>
    <testcase classname="testmeter.generalitat" name="Abril url i verificar capçalera_Fils:100;Rampup:65;Durada:20" time="0.030"/>
    <testcase classname="testmeter.generalitat" name="TestNegatiu_Abril url i verificar capçalera_Fils:100;Rampup:65;Durada:20" time="0.027">
        <failure message="Not Found">Test failed: text expected to contain /Model de Qualitat de Solucions/</failure>
    </testcase>
    <testcase classname="testmeter.generalitat" name="TestNegatiu_Abril url i verificar capçalera_Fils:100;Rampup:65;Durada:20" time="0.027">
        <failure message="Not Found">Test failed: text expected to contain /Model de Qualitat de Solucions/</failure>
    </testcase>
    <testcase classname="testmeter.generalitat" name="TestNegatiu_Abril url i verificar capçalera_Fils:100;Rampup:65;Durada:20" time="0.028">
        <failure message="Not Found">Test failed: text expected to contain /Model de Qualitat de Solucions/</failure>
    </testcase>
    <testcase classname="testmeter.generalitat" name="TestNegatiu_Abril url i verificar capçalera_Fils:100;Rampup:65;Durada:20" time="0.028">
        <failure message="Not Found">Test failed: text expected to contain /Model de Qualitat de Solucions/</failure>
    </testcase>
    <testcase classname="testmeter.generalitat" name="TestNegatiu_Abril url i verificar capçalera_Fils:100;Rampup:65;Durada:20" time="0.026">
        <failure message="Not Found">Test failed: text expected to contain /Model de Qualitat de Solucions/</failure>
    </testcase>
    <testcase classname="testmeter.generalitat" name="Abril url i verificar capçalera_Fils:100;Rampup:65;Durada:20" time="0.064"/>
    <testcase classname="testmeter.generalitat" name="TestNegatiu_Abril url i verificar capçalera_Fils:100;Rampup:65;Durada:20" time="0.027">
        <failure message="Not Found">Test failed: text expected to contain /Model de Qualitat de Solucions/</failure>
    </testcase>
    <testcase classname="testmeter.generalitat" name="TestNegatiu_Abril url i verificar capçalera_Fils:100;Rampup:65;Durada:20" time="0.028">
        <failure message="Not Found">Test failed: text expected to contain /Model de Qualitat de Solucions/</failure>
    </testcase>
    <testcase classname="testmeter.generalitat" name="TestNegatiu_Abril url i verificar capçalera_Fils:100;Rampup:65;Durada:20" time="0.040">
        <failure message="Not Found">Test failed: text expected to contain /Model de Qualitat de Solucions/</failure>
    </testcase>
    <testcase classname="testmeter.generalitat" name="TestNegatiu_Abril url i verificar capçalera_Fils:100;Rampup:65;Durada:20" time="0.021">
        <failure message="Not Found">Test failed: text expected to contain /Model de Qualitat de Solucions/</failure>
    </testcase>
    <testcase classname="testmeter.generalitat" name="Abril url i verificar capçalera_Fils:100;Rampup:65;Durada:20" time="0.148"/>
    <testcase classname="testmeter.generalitat" name="TestNegatiu_Abril url i verificar capçalera_Fils:100;Rampup:65;Durada:20" time="0.024">
        <failure message="Not Found">Test failed: text expected to contain /Model de Qualitat de Solucions/</failure>
    </testcase>
    <testcase classname="testmeter.generalitat" name="TestNegatiu_Abril url i verificar capçalera_Fils:100;Rampup:65;Durada:20" time="0.024">
        <failure message="Not Found">Test failed: text expected to contain /Model de Qualitat de Solucions/</failure>
    </testcase>
    <testcase classname="testmeter.generalitat" name="Abril url i verificar capçalera_Fils:100;Rampup:65;Durada:20" time="0.026"/>
    <testcase classname="testmeter.generalitat" name="TestNegatiu_Abril url i verificar capçalera_Fils:100;Rampup:65;Durada:20" time="0.024">
        <failure message="Not Found">Test failed: text expected to contain /Model de Qualitat de Solucions/</failure>
    </testcase>
    <testcase classname="testmeter.generalitat" name="Abril url i verificar capçalera_Fils:100;Rampup:65;Durada:20" time="0.030"/>
    <testcase classname="testmeter.generalitat" name="Abril url i verificar capçalera_Fils:100;Rampup:65;Durada:20" time="0.027"/>
    <testcase classname="testmeter.generalitat" name="TestNegatiu_Abril url i verificar capçalera_Fils:100;Rampup:65;Durada:20" time="0.026">
        <failure message="Not Found">Test failed: text expected to contain /Model de Qualitat de Solucions/</failure>
    </testcase>
    <testcase classname="testmeter.generalitat" name="Abril url i verificar capçalera_Fils:100;Rampup:65;Durada:20" time="0.030"/>
    <testcase classname="testmeter.generalitat" name="Abril url i verificar capçalera_Fils:100;Rampup:65;Durada:20" time="0.025"/>
    <testcase classname="testmeter.generalitat" name="Abril url i verificar capçalera_Fils:100;Rampup:65;Durada:20" time="0.062"/>
    <testcase classname="testmeter.generalitat" name="Abril url i verificar capçalera_Fils:100;Rampup:65;Durada:20" time="0.023"/>
    <testcase classname="testmeter.generalitat" name="Abril url i verificar capçalera_Fils:100;Rampup:65;Durada:20" time="0.024"/>
    <testcase classname="testmeter.generalitat" name="Abril url i verificar capçalera_Fils:100;Rampup:65;Durada:20" time="0.051"/>
    <testcase classname="testmeter.generalitat" name="Abril url i verificar capçalera_Fils:100;Rampup:65;Durada:20" time="0.053"/>
    <testcase classname="testmeter.generalitat" name="TestNegatiu_Abril url i verificar capçalera_Fils:100;Rampup:65;Durada:20" time="0.025">
        <failure message="Not Found">Test failed: text expected to contain /Model de Qualitat de Solucions/</failure>
    </testcase>
    <testcase classname="testmeter.generalitat" name="TestNegatiu_Abril url i verificar capçalera_Fils:100;Rampup:65;Durada:20" time="0.025">
        <failure message="Not Found">Test failed: text expected to contain /Model de Qualitat de Solucions/</failure>
    </testcase>
    <testcase classname="testmeter.generalitat" name="TestNegatiu_Abril url i verificar capçalera_Fils:100;Rampup:65;Durada:20" time="0.022">
        <failure message="Not Found">Test failed: text expected to contain /Model de Qualitat de Solucions/</failure>
    </testcase>
    <testcase classname="testmeter.generalitat" name="TestNegatiu_Abril url i verificar capçalera_Fils:100;Rampup:65;Durada:20" time="0.032">
        <failure message="Not Found">Test failed: text expected to contain /Model de Qualitat de Solucions/</failure>
    </testcase>
    <testcase classname="testmeter.generalitat" name="TestNegatiu_Abril url i verificar capçalera_Fils:100;Rampup:65;Durada:20" time="0.024">
        <failure message="Not Found">Test failed: text expected to contain /Model de Qualitat de Solucions/</failure>
    </testcase>
    <testcase classname="testmeter.generalitat" name="TestNegatiu_Abril url i verificar capçalera_Fils:100;Rampup:65;Durada:20" time="0.031">
        <failure message="Not Found">Test failed: text expected to contain /Model de Qualitat de Solucions/</failure>
    </testcase>
    <testcase classname="testmeter.generalitat" name="TestNegatiu_Abril url i verificar capçalera_Fils:100;Rampup:65;Durada:20" time="0.025">
        <failure message="Not Found">Test failed: text expected to contain /Model de Qualitat de Solucions/</failure>
    </testcase>
    <testcase classname="testmeter.generalitat" name="TestNegatiu_Abril url i verificar capçalera_Fils:100;Rampup:65;Durada:20" time="0.029">
        <failure message="Not Found">Test failed: text expected to contain /Model de Qualitat de Solucions/</failure>
    </testcase>
    <testcase classname="testmeter.generalitat" name="TestNegatiu_Abril url i verificar capçalera_Fils:100;Rampup:65;Durada:20" time="0.028">
        <failure message="Not Found">Test failed: text expected to contain /Model de Qualitat de Solucions/</failure>
    </testcase>
    <testcase classname="testmeter.generalitat" name="TestNegatiu_Abril url i verificar capçalera_Fils:100;Rampup:65;Durada:20" time="0.032">
        <failure message="Not Found">Test failed: text expected to contain /Model de Qualitat de Solucions/</failure>
    </testcase>
    <testcase classname="testmeter.generalitat" name="Abril url i verificar capçalera_Fils:100;Rampup:65;Durada:20" time="0.029"/>
    <testcase classname="testmeter.generalitat" name="Abril url i verificar capçalera_Fils:100;Rampup:65;Durada:20" time="0.031"/>
    <testcase classname="testmeter.generalitat" name="Abril url i verificar capçalera_Fils:100;Rampup:65;Durada:20" time="0.076"/>
    <testcase classname="testmeter.generalitat" name="Abril url i verificar capçalera_Fils:100;Rampup:65;Durada:20" time="0.089"/>
    <testcase classname="testmeter.generalitat" name="Abril url i verificar capçalera_Fils:100;Rampup:65;Durada:20" time="0.047"/>
    <testcase classname="testmeter.generalitat" name="Abril url i verificar capçalera_Fils:100;Rampup:65;Durada:20" time="0.024"/>
    <testcase classname="testmeter.generalitat" name="Abril url i verificar capçalera_Fils:100;Rampup:65;Durada:20" time="0.064"/>
    <testcase classname="testmeter.generalitat" name="Abril url i verificar capçalera_Fils:100;Rampup:65;Durada:20" time="0.116"/>
    <testcase classname="testmeter.generalitat" name="Abril url i verificar capçalera_Fils:100;Rampup:65;Durada:20" time="0.029"/>
    <testcase classname="testmeter.generalitat" name="Abril url i verificar capçalera_Fils:100;Rampup:65;Durada:20" time="0.028"/>
    <testcase classname="testmeter.generalitat" name="Abril url i verificar capçalera_Fils:100;Rampup:65;Durada:20" time="0.026"/>
    <testcase classname="testmeter.generalitat" name="Abril url i verificar capçalera_Fils:100;Rampup:65;Durada:20" time="0.025"/>
    <testcase classname="testmeter.generalitat" name="TestNegatiu_Abril url i verificar capçalera_Fils:100;Rampup:65;Durada:20" time="0.026">
        <failure message="Not Found">Test failed: text expected to contain /Model de Qualitat de Solucions/</failure>
    </testcase>
    <testcase classname="testmeter.generalitat" name="TestNegatiu_Abril url i verificar capçalera_Fils:100;Rampup:65;Durada:20" time="0.026">
        <failure message="Not Found">Test failed: text expected to contain /Model de Qualitat de Solucions/</failure>
    </testcase>
    <testcase classname="testmeter.generalitat" name="TestNegatiu_Abril url i verificar capçalera_Fils:100;Rampup:65;Durada:20" time="0.024">
        <failure message="Not Found">Test failed: text expected to contain /Model de Qualitat de Solucions/</failure>
    </testcase>
    <testcase classname="testmeter.generalitat" name="TestNegatiu_Abril url i verificar capçalera_Fils:100;Rampup:65;Durada:20" time="0.022">
        <failure message="Not Found">Test failed: text expected to contain /Model de Qualitat de Solucions/</failure>
    </testcase>
    <testcase classname="testmeter.generalitat" name="TestNegatiu_Abril url i verificar capçalera_Fils:100;Rampup:65;Durada:20" time="0.024">
        <failure message="Not Found">Test failed: text expected to contain /Model de Qualitat de Solucions/</failure>
    </testcase>
    <testcase classname="testmeter.generalitat" name="Abril url i verificar capçalera_Fils:100;Rampup:65;Durada:20" time="0.045"/>
    <testcase classname="testmeter.generalitat" name="TestNegatiu_Abril url i verificar capçalera_Fils:100;Rampup:65;Durada:20" time="0.023">
        <failure message="Not Found">Test failed: text expected to contain /Model de Qualitat de Solucions/</failure>
    </testcase>
    <testcase classname="testmeter.generalitat" name="TestNegatiu_Abril url i verificar capçalera_Fils:100;Rampup:65;Durada:20" time="0.026">
        <failure message="Not Found">Test failed: text expected to contain /Model de Qualitat de Solucions/</failure>
    </testcase>
    <testcase classname="testmeter.generalitat" name="TestNegatiu_Abril url i verificar capçalera_Fils:100;Rampup:65;Durada:20" time="0.044">
        <failure message="Not Found">Test failed: text expected to contain /Model de Qualitat de Solucions/</failure>
    </testcase>
    <testcase classname="testmeter.generalitat" name="TestNegatiu_Abril url i verificar capçalera_Fils:100;Rampup:65;Durada:20" time="0.026">
        <failure message="Not Found">Test failed: text expected to contain /Model de Qualitat de Solucions/</failure>
    </testcase>
    <testcase classname="testmeter.generalitat" name="Abril url i verificar capçalera_Fils:100;Rampup:65;Durada:20" time="0.051"/>
    <testcase classname="testmeter.generalitat" name="TestNegatiu_Abril url i verificar capçalera_Fils:100;Rampup:65;Durada:20" time="0.023">
        <failure message="Not Found">Test failed: text expected to contain /Model de Qualitat de Solucions/</failure>
    </testcase>
    <testcase classname="testmeter.generalitat" name="TestNegatiu_Abril url i verificar capçalera_Fils:100;Rampup:65;Durada:20" time="0.048">
        <failure message="Not Found">Test failed: text expected to contain /Model de Qualitat de Solucions/</failure>
    </testcase>
    <testcase classname="testmeter.generalitat" name="TestNegatiu_Abril url i verificar capçalera_Fils:100;Rampup:65;Durada:20" time="0.045">
        <failure message="Not Found">Test failed: text expected to contain /Model de Qualitat de Solucions/</failure>
    </testcase>
    <testcase classname="testmeter.generalitat" name="Abril url i verificar capçalera_Fils:100;Rampup:65;Durada:20" time="0.026"/>
    <testcase classname="testmeter.generalitat" name="Abril url i verificar capçalera_Fils:100;Rampup:65;Durada:20" time="0.025"/>
    <testcase classname="testmeter.generalitat" name="Abril url i verificar capçalera_Fils:100;Rampup:65;Durada:20" time="0.026"/>
    <testcase classname="testmeter.generalitat" name="Abril url i verificar capçalera_Fils:100;Rampup:65;Durada:20" time="0.062"/>
    <testcase classname="testmeter.generalitat" name="TestNegatiu_Abril url i verificar capçalera_Fils:100;Rampup:65;Durada:20" time="0.025">
        <failure message="Not Found">Test failed: text expected to contain /Model de Qualitat de Solucions/</failure>
    </testcase>
    <testcase classname="testmeter.generalitat" name="Abril url i verificar capçalera_Fils:100;Rampup:65;Durada:20" time="0.023"/>
    <testcase classname="testmeter.generalitat" name="Abril url i verificar capçalera_Fils:100;Rampup:65;Durada:20" time="0.027"/>
    <testcase classname="testmeter.generalitat" name="Abril url i verificar capçalera_Fils:100;Rampup:65;Durada:20" time="0.027"/>
    <testcase classname="testmeter.generalitat" name="Abril url i verificar capçalera_Fils:100;Rampup:65;Durada:20" time="0.026"/>
    <testcase classname="testmeter.generalitat" name="Abril url i verificar capçalera_Fils:100;Rampup:65;Durada:20" time="0.045"/>
    <testcase classname="testmeter.generalitat" name="TestNegatiu_Abril url i verificar capçalera_Fils:100;Rampup:65;Durada:20" time="0.031">
        <failure message="Not Found">Test failed: text expected to contain /Model de Qualitat de Solucions/</failure>
    </testcase>
    <testcase classname="testmeter.generalitat" name="TestNegatiu_Abril url i verificar capçalera_Fils:100;Rampup:65;Durada:20" time="0.021">
        <failure message="Not Found">Test failed: text expected to contain /Model de Qualitat de Solucions/</failure>
    </testcase>
    <testcase classname="testmeter.generalitat" name="TestNegatiu_Abril url i verificar capçalera_Fils:100;Rampup:65;Durada:20" time="0.022">
        <failure message="Not Found">Test failed: text expected to contain /Model de Qualitat de Solucions/</failure>
    </testcase>
    <testcase classname="testmeter.generalitat" name="TestNegatiu_Abril url i verificar capçalera_Fils:100;Rampup:65;Durada:20" time="0.023">
        <failure message="Not Found">Test failed: text expected to contain /Model de Qualitat de Solucions/</failure>
    </testcase>
    <testcase classname="testmeter.generalitat" name="TestNegatiu_Abril url i verificar capçalera_Fils:100;Rampup:65;Durada:20" time="0.028">
        <failure message="Not Found">Test failed: text expected to contain /Model de Qualitat de Solucions/</failure>
    </testcase>
    <testcase classname="testmeter.generalitat" name="TestNegatiu_Abril url i verificar capçalera_Fils:100;Rampup:65;Durada:20" time="0.021">
        <failure message="Not Found">Test failed: text expected to contain /Model de Qualitat de Solucions/</failure>
    </testcase>
    <testcase classname="testmeter.generalitat" name="TestNegatiu_Abril url i verificar capçalera_Fils:100;Rampup:65;Durada:20" time="0.022">
        <failure message="Not Found">Test failed: text expected to contain /Model de Qualitat de Solucions/</failure>
    </testcase>
    <testcase classname="testmeter.generalitat" name="TestNegatiu_Abril url i verificar capçalera_Fils:100;Rampup:65;Durada:20" time="0.027">
        <failure message="Not Found">Test failed: text expected to contain /Model de Qualitat de Solucions/</failure>
    </testcase>
    <testcase classname="testmeter.generalitat" name="TestNegatiu_Abril url i verificar capçalera_Fils:100;Rampup:65;Durada:20" time="0.026">
        <failure message="Not Found">Test failed: text expected to contain /Model de Qualitat de Solucions/</failure>
    </testcase>
    <testcase classname="testmeter.generalitat" name="TestNegatiu_Abril url i verificar capçalera_Fils:100;Rampup:65;Durada:20" time="0.028">
        <failure message="Not Found">Test failed: text expected to contain /Model de Qualitat de Solucions/</failure>
    </testcase>
    <testcase classname="testmeter.generalitat" name="Abril url i verificar capçalera_Fils:100;Rampup:65;Durada:20" time="0.068"/>
    <testcase classname="testmeter.generalitat" name="Abril url i verificar capçalera_Fils:100;Rampup:65;Durada:20" time="0.024"/>
    <testcase classname="testmeter.generalitat" name="Abril url i verificar capçalera_Fils:100;Rampup:65;Durada:20" time="0.045"/>
    <testcase classname="testmeter.generalitat" name="Abril url i verificar capçalera_Fils:100;Rampup:65;Durada:20" time="0.026"/>
    <testcase classname="testmeter.generalitat" name="Abril url i verificar capçalera_Fils:100;Rampup:65;Durada:20" time="0.025"/>
    <testcase classname="testmeter.generalitat" name="Abril url i verificar capçalera_Fils:100;Rampup:65;Durada:20" time="0.035"/>
    <testcase classname="testmeter.generalitat" name="Abril url i verificar capçalera_Fils:100;Rampup:65;Durada:20" time="0.074"/>
    <testcase classname="testmeter.generalitat" name="Abril url i verificar capçalera_Fils:100;Rampup:65;Durada:20" time="0.024"/>
    <testcase classname="testmeter.generalitat" name="TestNegatiu_Abril url i verificar capçalera_Fils:100;Rampup:65;Durada:20" time="0.028">
        <failure message="Not Found">Test failed: text expected to contain /Model de Qualitat de Solucions/</failure>
    </testcase>
    <testcase classname="testmeter.generalitat" name="TestNegatiu_Abril url i verificar capçalera_Fils:100;Rampup:65;Durada:20" time="0.026">
        <failure message="Not Found">Test failed: text expected to contain /Model de Qualitat de Solucions/</failure>
    </testcase>
    <testcase classname="testmeter.generalitat" name="Abril url i verificar capçalera_Fils:100;Rampup:65;Durada:20" time="0.027"/>
    <testcase classname="testmeter.generalitat" name="TestNegatiu_Abril url i verificar capçalera_Fils:100;Rampup:65;Durada:20" time="0.024">
        <failure message="Not Found">Test failed: text expected to contain /Model de Qualitat de Solucions/</failure>
    </testcase>
    <testcase classname="testmeter.generalitat" name="TestNegatiu_Abril url i verificar capçalera_Fils:100;Rampup:65;Durada:20" time="0.024">
        <failure message="Not Found">Test failed: text expected to contain /Model de Qualitat de Solucions/</failure>
    </testcase>
    <testcase classname="testmeter.generalitat" name="Abril url i verificar capçalera_Fils:100;Rampup:65;Durada:20" time="0.053"/>
    <testcase classname="testmeter.generalitat" name="Abril url i verificar capçalera_Fils:100;Rampup:65;Durada:20" time="0.028"/>
    <testcase classname="testmeter.generalitat" name="Abril url i verificar capçalera_Fils:100;Rampup:65;Durada:20" time="0.029"/>
    <testcase classname="testmeter.generalitat" name="TestNegatiu_Abril url i verificar capçalera_Fils:100;Rampup:65;Durada:20" time="0.021">
        <failure message="Not Found">Test failed: text expected to contain /Model de Qualitat de Solucions/</failure>
    </testcase>
    <testcase classname="testmeter.generalitat" name="Abril url i verificar capçalera_Fils:100;Rampup:65;Durada:20" time="0.060"/>
    <testcase classname="testmeter.generalitat" name="Abril url i verificar capçalera_Fils:100;Rampup:65;Durada:20" time="0.091"/>
    <testcase classname="testmeter.generalitat" name="TestNegatiu_Abril url i verificar capçalera_Fils:100;Rampup:65;Durada:20" time="0.025">
        <failure message="Not Found">Test failed: text expected to contain /Model de Qualitat de Solucions/</failure>
    </testcase>
    <testcase classname="testmeter.generalitat" name="TestNegatiu_Abril url i verificar capçalera_Fils:100;Rampup:65;Durada:20" time="0.028">
        <failure message="Not Found">Test failed: text expected to contain /Model de Qualitat de Solucions/</failure>
    </testcase>
    <testcase classname="testmeter.generalitat" name="Abril url i verificar capçalera_Fils:100;Rampup:65;Durada:20" time="0.102"/>
    <testcase classname="testmeter.generalitat" name="TestNegatiu_Abril url i verificar capçalera_Fils:100;Rampup:65;Durada:20" time="0.024">
        <failure message="Not Found">Test failed: text expected to contain /Model de Qualitat de Solucions/</failure>
    </testcase>
    <testcase classname="testmeter.generalitat" name="Abril url i verificar capçalera_Fils:100;Rampup:65;Durada:20" time="0.023"/>
    <testcase classname="testmeter.generalitat" name="TestNegatiu_Abril url i verificar capçalera_Fils:100;Rampup:65;Durada:20" time="0.025">
        <failure message="Not Found">Test failed: text expected to contain /Model de Qualitat de Solucions/</failure>
    </testcase>
    <testcase classname="testmeter.generalitat" name="TestNegatiu_Abril url i verificar capçalera_Fils:100;Rampup:65;Durada:20" time="0.031">
        <failure message="Not Found">Test failed: text expected to contain /Model de Qualitat de Solucions/</failure>
    </testcase>
    <testcase classname="testmeter.generalitat" name="TestNegatiu_Abril url i verificar capçalera_Fils:100;Rampup:65;Durada:20" time="0.030">
        <failure message="Not Found">Test failed: text expected to contain /Model de Qualitat de Solucions/</failure>
    </testcase>
    <testcase classname="testmeter.generalitat" name="TestNegatiu_Abril url i verificar capçalera_Fils:100;Rampup:65;Durada:20" time="0.044">
        <failure message="Not Found">Test failed: text expected to contain /Model de Qualitat de Solucions/</failure>
    </testcase>
    <testcase classname="testmeter.generalitat" name="TestNegatiu_Abril url i verificar capçalera_Fils:100;Rampup:65;Durada:20" time="0.022">
        <failure message="Not Found">Test failed: text expected to contain /Model de Qualitat de Solucions/</failure>
    </testcase>
    <testcase classname="testmeter.generalitat" name="Abril url i verificar capçalera_Fils:100;Rampup:65;Durada:20" time="0.026"/>
    <testcase classname="testmeter.generalitat" name="Abril url i verificar capçalera_Fils:100;Rampup:65;Durada:20" time="0.031"/>
    <testcase classname="testmeter.generalitat" name="Abril url i verificar capçalera_Fils:100;Rampup:65;Durada:20" time="0.025"/>
    <testcase classname="testmeter.generalitat" name="TestNegatiu_Abril url i verificar capçalera_Fils:100;Rampup:65;Durada:20" time="0.023">
        <failure message="Not Found">Test failed: text expected to contain /Model de Qualitat de Solucions/</failure>
    </testcase>
    <testcase classname="testmeter.generalitat" name="Abril url i verificar capçalera_Fils:100;Rampup:65;Durada:20" time="0.045"/>
    <testcase classname="testmeter.generalitat" name="Abril url i verificar capçalera_Fils:100;Rampup:65;Durada:20" time="0.034"/>
    <testcase classname="testmeter.generalitat" name="Abril url i verificar capçalera_Fils:100;Rampup:65;Durada:20" time="0.027"/>
    <testcase classname="testmeter.generalitat" name="Abril url i verificar capçalera_Fils:100;Rampup:65;Durada:20" time="0.027"/>
    <testcase classname="testmeter.generalitat" name="TestNegatiu_Abril url i verificar capçalera_Fils:100;Rampup:65;Durada:20" time="0.044">
        <failure message="Not Found">Test failed: text expected to contain /Model de Qualitat de Solucions/</failure>
    </testcase>
    <testcase classname="testmeter.generalitat" name="TestNegatiu_Abril url i verificar capçalera_Fils:100;Rampup:65;Durada:20" time="0.027">
        <failure message="Not Found">Test failed: text expected to contain /Model de Qualitat de Solucions/</failure>
    </testcase>
    <testcase classname="testmeter.generalitat" name="Abril url i verificar capçalera_Fils:100;Rampup:65;Durada:20" time="0.028"/>
    <testcase classname="testmeter.generalitat" name="Abril url i verificar capçalera_Fils:100;Rampup:65;Durada:20" time="0.064"/>
    <testcase classname="testmeter.generalitat" name="TestNegatiu_Abril url i verificar capçalera_Fils:100;Rampup:65;Durada:20" time="0.031">
        <failure message="Not Found">Test failed: text expected to contain /Model de Qualitat de Solucions/</failure>
    </testcase>
    <testcase classname="testmeter.generalitat" name="TestNegatiu_Abril url i verificar capçalera_Fils:100;Rampup:65;Durada:20" time="0.023">
        <failure message="Not Found">Test failed: text expected to contain /Model de Qualitat de Solucions/</failure>
    </testcase>
    <testcase classname="testmeter.generalitat" name="TestNegatiu_Abril url i verificar capçalera_Fils:100;Rampup:65;Durada:20" time="0.047">
        <failure message="Not Found">Test failed: text expected to contain /Model de Qualitat de Solucions/</failure>
    </testcase>
    <testcase classname="testmeter.generalitat" name="Abril url i verificar capçalera_Fils:100;Rampup:65;Durada:20" time="0.023"/>
    <testcase classname="testmeter.generalitat" name="TestNegatiu_Abril url i verificar capçalera_Fils:100;Rampup:65;Durada:20" time="0.026">
        <failure message="Not Found">Test failed: text expected to contain /Model de Qualitat de Solucions/</failure>
    </testcase>
    <testcase classname="testmeter.generalitat" name="TestNegatiu_Abril url i verificar capçalera_Fils:100;Rampup:65;Durada:20" time="0.024">
        <failure message="Not Found">Test failed: text expected to contain /Model de Qualitat de Solucions/</failure>
    </testcase>
    <testcase classname="testmeter.generalitat" name="Abril url i verificar capçalera_Fils:100;Rampup:65;Durada:20" time="0.115"/>
    <testcase classname="testmeter.generalitat" name="TestNegatiu_Abril url i verificar capçalera_Fils:100;Rampup:65;Durada:20" time="0.026">
        <failure message="Not Found">Test failed: text expected to contain /Model de Qualitat de Solucions/</failure>
    </testcase>
    <testcase classname="testmeter.generalitat" name="Abril url i verificar capçalera_Fils:100;Rampup:65;Durada:20" time="0.047"/>
    <testcase classname="testmeter.generalitat" name="TestNegatiu_Abril url i verificar capçalera_Fils:100;Rampup:65;Durada:20" time="0.025">
        <failure message="Not Found">Test failed: text expected to contain /Model de Qualitat de Solucions/</failure>
    </testcase>
    <testcase classname="testmeter.generalitat" name="Abril url i verificar capçalera_Fils:100;Rampup:65;Durada:20" time="0.024"/>
    <testcase classname="testmeter.generalitat" name="TestNegatiu_Abril url i verificar capçalera_Fils:100;Rampup:65;Durada:20" time="0.027">
        <failure message="Not Found">Test failed: text expected to contain /Model de Qualitat de Solucions/</failure>
    </testcase>
    <testcase classname="testmeter.generalitat" name="TestNegatiu_Abril url i verificar capçalera_Fils:100;Rampup:65;Durada:20" time="0.027">
        <failure message="Not Found">Test failed: text expected to contain /Model de Qualitat de Solucions/</failure>
    </testcase>
    <testcase classname="testmeter.generalitat" name="TestNegatiu_Abril url i verificar capçalera_Fils:100;Rampup:65;Durada:20" time="0.022">
        <failure message="Not Found">Test failed: text expected to contain /Model de Qualitat de Solucions/</failure>
    </testcase>
    <testcase classname="testmeter.generalitat" name="Abril url i verificar capçalera_Fils:100;Rampup:65;Durada:20" time="0.024"/>
    <testcase classname="testmeter.generalitat" name="Abril url i verificar capçalera_Fils:100;Rampup:65;Durada:20" time="0.025"/>
    <testcase classname="testmeter.generalitat" name="Abril url i verificar capçalera_Fils:100;Rampup:65;Durada:20" time="0.058"/>
    <testcase classname="testmeter.generalitat" name="Abril url i verificar capçalera_Fils:100;Rampup:65;Durada:20" time="0.059"/>
    <testcase classname="testmeter.generalitat" name="TestNegatiu_Abril url i verificar capçalera_Fils:100;Rampup:65;Durada:20" time="0.025">
        <failure message="Not Found">Test failed: text expected to contain /Model de Qualitat de Solucions/</failure>
    </testcase>
    <testcase classname="testmeter.generalitat" name="TestNegatiu_Abril url i verificar capçalera_Fils:100;Rampup:65;Durada:20" time="0.025">
        <failure message="Not Found">Test failed: text expected to contain /Model de Qualitat de Solucions/</failure>
    </testcase>
    <testcase classname="testmeter.generalitat" name="Abril url i verificar capçalera_Fils:100;Rampup:65;Durada:20" time="0.026"/>
    <testcase classname="testmeter.generalitat" name="Abril url i verificar capçalera_Fils:100;Rampup:65;Durada:20" time="0.027"/>
    <testcase classname="testmeter.generalitat" name="Abril url i verificar capçalera_Fils:100;Rampup:65;Durada:20" time="0.026"/>
    <testcase classname="testmeter.generalitat" name="TestNegatiu_Abril url i verificar capçalera_Fils:100;Rampup:65;Durada:20" time="0.021">
        <failure message="Not Found">Test failed: text expected to contain /Model de Qualitat de Solucions/</failure>
    </testcase>
    <testcase classname="testmeter.generalitat" name="TestNegatiu_Abril url i verificar capçalera_Fils:100;Rampup:65;Durada:20" time="0.031">
        <failure message="Not Found">Test failed: text expected to contain /Model de Qualitat de Solucions/</failure>
    </testcase>
    <testcase classname="testmeter.generalitat" name="Abril url i verificar capçalera_Fils:100;Rampup:65;Durada:20" time="0.025"/>
    <testcase classname="testmeter.generalitat" name="TestNegatiu_Abril url i verificar capçalera_Fils:100;Rampup:65;Durada:20" time="0.024">
        <failure message="Not Found">Test failed: text expected to contain /Model de Qualitat de Solucions/</failure>
    </testcase>
    <testcase classname="testmeter.generalitat" name="TestNegatiu_Abril url i verificar capçalera_Fils:100;Rampup:65;Durada:20" time="0.027">
        <failure message="Not Found">Test failed: text expected to contain /Model de Qualitat de Solucions/</failure>
    </testcase>
    <testcase classname="testmeter.generalitat" name="Abril url i verificar capçalera_Fils:100;Rampup:65;Durada:20" time="0.032"/>
    <testcase classname="testmeter.generalitat" name="TestNegatiu_Abril url i verificar capçalera_Fils:100;Rampup:65;Durada:20" time="0.026">
        <failure message="Not Found">Test failed: text expected to contain /Model de Qualitat de Solucions/</failure>
    </testcase>
    <testcase classname="testmeter.generalitat" name="TestNegatiu_Abril url i verificar capçalera_Fils:100;Rampup:65;Durada:20" time="0.025">
        <failure message="Not Found">Test failed: text expected to contain /Model de Qualitat de Solucions/</failure>
    </testcase>
    <testcase classname="testmeter.generalitat" name="TestNegatiu_Abril url i verificar capçalera_Fils:100;Rampup:65;Durada:20" time="0.027">
        <failure message="Not Found">Test failed: text expected to contain /Model de Qualitat de Solucions/</failure>
    </testcase>
    <testcase classname="testmeter.generalitat" name="TestNegatiu_Abril url i verificar capçalera_Fils:100;Rampup:65;Durada:20" time="0.040">
        <failure message="Not Found">Test failed: text expected to contain /Model de Qualitat de Solucions/</failure>
    </testcase>
    <testcase classname="testmeter.generalitat" name="Abril url i verificar capçalera_Fils:100;Rampup:65;Durada:20" time="0.065"/>
    <testcase classname="testmeter.generalitat" name="Abril url i verificar capçalera_Fils:100;Rampup:65;Durada:20" time="0.026"/>
    <testcase classname="testmeter.generalitat" name="Abril url i verificar capçalera_Fils:100;Rampup:65;Durada:20" time="0.084"/>
    <testcase classname="testmeter.generalitat" name="TestNegatiu_Abril url i verificar capçalera_Fils:100;Rampup:65;Durada:20" time="0.024">
        <failure message="Not Found">Test failed: text expected to contain /Model de Qualitat de Solucions/</failure>
    </testcase>
    <testcase classname="testmeter.generalitat" name="TestNegatiu_Abril url i verificar capçalera_Fils:100;Rampup:65;Durada:20" time="0.024">
        <failure message="Not Found">Test failed: text expected to contain /Model de Qualitat de Solucions/</failure>
    </testcase>
    <testcase classname="testmeter.generalitat" name="Abril url i verificar capçalera_Fils:100;Rampup:65;Durada:20" time="0.028"/>
    <testcase classname="testmeter.generalitat" name="Abril url i verificar capçalera_Fils:100;Rampup:65;Durada:20" time="0.026"/>
    <testcase classname="testmeter.generalitat" name="Abril url i verificar capçalera_Fils:100;Rampup:65;Durada:20" time="0.047"/>
    <testcase classname="testmeter.generalitat" name="Abril url i verificar capçalera_Fils:100;Rampup:65;Durada:20" time="0.089"/>
    <testcase classname="testmeter.generalitat" name="Abril url i verificar capçalera_Fils:100;Rampup:65;Durada:20" time="0.055"/>
    <testcase classname="testmeter.generalitat" name="Abril url i verificar capçalera_Fils:100;Rampup:65;Durada:20" time="0.027"/>
    <testcase classname="testmeter.generalitat" name="TestNegatiu_Abril url i verificar capçalera_Fils:100;Rampup:65;Durada:20" time="0.021">
        <failure message="Not Found">Test failed: text expected to contain /Model de Qualitat de Solucions/</failure>
    </testcase>
    <testcase classname="testmeter.generalitat" name="Abril url i verificar capçalera_Fils:100;Rampup:65;Durada:20" time="0.072"/>
    <testcase classname="testmeter.generalitat" name="Abril url i verificar capçalera_Fils:100;Rampup:65;Durada:20" time="0.030"/>
    <testcase classname="testmeter.generalitat" name="Abril url i verificar capçalera_Fils:100;Rampup:65;Durada:20" time="0.029"/>
    <testcase classname="testmeter.generalitat" name="Abril url i verificar capçalera_Fils:100;Rampup:65;Durada:20" time="0.024"/>
    <testcase classname="testmeter.generalitat" name="TestNegatiu_Abril url i verificar capçalera_Fils:100;Rampup:65;Durada:20" time="0.025">
        <failure message="Not Found">Test failed: text expected to contain /Model de Qualitat de Solucions/</failure>
    </testcase>
    <testcase classname="testmeter.generalitat" name="TestNegatiu_Abril url i verificar capçalera_Fils:100;Rampup:65;Durada:20" time="0.025">
        <failure message="Not Found">Test failed: text expected to contain /Model de Qualitat de Solucions/</failure>
    </testcase>
    <testcase classname="testmeter.generalitat" name="Abril url i verificar capçalera_Fils:100;Rampup:65;Durada:20" time="0.027"/>
    <testcase classname="testmeter.generalitat" name="TestNegatiu_Abril url i verificar capçalera_Fils:100;Rampup:65;Durada:20" time="0.024">
        <failure message="Not Found">Test failed: text expected to contain /Model de Qualitat de Solucions/</failure>
    </testcase>
    <testcase classname="testmeter.generalitat" name="Abril url i verificar capçalera_Fils:100;Rampup:65;Durada:20" time="0.061"/>
    <testcase classname="testmeter.generalitat" name="TestNegatiu_Abril url i verificar capçalera_Fils:100;Rampup:65;Durada:20" time="0.044">
        <failure message="Not Found">Test failed: text expected to contain /Model de Qualitat de Solucions/</failure>
    </testcase>
    <testcase classname="testmeter.generalitat" name="TestNegatiu_Abril url i verificar capçalera_Fils:100;Rampup:65;Durada:20" time="0.043">
        <failure message="Not Found">Test failed: text expected to contain /Model de Qualitat de Solucions/</failure>
    </testcase>
    <testcase classname="testmeter.generalitat" name="TestNegatiu_Abril url i verificar capçalera_Fils:100;Rampup:65;Durada:20" time="0.065">
        <failure message="Not Found">Test failed: text expected to contain /Model de Qualitat de Solucions/</failure>
    </testcase>
    <testcase classname="testmeter.generalitat" name="TestNegatiu_Abril url i verificar capçalera_Fils:100;Rampup:65;Durada:20" time="0.062">
        <failure message="Not Found">Test failed: text expected to contain /Model de Qualitat de Solucions/</failure>
    </testcase>
    <testcase classname="testmeter.generalitat" name="TestNegatiu_Abril url i verificar capçalera_Fils:100;Rampup:65;Durada:20" time="0.037">
        <failure message="Not Found">Test failed: text expected to contain /Model de Qualitat de Solucions/</failure>
    </testcase>
    <testcase classname="testmeter.generalitat" name="TestNegatiu_Abril url i verificar capçalera_Fils:100;Rampup:65;Durada:20" time="0.041">
        <failure message="Not Found">Test failed: text expected to contain /Model de Qualitat de Solucions/</failure>
    </testcase>
    <testcase classname="testmeter.generalitat" name="TestNegatiu_Abril url i verificar capçalera_Fils:100;Rampup:65;Durada:20" time="0.040">
        <failure message="Not Found">Test failed: text expected to contain /Model de Qualitat de Solucions/</failure>
    </testcase>
    <testcase classname="testmeter.generalitat" name="TestNegatiu_Abril url i verificar capçalera_Fils:100;Rampup:65;Durada:20" time="0.041">
        <failure message="Not Found">Test failed: text expected to contain /Model de Qualitat de Solucions/</failure>
    </testcase>
    <testcase classname="testmeter.generalitat" name="TestNegatiu_Abril url i verificar capçalera_Fils:100;Rampup:65;Durada:20" time="0.050">
        <failure message="Not Found">Test failed: text expected to contain /Model de Qualitat de Solucions/</failure>
    </testcase>
    <testcase classname="testmeter.generalitat" name="TestNegatiu_Abril url i verificar capçalera_Fils:100;Rampup:65;Durada:20" time="0.031">
        <failure message="Not Found">Test failed: text expected to contain /Model de Qualitat de Solucions/</failure>
    </testcase>
    <testcase classname="testmeter.generalitat" name="TestNegatiu_Abril url i verificar capçalera_Fils:100;Rampup:65;Durada:20" time="0.026">
        <failure message="Not Found">Test failed: text expected to contain /Model de Qualitat de Solucions/</failure>
    </testcase>
    <testcase classname="testmeter.generalitat" name="Abril url i verificar capçalera_Fils:100;Rampup:65;Durada:20" time="0.031"/>
    <testcase classname="testmeter.generalitat" name="Abril url i verificar capçalera_Fils:100;Rampup:65;Durada:20" time="0.032"/>
    <testcase classname="testmeter.generalitat" name="Abril url i verificar capçalera_Fils:100;Rampup:65;Durada:20" time="0.071"/>
    <testcase classname="testmeter.generalitat" name="Abril url i verificar capçalera_Fils:100;Rampup:65;Durada:20" time="0.041"/>
    <testcase classname="testmeter.generalitat" name="TestNegatiu_Abril url i verificar capçalera_Fils:100;Rampup:65;Durada:20" time="0.022">
        <failure message="Not Found">Test failed: text expected to contain /Model de Qualitat de Solucions/</failure>
    </testcase>
    <testcase classname="testmeter.generalitat" name="Abril url i verificar capçalera_Fils:100;Rampup:65;Durada:20" time="0.054"/>
    <testcase classname="testmeter.generalitat" name="TestNegatiu_Abril url i verificar capçalera_Fils:100;Rampup:65;Durada:20" time="0.026">
        <failure message="Not Found">Test failed: text expected to contain /Model de Qualitat de Solucions/</failure>
    </testcase>
    <testcase classname="testmeter.generalitat" name="TestNegatiu_Abril url i verificar capçalera_Fils:100;Rampup:65;Durada:20" time="0.028">
        <failure message="Not Found">Test failed: text expected to contain /Model de Qualitat de Solucions/</failure>
    </testcase>
    <testcase classname="testmeter.generalitat" name="TestNegatiu_Abril url i verificar capçalera_Fils:100;Rampup:65;Durada:20" time="0.029">
        <failure message="Not Found">Test failed: text expected to contain /Model de Qualitat de Solucions/</failure>
    </testcase>
    <testcase classname="testmeter.generalitat" name="Abril url i verificar capçalera_Fils:100;Rampup:65;Durada:20" time="0.031"/>
    <testcase classname="testmeter.generalitat" name="Abril url i verificar capçalera_Fils:100;Rampup:65;Durada:20" time="0.033"/>
    <testcase classname="testmeter.generalitat" name="Abril url i verificar capçalera_Fils:100;Rampup:65;Durada:20" time="0.033"/>
    <testcase classname="testmeter.generalitat" name="Abril url i verificar capçalera_Fils:100;Rampup:65;Durada:20" time="0.037"/>
    <testcase classname="testmeter.generalitat" name="Abril url i verificar capçalera_Fils:100;Rampup:65;Durada:20" time="0.034"/>
    <testcase classname="testmeter.generalitat" name="Abril url i verificar capçalera_Fils:100;Rampup:65;Durada:20" time="0.054"/>
    <testcase classname="testmeter.generalitat" name="TestNegatiu_Abril url i verificar capçalera_Fils:100;Rampup:65;Durada:20" time="0.028">
        <failure message="Not Found">Test failed: text expected to contain /Model de Qualitat de Solucions/</failure>
    </testcase>
    <testcase classname="testmeter.generalitat" name="Abril url i verificar capçalera_Fils:100;Rampup:65;Durada:20" time="0.024"/>
    <testcase classname="testmeter.generalitat" name="Abril url i verificar capçalera_Fils:100;Rampup:65;Durada:20" time="0.057"/>
    <testcase classname="testmeter.generalitat" name="TestNegatiu_Abril url i verificar capçalera_Fils:100;Rampup:65;Durada:20" time="0.025">
        <failure message="Not Found">Test failed: text expected to contain /Model de Qualitat de Solucions/</failure>
    </testcase>
    <testcase classname="testmeter.generalitat" name="Abril url i verificar capçalera_Fils:100;Rampup:65;Durada:20" time="0.027"/>
    <testcase classname="testmeter.generalitat" name="Abril url i verificar capçalera_Fils:100;Rampup:65;Durada:20" time="0.027"/>
    <testcase classname="testmeter.generalitat" name="TestNegatiu_Abril url i verificar capçalera_Fils:100;Rampup:65;Durada:20" time="0.023">
        <failure message="Not Found">Test failed: text expected to contain /Model de Qualitat de Solucions/</failure>
    </testcase>
    <testcase classname="testmeter.generalitat" name="Abril url i verificar capçalera_Fils:100;Rampup:65;Durada:20" time="0.064"/>
    <testcase classname="testmeter.generalitat" name="TestNegatiu_Abril url i verificar capçalera_Fils:100;Rampup:65;Durada:20" time="0.026">
        <failure message="Not Found">Test failed: text expected to contain /Model de Qualitat de Solucions/</failure>
    </testcase>
    <testcase classname="testmeter.generalitat" name="TestNegatiu_Abril url i verificar capçalera_Fils:100;Rampup:65;Durada:20" time="0.024">
        <failure message="Not Found">Test failed: text expected to contain /Model de Qualitat de Solucions/</failure>
    </testcase>
    <testcase classname="testmeter.generalitat" name="TestNegatiu_Abril url i verificar capçalera_Fils:100;Rampup:65;Durada:20" time="0.025">
        <failure message="Not Found">Test failed: text expected to contain /Model de Qualitat de Solucions/</failure>
    </testcase>
    <testcase classname="testmeter.generalitat" name="Abril url i verificar capçalera_Fils:100;Rampup:65;Durada:20" time="0.078"/>
    <testcase classname="testmeter.generalitat" name="TestNegatiu_Abril url i verificar capçalera_Fils:100;Rampup:65;Durada:20" time="0.027">
        <failure message="Not Found">Test failed: text expected to contain /Model de Qualitat de Solucions/</failure>
    </testcase>
    <testcase classname="testmeter.generalitat" name="TestNegatiu_Abril url i verificar capçalera_Fils:100;Rampup:65;Durada:20" time="0.023">
        <failure message="Not Found">Test failed: text expected to contain /Model de Qualitat de Solucions/</failure>
    </testcase>
    <testcase classname="testmeter.generalitat" name="TestNegatiu_Abril url i verificar capçalera_Fils:100;Rampup:65;Durada:20" time="0.027">
        <failure message="Not Found">Test failed: text expected to contain /Model de Qualitat de Solucions/</failure>
    </testcase>
    <testcase classname="testmeter.generalitat" name="TestNegatiu_Abril url i verificar capçalera_Fils:100;Rampup:65;Durada:20" time="0.024">
        <failure message="Not Found">Test failed: text expected to contain /Model de Qualitat de Solucions/</failure>
    </testcase>
    <testcase classname="testmeter.generalitat" name="TestNegatiu_Abril url i verificar capçalera_Fils:100;Rampup:65;Durada:20" time="0.025">
        <failure message="Not Found">Test failed: text expected to contain /Model de Qualitat de Solucions/</failure>
    </testcase>
    <testcase classname="testmeter.generalitat" name="Abril url i verificar capçalera_Fils:100;Rampup:65;Durada:20" time="0.059"/>
    <testcase classname="testmeter.generalitat" name="Abril url i verificar capçalera_Fils:100;Rampup:65;Durada:20" time="0.025"/>
    <testcase classname="testmeter.generalitat" name="TestNegatiu_Abril url i verificar capçalera_Fils:100;Rampup:65;Durada:20" time="0.023">
        <failure message="Not Found">Test failed: text expected to contain /Model de Qualitat de Solucions/</failure>
    </testcase>
    <testcase classname="testmeter.generalitat" name="Abril url i verificar capçalera_Fils:100;Rampup:65;Durada:20" time="0.027"/>
    <testcase classname="testmeter.generalitat" name="Abril url i verificar capçalera_Fils:100;Rampup:65;Durada:20" time="0.091"/>
    <testcase classname="testmeter.generalitat" name="Abril url i verificar capçalera_Fils:100;Rampup:65;Durada:20" time="0.095"/>
    <testcase classname="testmeter.generalitat" name="Abril url i verificar capçalera_Fils:100;Rampup:65;Durada:20" time="0.027"/>
    <testcase classname="testmeter.generalitat" name="Abril url i verificar capçalera_Fils:100;Rampup:65;Durada:20" time="0.027"/>
    <testcase classname="testmeter.generalitat" name="Abril url i verificar capçalera_Fils:100;Rampup:65;Durada:20" time="0.027"/>
    <testcase classname="testmeter.generalitat" name="Abril url i verificar capçalera_Fils:100;Rampup:65;Durada:20" time="0.049"/>
    <testcase classname="testmeter.generalitat" name="Abril url i verificar capçalera_Fils:100;Rampup:65;Durada:20" time="0.024"/>
    <testcase classname="testmeter.generalitat" name="TestNegatiu_Abril url i verificar capçalera_Fils:100;Rampup:65;Durada:20" time="0.021">
        <failure message="Not Found">Test failed: text expected to contain /Model de Qualitat de Solucions/</failure>
    </testcase>
    <testcase classname="testmeter.generalitat" name="TestNegatiu_Abril url i verificar capçalera_Fils:100;Rampup:65;Durada:20" time="0.025">
        <failure message="Not Found">Test failed: text expected to contain /Model de Qualitat de Solucions/</failure>
    </testcase>
    <testcase classname="testmeter.generalitat" name="Abril url i verificar capçalera_Fils:100;Rampup:65;Durada:20" time="0.028"/>
    <testcase classname="testmeter.generalitat" name="TestNegatiu_Abril url i verificar capçalera_Fils:100;Rampup:65;Durada:20" time="0.024">
        <failure message="Not Found">Test failed: text expected to contain /Model de Qualitat de Solucions/</failure>
    </testcase>
    <testcase classname="testmeter.generalitat" name="TestNegatiu_Abril url i verificar capçalera_Fils:100;Rampup:65;Durada:20" time="0.042">
        <failure message="Not Found">Test failed: text expected to contain /Model de Qualitat de Solucions/</failure>
    </testcase>
    <testcase classname="testmeter.generalitat" name="Abril url i verificar capçalera_Fils:100;Rampup:65;Durada:20" time="0.035"/>
    <testcase classname="testmeter.generalitat" name="Abril url i verificar capçalera_Fils:100;Rampup:65;Durada:20" time="0.043"/>
    <testcase classname="testmeter.generalitat" name="TestNegatiu_Abril url i verificar capçalera_Fils:100;Rampup:65;Durada:20" time="0.026">
        <failure message="Not Found">Test failed: text expected to contain /Model de Qualitat de Solucions/</failure>
    </testcase>
    <testcase classname="testmeter.generalitat" name="TestNegatiu_Abril url i verificar capçalera_Fils:100;Rampup:65;Durada:20" time="0.030">
        <failure message="Not Found">Test failed: text expected to contain /Model de Qualitat de Solucions/</failure>
    </testcase>
    <testcase classname="testmeter.generalitat" name="TestNegatiu_Abril url i verificar capçalera_Fils:100;Rampup:65;Durada:20" time="0.028">
        <failure message="Not Found">Test failed: text expected to contain /Model de Qualitat de Solucions/</failure>
    </testcase>
    <testcase classname="testmeter.generalitat" name="TestNegatiu_Abril url i verificar capçalera_Fils:100;Rampup:65;Durada:20" time="0.022">
        <failure message="Not Found">Test failed: text expected to contain /Model de Qualitat de Solucions/</failure>
    </testcase>
    <testcase classname="testmeter.generalitat" name="TestNegatiu_Abril url i verificar capçalera_Fils:100;Rampup:65;Durada:20" time="0.030">
        <failure message="Not Found">Test failed: text expected to contain /Model de Qualitat de Solucions/</failure>
    </testcase>
    <testcase classname="testmeter.generalitat" name="TestNegatiu_Abril url i verificar capçalera_Fils:100;Rampup:65;Durada:20" time="0.043">
        <failure message="Not Found">Test failed: text expected to contain /Model de Qualitat de Solucions/</failure>
    </testcase>
    <testcase classname="testmeter.generalitat" name="Abril url i verificar capçalera_Fils:100;Rampup:65;Durada:20" time="0.048"/>
    <testcase classname="testmeter.generalitat" name="Abril url i verificar capçalera_Fils:100;Rampup:65;Durada:20" time="0.024"/>
    <testcase classname="testmeter.generalitat" name="TestNegatiu_Abril url i verificar capçalera_Fils:100;Rampup:65;Durada:20" time="0.024">
        <failure message="Not Found">Test failed: text expected to contain /Model de Qualitat de Solucions/</failure>
    </testcase>
    <testcase classname="testmeter.generalitat" name="TestNegatiu_Abril url i verificar capçalera_Fils:100;Rampup:65;Durada:20" time="0.046">
        <failure message="Not Found">Test failed: text expected to contain /Model de Qualitat de Solucions/</failure>
    </testcase>
    <testcase classname="testmeter.generalitat" name="Abril url i verificar capçalera_Fils:100;Rampup:65;Durada:20" time="0.058"/>
    <testcase classname="testmeter.generalitat" name="TestNegatiu_Abril url i verificar capçalera_Fils:100;Rampup:65;Durada:20" time="0.023">
        <failure message="Not Found">Test failed: text expected to contain /Model de Qualitat de Solucions/</failure>
    </testcase>
    <testcase classname="testmeter.generalitat" name="Abril url i verificar capçalera_Fils:100;Rampup:65;Durada:20" time="0.025"/>
    <testcase classname="testmeter.generalitat" name="TestNegatiu_Abril url i verificar capçalera_Fils:100;Rampup:65;Durada:20" time="0.027">
        <failure message="Not Found">Test failed: text expected to contain /Model de Qualitat de Solucions/</failure>
    </testcase>
    <testcase classname="testmeter.generalitat" name="Abril url i verificar capçalera_Fils:100;Rampup:65;Durada:20" time="0.028"/>
    <testcase classname="testmeter.generalitat" name="Abril url i verificar capçalera_Fils:100;Rampup:65;Durada:20" time="0.025"/>
    <testcase classname="testmeter.generalitat" name="Abril url i verificar capçalera_Fils:100;Rampup:65;Durada:20" time="0.027"/>
    <testcase classname="testmeter.generalitat" name="Abril url i verificar capçalera_Fils:100;Rampup:65;Durada:20" time="0.028"/>
    <testcase classname="testmeter.generalitat" name="TestNegatiu_Abril url i verificar capçalera_Fils:100;Rampup:65;Durada:20" time="0.022">
        <failure message="Not Found">Test failed: text expected to contain /Model de Qualitat de Solucions/</failure>
    </testcase>
    <testcase classname="testmeter.generalitat" name="TestNegatiu_Abril url i verificar capçalera_Fils:100;Rampup:65;Durada:20" time="0.023">
        <failure message="Not Found">Test failed: text expected to contain /Model de Qualitat de Solucions/</failure>
    </testcase>
    <testcase classname="testmeter.generalitat" name="Abril url i verificar capçalera_Fils:100;Rampup:65;Durada:20" time="0.024"/>
    <testcase classname="testmeter.generalitat" name="TestNegatiu_Abril url i verificar capçalera_Fils:100;Rampup:65;Durada:20" time="0.024">
        <failure message="Not Found">Test failed: text expected to contain /Model de Qualitat de Solucions/</failure>
    </testcase>
    <testcase classname="testmeter.generalitat" name="Abril url i verificar capçalera_Fils:100;Rampup:65;Durada:20" time="0.058"/>
    <testcase classname="testmeter.generalitat" name="TestNegatiu_Abril url i verificar capçalera_Fils:100;Rampup:65;Durada:20" time="0.030">
        <failure message="Not Found">Test failed: text expected to contain /Model de Qualitat de Solucions/</failure>
    </testcase>
    <testcase classname="testmeter.generalitat" name="Abril url i verificar capçalera_Fils:100;Rampup:65;Durada:20" time="0.027"/>
    <testcase classname="testmeter.generalitat" name="Abril url i verificar capçalera_Fils:100;Rampup:65;Durada:20" time="0.025"/>
    <testcase classname="testmeter.generalitat" name="TestNegatiu_Abril url i verificar capçalera_Fils:100;Rampup:65;Durada:20" time="0.024">
        <failure message="Not Found">Test failed: text expected to contain /Model de Qualitat de Solucions/</failure>
    </testcase>
    <testcase classname="testmeter.generalitat" name="TestNegatiu_Abril url i verificar capçalera_Fils:100;Rampup:65;Durada:20" time="0.028">
        <failure message="Not Found">Test failed: text expected to contain /Model de Qualitat de Solucions/</failure>
    </testcase>
    <testcase classname="testmeter.generalitat" name="Abril url i verificar capçalera_Fils:100;Rampup:65;Durada:20" time="0.066"/>
    <testcase classname="testmeter.generalitat" name="TestNegatiu_Abril url i verificar capçalera_Fils:100;Rampup:65;Durada:20" time="0.028">
        <failure message="Not Found">Test failed: text expected to contain /Model de Qualitat de Solucions/</failure>
    </testcase>
    <testcase classname="testmeter.generalitat" name="TestNegatiu_Abril url i verificar capçalera_Fils:100;Rampup:65;Durada:20" time="0.029">
        <failure message="Not Found">Test failed: text expected to contain /Model de Qualitat de Solucions/</failure>
    </testcase>
    <testcase classname="testmeter.generalitat" name="TestNegatiu_Abril url i verificar capçalera_Fils:100;Rampup:65;Durada:20" time="0.021">
        <failure message="Not Found">Test failed: text expected to contain /Model de Qualitat de Solucions/</failure>
    </testcase>
    <testcase classname="testmeter.generalitat" name="TestNegatiu_Abril url i verificar capçalera_Fils:100;Rampup:65;Durada:20" time="0.023">
        <failure message="Not Found">Test failed: text expected to contain /Model de Qualitat de Solucions/</failure>
    </testcase>
    <testcase classname="testmeter.generalitat" name="Abril url i verificar capçalera_Fils:100;Rampup:65;Durada:20" time="0.026"/>
    <testcase classname="testmeter.generalitat" name="TestNegatiu_Abril url i verificar capçalera_Fils:100;Rampup:65;Durada:20" time="0.048">
        <failure message="Not Found">Test failed: text expected to contain /Model de Qualitat de Solucions/</failure>
    </testcase>
    <testcase classname="testmeter.generalitat" name="TestNegatiu_Abril url i verificar capçalera_Fils:100;Rampup:65;Durada:20" time="0.045">
        <failure message="Not Found">Test failed: text expected to contain /Model de Qualitat de Solucions/</failure>
    </testcase>
    <testcase classname="testmeter.generalitat" name="Abril url i verificar capçalera_Fils:100;Rampup:65;Durada:20" time="0.055"/>
    <testcase classname="testmeter.generalitat" name="Abril url i verificar capçalera_Fils:100;Rampup:65;Durada:20" time="0.087"/>
    <testcase classname="testmeter.generalitat" name="Abril url i verificar capçalera_Fils:100;Rampup:65;Durada:20" time="0.041"/>
    <testcase classname="testmeter.generalitat" name="Abril url i verificar capçalera_Fils:100;Rampup:65;Durada:20" time="0.044"/>
    <testcase classname="testmeter.generalitat" name="Abril url i verificar capçalera_Fils:100;Rampup:65;Durada:20" time="0.045"/>
    <testcase classname="testmeter.generalitat" name="Abril url i verificar capçalera_Fils:100;Rampup:65;Durada:20" time="0.064"/>
    <testcase classname="testmeter.generalitat" name="Abril url i verificar capçalera_Fils:100;Rampup:65;Durada:20" time="0.090"/>
    <testcase classname="testmeter.generalitat" name="Abril url i verificar capçalera_Fils:100;Rampup:65;Durada:20" time="0.090"/>
    <testcase classname="testmeter.generalitat" name="Abril url i verificar capçalera_Fils:100;Rampup:65;Durada:20" time="0.044"/>
    <testcase classname="testmeter.generalitat" name="Abril url i verificar capçalera_Fils:100;Rampup:65;Durada:20" time="0.041"/>
    <testcase classname="testmeter.generalitat" name="TestNegatiu_Abril url i verificar capçalera_Fils:100;Rampup:65;Durada:20" time="0.068">
        <failure message="Not Found">Test failed: text expected to contain /Model de Qualitat de Solucions/</failure>
    </testcase>
    <testcase classname="testmeter.generalitat" name="TestNegatiu_Abril url i verificar capçalera_Fils:100;Rampup:65;Durada:20" time="0.061">
        <failure message="Not Found">Test failed: text expected to contain /Model de Qualitat de Solucions/</failure>
    </testcase>
    <testcase classname="testmeter.generalitat" name="Abril url i verificar capçalera_Fils:100;Rampup:65;Durada:20" time="0.081"/>
    <testcase classname="testmeter.generalitat" name="Abril url i verificar capçalera_Fils:100;Rampup:65;Durada:20" time="0.034"/>
    <testcase classname="testmeter.generalitat" name="TestNegatiu_Abril url i verificar capçalera_Fils:100;Rampup:65;Durada:20" time="0.027">
        <failure message="Not Found">Test failed: text expected to contain /Model de Qualitat de Solucions/</failure>
    </testcase>
    <testcase classname="testmeter.generalitat" name="TestNegatiu_Abril url i verificar capçalera_Fils:100;Rampup:65;Durada:20" time="0.024">
        <failure message="Not Found">Test failed: text expected to contain /Model de Qualitat de Solucions/</failure>
    </testcase>
    <testcase classname="testmeter.generalitat" name="Abril url i verificar capçalera_Fils:100;Rampup:65;Durada:20" time="0.041"/>
    <testcase classname="testmeter.generalitat" name="TestNegatiu_Abril url i verificar capçalera_Fils:100;Rampup:65;Durada:20" time="0.031">
        <failure message="Not Found">Test failed: text expected to contain /Model de Qualitat de Solucions/</failure>
    </testcase>
    <testcase classname="testmeter.generalitat" name="TestNegatiu_Abril url i verificar capçalera_Fils:100;Rampup:65;Durada:20" time="0.030">
        <failure message="Not Found">Test failed: text expected to contain /Model de Qualitat de Solucions/</failure>
    </testcase>
    <testcase classname="testmeter.generalitat" name="TestNegatiu_Abril url i verificar capçalera_Fils:100;Rampup:65;Durada:20" time="0.031">
        <failure message="Not Found">Test failed: text expected to contain /Model de Qualitat de Solucions/</failure>
    </testcase>
    <testcase classname="testmeter.generalitat" name="TestNegatiu_Abril url i verificar capçalera_Fils:100;Rampup:65;Durada:20" time="0.032">
        <failure message="Not Found">Test failed: text expected to contain /Model de Qualitat de Solucions/</failure>
    </testcase>
    <testcase classname="testmeter.generalitat" name="TestNegatiu_Abril url i verificar capçalera_Fils:100;Rampup:65;Durada:20" time="0.030">
        <failure message="Not Found">Test failed: text expected to contain /Model de Qualitat de Solucions/</failure>
    </testcase>
    <testcase classname="testmeter.generalitat" name="TestNegatiu_Abril url i verificar capçalera_Fils:100;Rampup:65;Durada:20" time="0.024">
        <failure message="Not Found">Test failed: text expected to contain /Model de Qualitat de Solucions/</failure>
    </testcase>
    <testcase classname="testmeter.generalitat" name="Abril url i verificar capçalera_Fils:100;Rampup:65;Durada:20" time="0.026"/>
    <testcase classname="testmeter.generalitat" name="TestNegatiu_Abril url i verificar capçalera_Fils:100;Rampup:65;Durada:20" time="0.050">
        <failure message="Not Found">Test failed: text expected to contain /Model de Qualitat de Solucions/</failure>
    </testcase>
    <testcase classname="testmeter.generalitat" name="TestNegatiu_Abril url i verificar capçalera_Fils:100;Rampup:65;Durada:20" time="0.046">
        <failure message="Not Found">Test failed: text expected to contain /Model de Qualitat de Solucions/</failure>
    </testcase>
    <testcase classname="testmeter.generalitat" name="TestNegatiu_Abril url i verificar capçalera_Fils:100;Rampup:65;Durada:20" time="0.026">
        <failure message="Not Found">Test failed: text expected to contain /Model de Qualitat de Solucions/</failure>
    </testcase>
    <testcase classname="testmeter.generalitat" name="Abril url i verificar capçalera_Fils:100;Rampup:65;Durada:20" time="0.099"/>
    <testcase classname="testmeter.generalitat" name="TestNegatiu_Abril url i verificar capçalera_Fils:100;Rampup:65;Durada:20" time="0.052">
        <failure message="Not Found">Test failed: text expected to contain /Model de Qualitat de Solucions/</failure>
    </testcase>
    <testcase classname="testmeter.generalitat" name="Abril url i verificar capçalera_Fils:100;Rampup:65;Durada:20" time="0.029"/>
    <testcase classname="testmeter.generalitat" name="TestNegatiu_Abril url i verificar capçalera_Fils:100;Rampup:65;Durada:20" time="0.032">
        <failure message="Not Found">Test failed: text expected to contain /Model de Qualitat de Solucions/</failure>
    </testcase>
    <testcase classname="testmeter.generalitat" name="Abril url i verificar capçalera_Fils:100;Rampup:65;Durada:20" time="0.025"/>
    <testcase classname="testmeter.generalitat" name="Abril url i verificar capçalera_Fils:100;Rampup:65;Durada:20" time="0.025"/>
    <testcase classname="testmeter.generalitat" name="TestNegatiu_Abril url i verificar capçalera_Fils:100;Rampup:65;Durada:20" time="0.026">
        <failure message="Not Found">Test failed: text expected to contain /Model de Qualitat de Solucions/</failure>
    </testcase>
    <testcase classname="testmeter.generalitat" name="Abril url i verificar capçalera_Fils:100;Rampup:65;Durada:20" time="0.031"/>
    <testcase classname="testmeter.generalitat" name="TestNegatiu_Abril url i verificar capçalera_Fils:100;Rampup:65;Durada:20" time="0.022">
        <failure message="Not Found">Test failed: text expected to contain /Model de Qualitat de Solucions/</failure>
    </testcase>
    <testcase classname="testmeter.generalitat" name="Abril url i verificar capçalera_Fils:100;Rampup:65;Durada:20" time="0.032"/>
    <testcase classname="testmeter.generalitat" name="Abril url i verificar capçalera_Fils:100;Rampup:65;Durada:20" time="0.032"/>
    <testcase classname="testmeter.generalitat" name="Abril url i verificar capçalera_Fils:100;Rampup:65;Durada:20" time="0.044"/>
    <testcase classname="testmeter.generalitat" name="Abril url i verificar capçalera_Fils:100;Rampup:65;Durada:20" time="0.026"/>
    <testcase classname="testmeter.generalitat" name="TestNegatiu_Abril url i verificar capçalera_Fils:100;Rampup:65;Durada:20" time="0.027">
        <failure message="Not Found">Test failed: text expected to contain /Model de Qualitat de Solucions/</failure>
    </testcase>
    <testcase classname="testmeter.generalitat" name="TestNegatiu_Abril url i verificar capçalera_Fils:100;Rampup:65;Durada:20" time="0.023">
        <failure message="Not Found">Test failed: text expected to contain /Model de Qualitat de Solucions/</failure>
    </testcase>
    <testcase classname="testmeter.generalitat" name="TestNegatiu_Abril url i verificar capçalera_Fils:100;Rampup:65;Durada:20" time="0.023">
        <failure message="Not Found">Test failed: text expected to contain /Model de Qualitat de Solucions/</failure>
    </testcase>
    <testcase classname="testmeter.generalitat" name="Abril url i verificar capçalera_Fils:100;Rampup:65;Durada:20" time="0.072"/>
    <testcase classname="testmeter.generalitat" name="Abril url i verificar capçalera_Fils:100;Rampup:65;Durada:20" time="0.030"/>
    <testcase classname="testmeter.generalitat" name="TestNegatiu_Abril url i verificar capçalera_Fils:100;Rampup:65;Durada:20" time="0.027">
        <failure message="Not Found">Test failed: text expected to contain /Model de Qualitat de Solucions/</failure>
    </testcase>
    <testcase classname="testmeter.generalitat" name="TestNegatiu_Abril url i verificar capçalera_Fils:100;Rampup:65;Durada:20" time="0.025">
        <failure message="Not Found">Test failed: text expected to contain /Model de Qualitat de Solucions/</failure>
    </testcase>
    <testcase classname="testmeter.generalitat" name="Abril url i verificar capçalera_Fils:100;Rampup:65;Durada:20" time="0.026"/>
    <testcase classname="testmeter.generalitat" name="Abril url i verificar capçalera_Fils:100;Rampup:65;Durada:20" time="0.051"/>
    <testcase classname="testmeter.generalitat" name="TestNegatiu_Abril url i verificar capçalera_Fils:100;Rampup:65;Durada:20" time="0.029">
        <failure message="Not Found">Test failed: text expected to contain /Model de Qualitat de Solucions/</failure>
    </testcase>
    <testcase classname="testmeter.generalitat" name="TestNegatiu_Abril url i verificar capçalera_Fils:100;Rampup:65;Durada:20" time="0.026">
        <failure message="Not Found">Test failed: text expected to contain /Model de Qualitat de Solucions/</failure>
    </testcase>
    <testcase classname="testmeter.generalitat" name="TestNegatiu_Abril url i verificar capçalera_Fils:100;Rampup:65;Durada:20" time="0.024">
        <failure message="Not Found">Test failed: text expected to contain /Model de Qualitat de Solucions/</failure>
    </testcase>
    <testcase classname="testmeter.generalitat" name="Abril url i verificar capçalera_Fils:100;Rampup:65;Durada:20" time="0.025"/>
    <testcase classname="testmeter.generalitat" name="TestNegatiu_Abril url i verificar capçalera_Fils:100;Rampup:65;Durada:20" time="0.032">
        <failure message="Not Found">Test failed: text expected to contain /Model de Qualitat de Solucions/</failure>
    </testcase>
    <testcase classname="testmeter.generalitat" name="Abril url i verificar capçalera_Fils:100;Rampup:65;Durada:20" time="0.028"/>
    <testcase classname="testmeter.generalitat" name="Abril url i verificar capçalera_Fils:100;Rampup:65;Durada:20" time="0.030"/>
    <testcase classname="testmeter.generalitat" name="Abril url i verificar capçalera_Fils:100;Rampup:65;Durada:20" time="0.073"/>
    <testcase classname="testmeter.generalitat" name="Abril url i verificar capçalera_Fils:100;Rampup:65;Durada:20" time="0.072"/>
    <testcase classname="testmeter.generalitat" name="TestNegatiu_Abril url i verificar capçalera_Fils:100;Rampup:65;Durada:20" time="0.024">
        <failure message="Not Found">Test failed: text expected to contain /Model de Qualitat de Solucions/</failure>
    </testcase>
    <testcase classname="testmeter.generalitat" name="TestNegatiu_Abril url i verificar capçalera_Fils:100;Rampup:65;Durada:20" time="0.022">
        <failure message="Not Found">Test failed: text expected to contain /Model de Qualitat de Solucions/</failure>
    </testcase>
    <testcase classname="testmeter.generalitat" name="Abril url i verificar capçalera_Fils:100;Rampup:65;Durada:20" time="0.026"/>
    <testcase classname="testmeter.generalitat" name="TestNegatiu_Abril url i verificar capçalera_Fils:100;Rampup:65;Durada:20" time="0.028">
        <failure message="Not Found">Test failed: text expected to contain /Model de Qualitat de Solucions/</failure>
    </testcase>
    <testcase classname="testmeter.generalitat" name="TestNegatiu_Abril url i verificar capçalera_Fils:100;Rampup:65;Durada:20" time="0.024">
        <failure message="Not Found">Test failed: text expected to contain /Model de Qualitat de Solucions/</failure>
    </testcase>
    <testcase classname="testmeter.generalitat" name="Abril url i verificar capçalera_Fils:100;Rampup:65;Durada:20" time="0.030"/>
    <testcase classname="testmeter.generalitat" name="TestNegatiu_Abril url i verificar capçalera_Fils:100;Rampup:65;Durada:20" time="0.026">
        <failure message="Not Found">Test failed: text expected to contain /Model de Qualitat de Solucions/</failure>
    </testcase>
    <testcase classname="testmeter.generalitat" name="Abril url i verificar capçalera_Fils:100;Rampup:65;Durada:20" time="0.061"/>
    <testcase classname="testmeter.generalitat" name="Abril url i verificar capçalera_Fils:100;Rampup:65;Durada:20" time="0.086"/>
    <testcase classname="testmeter.generalitat" name="Abril url i verificar capçalera_Fils:100;Rampup:65;Durada:20" time="0.030"/>
    <testcase classname="testmeter.generalitat" name="TestNegatiu_Abril url i verificar capçalera_Fils:100;Rampup:65;Durada:20" time="0.029">
        <failure message="Not Found">Test failed: text expected to contain /Model de Qualitat de Solucions/</failure>
    </testcase>
    <testcase classname="testmeter.generalitat" name="Abril url i verificar capçalera_Fils:100;Rampup:65;Durada:20" time="0.030"/>
    <testcase classname="testmeter.generalitat" name="TestNegatiu_Abril url i verificar capçalera_Fils:100;Rampup:65;Durada:20" time="0.031">
        <failure message="Not Found">Test failed: text expected to contain /Model de Qualitat de Solucions/</failure>
    </testcase>
    <testcase classname="testmeter.generalitat" name="Abril url i verificar capçalera_Fils:100;Rampup:65;Durada:20" time="0.028"/>
    <testcase classname="testmeter.generalitat" name="Abril url i verificar capçalera_Fils:100;Rampup:65;Durada:20" time="0.023"/>
    <testcase classname="testmeter.generalitat" name="Abril url i verificar capçalera_Fils:100;Rampup:65;Durada:20" time="0.043"/>
    <testcase classname="testmeter.generalitat" name="TestNegatiu_Abril url i verificar capçalera_Fils:100;Rampup:65;Durada:20" time="0.033">
        <failure message="Not Found">Test failed: text expected to contain /Model de Qualitat de Solucions/</failure>
    </testcase>
    <testcase classname="testmeter.generalitat" name="TestNegatiu_Abril url i verificar capçalera_Fils:100;Rampup:65;Durada:20" time="0.045">
        <failure message="Not Found">Test failed: text expected to contain /Model de Qualitat de Solucions/</failure>
    </testcase>
    <testcase classname="testmeter.generalitat" name="TestNegatiu_Abril url i verificar capçalera_Fils:100;Rampup:65;Durada:20" time="0.022">
        <failure message="Not Found">Test failed: text expected to contain /Model de Qualitat de Solucions/</failure>
    </testcase>
    <testcase classname="testmeter.generalitat" name="Abril url i verificar capçalera_Fils:100;Rampup:65;Durada:20" time="0.031"/>
    <testcase classname="testmeter.generalitat" name="Abril url i verificar capçalera_Fils:100;Rampup:65;Durada:20" time="0.027"/>
    <testcase classname="testmeter.generalitat" name="TestNegatiu_Abril url i verificar capçalera_Fils:100;Rampup:65;Durada:20" time="0.032">
        <failure message="Not Found">Test failed: text expected to contain /Model de Qualitat de Solucions/</failure>
    </testcase>
    <testcase classname="testmeter.generalitat" name="Abril url i verificar capçalera_Fils:100;Rampup:65;Durada:20" time="0.065"/>
    <testcase classname="testmeter.generalitat" name="TestNegatiu_Abril url i verificar capçalera_Fils:100;Rampup:65;Durada:20" time="0.028">
        <failure message="Not Found">Test failed: text expected to contain /Model de Qualitat de Solucions/</failure>
    </testcase>
    <testcase classname="testmeter.generalitat" name="TestNegatiu_Abril url i verificar capçalera_Fils:100;Rampup:65;Durada:20" time="0.034">
        <failure message="Not Found">Test failed: text expected to contain /Model de Qualitat de Solucions/</failure>
    </testcase>
    <testcase classname="testmeter.generalitat" name="TestNegatiu_Abril url i verificar capçalera_Fils:100;Rampup:65;Durada:20" time="0.036">
        <failure message="Not Found">Test failed: text expected to contain /Model de Qualitat de Solucions/</failure>
    </testcase>
    <testcase classname="testmeter.generalitat" name="TestNegatiu_Abril url i verificar capçalera_Fils:100;Rampup:65;Durada:20" time="0.028">
        <failure message="Not Found">Test failed: text expected to contain /Model de Qualitat de Solucions/</failure>
    </testcase>
    <testcase classname="testmeter.generalitat" name="TestNegatiu_Abril url i verificar capçalera_Fils:100;Rampup:65;Durada:20" time="0.028">
        <failure message="Not Found">Test failed: text expected to contain /Model de Qualitat de Solucions/</failure>
    </testcase>
    <testcase classname="testmeter.generalitat" name="Abril url i verificar capçalera_Fils:100;Rampup:65;Durada:20" time="0.050"/>
    <testcase classname="testmeter.generalitat" name="Abril url i verificar capçalera_Fils:100;Rampup:65;Durada:20" time="0.030"/>
    <testcase classname="testmeter.generalitat" name="Abril url i verificar capçalera_Fils:100;Rampup:65;Durada:20" time="0.027"/>
    <testcase classname="testmeter.generalitat" name="TestNegatiu_Abril url i verificar capçalera_Fils:100;Rampup:65;Durada:20" time="0.024">
        <failure message="Not Found">Test failed: text expected to contain /Model de Qualitat de Solucions/</failure>
    </testcase>
    <testcase classname="testmeter.generalitat" name="TestNegatiu_Abril url i verificar capçalera_Fils:100;Rampup:65;Durada:20" time="0.024">
        <failure message="Not Found">Test failed: text expected to contain /Model de Qualitat de Solucions/</failure>
    </testcase>
    <testcase classname="testmeter.generalitat" name="TestNegatiu_Abril url i verificar capçalera_Fils:100;Rampup:65;Durada:20" time="0.050">
        <failure message="Not Found">Test failed: text expected to contain /Model de Qualitat de Solucions/</failure>
    </testcase>
    <testcase classname="testmeter.generalitat" name="TestNegatiu_Abril url i verificar capçalera_Fils:100;Rampup:65;Durada:20" time="0.026">
        <failure message="Not Found">Test failed: text expected to contain /Model de Qualitat de Solucions/</failure>
    </testcase>
    <testcase classname="testmeter.generalitat" name="Abril url i verificar capçalera_Fils:100;Rampup:65;Durada:20" time="0.028"/>
    <testcase classname="testmeter.generalitat" name="TestNegatiu_Abril url i verificar capçalera_Fils:100;Rampup:65;Durada:20" time="0.041">
        <failure message="Not Found">Test failed: text expected to contain /Model de Qualitat de Solucions/</failure>
    </testcase>
    <testcase classname="testmeter.generalitat" name="TestNegatiu_Abril url i verificar capçalera_Fils:100;Rampup:65;Durada:20" time="0.042">
        <failure message="Not Found">Test failed: text expected to contain /Model de Qualitat de Solucions/</failure>
    </testcase>
    <testcase classname="testmeter.generalitat" name="TestNegatiu_Abril url i verificar capçalera_Fils:100;Rampup:65;Durada:20" time="0.039">
        <failure message="Not Found">Test failed: text expected to contain /Model de Qualitat de Solucions/</failure>
    </testcase>
    <testcase classname="testmeter.generalitat" name="TestNegatiu_Abril url i verificar capçalera_Fils:100;Rampup:65;Durada:20" time="0.027">
        <failure message="Not Found">Test failed: text expected to contain /Model de Qualitat de Solucions/</failure>
    </testcase>
    <testcase classname="testmeter.generalitat" name="Abril url i verificar capçalera_Fils:100;Rampup:65;Durada:20" time="0.044"/>
    <testcase classname="testmeter.generalitat" name="Abril url i verificar capçalera_Fils:100;Rampup:65;Durada:20" time="0.041"/>
    <testcase classname="testmeter.generalitat" name="Abril url i verificar capçalera_Fils:100;Rampup:65;Durada:20" time="0.064"/>
    <testcase classname="testmeter.generalitat" name="Abril url i verificar capçalera_Fils:100;Rampup:65;Durada:20" time="0.042"/>
    <testcase classname="testmeter.generalitat" name="Abril url i verificar capçalera_Fils:100;Rampup:65;Durada:20" time="0.031"/>
    <testcase classname="testmeter.generalitat" name="Abril url i verificar capçalera_Fils:100;Rampup:65;Durada:20" time="0.045"/>
    <testcase classname="testmeter.generalitat" name="Abril url i verificar capçalera_Fils:100;Rampup:65;Durada:20" time="0.032"/>
    <testcase classname="testmeter.generalitat" name="Abril url i verificar capçalera_Fils:100;Rampup:65;Durada:20" time="0.079"/>
    <testcase classname="testmeter.generalitat" name="Abril url i verificar capçalera_Fils:100;Rampup:65;Durada:20" time="0.058"/>
    <testcase classname="testmeter.generalitat" name="Abril url i verificar capçalera_Fils:100;Rampup:65;Durada:20" time="0.084"/>
    <testcase classname="testmeter.generalitat" name="TestNegatiu_Abril url i verificar capçalera_Fils:100;Rampup:65;Durada:20" time="0.025">
        <failure message="Not Found">Test failed: text expected to contain /Model de Qualitat de Solucions/</failure>
    </testcase>
    <testcase classname="testmeter.generalitat" name="TestNegatiu_Abril url i verificar capçalera_Fils:100;Rampup:65;Durada:20" time="0.025">
        <failure message="Not Found">Test failed: text expected to contain /Model de Qualitat de Solucions/</failure>
    </testcase>
    <testcase classname="testmeter.generalitat" name="Abril url i verificar capçalera_Fils:100;Rampup:65;Durada:20" time="0.030"/>
    <testcase classname="testmeter.generalitat" name="Abril url i verificar capçalera_Fils:100;Rampup:65;Durada:20" time="0.029"/>
    <testcase classname="testmeter.generalitat" name="Abril url i verificar capçalera_Fils:100;Rampup:65;Durada:20" time="0.026"/>
    <testcase classname="testmeter.generalitat" name="TestNegatiu_Abril url i verificar capçalera_Fils:100;Rampup:65;Durada:20" time="0.027">
        <failure message="Not Found">Test failed: text expected to contain /Model de Qualitat de Solucions/</failure>
    </testcase>
    <testcase classname="testmeter.generalitat" name="TestNegatiu_Abril url i verificar capçalera_Fils:100;Rampup:65;Durada:20" time="0.027">
        <failure message="Not Found">Test failed: text expected to contain /Model de Qualitat de Solucions/</failure>
    </testcase>
    <testcase classname="testmeter.generalitat" name="TestNegatiu_Abril url i verificar capçalera_Fils:100;Rampup:65;Durada:20" time="0.026">
        <failure message="Not Found">Test failed: text expected to contain /Model de Qualitat de Solucions/</failure>
    </testcase>
    <testcase classname="testmeter.generalitat" name="TestNegatiu_Abril url i verificar capçalera_Fils:100;Rampup:65;Durada:20" time="0.028">
        <failure message="Not Found">Test failed: text expected to contain /Model de Qualitat de Solucions/</failure>
    </testcase>
    <testcase classname="testmeter.generalitat" name="TestNegatiu_Abril url i verificar capçalera_Fils:100;Rampup:65;Durada:20" time="0.028">
        <failure message="Not Found">Test failed: text expected to contain /Model de Qualitat de Solucions/</failure>
    </testcase>
    <testcase classname="testmeter.generalitat" name="TestNegatiu_Abril url i verificar capçalera_Fils:100;Rampup:65;Durada:20" time="0.027">
        <failure message="Not Found">Test failed: text expected to contain /Model de Qualitat de Solucions/</failure>
    </testcase>
    <testcase classname="testmeter.generalitat" name="TestNegatiu_Abril url i verificar capçalera_Fils:100;Rampup:65;Durada:20" time="0.022">
        <failure message="Not Found">Test failed: text expected to contain /Model de Qualitat de Solucions/</failure>
    </testcase>
    <testcase classname="testmeter.generalitat" name="TestNegatiu_Abril url i verificar capçalera_Fils:100;Rampup:65;Durada:20" time="0.025">
        <failure message="Not Found">Test failed: text expected to contain /Model de Qualitat de Solucions/</failure>
    </testcase>
    <testcase classname="testmeter.generalitat" name="Abril url i verificar capçalera_Fils:100;Rampup:65;Durada:20" time="0.075"/>
    <testcase classname="testmeter.generalitat" name="Abril url i verificar capçalera_Fils:100;Rampup:65;Durada:20" time="0.048"/>
    <testcase classname="testmeter.generalitat" name="Abril url i verificar capçalera_Fils:100;Rampup:65;Durada:20" time="0.132"/>
    <testcase classname="testmeter.generalitat" name="TestNegatiu_Abril url i verificar capçalera_Fils:100;Rampup:65;Durada:20" time="0.026">
        <failure message="Not Found">Test failed: text expected to contain /Model de Qualitat de Solucions/</failure>
    </testcase>
    <testcase classname="testmeter.generalitat" name="TestNegatiu_Abril url i verificar capçalera_Fils:100;Rampup:65;Durada:20" time="0.026">
        <failure message="Not Found">Test failed: text expected to contain /Model de Qualitat de Solucions/</failure>
    </testcase>
    <testcase classname="testmeter.generalitat" name="TestNegatiu_Abril url i verificar capçalera_Fils:100;Rampup:65;Durada:20" time="0.026">
        <failure message="Not Found">Test failed: text expected to contain /Model de Qualitat de Solucions/</failure>
    </testcase>
    <testcase classname="testmeter.generalitat" name="Abril url i verificar capçalera_Fils:100;Rampup:65;Durada:20" time="0.026"/>
    <testcase classname="testmeter.generalitat" name="Abril url i verificar capçalera_Fils:100;Rampup:65;Durada:20" time="0.026"/>
    <testcase classname="testmeter.generalitat" name="Abril url i verificar capçalera_Fils:100;Rampup:65;Durada:20" time="0.098"/>
    <testcase classname="testmeter.generalitat" name="Abril url i verificar capçalera_Fils:100;Rampup:65;Durada:20" time="0.026"/>
    <testcase classname="testmeter.generalitat" name="Abril url i verificar capçalera_Fils:100;Rampup:65;Durada:20" time="0.026"/>
    <testcase classname="testmeter.generalitat" name="TestNegatiu_Abril url i verificar capçalera_Fils:100;Rampup:65;Durada:20" time="0.025">
        <failure message="Not Found">Test failed: text expected to contain /Model de Qualitat de Solucions/</failure>
    </testcase>
    <testcase classname="testmeter.generalitat" name="TestNegatiu_Abril url i verificar capçalera_Fils:100;Rampup:65;Durada:20" time="0.025">
        <failure message="Not Found">Test failed: text expected to contain /Model de Qualitat de Solucions/</failure>
    </testcase>
    <testcase classname="testmeter.generalitat" name="Abril url i verificar capçalera_Fils:100;Rampup:65;Durada:20" time="0.029"/>
    <testcase classname="testmeter.generalitat" name="Abril url i verificar capçalera_Fils:100;Rampup:65;Durada:20" time="0.030"/>
    <testcase classname="testmeter.generalitat" name="TestNegatiu_Abril url i verificar capçalera_Fils:100;Rampup:65;Durada:20" time="0.024">
        <failure message="Not Found">Test failed: text expected to contain /Model de Qualitat de Solucions/</failure>
    </testcase>
    <testcase classname="testmeter.generalitat" name="Abril url i verificar capçalera_Fils:100;Rampup:65;Durada:20" time="0.026"/>
    <testcase classname="testmeter.generalitat" name="TestNegatiu_Abril url i verificar capçalera_Fils:100;Rampup:65;Durada:20" time="0.025">
        <failure message="Not Found">Test failed: text expected to contain /Model de Qualitat de Solucions/</failure>
    </testcase>
    <testcase classname="testmeter.generalitat" name="Abril url i verificar capçalera_Fils:100;Rampup:65;Durada:20" time="0.027"/>
    <testcase classname="testmeter.generalitat" name="Abril url i verificar capçalera_Fils:100;Rampup:65;Durada:20" time="0.027"/>
    <testcase classname="testmeter.generalitat" name="TestNegatiu_Abril url i verificar capçalera_Fils:100;Rampup:65;Durada:20" time="0.028">
        <failure message="Not Found">Test failed: text expected to contain /Model de Qualitat de Solucions/</failure>
    </testcase>
    <testcase classname="testmeter.generalitat" name="Abril url i verificar capçalera_Fils:100;Rampup:65;Durada:20" time="0.046"/>
    <testcase classname="testmeter.generalitat" name="TestNegatiu_Abril url i verificar capçalera_Fils:100;Rampup:65;Durada:20" time="0.023">
        <failure message="Not Found">Test failed: text expected to contain /Model de Qualitat de Solucions/</failure>
    </testcase>
    <testcase classname="testmeter.generalitat" name="TestNegatiu_Abril url i verificar capçalera_Fils:100;Rampup:65;Durada:20" time="0.028">
        <failure message="Not Found">Test failed: text expected to contain /Model de Qualitat de Solucions/</failure>
    </testcase>
    <testcase classname="testmeter.generalitat" name="Abril url i verificar capçalera_Fils:100;Rampup:65;Durada:20" time="0.055"/>
    <testcase classname="testmeter.generalitat" name="TestNegatiu_Abril url i verificar capçalera_Fils:100;Rampup:65;Durada:20" time="0.028">
        <failure message="Not Found">Test failed: text expected to contain /Model de Qualitat de Solucions/</failure>
    </testcase>
    <testcase classname="testmeter.generalitat" name="TestNegatiu_Abril url i verificar capçalera_Fils:100;Rampup:65;Durada:20" time="0.029">
        <failure message="Not Found">Test failed: text expected to contain /Model de Qualitat de Solucions/</failure>
    </testcase>
    <testcase classname="testmeter.generalitat" name="TestNegatiu_Abril url i verificar capçalera_Fils:100;Rampup:65;Durada:20" time="0.044">
        <failure message="Not Found">Test failed: text expected to contain /Model de Qualitat de Solucions/</failure>
    </testcase>
    <testcase classname="testmeter.generalitat" name="TestNegatiu_Abril url i verificar capçalera_Fils:100;Rampup:65;Durada:20" time="0.031">
        <failure message="Not Found">Test failed: text expected to contain /Model de Qualitat de Solucions/</failure>
    </testcase>
    <testcase classname="testmeter.generalitat" name="TestNegatiu_Abril url i verificar capçalera_Fils:100;Rampup:65;Durada:20" time="0.032">
        <failure message="Not Found">Test failed: text expected to contain /Model de Qualitat de Solucions/</failure>
    </testcase>
    <testcase classname="testmeter.generalitat" name="TestNegatiu_Abril url i verificar capçalera_Fils:100;Rampup:65;Durada:20" time="0.035">
        <failure message="Not Found">Test failed: text expected to contain /Model de Qualitat de Solucions/</failure>
    </testcase>
    <testcase classname="testmeter.generalitat" name="TestNegatiu_Abril url i verificar capçalera_Fils:100;Rampup:65;Durada:20" time="0.030">
        <failure message="Not Found">Test failed: text expected to contain /Model de Qualitat de Solucions/</failure>
    </testcase>
    <testcase classname="testmeter.generalitat" name="Abril url i verificar capçalera_Fils:100;Rampup:65;Durada:20" time="0.032"/>
    <testcase classname="testmeter.generalitat" name="Abril url i verificar capçalera_Fils:100;Rampup:65;Durada:20" time="0.076"/>
    <testcase classname="testmeter.generalitat" name="Abril url i verificar capçalera_Fils:100;Rampup:65;Durada:20" time="0.079"/>
    <testcase classname="testmeter.generalitat" name="Abril url i verificar capçalera_Fils:100;Rampup:65;Durada:20" time="0.052"/>
    <testcase classname="testmeter.generalitat" name="Abril url i verificar capçalera_Fils:100;Rampup:65;Durada:20" time="0.028"/>
    <testcase classname="testmeter.generalitat" name="Abril url i verificar capçalera_Fils:100;Rampup:65;Durada:20" time="0.071"/>
    <testcase classname="testmeter.generalitat" name="Abril url i verificar capçalera_Fils:100;Rampup:65;Durada:20" time="0.031"/>
    <testcase classname="testmeter.generalitat" name="Abril url i verificar capçalera_Fils:100;Rampup:65;Durada:20" time="0.036"/>
    <testcase classname="testmeter.generalitat" name="Abril url i verificar capçalera_Fils:100;Rampup:65;Durada:20" time="0.033"/>
    <testcase classname="testmeter.generalitat" name="Abril url i verificar capçalera_Fils:100;Rampup:65;Durada:20" time="0.054"/>
    <testcase classname="testmeter.generalitat" name="Abril url i verificar capçalera_Fils:100;Rampup:65;Durada:20" time="0.031"/>
    <testcase classname="testmeter.generalitat" name="Abril url i verificar capçalera_Fils:100;Rampup:65;Durada:20" time="0.029"/>
    <testcase classname="testmeter.generalitat" name="Abril url i verificar capçalera_Fils:100;Rampup:65;Durada:20" time="0.031"/>
    <testcase classname="testmeter.generalitat" name="Abril url i verificar capçalera_Fils:100;Rampup:65;Durada:20" time="0.041"/>
    <testcase classname="testmeter.generalitat" name="TestNegatiu_Abril url i verificar capçalera_Fils:100;Rampup:65;Durada:20" time="0.026">
        <failure message="Not Found">Test failed: text expected to contain /Model de Qualitat de Solucions/</failure>
    </testcase>
    <testcase classname="testmeter.generalitat" name="Abril url i verificar capçalera_Fils:100;Rampup:65;Durada:20" time="0.045"/>
    <testcase classname="testmeter.generalitat" name="TestNegatiu_Abril url i verificar capçalera_Fils:100;Rampup:65;Durada:20" time="0.026">
        <failure message="Not Found">Test failed: text expected to contain /Model de Qualitat de Solucions/</failure>
    </testcase>
    <testcase classname="testmeter.generalitat" name="Abril url i verificar capçalera_Fils:100;Rampup:65;Durada:20" time="0.069"/>
    <testcase classname="testmeter.generalitat" name="TestNegatiu_Abril url i verificar capçalera_Fils:100;Rampup:65;Durada:20" time="0.026">
        <failure message="Not Found">Test failed: text expected to contain /Model de Qualitat de Solucions/</failure>
    </testcase>
    <testcase classname="testmeter.generalitat" name="TestNegatiu_Abril url i verificar capçalera_Fils:100;Rampup:65;Durada:20" time="0.026">
        <failure message="Not Found">Test failed: text expected to contain /Model de Qualitat de Solucions/</failure>
    </testcase>
    <testcase classname="testmeter.generalitat" name="TestNegatiu_Abril url i verificar capçalera_Fils:100;Rampup:65;Durada:20" time="0.107">
        <failure message="Not Found">Test failed: text expected to contain /Model de Qualitat de Solucions/</failure>
    </testcase>
    <testcase classname="testmeter.generalitat" name="TestNegatiu_Abril url i verificar capçalera_Fils:100;Rampup:65;Durada:20" time="0.024">
        <failure message="Not Found">Test failed: text expected to contain /Model de Qualitat de Solucions/</failure>
    </testcase>
    <testcase classname="testmeter.generalitat" name="TestNegatiu_Abril url i verificar capçalera_Fils:100;Rampup:65;Durada:20" time="0.027">
        <failure message="Not Found">Test failed: text expected to contain /Model de Qualitat de Solucions/</failure>
    </testcase>
    <testcase classname="testmeter.generalitat" name="TestNegatiu_Abril url i verificar capçalera_Fils:100;Rampup:65;Durada:20" time="0.028">
        <failure message="Not Found">Test failed: text expected to contain /Model de Qualitat de Solucions/</failure>
    </testcase>
    <testcase classname="testmeter.generalitat" name="TestNegatiu_Abril url i verificar capçalera_Fils:100;Rampup:65;Durada:20" time="0.028">
        <failure message="Not Found">Test failed: text expected to contain /Model de Qualitat de Solucions/</failure>
    </testcase>
    <testcase classname="testmeter.generalitat" name="TestNegatiu_Abril url i verificar capçalera_Fils:100;Rampup:65;Durada:20" time="0.029">
        <failure message="Not Found">Test failed: text expected to contain /Model de Qualitat de Solucions/</failure>
    </testcase>
    <testcase classname="testmeter.generalitat" name="TestNegatiu_Abril url i verificar capçalera_Fils:100;Rampup:65;Durada:20" time="0.030">
        <failure message="Not Found">Test failed: text expected to contain /Model de Qualitat de Solucions/</failure>
    </testcase>
    <testcase classname="testmeter.generalitat" name="TestNegatiu_Abril url i verificar capçalera_Fils:100;Rampup:65;Durada:20" time="0.029">
        <failure message="Not Found">Test failed: text expected to contain /Model de Qualitat de Solucions/</failure>
    </testcase>
    <testcase classname="testmeter.generalitat" name="TestNegatiu_Abril url i verificar capçalera_Fils:100;Rampup:65;Durada:20" time="0.024">
        <failure message="Not Found">Test failed: text expected to contain /Model de Qualitat de Solucions/</failure>
    </testcase>
    <testcase classname="testmeter.generalitat" name="TestNegatiu_Abril url i verificar capçalera_Fils:100;Rampup:65;Durada:20" time="0.026">
        <failure message="Not Found">Test failed: text expected to contain /Model de Qualitat de Solucions/</failure>
    </testcase>
    <testcase classname="testmeter.generalitat" name="TestNegatiu_Abril url i verificar capçalera_Fils:100;Rampup:65;Durada:20" time="0.025">
        <failure message="Not Found">Test failed: text expected to contain /Model de Qualitat de Solucions/</failure>
    </testcase>
    <testcase classname="testmeter.generalitat" name="TestNegatiu_Abril url i verificar capçalera_Fils:100;Rampup:65;Durada:20" time="0.023">
        <failure message="Not Found">Test failed: text expected to contain /Model de Qualitat de Solucions/</failure>
    </testcase>
    <testcase classname="testmeter.generalitat" name="Abril url i verificar capçalera_Fils:100;Rampup:65;Durada:20" time="0.026"/>
    <testcase classname="testmeter.generalitat" name="Abril url i verificar capçalera_Fils:100;Rampup:65;Durada:20" time="0.023"/>
    <testcase classname="testmeter.generalitat" name="TestNegatiu_Abril url i verificar capçalera_Fils:100;Rampup:65;Durada:20" time="0.047">
        <failure message="Not Found">Test failed: text expected to contain /Model de Qualitat de Solucions/</failure>
    </testcase>
    <testcase classname="testmeter.generalitat" name="TestNegatiu_Abril url i verificar capçalera_Fils:100;Rampup:65;Durada:20" time="0.024">
        <failure message="Not Found">Test failed: text expected to contain /Model de Qualitat de Solucions/</failure>
    </testcase>
    <testcase classname="testmeter.generalitat" name="Abril url i verificar capçalera_Fils:100;Rampup:65;Durada:20" time="0.031"/>
    <testcase classname="testmeter.generalitat" name="Abril url i verificar capçalera_Fils:100;Rampup:65;Durada:20" time="0.030"/>
    <testcase classname="testmeter.generalitat" name="Abril url i verificar capçalera_Fils:100;Rampup:65;Durada:20" time="0.043"/>
    <testcase classname="testmeter.generalitat" name="Abril url i verificar capçalera_Fils:100;Rampup:65;Durada:20" time="0.028"/>
    <testcase classname="testmeter.generalitat" name="Abril url i verificar capçalera_Fils:100;Rampup:65;Durada:20" time="0.031"/>
    <testcase classname="testmeter.generalitat" name="Abril url i verificar capçalera_Fils:100;Rampup:65;Durada:20" time="0.031"/>
    <testcase classname="testmeter.generalitat" name="Abril url i verificar capçalera_Fils:100;Rampup:65;Durada:20" time="0.040"/>
    <testcase classname="testmeter.generalitat" name="TestNegatiu_Abril url i verificar capçalera_Fils:100;Rampup:65;Durada:20" time="0.028">
        <failure message="Not Found">Test failed: text expected to contain /Model de Qualitat de Solucions/</failure>
    </testcase>
    <testcase classname="testmeter.generalitat" name="Abril url i verificar capçalera_Fils:100;Rampup:65;Durada:20" time="0.045"/>
    <testcase classname="testmeter.generalitat" name="Abril url i verificar capçalera_Fils:100;Rampup:65;Durada:20" time="0.048"/>
    <testcase classname="testmeter.generalitat" name="Abril url i verificar capçalera_Fils:100;Rampup:65;Durada:20" time="0.067"/>
    <testcase classname="testmeter.generalitat" name="Abril url i verificar capçalera_Fils:100;Rampup:65;Durada:20" time="0.052"/>
    <testcase classname="testmeter.generalitat" name="Abril url i verificar capçalera_Fils:100;Rampup:65;Durada:20" time="0.065"/>
    <testcase classname="testmeter.generalitat" name="Abril url i verificar capçalera_Fils:100;Rampup:65;Durada:20" time="0.073"/>
    <testcase classname="testmeter.generalitat" name="Abril url i verificar capçalera_Fils:100;Rampup:65;Durada:20" time="0.025"/>
    <testcase classname="testmeter.generalitat" name="TestNegatiu_Abril url i verificar capçalera_Fils:100;Rampup:65;Durada:20" time="0.027">
        <failure message="Not Found">Test failed: text expected to contain /Model de Qualitat de Solucions/</failure>
    </testcase>
    <testcase classname="testmeter.generalitat" name="TestNegatiu_Abril url i verificar capçalera_Fils:100;Rampup:65;Durada:20" time="0.026">
        <failure message="Not Found">Test failed: text expected to contain /Model de Qualitat de Solucions/</failure>
    </testcase>
    <testcase classname="testmeter.generalitat" name="TestNegatiu_Abril url i verificar capçalera_Fils:100;Rampup:65;Durada:20" time="0.025">
        <failure message="Not Found">Test failed: text expected to contain /Model de Qualitat de Solucions/</failure>
    </testcase>
    <testcase classname="testmeter.generalitat" name="TestNegatiu_Abril url i verificar capçalera_Fils:100;Rampup:65;Durada:20" time="0.023">
        <failure message="Not Found">Test failed: text expected to contain /Model de Qualitat de Solucions/</failure>
    </testcase>
    <testcase classname="testmeter.generalitat" name="TestNegatiu_Abril url i verificar capçalera_Fils:100;Rampup:65;Durada:20" time="0.025">
        <failure message="Not Found">Test failed: text expected to contain /Model de Qualitat de Solucions/</failure>
    </testcase>
    <testcase classname="testmeter.generalitat" name="TestNegatiu_Abril url i verificar capçalera_Fils:100;Rampup:65;Durada:20" time="0.028">
        <failure message="Not Found">Test failed: text expected to contain /Model de Qualitat de Solucions/</failure>
    </testcase>
    <testcase classname="testmeter.generalitat" name="TestNegatiu_Abril url i verificar capçalera_Fils:100;Rampup:65;Durada:20" time="0.029">
        <failure message="Not Found">Test failed: text expected to contain /Model de Qualitat de Solucions/</failure>
    </testcase>
    <testcase classname="testmeter.generalitat" name="Abril url i verificar capçalera_Fils:100;Rampup:65;Durada:20" time="0.027"/>
    <testcase classname="testmeter.generalitat" name="TestNegatiu_Abril url i verificar capçalera_Fils:100;Rampup:65;Durada:20" time="0.024">
        <failure message="Not Found">Test failed: text expected to contain /Model de Qualitat de Solucions/</failure>
    </testcase>
    <testcase classname="testmeter.generalitat" name="TestNegatiu_Abril url i verificar capçalera_Fils:100;Rampup:65;Durada:20" time="0.021">
        <failure message="Not Found">Test failed: text expected to contain /Model de Qualitat de Solucions/</failure>
    </testcase>
    <testcase classname="testmeter.generalitat" name="Abril url i verificar capçalera_Fils:100;Rampup:65;Durada:20" time="0.082"/>
    <testcase classname="testmeter.generalitat" name="TestNegatiu_Abril url i verificar capçalera_Fils:100;Rampup:65;Durada:20" time="0.026">
        <failure message="Not Found">Test failed: text expected to contain /Model de Qualitat de Solucions/</failure>
    </testcase>
    <testcase classname="testmeter.generalitat" name="TestNegatiu_Abril url i verificar capçalera_Fils:100;Rampup:65;Durada:20" time="0.027">
        <failure message="Not Found">Test failed: text expected to contain /Model de Qualitat de Solucions/</failure>
    </testcase>
    <testcase classname="testmeter.generalitat" name="TestNegatiu_Abril url i verificar capçalera_Fils:100;Rampup:65;Durada:20" time="0.027">
        <failure message="Not Found">Test failed: text expected to contain /Model de Qualitat de Solucions/</failure>
    </testcase>
    <testcase classname="testmeter.generalitat" name="TestNegatiu_Abril url i verificar capçalera_Fils:100;Rampup:65;Durada:20" time="0.026">
        <failure message="Not Found">Test failed: text expected to contain /Model de Qualitat de Solucions/</failure>
    </testcase>
    <testcase classname="testmeter.generalitat" name="TestNegatiu_Abril url i verificar capçalera_Fils:100;Rampup:65;Durada:20" time="0.031">
        <failure message="Not Found">Test failed: text expected to contain /Model de Qualitat de Solucions/</failure>
    </testcase>
    <testcase classname="testmeter.generalitat" name="Abril url i verificar capçalera_Fils:100;Rampup:65;Durada:20" time="0.023"/>
    <testcase classname="testmeter.generalitat" name="Abril url i verificar capçalera_Fils:100;Rampup:65;Durada:20" time="0.026"/>
    <testcase classname="testmeter.generalitat" name="Abril url i verificar capçalera_Fils:100;Rampup:65;Durada:20" time="0.030"/>
    <testcase classname="testmeter.generalitat" name="Abril url i verificar capçalera_Fils:100;Rampup:65;Durada:20" time="0.029"/>
    <testcase classname="testmeter.generalitat" name="Abril url i verificar capçalera_Fils:100;Rampup:65;Durada:20" time="0.028"/>
    <testcase classname="testmeter.generalitat" name="TestNegatiu_Abril url i verificar capçalera_Fils:100;Rampup:65;Durada:20" time="0.027">
        <failure message="Not Found">Test failed: text expected to contain /Model de Qualitat de Solucions/</failure>
    </testcase>
    <testcase classname="testmeter.generalitat" name="Abril url i verificar capçalera_Fils:100;Rampup:65;Durada:20" time="0.029"/>
    <testcase classname="testmeter.generalitat" name="Abril url i verificar capçalera_Fils:100;Rampup:65;Durada:20" time="0.075"/>
    <testcase classname="testmeter.generalitat" name="TestNegatiu_Abril url i verificar capçalera_Fils:100;Rampup:65;Durada:20" time="0.022">
        <failure message="Not Found">Test failed: text expected to contain /Model de Qualitat de Solucions/</failure>
    </testcase>
    <testcase classname="testmeter.generalitat" name="Abril url i verificar capçalera_Fils:100;Rampup:65;Durada:20" time="0.025"/>
    <testcase classname="testmeter.generalitat" name="TestNegatiu_Abril url i verificar capçalera_Fils:100;Rampup:65;Durada:20" time="0.024">
        <failure message="Not Found">Test failed: text expected to contain /Model de Qualitat de Solucions/</failure>
    </testcase>
    <testcase classname="testmeter.generalitat" name="Abril url i verificar capçalera_Fils:100;Rampup:65;Durada:20" time="0.041"/>
    <testcase classname="testmeter.generalitat" name="TestNegatiu_Abril url i verificar capçalera_Fils:100;Rampup:65;Durada:20" time="0.046">
        <failure message="Not Found">Test failed: text expected to contain /Model de Qualitat de Solucions/</failure>
    </testcase>
    <testcase classname="testmeter.generalitat" name="Abril url i verificar capçalera_Fils:100;Rampup:65;Durada:20" time="0.047"/>
    <testcase classname="testmeter.generalitat" name="TestNegatiu_Abril url i verificar capçalera_Fils:100;Rampup:65;Durada:20" time="0.027">
        <failure message="Not Found">Test failed: text expected to contain /Model de Qualitat de Solucions/</failure>
    </testcase>
    <testcase classname="testmeter.generalitat" name="TestNegatiu_Abril url i verificar capçalera_Fils:100;Rampup:65;Durada:20" time="0.028">
        <failure message="Not Found">Test failed: text expected to contain /Model de Qualitat de Solucions/</failure>
    </testcase>
    <testcase classname="testmeter.generalitat" name="Abril url i verificar capçalera_Fils:100;Rampup:65;Durada:20" time="0.027"/>
    <testcase classname="testmeter.generalitat" name="TestNegatiu_Abril url i verificar capçalera_Fils:100;Rampup:65;Durada:20" time="0.033">
        <failure message="Not Found">Test failed: text expected to contain /Model de Qualitat de Solucions/</failure>
    </testcase>
    <testcase classname="testmeter.generalitat" name="TestNegatiu_Abril url i verificar capçalera_Fils:100;Rampup:65;Durada:20" time="0.030">
        <failure message="Not Found">Test failed: text expected to contain /Model de Qualitat de Solucions/</failure>
    </testcase>
    <testcase classname="testmeter.generalitat" name="TestNegatiu_Abril url i verificar capçalera_Fils:100;Rampup:65;Durada:20" time="0.027">
        <failure message="Not Found">Test failed: text expected to contain /Model de Qualitat de Solucions/</failure>
    </testcase>
    <testcase classname="testmeter.generalitat" name="TestNegatiu_Abril url i verificar capçalera_Fils:100;Rampup:65;Durada:20" time="0.021">
        <failure message="Not Found">Test failed: text expected to contain /Model de Qualitat de Solucions/</failure>
    </testcase>
    <testcase classname="testmeter.generalitat" name="Abril url i verificar capçalera_Fils:100;Rampup:65;Durada:20" time="0.049"/>
    <testcase classname="testmeter.generalitat" name="Abril url i verificar capçalera_Fils:100;Rampup:65;Durada:20" time="0.048"/>
    <testcase classname="testmeter.generalitat" name="Abril url i verificar capçalera_Fils:100;Rampup:65;Durada:20" time="0.025"/>
    <testcase classname="testmeter.generalitat" name="TestNegatiu_Abril url i verificar capçalera_Fils:100;Rampup:65;Durada:20" time="0.024">
        <failure message="Not Found">Test failed: text expected to contain /Model de Qualitat de Solucions/</failure>
    </testcase>
    <testcase classname="testmeter.generalitat" name="Abril url i verificar capçalera_Fils:100;Rampup:65;Durada:20" time="0.063"/>
    <testcase classname="testmeter.generalitat" name="TestNegatiu_Abril url i verificar capçalera_Fils:100;Rampup:65;Durada:20" time="0.024">
        <failure message="Not Found">Test failed: text expected to contain /Model de Qualitat de Solucions/</failure>
    </testcase>
    <testcase classname="testmeter.generalitat" name="Abril url i verificar capçalera_Fils:100;Rampup:65;Durada:20" time="0.030"/>
    <testcase classname="testmeter.generalitat" name="TestNegatiu_Abril url i verificar capçalera_Fils:100;Rampup:65;Durada:20" time="0.023">
        <failure message="Not Found">Test failed: text expected to contain /Model de Qualitat de Solucions/</failure>
    </testcase>
    <testcase classname="testmeter.generalitat" name="TestNegatiu_Abril url i verificar capçalera_Fils:100;Rampup:65;Durada:20" time="0.025">
        <failure message="Not Found">Test failed: text expected to contain /Model de Qualitat de Solucions/</failure>
    </testcase>
    <testcase classname="testmeter.generalitat" name="Abril url i verificar capçalera_Fils:100;Rampup:65;Durada:20" time="0.031"/>
    <testcase classname="testmeter.generalitat" name="TestNegatiu_Abril url i verificar capçalera_Fils:100;Rampup:65;Durada:20" time="0.024">
        <failure message="Not Found">Test failed: text expected to contain /Model de Qualitat de Solucions/</failure>
    </testcase>
    <testcase classname="testmeter.generalitat" name="TestNegatiu_Abril url i verificar capçalera_Fils:100;Rampup:65;Durada:20" time="0.027">
        <failure message="Not Found">Test failed: text expected to contain /Model de Qualitat de Solucions/</failure>
    </testcase>
    <testcase classname="testmeter.generalitat" name="Abril url i verificar capçalera_Fils:100;Rampup:65;Durada:20" time="0.031"/>
    <testcase classname="testmeter.generalitat" name="Abril url i verificar capçalera_Fils:100;Rampup:65;Durada:20" time="0.073"/>
    <testcase classname="testmeter.generalitat" name="Abril url i verificar capçalera_Fils:100;Rampup:65;Durada:20" time="0.027"/>
    <testcase classname="testmeter.generalitat" name="Abril url i verificar capçalera_Fils:100;Rampup:65;Durada:20" time="0.028"/>
    <testcase classname="testmeter.generalitat" name="Abril url i verificar capçalera_Fils:100;Rampup:65;Durada:20" time="0.028"/>
    <testcase classname="testmeter.generalitat" name="TestNegatiu_Abril url i verificar capçalera_Fils:100;Rampup:65;Durada:20" time="0.028">
        <failure message="Not Found">Test failed: text expected to contain /Model de Qualitat de Solucions/</failure>
    </testcase>
    <testcase classname="testmeter.generalitat" name="TestNegatiu_Abril url i verificar capçalera_Fils:100;Rampup:65;Durada:20" time="0.029">
        <failure message="Not Found">Test failed: text expected to contain /Model de Qualitat de Solucions/</failure>
    </testcase>
    <testcase classname="testmeter.generalitat" name="Abril url i verificar capçalera_Fils:100;Rampup:65;Durada:20" time="0.027"/>
    <testcase classname="testmeter.generalitat" name="Abril url i verificar capçalera_Fils:100;Rampup:65;Durada:20" time="0.040"/>
    <testcase classname="testmeter.generalitat" name="Abril url i verificar capçalera_Fils:100;Rampup:65;Durada:20" time="0.125"/>
    <testcase classname="testmeter.generalitat" name="Abril url i verificar capçalera_Fils:100;Rampup:65;Durada:20" time="0.023"/>
    <testcase classname="testmeter.generalitat" name="TestNegatiu_Abril url i verificar capçalera_Fils:100;Rampup:65;Durada:20" time="0.026">
        <failure message="Not Found">Test failed: text expected to contain /Model de Qualitat de Solucions/</failure>
    </testcase>
    <testcase classname="testmeter.generalitat" name="TestNegatiu_Abril url i verificar capçalera_Fils:100;Rampup:65;Durada:20" time="0.029">
        <failure message="Not Found">Test failed: text expected to contain /Model de Qualitat de Solucions/</failure>
    </testcase>
    <testcase classname="testmeter.generalitat" name="Abril url i verificar capçalera_Fils:100;Rampup:65;Durada:20" time="0.044"/>
    <testcase classname="testmeter.generalitat" name="TestNegatiu_Abril url i verificar capçalera_Fils:100;Rampup:65;Durada:20" time="0.023">
        <failure message="Not Found">Test failed: text expected to contain /Model de Qualitat de Solucions/</failure>
    </testcase>
    <testcase classname="testmeter.generalitat" name="TestNegatiu_Abril url i verificar capçalera_Fils:100;Rampup:65;Durada:20" time="0.025">
        <failure message="Not Found">Test failed: text expected to contain /Model de Qualitat de Solucions/</failure>
    </testcase>
    <testcase classname="testmeter.generalitat" name="TestNegatiu_Abril url i verificar capçalera_Fils:100;Rampup:65;Durada:20" time="0.026">
        <failure message="Not Found">Test failed: text expected to contain /Model de Qualitat de Solucions/</failure>
    </testcase>
    <testcase classname="testmeter.generalitat" name="TestNegatiu_Abril url i verificar capçalera_Fils:100;Rampup:65;Durada:20" time="0.031">
        <failure message="Not Found">Test failed: text expected to contain /Model de Qualitat de Solucions/</failure>
    </testcase>
    <testcase classname="testmeter.generalitat" name="Abril url i verificar capçalera_Fils:100;Rampup:65;Durada:20" time="0.069"/>
    <testcase classname="testmeter.generalitat" name="TestNegatiu_Abril url i verificar capçalera_Fils:100;Rampup:65;Durada:20" time="0.023">
        <failure message="Not Found">Test failed: text expected to contain /Model de Qualitat de Solucions/</failure>
    </testcase>
    <testcase classname="testmeter.generalitat" name="Abril url i verificar capçalera_Fils:100;Rampup:65;Durada:20" time="0.026"/>
    <testcase classname="testmeter.generalitat" name="TestNegatiu_Abril url i verificar capçalera_Fils:100;Rampup:65;Durada:20" time="0.024">
        <failure message="Not Found">Test failed: text expected to contain /Model de Qualitat de Solucions/</failure>
    </testcase>
    <testcase classname="testmeter.generalitat" name="TestNegatiu_Abril url i verificar capçalera_Fils:100;Rampup:65;Durada:20" time="0.029">
        <failure message="Not Found">Test failed: text expected to contain /Model de Qualitat de Solucions/</failure>
    </testcase>
    <testcase classname="testmeter.generalitat" name="Abril url i verificar capçalera_Fils:100;Rampup:65;Durada:20" time="0.046"/>
    <testcase classname="testmeter.generalitat" name="Abril url i verificar capçalera_Fils:100;Rampup:65;Durada:20" time="0.054"/>
    <testcase classname="testmeter.generalitat" name="TestNegatiu_Abril url i verificar capçalera_Fils:100;Rampup:65;Durada:20" time="0.029">
        <failure message="Not Found">Test failed: text expected to contain /Model de Qualitat de Solucions/</failure>
    </testcase>
    <testcase classname="testmeter.generalitat" name="TestNegatiu_Abril url i verificar capçalera_Fils:100;Rampup:65;Durada:20" time="0.025">
        <failure message="Not Found">Test failed: text expected to contain /Model de Qualitat de Solucions/</failure>
    </testcase>
    <testcase classname="testmeter.generalitat" name="Abril url i verificar capçalera_Fils:100;Rampup:65;Durada:20" time="0.028"/>
    <testcase classname="testmeter.generalitat" name="TestNegatiu_Abril url i verificar capçalera_Fils:100;Rampup:65;Durada:20" time="0.024">
        <failure message="Not Found">Test failed: text expected to contain /Model de Qualitat de Solucions/</failure>
    </testcase>
    <testcase classname="testmeter.generalitat" name="Abril url i verificar capçalera_Fils:100;Rampup:65;Durada:20" time="0.029"/>
    <testcase classname="testmeter.generalitat" name="Abril url i verificar capçalera_Fils:100;Rampup:65;Durada:20" time="0.032"/>
    <testcase classname="testmeter.generalitat" name="Abril url i verificar capçalera_Fils:100;Rampup:65;Durada:20" time="0.105"/>
    <testcase classname="testmeter.generalitat" name="Abril url i verificar capçalera_Fils:100;Rampup:65;Durada:20" time="0.033"/>
    <testcase classname="testmeter.generalitat" name="Abril url i verificar capçalera_Fils:100;Rampup:65;Durada:20" time="0.025"/>
    <testcase classname="testmeter.generalitat" name="Abril url i verificar capçalera_Fils:100;Rampup:65;Durada:20" time="0.029"/>
    <testcase classname="testmeter.generalitat" name="TestNegatiu_Abril url i verificar capçalera_Fils:100;Rampup:65;Durada:20" time="0.025">
        <failure message="Not Found">Test failed: text expected to contain /Model de Qualitat de Solucions/</failure>
    </testcase>
    <testcase classname="testmeter.generalitat" name="TestNegatiu_Abril url i verificar capçalera_Fils:100;Rampup:65;Durada:20" time="0.026">
        <failure message="Not Found">Test failed: text expected to contain /Model de Qualitat de Solucions/</failure>
    </testcase>
    <testcase classname="testmeter.generalitat" name="Abril url i verificar capçalera_Fils:100;Rampup:65;Durada:20" time="0.069"/>
    <testcase classname="testmeter.generalitat" name="TestNegatiu_Abril url i verificar capçalera_Fils:100;Rampup:65;Durada:20" time="0.022">
        <failure message="Not Found">Test failed: text expected to contain /Model de Qualitat de Solucions/</failure>
    </testcase>
    <testcase classname="testmeter.generalitat" name="Abril url i verificar capçalera_Fils:100;Rampup:65;Durada:20" time="0.040"/>
    <testcase classname="testmeter.generalitat" name="TestNegatiu_Abril url i verificar capçalera_Fils:100;Rampup:65;Durada:20" time="0.029">
        <failure message="Not Found">Test failed: text expected to contain /Model de Qualitat de Solucions/</failure>
    </testcase>
    <testcase classname="testmeter.generalitat" name="TestNegatiu_Abril url i verificar capçalera_Fils:100;Rampup:65;Durada:20" time="0.029">
        <failure message="Not Found">Test failed: text expected to contain /Model de Qualitat de Solucions/</failure>
    </testcase>
    <testcase classname="testmeter.generalitat" name="TestNegatiu_Abril url i verificar capçalera_Fils:100;Rampup:65;Durada:20" time="0.026">
        <failure message="Not Found">Test failed: text expected to contain /Model de Qualitat de Solucions/</failure>
    </testcase>
    <testcase classname="testmeter.generalitat" name="TestNegatiu_Abril url i verificar capçalera_Fils:100;Rampup:65;Durada:20" time="0.023">
        <failure message="Not Found">Test failed: text expected to contain /Model de Qualitat de Solucions/</failure>
    </testcase>
    <testcase classname="testmeter.generalitat" name="TestNegatiu_Abril url i verificar capçalera_Fils:100;Rampup:65;Durada:20" time="0.031">
        <failure message="Not Found">Test failed: text expected to contain /Model de Qualitat de Solucions/</failure>
    </testcase>
    <testcase classname="testmeter.generalitat" name="TestNegatiu_Abril url i verificar capçalera_Fils:100;Rampup:65;Durada:20" time="0.026">
        <failure message="Not Found">Test failed: text expected to contain /Model de Qualitat de Solucions/</failure>
    </testcase>
    <testcase classname="testmeter.generalitat" name="Abril url i verificar capçalera_Fils:100;Rampup:65;Durada:20" time="0.049"/>
    <testcase classname="testmeter.generalitat" name="Abril url i verificar capçalera_Fils:100;Rampup:65;Durada:20" time="0.068"/>
    <testcase classname="testmeter.generalitat" name="Abril url i verificar capçalera_Fils:100;Rampup:65;Durada:20" time="0.030"/>
    <testcase classname="testmeter.generalitat" name="Abril url i verificar capçalera_Fils:100;Rampup:65;Durada:20" time="0.042"/>
    <testcase classname="testmeter.generalitat" name="TestNegatiu_Abril url i verificar capçalera_Fils:100;Rampup:65;Durada:20" time="0.023">
        <failure message="Not Found">Test failed: text expected to contain /Model de Qualitat de Solucions/</failure>
    </testcase>
    <testcase classname="testmeter.generalitat" name="TestNegatiu_Abril url i verificar capçalera_Fils:100;Rampup:65;Durada:20" time="0.045">
        <failure message="Not Found">Test failed: text expected to contain /Model de Qualitat de Solucions/</failure>
    </testcase>
    <testcase classname="testmeter.generalitat" name="TestNegatiu_Abril url i verificar capçalera_Fils:100;Rampup:65;Durada:20" time="0.092">
        <failure message="Not Found">Test failed: text expected to contain /Model de Qualitat de Solucions/</failure>
    </testcase>
    <testcase classname="testmeter.generalitat" name="Abril url i verificar capçalera_Fils:100;Rampup:65;Durada:20" time="0.026"/>
    <testcase classname="testmeter.generalitat" name="Abril url i verificar capçalera_Fils:100;Rampup:65;Durada:20" time="0.023"/>
    <testcase classname="testmeter.generalitat" name="Abril url i verificar capçalera_Fils:100;Rampup:65;Durada:20" time="0.026"/>
    <testcase classname="testmeter.generalitat" name="Abril url i verificar capçalera_Fils:100;Rampup:65;Durada:20" time="0.052"/>
    <testcase classname="testmeter.generalitat" name="TestNegatiu_Abril url i verificar capçalera_Fils:100;Rampup:65;Durada:20" time="0.027">
        <failure message="Not Found">Test failed: text expected to contain /Model de Qualitat de Solucions/</failure>
    </testcase>
    <testcase classname="testmeter.generalitat" name="TestNegatiu_Abril url i verificar capçalera_Fils:100;Rampup:65;Durada:20" time="0.028">
        <failure message="Not Found">Test failed: text expected to contain /Model de Qualitat de Solucions/</failure>
    </testcase>
    <testcase classname="testmeter.generalitat" name="TestNegatiu_Abril url i verificar capçalera_Fils:100;Rampup:65;Durada:20" time="0.025">
        <failure message="Not Found">Test failed: text expected to contain /Model de Qualitat de Solucions/</failure>
    </testcase>
    <testcase classname="testmeter.generalitat" name="TestNegatiu_Abril url i verificar capçalera_Fils:100;Rampup:65;Durada:20" time="0.026">
        <failure message="Not Found">Test failed: text expected to contain /Model de Qualitat de Solucions/</failure>
    </testcase>
    <testcase classname="testmeter.generalitat" name="Abril url i verificar capçalera_Fils:100;Rampup:65;Durada:20" time="0.030"/>
    <testcase classname="testmeter.generalitat" name="Abril url i verificar capçalera_Fils:100;Rampup:65;Durada:20" time="0.048"/>
    <testcase classname="testmeter.generalitat" name="TestNegatiu_Abril url i verificar capçalera_Fils:100;Rampup:65;Durada:20" time="0.023">
        <failure message="Not Found">Test failed: text expected to contain /Model de Qualitat de Solucions/</failure>
    </testcase>
    <testcase classname="testmeter.generalitat" name="Abril url i verificar capçalera_Fils:100;Rampup:65;Durada:20" time="0.033"/>
    <testcase classname="testmeter.generalitat" name="TestNegatiu_Abril url i verificar capçalera_Fils:100;Rampup:65;Durada:20" time="0.023">
        <failure message="Not Found">Test failed: text expected to contain /Model de Qualitat de Solucions/</failure>
    </testcase>
    <testcase classname="testmeter.generalitat" name="Abril url i verificar capçalera_Fils:100;Rampup:65;Durada:20" time="0.075"/>
    <testcase classname="testmeter.generalitat" name="TestNegatiu_Abril url i verificar capçalera_Fils:100;Rampup:65;Durada:20" time="0.024">
        <failure message="Not Found">Test failed: text expected to contain /Model de Qualitat de Solucions/</failure>
    </testcase>
    <testcase classname="testmeter.generalitat" name="Abril url i verificar capçalera_Fils:100;Rampup:65;Durada:20" time="0.048"/>
    <testcase classname="testmeter.generalitat" name="TestNegatiu_Abril url i verificar capçalera_Fils:100;Rampup:65;Durada:20" time="0.026">
        <failure message="Not Found">Test failed: text expected to contain /Model de Qualitat de Solucions/</failure>
    </testcase>
    <testcase classname="testmeter.generalitat" name="Abril url i verificar capçalera_Fils:100;Rampup:65;Durada:20" time="0.045"/>
    <testcase classname="testmeter.generalitat" name="TestNegatiu_Abril url i verificar capçalera_Fils:100;Rampup:65;Durada:20" time="0.031">
        <failure message="Not Found">Test failed: text expected to contain /Model de Qualitat de Solucions/</failure>
    </testcase>
    <testcase classname="testmeter.generalitat" name="TestNegatiu_Abril url i verificar capçalera_Fils:100;Rampup:65;Durada:20" time="0.032">
        <failure message="Not Found">Test failed: text expected to contain /Model de Qualitat de Solucions/</failure>
    </testcase>
    <testcase classname="testmeter.generalitat" name="Abril url i verificar capçalera_Fils:100;Rampup:65;Durada:20" time="0.030"/>
    <testcase classname="testmeter.generalitat" name="Abril url i verificar capçalera_Fils:100;Rampup:65;Durada:20" time="0.050"/>
    <testcase classname="testmeter.generalitat" name="Abril url i verificar capçalera_Fils:100;Rampup:65;Durada:20" time="0.026"/>
    <testcase classname="testmeter.generalitat" name="TestNegatiu_Abril url i verificar capçalera_Fils:100;Rampup:65;Durada:20" time="0.030">
        <failure message="Not Found">Test failed: text expected to contain /Model de Qualitat de Solucions/</failure>
    </testcase>
    <testcase classname="testmeter.generalitat" name="TestNegatiu_Abril url i verificar capçalera_Fils:100;Rampup:65;Durada:20" time="0.031">
        <failure message="Not Found">Test failed: text expected to contain /Model de Qualitat de Solucions/</failure>
    </testcase>
    <testcase classname="testmeter.generalitat" name="TestNegatiu_Abril url i verificar capçalera_Fils:100;Rampup:65;Durada:20" time="0.025">
        <failure message="Not Found">Test failed: text expected to contain /Model de Qualitat de Solucions/</failure>
    </testcase>
    <testcase classname="testmeter.generalitat" name="Abril url i verificar capçalera_Fils:100;Rampup:65;Durada:20" time="0.031"/>
    <testcase classname="testmeter.generalitat" name="Abril url i verificar capçalera_Fils:100;Rampup:65;Durada:20" time="0.042"/>
    <testcase classname="testmeter.generalitat" name="Abril url i verificar capçalera_Fils:100;Rampup:65;Durada:20" time="0.029"/>
    <testcase classname="testmeter.generalitat" name="Abril url i verificar capçalera_Fils:100;Rampup:65;Durada:20" time="0.046"/>
    <testcase classname="testmeter.generalitat" name="Abril url i verificar capçalera_Fils:100;Rampup:65;Durada:20" time="0.051"/>
    <testcase classname="testmeter.generalitat" name="TestNegatiu_Abril url i verificar capçalera_Fils:100;Rampup:65;Durada:20" time="0.029">
        <failure message="Not Found">Test failed: text expected to contain /Model de Qualitat de Solucions/</failure>
    </testcase>
    <testcase classname="testmeter.generalitat" name="TestNegatiu_Abril url i verificar capçalera_Fils:100;Rampup:65;Durada:20" time="0.024">
        <failure message="Not Found">Test failed: text expected to contain /Model de Qualitat de Solucions/</failure>
    </testcase>
    <testcase classname="testmeter.generalitat" name="TestNegatiu_Abril url i verificar capçalera_Fils:100;Rampup:65;Durada:20" time="0.024">
        <failure message="Not Found">Test failed: text expected to contain /Model de Qualitat de Solucions/</failure>
    </testcase>
    <testcase classname="testmeter.generalitat" name="TestNegatiu_Abril url i verificar capçalera_Fils:100;Rampup:65;Durada:20" time="0.024">
        <failure message="Not Found">Test failed: text expected to contain /Model de Qualitat de Solucions/</failure>
    </testcase>
    <testcase classname="testmeter.generalitat" name="Abril url i verificar capçalera_Fils:100;Rampup:65;Durada:20" time="0.029"/>
    <testcase classname="testmeter.generalitat" name="Abril url i verificar capçalera_Fils:100;Rampup:65;Durada:20" time="0.028"/>
    <testcase classname="testmeter.generalitat" name="Abril url i verificar capçalera_Fils:100;Rampup:65;Durada:20" time="0.046"/>
    <testcase classname="testmeter.generalitat" name="Abril url i verificar capçalera_Fils:100;Rampup:65;Durada:20" time="0.029"/>
    <testcase classname="testmeter.generalitat" name="Abril url i verificar capçalera_Fils:100;Rampup:65;Durada:20" time="0.092"/>
    <testcase classname="testmeter.generalitat" name="TestNegatiu_Abril url i verificar capçalera_Fils:100;Rampup:65;Durada:20" time="0.029">
        <failure message="Not Found">Test failed: text expected to contain /Model de Qualitat de Solucions/</failure>
    </testcase>
    <testcase classname="testmeter.generalitat" name="TestNegatiu_Abril url i verificar capçalera_Fils:100;Rampup:65;Durada:20" time="0.029">
        <failure message="Not Found">Test failed: text expected to contain /Model de Qualitat de Solucions/</failure>
    </testcase>
    <testcase classname="testmeter.generalitat" name="TestNegatiu_Abril url i verificar capçalera_Fils:100;Rampup:65;Durada:20" time="0.029">
        <failure message="Not Found">Test failed: text expected to contain /Model de Qualitat de Solucions/</failure>
    </testcase>
    <testcase classname="testmeter.generalitat" name="TestNegatiu_Abril url i verificar capçalera_Fils:100;Rampup:65;Durada:20" time="0.026">
        <failure message="Not Found">Test failed: text expected to contain /Model de Qualitat de Solucions/</failure>
    </testcase>
    <testcase classname="testmeter.generalitat" name="TestNegatiu_Abril url i verificar capçalera_Fils:100;Rampup:65;Durada:20" time="0.031">
        <failure message="Not Found">Test failed: text expected to contain /Model de Qualitat de Solucions/</failure>
    </testcase>
    <testcase classname="testmeter.generalitat" name="Abril url i verificar capçalera_Fils:100;Rampup:65;Durada:20" time="0.026"/>
    <testcase classname="testmeter.generalitat" name="TestNegatiu_Abril url i verificar capçalera_Fils:100;Rampup:65;Durada:20" time="0.029">
        <failure message="Not Found">Test failed: text expected to contain /Model de Qualitat de Solucions/</failure>
    </testcase>
    <testcase classname="testmeter.generalitat" name="TestNegatiu_Abril url i verificar capçalera_Fils:100;Rampup:65;Durada:20" time="0.031">
        <failure message="Not Found">Test failed: text expected to contain /Model de Qualitat de Solucions/</failure>
    </testcase>
    <testcase classname="testmeter.generalitat" name="Abril url i verificar capçalera_Fils:100;Rampup:65;Durada:20" time="0.128"/>
    <testcase classname="testmeter.generalitat" name="Abril url i verificar capçalera_Fils:100;Rampup:65;Durada:20" time="0.029"/>
    <testcase classname="testmeter.generalitat" name="Abril url i verificar capçalera_Fils:100;Rampup:65;Durada:20" time="0.049"/>
    <testcase classname="testmeter.generalitat" name="Abril url i verificar capçalera_Fils:100;Rampup:65;Durada:20" time="0.043"/>
    <testcase classname="testmeter.generalitat" name="TestNegatiu_Abril url i verificar capçalera_Fils:100;Rampup:65;Durada:20" time="0.036">
        <failure message="Not Found">Test failed: text expected to contain /Model de Qualitat de Solucions/</failure>
    </testcase>
    <testcase classname="testmeter.generalitat" name="TestNegatiu_Abril url i verificar capçalera_Fils:100;Rampup:65;Durada:20" time="0.038">
        <failure message="Not Found">Test failed: text expected to contain /Model de Qualitat de Solucions/</failure>
    </testcase>
    <testcase classname="testmeter.generalitat" name="Abril url i verificar capçalera_Fils:100;Rampup:65;Durada:20" time="0.047"/>
    <testcase classname="testmeter.generalitat" name="Abril url i verificar capçalera_Fils:100;Rampup:65;Durada:20" time="0.067"/>
    <testcase classname="testmeter.generalitat" name="Abril url i verificar capçalera_Fils:100;Rampup:65;Durada:20" time="0.033"/>
    <testcase classname="testmeter.generalitat" name="TestNegatiu_Abril url i verificar capçalera_Fils:100;Rampup:65;Durada:20" time="0.026">
        <failure message="Not Found">Test failed: text expected to contain /Model de Qualitat de Solucions/</failure>
    </testcase>
    <testcase classname="testmeter.generalitat" name="Abril url i verificar capçalera_Fils:100;Rampup:65;Durada:20" time="0.036"/>
    <testcase classname="testmeter.generalitat" name="TestNegatiu_Abril url i verificar capçalera_Fils:100;Rampup:65;Durada:20" time="0.045">
        <failure message="Not Found">Test failed: text expected to contain /Model de Qualitat de Solucions/</failure>
    </testcase>
    <testcase classname="testmeter.generalitat" name="TestNegatiu_Abril url i verificar capçalera_Fils:100;Rampup:65;Durada:20" time="0.025">
        <failure message="Not Found">Test failed: text expected to contain /Model de Qualitat de Solucions/</failure>
    </testcase>
    <testcase classname="testmeter.generalitat" name="Abril url i verificar capçalera_Fils:100;Rampup:65;Durada:20" time="0.028"/>
    <testcase classname="testmeter.generalitat" name="TestNegatiu_Abril url i verificar capçalera_Fils:100;Rampup:65;Durada:20" time="0.026">
        <failure message="Not Found">Test failed: text expected to contain /Model de Qualitat de Solucions/</failure>
    </testcase>
    <testcase classname="testmeter.generalitat" name="Abril url i verificar capçalera_Fils:100;Rampup:65;Durada:20" time="0.027"/>
    <testcase classname="testmeter.generalitat" name="TestNegatiu_Abril url i verificar capçalera_Fils:100;Rampup:65;Durada:20" time="0.031">
        <failure message="Not Found">Test failed: text expected to contain /Model de Qualitat de Solucions/</failure>
    </testcase>
    <testcase classname="testmeter.generalitat" name="TestNegatiu_Abril url i verificar capçalera_Fils:100;Rampup:65;Durada:20" time="0.031">
        <failure message="Not Found">Test failed: text expected to contain /Model de Qualitat de Solucions/</failure>
    </testcase>
    <testcase classname="testmeter.generalitat" name="Abril url i verificar capçalera_Fils:100;Rampup:65;Durada:20" time="0.052"/>
    <testcase classname="testmeter.generalitat" name="Abril url i verificar capçalera_Fils:100;Rampup:65;Durada:20" time="0.055"/>
    <testcase classname="testmeter.generalitat" name="Abril url i verificar capçalera_Fils:100;Rampup:65;Durada:20" time="0.056"/>
    <testcase classname="testmeter.generalitat" name="TestNegatiu_Abril url i verificar capçalera_Fils:100;Rampup:65;Durada:20" time="0.027">
        <failure message="Not Found">Test failed: text expected to contain /Model de Qualitat de Solucions/</failure>
    </testcase>
    <testcase classname="testmeter.generalitat" name="TestNegatiu_Abril url i verificar capçalera_Fils:100;Rampup:65;Durada:20" time="0.028">
        <failure message="Not Found">Test failed: text expected to contain /Model de Qualitat de Solucions/</failure>
    </testcase>
    <testcase classname="testmeter.generalitat" name="TestNegatiu_Abril url i verificar capçalera_Fils:100;Rampup:65;Durada:20" time="0.028">
        <failure message="Not Found">Test failed: text expected to contain /Model de Qualitat de Solucions/</failure>
    </testcase>
    <testcase classname="testmeter.generalitat" name="Abril url i verificar capçalera_Fils:100;Rampup:65;Durada:20" time="0.034"/>
    <testcase classname="testmeter.generalitat" name="Abril url i verificar capçalera_Fils:100;Rampup:65;Durada:20" time="0.028"/>
    <testcase classname="testmeter.generalitat" name="TestNegatiu_Abril url i verificar capçalera_Fils:100;Rampup:65;Durada:20" time="0.032">
        <failure message="Not Found">Test failed: text expected to contain /Model de Qualitat de Solucions/</failure>
    </testcase>
    <testcase classname="testmeter.generalitat" name="TestNegatiu_Abril url i verificar capçalera_Fils:100;Rampup:65;Durada:20" time="0.031">
        <failure message="Not Found">Test failed: text expected to contain /Model de Qualitat de Solucions/</failure>
    </testcase>
    <testcase classname="testmeter.generalitat" name="TestNegatiu_Abril url i verificar capçalera_Fils:100;Rampup:65;Durada:20" time="0.032">
        <failure message="Not Found">Test failed: text expected to contain /Model de Qualitat de Solucions/</failure>
    </testcase>
    <testcase classname="testmeter.generalitat" name="TestNegatiu_Abril url i verificar capçalera_Fils:100;Rampup:65;Durada:20" time="0.025">
        <failure message="Not Found">Test failed: text expected to contain /Model de Qualitat de Solucions/</failure>
    </testcase>
    <testcase classname="testmeter.generalitat" name="TestNegatiu_Abril url i verificar capçalera_Fils:100;Rampup:65;Durada:20" time="0.026">
        <failure message="Not Found">Test failed: text expected to contain /Model de Qualitat de Solucions/</failure>
    </testcase>
    <testcase classname="testmeter.generalitat" name="Abril url i verificar capçalera_Fils:100;Rampup:65;Durada:20" time="0.035"/>
    <testcase classname="testmeter.generalitat" name="Abril url i verificar capçalera_Fils:100;Rampup:65;Durada:20" time="0.053"/>
    <testcase classname="testmeter.generalitat" name="Abril url i verificar capçalera_Fils:100;Rampup:65;Durada:20" time="0.031"/>
    <testcase classname="testmeter.generalitat" name="Abril url i verificar capçalera_Fils:100;Rampup:65;Durada:20" time="0.119"/>
    <testcase classname="testmeter.generalitat" name="TestNegatiu_Abril url i verificar capçalera_Fils:100;Rampup:65;Durada:20" time="0.033">
        <failure message="Not Found">Test failed: text expected to contain /Model de Qualitat de Solucions/</failure>
    </testcase>
    <testcase classname="testmeter.generalitat" name="TestNegatiu_Abril url i verificar capçalera_Fils:100;Rampup:65;Durada:20" time="0.027">
        <failure message="Not Found">Test failed: text expected to contain /Model de Qualitat de Solucions/</failure>
    </testcase>
    <testcase classname="testmeter.generalitat" name="TestNegatiu_Abril url i verificar capçalera_Fils:100;Rampup:65;Durada:20" time="0.027">
        <failure message="Not Found">Test failed: text expected to contain /Model de Qualitat de Solucions/</failure>
    </testcase>
    <testcase classname="testmeter.generalitat" name="Abril url i verificar capçalera_Fils:100;Rampup:65;Durada:20" time="0.046"/>
    <testcase classname="testmeter.generalitat" name="Abril url i verificar capçalera_Fils:100;Rampup:65;Durada:20" time="0.034"/>
    <testcase classname="testmeter.generalitat" name="Abril url i verificar capçalera_Fils:100;Rampup:65;Durada:20" time="0.044"/>
    <testcase classname="testmeter.generalitat" name="Abril url i verificar capçalera_Fils:100;Rampup:65;Durada:20" time="0.026"/>
    <testcase classname="testmeter.generalitat" name="Abril url i verificar capçalera_Fils:100;Rampup:65;Durada:20" time="0.044"/>
    <testcase classname="testmeter.generalitat" name="Abril url i verificar capçalera_Fils:100;Rampup:65;Durada:20" time="0.028"/>
    <testcase classname="testmeter.generalitat" name="TestNegatiu_Abril url i verificar capçalera_Fils:100;Rampup:65;Durada:20" time="0.026">
        <failure message="Not Found">Test failed: text expected to contain /Model de Qualitat de Solucions/</failure>
    </testcase>
    <testcase classname="testmeter.generalitat" name="Abril url i verificar capçalera_Fils:100;Rampup:65;Durada:20" time="0.034"/>
    <testcase classname="testmeter.generalitat" name="TestNegatiu_Abril url i verificar capçalera_Fils:100;Rampup:65;Durada:20" time="0.033">
        <failure message="Not Found">Test failed: text expected to contain /Model de Qualitat de Solucions/</failure>
    </testcase>
    <testcase classname="testmeter.generalitat" name="TestNegatiu_Abril url i verificar capçalera_Fils:100;Rampup:65;Durada:20" time="0.024">
        <failure message="Not Found">Test failed: text expected to contain /Model de Qualitat de Solucions/</failure>
    </testcase>
    <testcase classname="testmeter.generalitat" name="TestNegatiu_Abril url i verificar capçalera_Fils:100;Rampup:65;Durada:20" time="0.027">
        <failure message="Not Found">Test failed: text expected to contain /Model de Qualitat de Solucions/</failure>
    </testcase>
    <testcase classname="testmeter.generalitat" name="Abril url i verificar capçalera_Fils:100;Rampup:65;Durada:20" time="0.032"/>
    <testcase classname="testmeter.generalitat" name="Abril url i verificar capçalera_Fils:100;Rampup:65;Durada:20" time="0.084"/>
    <testcase classname="testmeter.generalitat" name="Abril url i verificar capçalera_Fils:100;Rampup:65;Durada:20" time="0.028"/>
    <testcase classname="testmeter.generalitat" name="TestNegatiu_Abril url i verificar capçalera_Fils:100;Rampup:65;Durada:20" time="0.033">
        <failure message="Not Found">Test failed: text expected to contain /Model de Qualitat de Solucions/</failure>
    </testcase>
    <testcase classname="testmeter.generalitat" name="Abril url i verificar capçalera_Fils:100;Rampup:65;Durada:20" time="0.049"/>
    <testcase classname="testmeter.generalitat" name="Abril url i verificar capçalera_Fils:100;Rampup:65;Durada:20" time="0.072"/>
    <testcase classname="testmeter.generalitat" name="TestNegatiu_Abril url i verificar capçalera_Fils:100;Rampup:65;Durada:20" time="0.024">
        <failure message="Not Found">Test failed: text expected to contain /Model de Qualitat de Solucions/</failure>
    </testcase>
    <testcase classname="testmeter.generalitat" name="TestNegatiu_Abril url i verificar capçalera_Fils:100;Rampup:65;Durada:20" time="0.025">
        <failure message="Not Found">Test failed: text expected to contain /Model de Qualitat de Solucions/</failure>
    </testcase>
    <testcase classname="testmeter.generalitat" name="Abril url i verificar capçalera_Fils:100;Rampup:65;Durada:20" time="0.050"/>
    <testcase classname="testmeter.generalitat" name="TestNegatiu_Abril url i verificar capçalera_Fils:100;Rampup:65;Durada:20" time="0.027">
        <failure message="Not Found">Test failed: text expected to contain /Model de Qualitat de Solucions/</failure>
    </testcase>
    <testcase classname="testmeter.generalitat" name="Abril url i verificar capçalera_Fils:100;Rampup:65;Durada:20" time="0.029"/>
    <testcase classname="testmeter.generalitat" name="TestNegatiu_Abril url i verificar capçalera_Fils:100;Rampup:65;Durada:20" time="0.047">
        <failure message="Not Found">Test failed: text expected to contain /Model de Qualitat de Solucions/</failure>
    </testcase>
    <testcase classname="testmeter.generalitat" name="Abril url i verificar capçalera_Fils:100;Rampup:65;Durada:20" time="0.046"/>
    <testcase classname="testmeter.generalitat" name="TestNegatiu_Abril url i verificar capçalera_Fils:100;Rampup:65;Durada:20" time="0.037">
        <failure message="Not Found">Test failed: text expected to contain /Model de Qualitat de Solucions/</failure>
    </testcase>
    <testcase classname="testmeter.generalitat" name="TestNegatiu_Abril url i verificar capçalera_Fils:100;Rampup:65;Durada:20" time="0.030">
        <failure message="Not Found">Test failed: text expected to contain /Model de Qualitat de Solucions/</failure>
    </testcase>
    <testcase classname="testmeter.generalitat" name="Abril url i verificar capçalera_Fils:100;Rampup:65;Durada:20" time="0.029"/>
    <testcase classname="testmeter.generalitat" name="TestNegatiu_Abril url i verificar capçalera_Fils:100;Rampup:65;Durada:20" time="0.028">
        <failure message="Not Found">Test failed: text expected to contain /Model de Qualitat de Solucions/</failure>
    </testcase>
    <testcase classname="testmeter.generalitat" name="TestNegatiu_Abril url i verificar capçalera_Fils:100;Rampup:65;Durada:20" time="0.055">
        <failure message="Not Found">Test failed: text expected to contain /Model de Qualitat de Solucions/</failure>
    </testcase>
    <testcase classname="testmeter.generalitat" name="Abril url i verificar capçalera_Fils:100;Rampup:65;Durada:20" time="0.049"/>
    <testcase classname="testmeter.generalitat" name="Abril url i verificar capçalera_Fils:100;Rampup:65;Durada:20" time="0.047"/>
    <testcase classname="testmeter.generalitat" name="TestNegatiu_Abril url i verificar capçalera_Fils:100;Rampup:65;Durada:20" time="0.048">
        <failure message="Not Found">Test failed: text expected to contain /Model de Qualitat de Solucions/</failure>
    </testcase>
    <testcase classname="testmeter.generalitat" name="TestNegatiu_Abril url i verificar capçalera_Fils:100;Rampup:65;Durada:20" time="0.021">
        <failure message="Not Found">Test failed: text expected to contain /Model de Qualitat de Solucions/</failure>
    </testcase>
    <testcase classname="testmeter.generalitat" name="Abril url i verificar capçalera_Fils:100;Rampup:65;Durada:20" time="0.037"/>
    <testcase classname="testmeter.generalitat" name="Abril url i verificar capçalera_Fils:100;Rampup:65;Durada:20" time="0.053"/>
    <testcase classname="testmeter.generalitat" name="TestNegatiu_Abril url i verificar capçalera_Fils:100;Rampup:65;Durada:20" time="0.100">
        <failure message="Not Found">Test failed: text expected to contain /Model de Qualitat de Solucions/</failure>
    </testcase>
    <testcase classname="testmeter.generalitat" name="TestNegatiu_Abril url i verificar capçalera_Fils:100;Rampup:65;Durada:20" time="0.051">
        <failure message="Not Found">Test failed: text expected to contain /Model de Qualitat de Solucions/</failure>
    </testcase>
    <testcase classname="testmeter.generalitat" name="TestNegatiu_Abril url i verificar capçalera_Fils:100;Rampup:65;Durada:20" time="0.099">
        <failure message="Not Found">Test failed: text expected to contain /Model de Qualitat de Solucions/</failure>
    </testcase>
    <testcase classname="testmeter.generalitat" name="Abril url i verificar capçalera_Fils:100;Rampup:65;Durada:20" time="0.031"/>
    <testcase classname="testmeter.generalitat" name="TestNegatiu_Abril url i verificar capçalera_Fils:100;Rampup:65;Durada:20" time="0.030">
        <failure message="Not Found">Test failed: text expected to contain /Model de Qualitat de Solucions/</failure>
    </testcase>
    <testcase classname="testmeter.generalitat" name="TestNegatiu_Abril url i verificar capçalera_Fils:100;Rampup:65;Durada:20" time="0.034">
        <failure message="Not Found">Test failed: text expected to contain /Model de Qualitat de Solucions/</failure>
    </testcase>
    <testcase classname="testmeter.generalitat" name="TestNegatiu_Abril url i verificar capçalera_Fils:100;Rampup:65;Durada:20" time="0.023">
        <failure message="Not Found">Test failed: text expected to contain /Model de Qualitat de Solucions/</failure>
    </testcase>
    <testcase classname="testmeter.generalitat" name="Abril url i verificar capçalera_Fils:100;Rampup:65;Durada:20" time="0.032"/>
    <testcase classname="testmeter.generalitat" name="Abril url i verificar capçalera_Fils:100;Rampup:65;Durada:20" time="0.025"/>
    <testcase classname="testmeter.generalitat" name="TestNegatiu_Abril url i verificar capçalera_Fils:100;Rampup:65;Durada:20" time="0.031">
        <failure message="Not Found">Test failed: text expected to contain /Model de Qualitat de Solucions/</failure>
    </testcase>
    <testcase classname="testmeter.generalitat" name="TestNegatiu_Abril url i verificar capçalera_Fils:100;Rampup:65;Durada:20" time="0.028">
        <failure message="Not Found">Test failed: text expected to contain /Model de Qualitat de Solucions/</failure>
    </testcase>
    <testcase classname="testmeter.generalitat" name="Abril url i verificar capçalera_Fils:100;Rampup:65;Durada:20" time="0.034"/>
    <testcase classname="testmeter.generalitat" name="Abril url i verificar capçalera_Fils:100;Rampup:65;Durada:20" time="0.048"/>
    <testcase classname="testmeter.generalitat" name="TestNegatiu_Abril url i verificar capçalera_Fils:100;Rampup:65;Durada:20" time="0.024">
        <failure message="Not Found">Test failed: text expected to contain /Model de Qualitat de Solucions/</failure>
    </testcase>
    <testcase classname="testmeter.generalitat" name="Abril url i verificar capçalera_Fils:100;Rampup:65;Durada:20" time="0.046"/>
    <testcase classname="testmeter.generalitat" name="Abril url i verificar capçalera_Fils:100;Rampup:65;Durada:20" time="0.155"/>
    <testcase classname="testmeter.generalitat" name="Abril url i verificar capçalera_Fils:100;Rampup:65;Durada:20" time="0.027"/>
    <testcase classname="testmeter.generalitat" name="TestNegatiu_Abril url i verificar capçalera_Fils:100;Rampup:65;Durada:20" time="0.024">
        <failure message="Not Found">Test failed: text expected to contain /Model de Qualitat de Solucions/</failure>
    </testcase>
    <testcase classname="testmeter.generalitat" name="TestNegatiu_Abril url i verificar capçalera_Fils:100;Rampup:65;Durada:20" time="0.034">
        <failure message="Not Found">Test failed: text expected to contain /Model de Qualitat de Solucions/</failure>
    </testcase>
    <testcase classname="testmeter.generalitat" name="Abril url i verificar capçalera_Fils:100;Rampup:65;Durada:20" time="0.067"/>
    <testcase classname="testmeter.generalitat" name="Abril url i verificar capçalera_Fils:100;Rampup:65;Durada:20" time="0.029"/>
    <testcase classname="testmeter.generalitat" name="TestNegatiu_Abril url i verificar capçalera_Fils:100;Rampup:65;Durada:20" time="0.031">
        <failure message="Not Found">Test failed: text expected to contain /Model de Qualitat de Solucions/</failure>
    </testcase>
    <testcase classname="testmeter.generalitat" name="Abril url i verificar capçalera_Fils:100;Rampup:65;Durada:20" time="0.028"/>
    <testcase classname="testmeter.generalitat" name="TestNegatiu_Abril url i verificar capçalera_Fils:100;Rampup:65;Durada:20" time="0.035">
        <failure message="Not Found">Test failed: text expected to contain /Model de Qualitat de Solucions/</failure>
    </testcase>
    <testcase classname="testmeter.generalitat" name="TestNegatiu_Abril url i verificar capçalera_Fils:100;Rampup:65;Durada:20" time="0.035">
        <failure message="Not Found">Test failed: text expected to contain /Model de Qualitat de Solucions/</failure>
    </testcase>
    <testcase classname="testmeter.generalitat" name="Abril url i verificar capçalera_Fils:100;Rampup:65;Durada:20" time="0.048"/>
    <testcase classname="testmeter.generalitat" name="TestNegatiu_Abril url i verificar capçalera_Fils:100;Rampup:65;Durada:20" time="0.029">
        <failure message="Not Found">Test failed: text expected to contain /Model de Qualitat de Solucions/</failure>
    </testcase>
    <testcase classname="testmeter.generalitat" name="TestNegatiu_Abril url i verificar capçalera_Fils:100;Rampup:65;Durada:20" time="0.029">
        <failure message="Not Found">Test failed: text expected to contain /Model de Qualitat de Solucions/</failure>
    </testcase>
    <testcase classname="testmeter.generalitat" name="Abril url i verificar capçalera_Fils:100;Rampup:65;Durada:20" time="0.071"/>
    <testcase classname="testmeter.generalitat" name="Abril url i verificar capçalera_Fils:100;Rampup:65;Durada:20" time="0.052"/>
    <testcase classname="testmeter.generalitat" name="Abril url i verificar capçalera_Fils:100;Rampup:65;Durada:20" time="0.043"/>
    <testcase classname="testmeter.generalitat" name="Abril url i verificar capçalera_Fils:100;Rampup:65;Durada:20" time="0.061"/>
    <testcase classname="testmeter.generalitat" name="Abril url i verificar capçalera_Fils:100;Rampup:65;Durada:20" time="0.025"/>
    <testcase classname="testmeter.generalitat" name="TestNegatiu_Abril url i verificar capçalera_Fils:100;Rampup:65;Durada:20" time="0.029">
        <failure message="Not Found">Test failed: text expected to contain /Model de Qualitat de Solucions/</failure>
    </testcase>
    <testcase classname="testmeter.generalitat" name="TestNegatiu_Abril url i verificar capçalera_Fils:100;Rampup:65;Durada:20" time="0.027">
        <failure message="Not Found">Test failed: text expected to contain /Model de Qualitat de Solucions/</failure>
    </testcase>
    <testcase classname="testmeter.generalitat" name="TestNegatiu_Abril url i verificar capçalera_Fils:100;Rampup:65;Durada:20" time="0.023">
        <failure message="Not Found">Test failed: text expected to contain /Model de Qualitat de Solucions/</failure>
    </testcase>
    <testcase classname="testmeter.generalitat" name="TestNegatiu_Abril url i verificar capçalera_Fils:100;Rampup:65;Durada:20" time="0.043">
        <failure message="Not Found">Test failed: text expected to contain /Model de Qualitat de Solucions/</failure>
    </testcase>
    <testcase classname="testmeter.generalitat" name="Abril url i verificar capçalera_Fils:100;Rampup:65;Durada:20" time="0.038"/>
    <testcase classname="testmeter.generalitat" name="Abril url i verificar capçalera_Fils:100;Rampup:65;Durada:20" time="0.046"/>
    <testcase classname="testmeter.generalitat" name="TestNegatiu_Abril url i verificar capçalera_Fils:100;Rampup:65;Durada:20" time="0.023">
        <failure message="Not Found">Test failed: text expected to contain /Model de Qualitat de Solucions/</failure>
    </testcase>
    <testcase classname="testmeter.generalitat" name="Abril url i verificar capçalera_Fils:100;Rampup:65;Durada:20" time="0.026"/>
    <testcase classname="testmeter.generalitat" name="TestNegatiu_Abril url i verificar capçalera_Fils:100;Rampup:65;Durada:20" time="0.030">
        <failure message="Not Found">Test failed: text expected to contain /Model de Qualitat de Solucions/</failure>
    </testcase>
    <testcase classname="testmeter.generalitat" name="TestNegatiu_Abril url i verificar capçalera_Fils:100;Rampup:65;Durada:20" time="0.028">
        <failure message="Not Found">Test failed: text expected to contain /Model de Qualitat de Solucions/</failure>
    </testcase>
    <testcase classname="testmeter.generalitat" name="TestNegatiu_Abril url i verificar capçalera_Fils:100;Rampup:65;Durada:20" time="0.030">
        <failure message="Not Found">Test failed: text expected to contain /Model de Qualitat de Solucions/</failure>
    </testcase>
    <testcase classname="testmeter.generalitat" name="Abril url i verificar capçalera_Fils:100;Rampup:65;Durada:20" time="0.027"/>
    <testcase classname="testmeter.generalitat" name="Abril url i verificar capçalera_Fils:100;Rampup:65;Durada:20" time="0.042"/>
    <testcase classname="testmeter.generalitat" name="Abril url i verificar capçalera_Fils:100;Rampup:65;Durada:20" time="0.027"/>
    <testcase classname="testmeter.generalitat" name="Abril url i verificar capçalera_Fils:100;Rampup:65;Durada:20" time="0.056"/>
    <testcase classname="testmeter.generalitat" name="TestNegatiu_Abril url i verificar capçalera_Fils:100;Rampup:65;Durada:20" time="0.025">
        <failure message="Not Found">Test failed: text expected to contain /Model de Qualitat de Solucions/</failure>
    </testcase>
    <testcase classname="testmeter.generalitat" name="TestNegatiu_Abril url i verificar capçalera_Fils:100;Rampup:65;Durada:20" time="0.049">
        <failure message="Not Found">Test failed: text expected to contain /Model de Qualitat de Solucions/</failure>
    </testcase>
    <testcase classname="testmeter.generalitat" name="TestNegatiu_Abril url i verificar capçalera_Fils:100;Rampup:65;Durada:20" time="0.026">
        <failure message="Not Found">Test failed: text expected to contain /Model de Qualitat de Solucions/</failure>
    </testcase>
    <testcase classname="testmeter.generalitat" name="TestNegatiu_Abril url i verificar capçalera_Fils:100;Rampup:65;Durada:20" time="0.025">
        <failure message="Not Found">Test failed: text expected to contain /Model de Qualitat de Solucions/</failure>
    </testcase>
    <testcase classname="testmeter.generalitat" name="Abril url i verificar capçalera_Fils:100;Rampup:65;Durada:20" time="0.054"/>
    <testcase classname="testmeter.generalitat" name="Abril url i verificar capçalera_Fils:100;Rampup:65;Durada:20" time="0.025"/>
    <testcase classname="testmeter.generalitat" name="Abril url i verificar capçalera_Fils:100;Rampup:65;Durada:20" time="0.028"/>
    <testcase classname="testmeter.generalitat" name="Abril url i verificar capçalera_Fils:100;Rampup:65;Durada:20" time="0.028"/>
    <testcase classname="testmeter.generalitat" name="Abril url i verificar capçalera_Fils:100;Rampup:65;Durada:20" time="0.042"/>
    <testcase classname="testmeter.generalitat" name="TestNegatiu_Abril url i verificar capçalera_Fils:100;Rampup:65;Durada:20" time="0.029">
        <failure message="Not Found">Test failed: text expected to contain /Model de Qualitat de Solucions/</failure>
    </testcase>
    <testcase classname="testmeter.generalitat" name="TestNegatiu_Abril url i verificar capçalera_Fils:100;Rampup:65;Durada:20" time="0.023">
        <failure message="Not Found">Test failed: text expected to contain /Model de Qualitat de Solucions/</failure>
    </testcase>
    <testcase classname="testmeter.generalitat" name="TestNegatiu_Abril url i verificar capçalera_Fils:100;Rampup:65;Durada:20" time="0.026">
        <failure message="Not Found">Test failed: text expected to contain /Model de Qualitat de Solucions/</failure>
    </testcase>
    <testcase classname="testmeter.generalitat" name="TestNegatiu_Abril url i verificar capçalera_Fils:100;Rampup:65;Durada:20" time="0.026">
        <failure message="Not Found">Test failed: text expected to contain /Model de Qualitat de Solucions/</failure>
    </testcase>
    <testcase classname="testmeter.generalitat" name="Abril url i verificar capçalera_Fils:100;Rampup:65;Durada:20" time="0.147"/>
    <testcase classname="testmeter.generalitat" name="Abril url i verificar capçalera_Fils:100;Rampup:65;Durada:20" time="0.147"/>
    <testcase classname="testmeter.generalitat" name="Abril url i verificar capçalera_Fils:100;Rampup:65;Durada:20" time="0.026"/>
    <testcase classname="testmeter.generalitat" name="TestNegatiu_Abril url i verificar capçalera_Fils:100;Rampup:65;Durada:20" time="0.026">
        <failure message="Not Found">Test failed: text expected to contain /Model de Qualitat de Solucions/</failure>
    </testcase>
    <testcase classname="testmeter.generalitat" name="TestNegatiu_Abril url i verificar capçalera_Fils:100;Rampup:65;Durada:20" time="0.027">
        <failure message="Not Found">Test failed: text expected to contain /Model de Qualitat de Solucions/</failure>
    </testcase>
    <testcase classname="testmeter.generalitat" name="Abril url i verificar capçalera_Fils:100;Rampup:65;Durada:20" time="0.050"/>
    <testcase classname="testmeter.generalitat" name="Abril url i verificar capçalera_Fils:100;Rampup:65;Durada:20" time="0.030"/>
    <testcase classname="testmeter.generalitat" name="TestNegatiu_Abril url i verificar capçalera_Fils:100;Rampup:65;Durada:20" time="0.023">
        <failure message="Not Found">Test failed: text expected to contain /Model de Qualitat de Solucions/</failure>
    </testcase>
    <testcase classname="testmeter.generalitat" name="Abril url i verificar capçalera_Fils:100;Rampup:65;Durada:20" time="0.033"/>
    <testcase classname="testmeter.generalitat" name="TestNegatiu_Abril url i verificar capçalera_Fils:100;Rampup:65;Durada:20" time="0.026">
        <failure message="Not Found">Test failed: text expected to contain /Model de Qualitat de Solucions/</failure>
    </testcase>
    <testcase classname="testmeter.generalitat" name="TestNegatiu_Abril url i verificar capçalera_Fils:100;Rampup:65;Durada:20" time="0.026">
        <failure message="Not Found">Test failed: text expected to contain /Model de Qualitat de Solucions/</failure>
    </testcase>
    <testcase classname="testmeter.generalitat" name="Abril url i verificar capçalera_Fils:100;Rampup:65;Durada:20" time="0.068"/>
    <testcase classname="testmeter.generalitat" name="Abril url i verificar capçalera_Fils:100;Rampup:65;Durada:20" time="0.029"/>
    <testcase classname="testmeter.generalitat" name="Abril url i verificar capçalera_Fils:100;Rampup:65;Durada:20" time="0.032"/>
    <testcase classname="testmeter.generalitat" name="TestNegatiu_Abril url i verificar capçalera_Fils:100;Rampup:65;Durada:20" time="0.028">
        <failure message="Not Found">Test failed: text expected to contain /Model de Qualitat de Solucions/</failure>
    </testcase>
    <testcase classname="testmeter.generalitat" name="TestNegatiu_Abril url i verificar capçalera_Fils:100;Rampup:65;Durada:20" time="0.028">
        <failure message="Not Found">Test failed: text expected to contain /Model de Qualitat de Solucions/</failure>
    </testcase>
    <testcase classname="testmeter.generalitat" name="TestNegatiu_Abril url i verificar capçalera_Fils:100;Rampup:65;Durada:20" time="0.028">
        <failure message="Not Found">Test failed: text expected to contain /Model de Qualitat de Solucions/</failure>
    </testcase>
    <testcase classname="testmeter.generalitat" name="TestNegatiu_Abril url i verificar capçalera_Fils:100;Rampup:65;Durada:20" time="0.025">
        <failure message="Not Found">Test failed: text expected to contain /Model de Qualitat de Solucions/</failure>
    </testcase>
    <testcase classname="testmeter.generalitat" name="Abril url i verificar capçalera_Fils:100;Rampup:65;Durada:20" time="0.026"/>
    <testcase classname="testmeter.generalitat" name="TestNegatiu_Abril url i verificar capçalera_Fils:100;Rampup:65;Durada:20" time="0.029">
        <failure message="Not Found">Test failed: text expected to contain /Model de Qualitat de Solucions/</failure>
    </testcase>
    <testcase classname="testmeter.generalitat" name="Abril url i verificar capçalera_Fils:100;Rampup:65;Durada:20" time="0.048"/>
    <testcase classname="testmeter.generalitat" name="TestNegatiu_Abril url i verificar capçalera_Fils:100;Rampup:65;Durada:20" time="0.033">
        <failure message="Not Found">Test failed: text expected to contain /Model de Qualitat de Solucions/</failure>
    </testcase>
    <testcase classname="testmeter.generalitat" name="Abril url i verificar capçalera_Fils:100;Rampup:65;Durada:20" time="0.070"/>
    <testcase classname="testmeter.generalitat" name="Abril url i verificar capçalera_Fils:100;Rampup:65;Durada:20" time="0.032"/>
    <testcase classname="testmeter.generalitat" name="TestNegatiu_Abril url i verificar capçalera_Fils:100;Rampup:65;Durada:20" time="0.026">
        <failure message="Not Found">Test failed: text expected to contain /Model de Qualitat de Solucions/</failure>
    </testcase>
    <testcase classname="testmeter.generalitat" name="Abril url i verificar capçalera_Fils:100;Rampup:65;Durada:20" time="0.033"/>
    <testcase classname="testmeter.generalitat" name="Abril url i verificar capçalera_Fils:100;Rampup:65;Durada:20" time="0.050"/>
    <testcase classname="testmeter.generalitat" name="Abril url i verificar capçalera_Fils:100;Rampup:65;Durada:20" time="0.047"/>
    <testcase classname="testmeter.generalitat" name="TestNegatiu_Abril url i verificar capçalera_Fils:100;Rampup:65;Durada:20" time="0.026">
        <failure message="Not Found">Test failed: text expected to contain /Model de Qualitat de Solucions/</failure>
    </testcase>
    <testcase classname="testmeter.generalitat" name="Abril url i verificar capçalera_Fils:100;Rampup:65;Durada:20" time="0.043"/>
    <testcase classname="testmeter.generalitat" name="TestNegatiu_Abril url i verificar capçalera_Fils:100;Rampup:65;Durada:20" time="0.024">
        <failure message="Not Found">Test failed: text expected to contain /Model de Qualitat de Solucions/</failure>
    </testcase>
    <testcase classname="testmeter.generalitat" name="Abril url i verificar capçalera_Fils:100;Rampup:65;Durada:20" time="0.027"/>
    <testcase classname="testmeter.generalitat" name="TestNegatiu_Abril url i verificar capçalera_Fils:100;Rampup:65;Durada:20" time="0.023">
        <failure message="Not Found">Test failed: text expected to contain /Model de Qualitat de Solucions/</failure>
    </testcase>
    <testcase classname="testmeter.generalitat" name="TestNegatiu_Abril url i verificar capçalera_Fils:100;Rampup:65;Durada:20" time="0.051">
        <failure message="Not Found">Test failed: text expected to contain /Model de Qualitat de Solucions/</failure>
    </testcase>
    <testcase classname="testmeter.generalitat" name="Abril url i verificar capçalera_Fils:100;Rampup:65;Durada:20" time="0.026"/>
    <testcase classname="testmeter.generalitat" name="Abril url i verificar capçalera_Fils:100;Rampup:65;Durada:20" time="0.026"/>
    <testcase classname="testmeter.generalitat" name="TestNegatiu_Abril url i verificar capçalera_Fils:100;Rampup:65;Durada:20" time="0.032">
        <failure message="Not Found">Test failed: text expected to contain /Model de Qualitat de Solucions/</failure>
    </testcase>
    <testcase classname="testmeter.generalitat" name="TestNegatiu_Abril url i verificar capçalera_Fils:100;Rampup:65;Durada:20" time="0.024">
        <failure message="Not Found">Test failed: text expected to contain /Model de Qualitat de Solucions/</failure>
    </testcase>
    <testcase classname="testmeter.generalitat" name="TestNegatiu_Abril url i verificar capçalera_Fils:100;Rampup:65;Durada:20" time="0.037">
        <failure message="Not Found">Test failed: text expected to contain /Model de Qualitat de Solucions/</failure>
    </testcase>
    <testcase classname="testmeter.generalitat" name="TestNegatiu_Abril url i verificar capçalera_Fils:100;Rampup:65;Durada:20" time="0.037">
        <failure message="Not Found">Test failed: text expected to contain /Model de Qualitat de Solucions/</failure>
    </testcase>
    <testcase classname="testmeter.generalitat" name="Abril url i verificar capçalera_Fils:100;Rampup:65;Durada:20" time="0.049"/>
    <testcase classname="testmeter.generalitat" name="Abril url i verificar capçalera_Fils:100;Rampup:65;Durada:20" time="0.051"/>
    <testcase classname="testmeter.generalitat" name="Abril url i verificar capçalera_Fils:100;Rampup:65;Durada:20" time="0.048"/>
    <testcase classname="testmeter.generalitat" name="TestNegatiu_Abril url i verificar capçalera_Fils:100;Rampup:65;Durada:20" time="0.038">
        <failure message="Not Found">Test failed: text expected to contain /Model de Qualitat de Solucions/</failure>
    </testcase>
    <testcase classname="testmeter.generalitat" name="TestNegatiu_Abril url i verificar capçalera_Fils:100;Rampup:65;Durada:20" time="0.030">
        <failure message="Not Found">Test failed: text expected to contain /Model de Qualitat de Solucions/</failure>
    </testcase>
    <testcase classname="testmeter.generalitat" name="Abril url i verificar capçalera_Fils:100;Rampup:65;Durada:20" time="0.028"/>
    <testcase classname="testmeter.generalitat" name="TestNegatiu_Abril url i verificar capçalera_Fils:100;Rampup:65;Durada:20" time="0.027">
        <failure message="Not Found">Test failed: text expected to contain /Model de Qualitat de Solucions/</failure>
    </testcase>
    <testcase classname="testmeter.generalitat" name="Abril url i verificar capçalera_Fils:100;Rampup:65;Durada:20" time="0.041"/>
    <testcase classname="testmeter.generalitat" name="Abril url i verificar capçalera_Fils:100;Rampup:65;Durada:20" time="0.028"/>
    <testcase classname="testmeter.generalitat" name="TestNegatiu_Abril url i verificar capçalera_Fils:100;Rampup:65;Durada:20" time="0.051">
        <failure message="Not Found">Test failed: text expected to contain /Model de Qualitat de Solucions/</failure>
    </testcase>
    <testcase classname="testmeter.generalitat" name="TestNegatiu_Abril url i verificar capçalera_Fils:100;Rampup:65;Durada:20" time="0.026">
        <failure message="Not Found">Test failed: text expected to contain /Model de Qualitat de Solucions/</failure>
    </testcase>
    <testcase classname="testmeter.generalitat" name="Abril url i verificar capçalera_Fils:100;Rampup:65;Durada:20" time="0.026"/>
    <testcase classname="testmeter.generalitat" name="Abril url i verificar capçalera_Fils:100;Rampup:65;Durada:20" time="0.047"/>
    <testcase classname="testmeter.generalitat" name="Abril url i verificar capçalera_Fils:100;Rampup:65;Durada:20" time="0.028"/>
    <testcase classname="testmeter.generalitat" name="TestNegatiu_Abril url i verificar capçalera_Fils:100;Rampup:65;Durada:20" time="0.024">
        <failure message="Not Found">Test failed: text expected to contain /Model de Qualitat de Solucions/</failure>
    </testcase>
    <testcase classname="testmeter.generalitat" name="TestNegatiu_Abril url i verificar capçalera_Fils:100;Rampup:65;Durada:20" time="0.033">
        <failure message="Not Found">Test failed: text expected to contain /Model de Qualitat de Solucions/</failure>
    </testcase>
    <testcase classname="testmeter.generalitat" name="TestNegatiu_Abril url i verificar capçalera_Fils:100;Rampup:65;Durada:20" time="0.029">
        <failure message="Not Found">Test failed: text expected to contain /Model de Qualitat de Solucions/</failure>
    </testcase>
    <testcase classname="testmeter.generalitat" name="TestNegatiu_Abril url i verificar capçalera_Fils:100;Rampup:65;Durada:20" time="0.032">
        <failure message="Not Found">Test failed: text expected to contain /Model de Qualitat de Solucions/</failure>
    </testcase>
    <testcase classname="testmeter.generalitat" name="Abril url i verificar capçalera_Fils:100;Rampup:65;Durada:20" time="0.031"/>
    <testcase classname="testmeter.generalitat" name="Abril url i verificar capçalera_Fils:100;Rampup:65;Durada:20" time="0.032"/>
    <testcase classname="testmeter.generalitat" name="Abril url i verificar capçalera_Fils:100;Rampup:65;Durada:20" time="0.044"/>
    <testcase classname="testmeter.generalitat" name="TestNegatiu_Abril url i verificar capçalera_Fils:100;Rampup:65;Durada:20" time="0.028">
        <failure message="Not Found">Test failed: text expected to contain /Model de Qualitat de Solucions/</failure>
    </testcase>
    <testcase classname="testmeter.generalitat" name="TestNegatiu_Abril url i verificar capçalera_Fils:100;Rampup:65;Durada:20" time="0.040">
        <failure message="Not Found">Test failed: text expected to contain /Model de Qualitat de Solucions/</failure>
    </testcase>
    <testcase classname="testmeter.generalitat" name="Abril url i verificar capçalera_Fils:100;Rampup:65;Durada:20" time="0.049"/>
    <testcase classname="testmeter.generalitat" name="Abril url i verificar capçalera_Fils:100;Rampup:65;Durada:20" time="0.038"/>
    <testcase classname="testmeter.generalitat" name="TestNegatiu_Abril url i verificar capçalera_Fils:100;Rampup:65;Durada:20" time="0.052">
        <failure message="Not Found">Test failed: text expected to contain /Model de Qualitat de Solucions/</failure>
    </testcase>
    <testcase classname="testmeter.generalitat" name="TestNegatiu_Abril url i verificar capçalera_Fils:100;Rampup:65;Durada:20" time="0.031">
        <failure message="Not Found">Test failed: text expected to contain /Model de Qualitat de Solucions/</failure>
    </testcase>
    <testcase classname="testmeter.generalitat" name="Abril url i verificar capçalera_Fils:100;Rampup:65;Durada:20" time="0.051"/>
    <testcase classname="testmeter.generalitat" name="TestNegatiu_Abril url i verificar capçalera_Fils:100;Rampup:65;Durada:20" time="0.032">
        <failure message="Not Found">Test failed: text expected to contain /Model de Qualitat de Solucions/</failure>
    </testcase>
    <testcase classname="testmeter.generalitat" name="Abril url i verificar capçalera_Fils:100;Rampup:65;Durada:20" time="0.026"/>
    <testcase classname="testmeter.generalitat" name="TestNegatiu_Abril url i verificar capçalera_Fils:100;Rampup:65;Durada:20" time="0.029">
        <failure message="Not Found">Test failed: text expected to contain /Model de Qualitat de Solucions/</failure>
    </testcase>
    <testcase classname="testmeter.generalitat" name="TestNegatiu_Abril url i verificar capçalera_Fils:100;Rampup:65;Durada:20" time="0.028">
        <failure message="Not Found">Test failed: text expected to contain /Model de Qualitat de Solucions/</failure>
    </testcase>
    <testcase classname="testmeter.generalitat" name="Abril url i verificar capçalera_Fils:100;Rampup:65;Durada:20" time="0.031"/>
    <testcase classname="testmeter.generalitat" name="TestNegatiu_Abril url i verificar capçalera_Fils:100;Rampup:65;Durada:20" time="0.032">
        <failure message="Not Found">Test failed: text expected to contain /Model de Qualitat de Solucions/</failure>
    </testcase>
    <testcase classname="testmeter.generalitat" name="Abril url i verificar capçalera_Fils:100;Rampup:65;Durada:20" time="0.027"/>
    <testcase classname="testmeter.generalitat" name="TestNegatiu_Abril url i verificar capçalera_Fils:100;Rampup:65;Durada:20" time="0.025">
        <failure message="Not Found">Test failed: text expected to contain /Model de Qualitat de Solucions/</failure>
    </testcase>
    <testcase classname="testmeter.generalitat" name="Abril url i verificar capçalera_Fils:100;Rampup:65;Durada:20" time="0.028"/>
    <testcase classname="testmeter.generalitat" name="TestNegatiu_Abril url i verificar capçalera_Fils:100;Rampup:65;Durada:20" time="0.029">
        <failure message="Not Found">Test failed: text expected to contain /Model de Qualitat de Solucions/</failure>
    </testcase>
    <testcase classname="testmeter.generalitat" name="Abril url i verificar capçalera_Fils:100;Rampup:65;Durada:20" time="0.102"/>
    <testcase classname="testmeter.generalitat" name="Abril url i verificar capçalera_Fils:100;Rampup:65;Durada:20" time="0.053"/>
    <testcase classname="testmeter.generalitat" name="TestNegatiu_Abril url i verificar capçalera_Fils:100;Rampup:65;Durada:20" time="0.026">
        <failure message="Not Found">Test failed: text expected to contain /Model de Qualitat de Solucions/</failure>
    </testcase>
    <testcase classname="testmeter.generalitat" name="TestNegatiu_Abril url i verificar capçalera_Fils:100;Rampup:65;Durada:20" time="0.024">
        <failure message="Not Found">Test failed: text expected to contain /Model de Qualitat de Solucions/</failure>
    </testcase>
    <testcase classname="testmeter.generalitat" name="Abril url i verificar capçalera_Fils:100;Rampup:65;Durada:20" time="0.081"/>
    <testcase classname="testmeter.generalitat" name="Abril url i verificar capçalera_Fils:100;Rampup:65;Durada:20" time="0.052"/>
    <testcase classname="testmeter.generalitat" name="TestNegatiu_Abril url i verificar capçalera_Fils:100;Rampup:65;Durada:20" time="0.027">
        <failure message="Not Found">Test failed: text expected to contain /Model de Qualitat de Solucions/</failure>
    </testcase>
    <testcase classname="testmeter.generalitat" name="Abril url i verificar capçalera_Fils:100;Rampup:65;Durada:20" time="0.026"/>
    <testcase classname="testmeter.generalitat" name="Abril url i verificar capçalera_Fils:100;Rampup:65;Durada:20" time="0.026"/>
    <testcase classname="testmeter.generalitat" name="TestNegatiu_Abril url i verificar capçalera_Fils:100;Rampup:65;Durada:20" time="0.026">
        <failure message="Not Found">Test failed: text expected to contain /Model de Qualitat de Solucions/</failure>
    </testcase>
    <testcase classname="testmeter.generalitat" name="Abril url i verificar capçalera_Fils:100;Rampup:65;Durada:20" time="0.044"/>
    <testcase classname="testmeter.generalitat" name="TestNegatiu_Abril url i verificar capçalera_Fils:100;Rampup:65;Durada:20" time="0.028">
        <failure message="Not Found">Test failed: text expected to contain /Model de Qualitat de Solucions/</failure>
    </testcase>
    <testcase classname="testmeter.generalitat" name="Abril url i verificar capçalera_Fils:100;Rampup:65;Durada:20" time="0.027"/>
    <testcase classname="testmeter.generalitat" name="TestNegatiu_Abril url i verificar capçalera_Fils:100;Rampup:65;Durada:20" time="0.026">
        <failure message="Not Found">Test failed: text expected to contain /Model de Qualitat de Solucions/</failure>
    </testcase>
    <testcase classname="testmeter.generalitat" name="Abril url i verificar capçalera_Fils:100;Rampup:65;Durada:20" time="0.050"/>
    <testcase classname="testmeter.generalitat" name="Abril url i verificar capçalera_Fils:100;Rampup:65;Durada:20" time="0.029"/>
    <testcase classname="testmeter.generalitat" name="Abril url i verificar capçalera_Fils:100;Rampup:65;Durada:20" time="0.043"/>
    <testcase classname="testmeter.generalitat" name="TestNegatiu_Abril url i verificar capçalera_Fils:100;Rampup:65;Durada:20" time="0.042">
        <failure message="Not Found">Test failed: text expected to contain /Model de Qualitat de Solucions/</failure>
    </testcase>
    <testcase classname="testmeter.generalitat" name="TestNegatiu_Abril url i verificar capçalera_Fils:100;Rampup:65;Durada:20" time="0.042">
        <failure message="Not Found">Test failed: text expected to contain /Model de Qualitat de Solucions/</failure>
    </testcase>
    <testcase classname="testmeter.generalitat" name="TestNegatiu_Abril url i verificar capçalera_Fils:100;Rampup:65;Durada:20" time="0.035">
        <failure message="Not Found">Test failed: text expected to contain /Model de Qualitat de Solucions/</failure>
    </testcase>
    <testcase classname="testmeter.generalitat" name="TestNegatiu_Abril url i verificar capçalera_Fils:100;Rampup:65;Durada:20" time="0.034">
        <failure message="Not Found">Test failed: text expected to contain /Model de Qualitat de Solucions/</failure>
    </testcase>
    <testcase classname="testmeter.generalitat" name="TestNegatiu_Abril url i verificar capçalera_Fils:100;Rampup:65;Durada:20" time="0.054">
        <failure message="Not Found">Test failed: text expected to contain /Model de Qualitat de Solucions/</failure>
    </testcase>
    <testcase classname="testmeter.generalitat" name="TestNegatiu_Abril url i verificar capçalera_Fils:100;Rampup:65;Durada:20" time="0.029">
        <failure message="Not Found">Test failed: text expected to contain /Model de Qualitat de Solucions/</failure>
    </testcase>
    <testcase classname="testmeter.generalitat" name="Abril url i verificar capçalera_Fils:100;Rampup:65;Durada:20" time="0.041"/>
    <testcase classname="testmeter.generalitat" name="Abril url i verificar capçalera_Fils:100;Rampup:65;Durada:20" time="0.080"/>
    <testcase classname="testmeter.generalitat" name="Abril url i verificar capçalera_Fils:100;Rampup:65;Durada:20" time="0.032"/>
    <testcase classname="testmeter.generalitat" name="Abril url i verificar capçalera_Fils:100;Rampup:65;Durada:20" time="0.057"/>
    <testcase classname="testmeter.generalitat" name="Abril url i verificar capçalera_Fils:100;Rampup:65;Durada:20" time="0.035"/>
    <testcase classname="testmeter.generalitat" name="TestNegatiu_Abril url i verificar capçalera_Fils:100;Rampup:65;Durada:20" time="0.034">
        <failure message="Not Found">Test failed: text expected to contain /Model de Qualitat de Solucions/</failure>
    </testcase>
    <testcase classname="testmeter.generalitat" name="TestNegatiu_Abril url i verificar capçalera_Fils:100;Rampup:65;Durada:20" time="0.032">
        <failure message="Not Found">Test failed: text expected to contain /Model de Qualitat de Solucions/</failure>
    </testcase>
    <testcase classname="testmeter.generalitat" name="TestNegatiu_Abril url i verificar capçalera_Fils:100;Rampup:65;Durada:20" time="0.026">
        <failure message="Not Found">Test failed: text expected to contain /Model de Qualitat de Solucions/</failure>
    </testcase>
    <testcase classname="testmeter.generalitat" name="Abril url i verificar capçalera_Fils:100;Rampup:65;Durada:20" time="0.038"/>
    <testcase classname="testmeter.generalitat" name="Abril url i verificar capçalera_Fils:100;Rampup:65;Durada:20" time="0.034"/>
    <testcase classname="testmeter.generalitat" name="TestNegatiu_Abril url i verificar capçalera_Fils:100;Rampup:65;Durada:20" time="0.034">
        <failure message="Not Found">Test failed: text expected to contain /Model de Qualitat de Solucions/</failure>
    </testcase>
    <testcase classname="testmeter.generalitat" name="TestNegatiu_Abril url i verificar capçalera_Fils:100;Rampup:65;Durada:20" time="0.028">
        <failure message="Not Found">Test failed: text expected to contain /Model de Qualitat de Solucions/</failure>
    </testcase>
    <testcase classname="testmeter.generalitat" name="Abril url i verificar capçalera_Fils:100;Rampup:65;Durada:20" time="0.036"/>
    <testcase classname="testmeter.generalitat" name="TestNegatiu_Abril url i verificar capçalera_Fils:100;Rampup:65;Durada:20" time="0.035">
        <failure message="Not Found">Test failed: text expected to contain /Model de Qualitat de Solucions/</failure>
    </testcase>
    <testcase classname="testmeter.generalitat" name="TestNegatiu_Abril url i verificar capçalera_Fils:100;Rampup:65;Durada:20" time="0.036">
        <failure message="Not Found">Test failed: text expected to contain /Model de Qualitat de Solucions/</failure>
    </testcase>
    <testcase classname="testmeter.generalitat" name="Abril url i verificar capçalera_Fils:100;Rampup:65;Durada:20" time="0.041"/>
    <testcase classname="testmeter.generalitat" name="TestNegatiu_Abril url i verificar capçalera_Fils:100;Rampup:65;Durada:20" time="0.031">
        <failure message="Not Found">Test failed: text expected to contain /Model de Qualitat de Solucions/</failure>
    </testcase>
    <testcase classname="testmeter.generalitat" name="TestNegatiu_Abril url i verificar capçalera_Fils:100;Rampup:65;Durada:20" time="0.031">
        <failure message="Not Found">Test failed: text expected to contain /Model de Qualitat de Solucions/</failure>
    </testcase>
    <testcase classname="testmeter.generalitat" name="Abril url i verificar capçalera_Fils:100;Rampup:65;Durada:20" time="0.033"/>
    <testcase classname="testmeter.generalitat" name="Abril url i verificar capçalera_Fils:100;Rampup:65;Durada:20" time="0.033"/>
    <testcase classname="testmeter.generalitat" name="Abril url i verificar capçalera_Fils:100;Rampup:65;Durada:20" time="0.049"/>
    <testcase classname="testmeter.generalitat" name="Abril url i verificar capçalera_Fils:100;Rampup:65;Durada:20" time="0.031"/>
    <testcase classname="testmeter.generalitat" name="TestNegatiu_Abril url i verificar capçalera_Fils:100;Rampup:65;Durada:20" time="0.055">
        <failure message="Not Found">Test failed: text expected to contain /Model de Qualitat de Solucions/</failure>
    </testcase>
    <testcase classname="testmeter.generalitat" name="TestNegatiu_Abril url i verificar capçalera_Fils:100;Rampup:65;Durada:20" time="0.055">
        <failure message="Not Found">Test failed: text expected to contain /Model de Qualitat de Solucions/</failure>
    </testcase>
    <testcase classname="testmeter.generalitat" name="Abril url i verificar capçalera_Fils:100;Rampup:65;Durada:20" time="0.025"/>
    <testcase classname="testmeter.generalitat" name="TestNegatiu_Abril url i verificar capçalera_Fils:100;Rampup:65;Durada:20" time="0.027">
        <failure message="Not Found">Test failed: text expected to contain /Model de Qualitat de Solucions/</failure>
    </testcase>
    <testcase classname="testmeter.generalitat" name="Abril url i verificar capçalera_Fils:100;Rampup:65;Durada:20" time="0.050"/>
    <testcase classname="testmeter.generalitat" name="Abril url i verificar capçalera_Fils:100;Rampup:65;Durada:20" time="0.062"/>
    <testcase classname="testmeter.generalitat" name="TestNegatiu_Abril url i verificar capçalera_Fils:100;Rampup:65;Durada:20" time="0.027">
        <failure message="Not Found">Test failed: text expected to contain /Model de Qualitat de Solucions/</failure>
    </testcase>
    <testcase classname="testmeter.generalitat" name="Abril url i verificar capçalera_Fils:100;Rampup:65;Durada:20" time="0.025"/>
    <testcase classname="testmeter.generalitat" name="TestNegatiu_Abril url i verificar capçalera_Fils:100;Rampup:65;Durada:20" time="0.026">
        <failure message="Not Found">Test failed: text expected to contain /Model de Qualitat de Solucions/</failure>
    </testcase>
    <testcase classname="testmeter.generalitat" name="TestNegatiu_Abril url i verificar capçalera_Fils:100;Rampup:65;Durada:20" time="0.024">
        <failure message="Not Found">Test failed: text expected to contain /Model de Qualitat de Solucions/</failure>
    </testcase>
    <testcase classname="testmeter.generalitat" name="Abril url i verificar capçalera_Fils:100;Rampup:65;Durada:20" time="0.027"/>
    <testcase classname="testmeter.generalitat" name="TestNegatiu_Abril url i verificar capçalera_Fils:100;Rampup:65;Durada:20" time="0.029">
        <failure message="Not Found">Test failed: text expected to contain /Model de Qualitat de Solucions/</failure>
    </testcase>
    <testcase classname="testmeter.generalitat" name="TestNegatiu_Abril url i verificar capçalera_Fils:100;Rampup:65;Durada:20" time="0.027">
        <failure message="Not Found">Test failed: text expected to contain /Model de Qualitat de Solucions/</failure>
    </testcase>
    <testcase classname="testmeter.generalitat" name="Abril url i verificar capçalera_Fils:100;Rampup:65;Durada:20" time="0.029"/>
    <testcase classname="testmeter.generalitat" name="Abril url i verificar capçalera_Fils:100;Rampup:65;Durada:20" time="0.030"/>
    <testcase classname="testmeter.generalitat" name="Abril url i verificar capçalera_Fils:100;Rampup:65;Durada:20" time="0.078"/>
    <testcase classname="testmeter.generalitat" name="TestNegatiu_Abril url i verificar capçalera_Fils:100;Rampup:65;Durada:20" time="0.022">
        <failure message="Not Found">Test failed: text expected to contain /Model de Qualitat de Solucions/</failure>
    </testcase>
    <testcase classname="testmeter.generalitat" name="TestNegatiu_Abril url i verificar capçalera_Fils:100;Rampup:65;Durada:20" time="0.023">
        <failure message="Not Found">Test failed: text expected to contain /Model de Qualitat de Solucions/</failure>
    </testcase>
    <testcase classname="testmeter.generalitat" name="TestNegatiu_Abril url i verificar capçalera_Fils:100;Rampup:65;Durada:20" time="0.024">
        <failure message="Not Found">Test failed: text expected to contain /Model de Qualitat de Solucions/</failure>
    </testcase>
    <testcase classname="testmeter.generalitat" name="Abril url i verificar capçalera_Fils:100;Rampup:65;Durada:20" time="0.028"/>
    <testcase classname="testmeter.generalitat" name="TestNegatiu_Abril url i verificar capçalera_Fils:100;Rampup:65;Durada:20" time="0.028">
        <failure message="Not Found">Test failed: text expected to contain /Model de Qualitat de Solucions/</failure>
    </testcase>
    <testcase classname="testmeter.generalitat" name="Abril url i verificar capçalera_Fils:100;Rampup:65;Durada:20" time="0.098"/>
    <testcase classname="testmeter.generalitat" name="Abril url i verificar capçalera_Fils:100;Rampup:65;Durada:20" time="0.032"/>
    <testcase classname="testmeter.generalitat" name="Abril url i verificar capçalera_Fils:100;Rampup:65;Durada:20" time="0.030"/>
    <testcase classname="testmeter.generalitat" name="TestNegatiu_Abril url i verificar capçalera_Fils:100;Rampup:65;Durada:20" time="0.034">
        <failure message="Not Found">Test failed: text expected to contain /Model de Qualitat de Solucions/</failure>
    </testcase>
    <testcase classname="testmeter.generalitat" name="TestNegatiu_Abril url i verificar capçalera_Fils:100;Rampup:65;Durada:20" time="0.027">
        <failure message="Not Found">Test failed: text expected to contain /Model de Qualitat de Solucions/</failure>
    </testcase>
    <testcase classname="testmeter.generalitat" name="TestNegatiu_Abril url i verificar capçalera_Fils:100;Rampup:65;Durada:20" time="0.028">
        <failure message="Not Found">Test failed: text expected to contain /Model de Qualitat de Solucions/</failure>
    </testcase>
    <testcase classname="testmeter.generalitat" name="TestNegatiu_Abril url i verificar capçalera_Fils:100;Rampup:65;Durada:20" time="0.028">
        <failure message="Not Found">Test failed: text expected to contain /Model de Qualitat de Solucions/</failure>
    </testcase>
    <testcase classname="testmeter.generalitat" name="Abril url i verificar capçalera_Fils:100;Rampup:65;Durada:20" time="0.031"/>
    <testcase classname="testmeter.generalitat" name="Abril url i verificar capçalera_Fils:100;Rampup:65;Durada:20" time="0.033"/>
    <testcase classname="testmeter.generalitat" name="TestNegatiu_Abril url i verificar capçalera_Fils:100;Rampup:65;Durada:20" time="0.027">
        <failure message="Not Found">Test failed: text expected to contain /Model de Qualitat de Solucions/</failure>
    </testcase>
    <testcase classname="testmeter.generalitat" name="Abril url i verificar capçalera_Fils:100;Rampup:65;Durada:20" time="0.043"/>
    <testcase classname="testmeter.generalitat" name="Abril url i verificar capçalera_Fils:100;Rampup:65;Durada:20" time="0.047"/>
    <testcase classname="testmeter.generalitat" name="Abril url i verificar capçalera_Fils:100;Rampup:65;Durada:20" time="0.026"/>
    <testcase classname="testmeter.generalitat" name="TestNegatiu_Abril url i verificar capçalera_Fils:100;Rampup:65;Durada:20" time="0.026">
        <failure message="Not Found">Test failed: text expected to contain /Model de Qualitat de Solucions/</failure>
    </testcase>
    <testcase classname="testmeter.generalitat" name="TestNegatiu_Abril url i verificar capçalera_Fils:100;Rampup:65;Durada:20" time="0.027">
        <failure message="Not Found">Test failed: text expected to contain /Model de Qualitat de Solucions/</failure>
    </testcase>
    <testcase classname="testmeter.generalitat" name="TestNegatiu_Abril url i verificar capçalera_Fils:100;Rampup:65;Durada:20" time="0.026">
        <failure message="Not Found">Test failed: text expected to contain /Model de Qualitat de Solucions/</failure>
    </testcase>
    <testcase classname="testmeter.generalitat" name="Abril url i verificar capçalera_Fils:100;Rampup:65;Durada:20" time="0.048"/>
    <testcase classname="testmeter.generalitat" name="Abril url i verificar capçalera_Fils:100;Rampup:65;Durada:20" time="0.081"/>
    <testcase classname="testmeter.generalitat" name="Abril url i verificar capçalera_Fils:100;Rampup:65;Durada:20" time="0.031"/>
    <testcase classname="testmeter.generalitat" name="TestNegatiu_Abril url i verificar capçalera_Fils:100;Rampup:65;Durada:20" time="0.027">
        <failure message="Not Found">Test failed: text expected to contain /Model de Qualitat de Solucions/</failure>
    </testcase>
    <testcase classname="testmeter.generalitat" name="TestNegatiu_Abril url i verificar capçalera_Fils:100;Rampup:65;Durada:20" time="0.024">
        <failure message="Not Found">Test failed: text expected to contain /Model de Qualitat de Solucions/</failure>
    </testcase>
    <testcase classname="testmeter.generalitat" name="Abril url i verificar capçalera_Fils:100;Rampup:65;Durada:20" time="0.033"/>
    <testcase classname="testmeter.generalitat" name="Abril url i verificar capçalera_Fils:100;Rampup:65;Durada:20" time="0.033"/>
    <testcase classname="testmeter.generalitat" name="Abril url i verificar capçalera_Fils:100;Rampup:65;Durada:20" time="0.051"/>
    <testcase classname="testmeter.generalitat" name="TestNegatiu_Abril url i verificar capçalera_Fils:100;Rampup:65;Durada:20" time="0.032">
        <failure message="Not Found">Test failed: text expected to contain /Model de Qualitat de Solucions/</failure>
    </testcase>
    <testcase classname="testmeter.generalitat" name="TestNegatiu_Abril url i verificar capçalera_Fils:100;Rampup:65;Durada:20" time="0.059">
        <failure message="Not Found">Test failed: text expected to contain /Model de Qualitat de Solucions/</failure>
    </testcase>
    <testcase classname="testmeter.generalitat" name="TestNegatiu_Abril url i verificar capçalera_Fils:100;Rampup:65;Durada:20" time="0.036">
        <failure message="Not Found">Test failed: text expected to contain /Model de Qualitat de Solucions/</failure>
    </testcase>
    <testcase classname="testmeter.generalitat" name="Abril url i verificar capçalera_Fils:100;Rampup:65;Durada:20" time="0.096"/>
    <testcase classname="testmeter.generalitat" name="Abril url i verificar capçalera_Fils:100;Rampup:65;Durada:20" time="0.028"/>
    <testcase classname="testmeter.generalitat" name="Abril url i verificar capçalera_Fils:100;Rampup:65;Durada:20" time="0.028"/>
    <testcase classname="testmeter.generalitat" name="Abril url i verificar capçalera_Fils:100;Rampup:65;Durada:20" time="0.034"/>
    <testcase classname="testmeter.generalitat" name="Abril url i verificar capçalera_Fils:100;Rampup:65;Durada:20" time="0.028"/>
    <testcase classname="testmeter.generalitat" name="TestNegatiu_Abril url i verificar capçalera_Fils:100;Rampup:65;Durada:20" time="0.025">
        <failure message="Not Found">Test failed: text expected to contain /Model de Qualitat de Solucions/</failure>
    </testcase>
    <testcase classname="testmeter.generalitat" name="Abril url i verificar capçalera_Fils:100;Rampup:65;Durada:20" time="0.117"/>
    <testcase classname="testmeter.generalitat" name="TestNegatiu_Abril url i verificar capçalera_Fils:100;Rampup:65;Durada:20" time="0.027">
        <failure message="Not Found">Test failed: text expected to contain /Model de Qualitat de Solucions/</failure>
    </testcase>
    <testcase classname="testmeter.generalitat" name="Abril url i verificar capçalera_Fils:100;Rampup:65;Durada:20" time="0.026"/>
    <testcase classname="testmeter.generalitat" name="TestNegatiu_Abril url i verificar capçalera_Fils:100;Rampup:65;Durada:20" time="0.028">
        <failure message="Not Found">Test failed: text expected to contain /Model de Qualitat de Solucions/</failure>
    </testcase>
    <testcase classname="testmeter.generalitat" name="TestNegatiu_Abril url i verificar capçalera_Fils:100;Rampup:65;Durada:20" time="0.031">
        <failure message="Not Found">Test failed: text expected to contain /Model de Qualitat de Solucions/</failure>
    </testcase>
    <testcase classname="testmeter.generalitat" name="TestNegatiu_Abril url i verificar capçalera_Fils:100;Rampup:65;Durada:20" time="0.029">
        <failure message="Not Found">Test failed: text expected to contain /Model de Qualitat de Solucions/</failure>
    </testcase>
    <testcase classname="testmeter.generalitat" name="Abril url i verificar capçalera_Fils:100;Rampup:65;Durada:20" time="0.072"/>
    <testcase classname="testmeter.generalitat" name="TestNegatiu_Abril url i verificar capçalera_Fils:100;Rampup:65;Durada:20" time="0.025">
        <failure message="Not Found">Test failed: text expected to contain /Model de Qualitat de Solucions/</failure>
    </testcase>
    <testcase classname="testmeter.generalitat" name="Abril url i verificar capçalera_Fils:100;Rampup:65;Durada:20" time="0.043"/>
    <testcase classname="testmeter.generalitat" name="TestNegatiu_Abril url i verificar capçalera_Fils:100;Rampup:65;Durada:20" time="0.029">
        <failure message="Not Found">Test failed: text expected to contain /Model de Qualitat de Solucions/</failure>
    </testcase>
    <testcase classname="testmeter.generalitat" name="TestNegatiu_Abril url i verificar capçalera_Fils:100;Rampup:65;Durada:20" time="0.028">
        <failure message="Not Found">Test failed: text expected to contain /Model de Qualitat de Solucions/</failure>
    </testcase>
    <testcase classname="testmeter.generalitat" name="TestNegatiu_Abril url i verificar capçalera_Fils:100;Rampup:65;Durada:20" time="0.030">
        <failure message="Not Found">Test failed: text expected to contain /Model de Qualitat de Solucions/</failure>
    </testcase>
    <testcase classname="testmeter.generalitat" name="Abril url i verificar capçalera_Fils:100;Rampup:65;Durada:20" time="0.036"/>
    <testcase classname="testmeter.generalitat" name="TestNegatiu_Abril url i verificar capçalera_Fils:100;Rampup:65;Durada:20" time="0.053">
        <failure message="Not Found">Test failed: text expected to contain /Model de Qualitat de Solucions/</failure>
    </testcase>
    <testcase classname="testmeter.generalitat" name="TestNegatiu_Abril url i verificar capçalera_Fils:100;Rampup:65;Durada:20" time="0.025">
        <failure message="Not Found">Test failed: text expected to contain /Model de Qualitat de Solucions/</failure>
    </testcase>
    <testcase classname="testmeter.generalitat" name="TestNegatiu_Abril url i verificar capçalera_Fils:100;Rampup:65;Durada:20" time="0.029">
        <failure message="Not Found">Test failed: text expected to contain /Model de Qualitat de Solucions/</failure>
    </testcase>
    <testcase classname="testmeter.generalitat" name="TestNegatiu_Abril url i verificar capçalera_Fils:100;Rampup:65;Durada:20" time="0.050">
        <failure message="Not Found">Test failed: text expected to contain /Model de Qualitat de Solucions/</failure>
    </testcase>
    <testcase classname="testmeter.generalitat" name="TestNegatiu_Abril url i verificar capçalera_Fils:100;Rampup:65;Durada:20" time="0.023">
        <failure message="Not Found">Test failed: text expected to contain /Model de Qualitat de Solucions/</failure>
    </testcase>
    <testcase classname="testmeter.generalitat" name="Abril url i verificar capçalera_Fils:100;Rampup:65;Durada:20" time="0.043"/>
    <testcase classname="testmeter.generalitat" name="Abril url i verificar capçalera_Fils:100;Rampup:65;Durada:20" time="0.036"/>
    <testcase classname="testmeter.generalitat" name="Abril url i verificar capçalera_Fils:100;Rampup:65;Durada:20" time="0.031"/>
    <testcase classname="testmeter.generalitat" name="Abril url i verificar capçalera_Fils:100;Rampup:65;Durada:20" time="0.031"/>
    <testcase classname="testmeter.generalitat" name="Abril url i verificar capçalera_Fils:100;Rampup:65;Durada:20" time="0.030"/>
    <testcase classname="testmeter.generalitat" name="TestNegatiu_Abril url i verificar capçalera_Fils:100;Rampup:65;Durada:20" time="0.030">
        <failure message="Not Found">Test failed: text expected to contain /Model de Qualitat de Solucions/</failure>
    </testcase>
    <testcase classname="testmeter.generalitat" name="Abril url i verificar capçalera_Fils:100;Rampup:65;Durada:20" time="0.068"/>
    <testcase classname="testmeter.generalitat" name="Abril url i verificar capçalera_Fils:100;Rampup:65;Durada:20" time="0.030"/>
    <testcase classname="testmeter.generalitat" name="Abril url i verificar capçalera_Fils:100;Rampup:65;Durada:20" time="0.031"/>
    <testcase classname="testmeter.generalitat" name="Abril url i verificar capçalera_Fils:100;Rampup:65;Durada:20" time="0.032"/>
    <testcase classname="testmeter.generalitat" name="Abril url i verificar capçalera_Fils:100;Rampup:65;Durada:20" time="0.027"/>
    <testcase classname="testmeter.generalitat" name="TestNegatiu_Abril url i verificar capçalera_Fils:100;Rampup:65;Durada:20" time="0.062">
        <failure message="Not Found">Test failed: text expected to contain /Model de Qualitat de Solucions/</failure>
    </testcase>
    <testcase classname="testmeter.generalitat" name="Abril url i verificar capçalera_Fils:100;Rampup:65;Durada:20" time="0.076"/>
    <testcase classname="testmeter.generalitat" name="Abril url i verificar capçalera_Fils:100;Rampup:65;Durada:20" time="0.054"/>
    <testcase classname="testmeter.generalitat" name="TestNegatiu_Abril url i verificar capçalera_Fils:100;Rampup:65;Durada:20" time="0.023">
        <failure message="Not Found">Test failed: text expected to contain /Model de Qualitat de Solucions/</failure>
    </testcase>
    <testcase classname="testmeter.generalitat" name="TestNegatiu_Abril url i verificar capçalera_Fils:100;Rampup:65;Durada:20" time="0.028">
        <failure message="Not Found">Test failed: text expected to contain /Model de Qualitat de Solucions/</failure>
    </testcase>
    <testcase classname="testmeter.generalitat" name="TestNegatiu_Abril url i verificar capçalera_Fils:100;Rampup:65;Durada:20" time="0.029">
        <failure message="Not Found">Test failed: text expected to contain /Model de Qualitat de Solucions/</failure>
    </testcase>
    <testcase classname="testmeter.generalitat" name="TestNegatiu_Abril url i verificar capçalera_Fils:100;Rampup:65;Durada:20" time="0.029">
        <failure message="Not Found">Test failed: text expected to contain /Model de Qualitat de Solucions/</failure>
    </testcase>
    <testcase classname="testmeter.generalitat" name="TestNegatiu_Abril url i verificar capçalera_Fils:100;Rampup:65;Durada:20" time="0.030">
        <failure message="Not Found">Test failed: text expected to contain /Model de Qualitat de Solucions/</failure>
    </testcase>
    <testcase classname="testmeter.generalitat" name="TestNegatiu_Abril url i verificar capçalera_Fils:100;Rampup:65;Durada:20" time="0.025">
        <failure message="Not Found">Test failed: text expected to contain /Model de Qualitat de Solucions/</failure>
    </testcase>
    <testcase classname="testmeter.generalitat" name="TestNegatiu_Abril url i verificar capçalera_Fils:100;Rampup:65;Durada:20" time="0.025">
        <failure message="Not Found">Test failed: text expected to contain /Model de Qualitat de Solucions/</failure>
    </testcase>
    <testcase classname="testmeter.generalitat" name="TestNegatiu_Abril url i verificar capçalera_Fils:100;Rampup:65;Durada:20" time="0.026">
        <failure message="Not Found">Test failed: text expected to contain /Model de Qualitat de Solucions/</failure>
    </testcase>
    <testcase classname="testmeter.generalitat" name="Abril url i verificar capçalera_Fils:100;Rampup:65;Durada:20" time="0.029"/>
    <testcase classname="testmeter.generalitat" name="TestNegatiu_Abril url i verificar capçalera_Fils:100;Rampup:65;Durada:20" time="0.027">
        <failure message="Not Found">Test failed: text expected to contain /Model de Qualitat de Solucions/</failure>
    </testcase>
    <testcase classname="testmeter.generalitat" name="Abril url i verificar capçalera_Fils:100;Rampup:65;Durada:20" time="0.042"/>
    <testcase classname="testmeter.generalitat" name="TestNegatiu_Abril url i verificar capçalera_Fils:100;Rampup:65;Durada:20" time="0.026">
        <failure message="Not Found">Test failed: text expected to contain /Model de Qualitat de Solucions/</failure>
    </testcase>
    <testcase classname="testmeter.generalitat" name="Abril url i verificar capçalera_Fils:100;Rampup:65;Durada:20" time="0.072"/>
    <testcase classname="testmeter.generalitat" name="TestNegatiu_Abril url i verificar capçalera_Fils:100;Rampup:65;Durada:20" time="0.053">
        <failure message="Not Found">Test failed: text expected to contain /Model de Qualitat de Solucions/</failure>
    </testcase>
    <testcase classname="testmeter.generalitat" name="TestNegatiu_Abril url i verificar capçalera_Fils:100;Rampup:65;Durada:20" time="0.046">
        <failure message="Not Found">Test failed: text expected to contain /Model de Qualitat de Solucions/</failure>
    </testcase>
    <testcase classname="testmeter.generalitat" name="TestNegatiu_Abril url i verificar capçalera_Fils:100;Rampup:65;Durada:20" time="0.028">
        <failure message="Not Found">Test failed: text expected to contain /Model de Qualitat de Solucions/</failure>
    </testcase>
    <testcase classname="testmeter.generalitat" name="TestNegatiu_Abril url i verificar capçalera_Fils:100;Rampup:65;Durada:20" time="0.027">
        <failure message="Not Found">Test failed: text expected to contain /Model de Qualitat de Solucions/</failure>
    </testcase>
    <testcase classname="testmeter.generalitat" name="Abril url i verificar capçalera_Fils:100;Rampup:65;Durada:20" time="0.066"/>
    <testcase classname="testmeter.generalitat" name="Abril url i verificar capçalera_Fils:100;Rampup:65;Durada:20" time="0.027"/>
    <testcase classname="testmeter.generalitat" name="Abril url i verificar capçalera_Fils:100;Rampup:65;Durada:20" time="0.070"/>
    <testcase classname="testmeter.generalitat" name="Abril url i verificar capçalera_Fils:100;Rampup:65;Durada:20" time="0.042"/>
    <testcase classname="testmeter.generalitat" name="Abril url i verificar capçalera_Fils:100;Rampup:65;Durada:20" time="0.029"/>
    <testcase classname="testmeter.generalitat" name="Abril url i verificar capçalera_Fils:100;Rampup:65;Durada:20" time="0.029"/>
    <testcase classname="testmeter.generalitat" name="Abril url i verificar capçalera_Fils:100;Rampup:65;Durada:20" time="0.031"/>
    <testcase classname="testmeter.generalitat" name="Abril url i verificar capçalera_Fils:100;Rampup:65;Durada:20" time="0.026"/>
    <testcase classname="testmeter.generalitat" name="Abril url i verificar capçalera_Fils:100;Rampup:65;Durada:20" time="0.031"/>
    <testcase classname="testmeter.generalitat" name="Abril url i verificar capçalera_Fils:100;Rampup:65;Durada:20" time="0.030"/>
    <testcase classname="testmeter.generalitat" name="Abril url i verificar capçalera_Fils:100;Rampup:65;Durada:20" time="0.033"/>
    <testcase classname="testmeter.generalitat" name="Abril url i verificar capçalera_Fils:100;Rampup:65;Durada:20" time="0.068"/>
    <testcase classname="testmeter.generalitat" name="TestNegatiu_Abril url i verificar capçalera_Fils:100;Rampup:65;Durada:20" time="0.026">
        <failure message="Not Found">Test failed: text expected to contain /Model de Qualitat de Solucions/</failure>
    </testcase>
    <testcase classname="testmeter.generalitat" name="TestNegatiu_Abril url i verificar capçalera_Fils:100;Rampup:65;Durada:20" time="0.044">
        <failure message="Not Found">Test failed: text expected to contain /Model de Qualitat de Solucions/</failure>
    </testcase>
    <testcase classname="testmeter.generalitat" name="TestNegatiu_Abril url i verificar capçalera_Fils:100;Rampup:65;Durada:20" time="0.027">
        <failure message="Not Found">Test failed: text expected to contain /Model de Qualitat de Solucions/</failure>
    </testcase>
    <testcase classname="testmeter.generalitat" name="Abril url i verificar capçalera_Fils:100;Rampup:65;Durada:20" time="0.052"/>
    <testcase classname="testmeter.generalitat" name="Abril url i verificar capçalera_Fils:100;Rampup:65;Durada:20" time="0.028"/>
    <testcase classname="testmeter.generalitat" name="TestNegatiu_Abril url i verificar capçalera_Fils:100;Rampup:65;Durada:20" time="0.023">
        <failure message="Not Found">Test failed: text expected to contain /Model de Qualitat de Solucions/</failure>
    </testcase>
    <testcase classname="testmeter.generalitat" name="TestNegatiu_Abril url i verificar capçalera_Fils:100;Rampup:65;Durada:20" time="0.022">
        <failure message="Not Found">Test failed: text expected to contain /Model de Qualitat de Solucions/</failure>
    </testcase>
    <testcase classname="testmeter.generalitat" name="TestNegatiu_Abril url i verificar capçalera_Fils:100;Rampup:65;Durada:20" time="0.026">
        <failure message="Not Found">Test failed: text expected to contain /Model de Qualitat de Solucions/</failure>
    </testcase>
    <testcase classname="testmeter.generalitat" name="TestNegatiu_Abril url i verificar capçalera_Fils:100;Rampup:65;Durada:20" time="0.026">
        <failure message="Not Found">Test failed: text expected to contain /Model de Qualitat de Solucions/</failure>
    </testcase>
    <testcase classname="testmeter.generalitat" name="TestNegatiu_Abril url i verificar capçalera_Fils:100;Rampup:65;Durada:20" time="0.027">
        <failure message="Not Found">Test failed: text expected to contain /Model de Qualitat de Solucions/</failure>
    </testcase>
    <testcase classname="testmeter.generalitat" name="TestNegatiu_Abril url i verificar capçalera_Fils:100;Rampup:65;Durada:20" time="0.027">
        <failure message="Not Found">Test failed: text expected to contain /Model de Qualitat de Solucions/</failure>
    </testcase>
    <testcase classname="testmeter.generalitat" name="TestNegatiu_Abril url i verificar capçalera_Fils:100;Rampup:65;Durada:20" time="0.028">
        <failure message="Not Found">Test failed: text expected to contain /Model de Qualitat de Solucions/</failure>
    </testcase>
    <testcase classname="testmeter.generalitat" name="TestNegatiu_Abril url i verificar capçalera_Fils:100;Rampup:65;Durada:20" time="0.028">
        <failure message="Not Found">Test failed: text expected to contain /Model de Qualitat de Solucions/</failure>
    </testcase>
    <testcase classname="testmeter.generalitat" name="Abril url i verificar capçalera_Fils:100;Rampup:65;Durada:20" time="0.040"/>
    <testcase classname="testmeter.generalitat" name="TestNegatiu_Abril url i verificar capçalera_Fils:100;Rampup:65;Durada:20" time="0.044">
        <failure message="Not Found">Test failed: text expected to contain /Model de Qualitat de Solucions/</failure>
    </testcase>
    <testcase classname="testmeter.generalitat" name="TestNegatiu_Abril url i verificar capçalera_Fils:100;Rampup:65;Durada:20" time="0.029">
        <failure message="Not Found">Test failed: text expected to contain /Model de Qualitat de Solucions/</failure>
    </testcase>
    <testcase classname="testmeter.generalitat" name="TestNegatiu_Abril url i verificar capçalera_Fils:100;Rampup:65;Durada:20" time="0.030">
        <failure message="Not Found">Test failed: text expected to contain /Model de Qualitat de Solucions/</failure>
    </testcase>
    <testcase classname="testmeter.generalitat" name="Abril url i verificar capçalera_Fils:100;Rampup:65;Durada:20" time="0.030"/>
    <testcase classname="testmeter.generalitat" name="Abril url i verificar capçalera_Fils:100;Rampup:65;Durada:20" time="0.068"/>
    <testcase classname="testmeter.generalitat" name="Abril url i verificar capçalera_Fils:100;Rampup:65;Durada:20" time="0.027"/>
    <testcase classname="testmeter.generalitat" name="TestNegatiu_Abril url i verificar capçalera_Fils:100;Rampup:65;Durada:20" time="0.028">
        <failure message="Not Found">Test failed: text expected to contain /Model de Qualitat de Solucions/</failure>
    </testcase>
    <testcase classname="testmeter.generalitat" name="TestNegatiu_Abril url i verificar capçalera_Fils:100;Rampup:65;Durada:20" time="0.057">
        <failure message="Not Found">Test failed: text expected to contain /Model de Qualitat de Solucions/</failure>
    </testcase>
    <testcase classname="testmeter.generalitat" name="Abril url i verificar capçalera_Fils:100;Rampup:65;Durada:20" time="0.030"/>
    <testcase classname="testmeter.generalitat" name="Abril url i verificar capçalera_Fils:100;Rampup:65;Durada:20" time="0.031"/>
    <testcase classname="testmeter.generalitat" name="Abril url i verificar capçalera_Fils:100;Rampup:65;Durada:20" time="0.032"/>
    <testcase classname="testmeter.generalitat" name="Abril url i verificar capçalera_Fils:100;Rampup:65;Durada:20" time="0.032"/>
    <testcase classname="testmeter.generalitat" name="Abril url i verificar capçalera_Fils:100;Rampup:65;Durada:20" time="0.031"/>
    <testcase classname="testmeter.generalitat" name="Abril url i verificar capçalera_Fils:100;Rampup:65;Durada:20" time="0.077"/>
    <testcase classname="testmeter.generalitat" name="Abril url i verificar capçalera_Fils:100;Rampup:65;Durada:20" time="0.041"/>
    <testcase classname="testmeter.generalitat" name="Abril url i verificar capçalera_Fils:100;Rampup:65;Durada:20" time="0.045"/>
    <testcase classname="testmeter.generalitat" name="Abril url i verificar capçalera_Fils:100;Rampup:65;Durada:20" time="0.063"/>
    <testcase classname="testmeter.generalitat" name="TestNegatiu_Abril url i verificar capçalera_Fils:100;Rampup:65;Durada:20" time="0.024">
        <failure message="Not Found">Test failed: text expected to contain /Model de Qualitat de Solucions/</failure>
    </testcase>
    <testcase classname="testmeter.generalitat" name="Abril url i verificar capçalera_Fils:100;Rampup:65;Durada:20" time="0.067"/>
    <testcase classname="testmeter.generalitat" name="TestNegatiu_Abril url i verificar capçalera_Fils:100;Rampup:65;Durada:20" time="0.022">
        <failure message="Not Found">Test failed: text expected to contain /Model de Qualitat de Solucions/</failure>
    </testcase>
    <testcase classname="testmeter.generalitat" name="Abril url i verificar capçalera_Fils:100;Rampup:65;Durada:20" time="0.040"/>
    <testcase classname="testmeter.generalitat" name="TestNegatiu_Abril url i verificar capçalera_Fils:100;Rampup:65;Durada:20" time="0.037">
        <failure message="Not Found">Test failed: text expected to contain /Model de Qualitat de Solucions/</failure>
    </testcase>
    <testcase classname="testmeter.generalitat" name="TestNegatiu_Abril url i verificar capçalera_Fils:100;Rampup:65;Durada:20" time="0.029">
        <failure message="Not Found">Test failed: text expected to contain /Model de Qualitat de Solucions/</failure>
    </testcase>
    <testcase classname="testmeter.generalitat" name="TestNegatiu_Abril url i verificar capçalera_Fils:100;Rampup:65;Durada:20" time="0.027">
        <failure message="Not Found">Test failed: text expected to contain /Model de Qualitat de Solucions/</failure>
    </testcase>
    <testcase classname="testmeter.generalitat" name="TestNegatiu_Abril url i verificar capçalera_Fils:100;Rampup:65;Durada:20" time="0.029">
        <failure message="Not Found">Test failed: text expected to contain /Model de Qualitat de Solucions/</failure>
    </testcase>
    <testcase classname="testmeter.generalitat" name="TestNegatiu_Abril url i verificar capçalera_Fils:100;Rampup:65;Durada:20" time="0.034">
        <failure message="Not Found">Test failed: text expected to contain /Model de Qualitat de Solucions/</failure>
    </testcase>
    <testcase classname="testmeter.generalitat" name="TestNegatiu_Abril url i verificar capçalera_Fils:100;Rampup:65;Durada:20" time="0.031">
        <failure message="Not Found">Test failed: text expected to contain /Model de Qualitat de Solucions/</failure>
    </testcase>
    <testcase classname="testmeter.generalitat" name="Abril url i verificar capçalera_Fils:100;Rampup:65;Durada:20" time="0.042"/>
    <testcase classname="testmeter.generalitat" name="Abril url i verificar capçalera_Fils:100;Rampup:65;Durada:20" time="0.056"/>
    <testcase classname="testmeter.generalitat" name="TestNegatiu_Abril url i verificar capçalera_Fils:100;Rampup:65;Durada:20" time="0.027">
        <failure message="Not Found">Test failed: text expected to contain /Model de Qualitat de Solucions/</failure>
    </testcase>
    <testcase classname="testmeter.generalitat" name="TestNegatiu_Abril url i verificar capçalera_Fils:100;Rampup:65;Durada:20" time="0.059">
        <failure message="Not Found">Test failed: text expected to contain /Model de Qualitat de Solucions/</failure>
    </testcase>
    <testcase classname="testmeter.generalitat" name="TestNegatiu_Abril url i verificar capçalera_Fils:100;Rampup:65;Durada:20" time="0.035">
        <failure message="Not Found">Test failed: text expected to contain /Model de Qualitat de Solucions/</failure>
    </testcase>
    <testcase classname="testmeter.generalitat" name="Abril url i verificar capçalera_Fils:100;Rampup:65;Durada:20" time="0.029"/>
    <testcase classname="testmeter.generalitat" name="Abril url i verificar capçalera_Fils:100;Rampup:65;Durada:20" time="0.072"/>
    <testcase classname="testmeter.generalitat" name="Abril url i verificar capçalera_Fils:100;Rampup:65;Durada:20" time="0.025"/>
    <testcase classname="testmeter.generalitat" name="TestNegatiu_Abril url i verificar capçalera_Fils:100;Rampup:65;Durada:20" time="0.033">
        <failure message="Not Found">Test failed: text expected to contain /Model de Qualitat de Solucions/</failure>
    </testcase>
    <testcase classname="testmeter.generalitat" name="TestNegatiu_Abril url i verificar capçalera_Fils:100;Rampup:65;Durada:20" time="0.026">
        <failure message="Not Found">Test failed: text expected to contain /Model de Qualitat de Solucions/</failure>
    </testcase>
    <testcase classname="testmeter.generalitat" name="Abril url i verificar capçalera_Fils:100;Rampup:65;Durada:20" time="0.031"/>
    <testcase classname="testmeter.generalitat" name="TestNegatiu_Abril url i verificar capçalera_Fils:100;Rampup:65;Durada:20" time="0.063">
        <failure message="Not Found">Test failed: text expected to contain /Model de Qualitat de Solucions/</failure>
    </testcase>
    <testcase classname="testmeter.generalitat" name="Abril url i verificar capçalera_Fils:100;Rampup:65;Durada:20" time="0.031"/>
    <testcase classname="testmeter.generalitat" name="Abril url i verificar capçalera_Fils:100;Rampup:65;Durada:20" time="0.031"/>
    <testcase classname="testmeter.generalitat" name="Abril url i verificar capçalera_Fils:100;Rampup:65;Durada:20" time="0.033"/>
    <testcase classname="testmeter.generalitat" name="Abril url i verificar capçalera_Fils:100;Rampup:65;Durada:20" time="0.031"/>
    <testcase classname="testmeter.generalitat" name="Abril url i verificar capçalera_Fils:100;Rampup:65;Durada:20" time="0.042"/>
    <testcase classname="testmeter.generalitat" name="Abril url i verificar capçalera_Fils:100;Rampup:65;Durada:20" time="0.078"/>
    <testcase classname="testmeter.generalitat" name="TestNegatiu_Abril url i verificar capçalera_Fils:100;Rampup:65;Durada:20" time="0.034">
        <failure message="Not Found">Test failed: text expected to contain /Model de Qualitat de Solucions/</failure>
    </testcase>
    <testcase classname="testmeter.generalitat" name="TestNegatiu_Abril url i verificar capçalera_Fils:100;Rampup:65;Durada:20" time="0.092">
        <failure message="Not Found">Test failed: text expected to contain /Model de Qualitat de Solucions/</failure>
    </testcase>
    <testcase classname="testmeter.generalitat" name="TestNegatiu_Abril url i verificar capçalera_Fils:100;Rampup:65;Durada:20" time="0.023">
        <failure message="Not Found">Test failed: text expected to contain /Model de Qualitat de Solucions/</failure>
    </testcase>
    <testcase classname="testmeter.generalitat" name="TestNegatiu_Abril url i verificar capçalera_Fils:100;Rampup:65;Durada:20" time="0.026">
        <failure message="Not Found">Test failed: text expected to contain /Model de Qualitat de Solucions/</failure>
    </testcase>
    <testcase classname="testmeter.generalitat" name="TestNegatiu_Abril url i verificar capçalera_Fils:100;Rampup:65;Durada:20" time="0.026">
        <failure message="Not Found">Test failed: text expected to contain /Model de Qualitat de Solucions/</failure>
    </testcase>
    <testcase classname="testmeter.generalitat" name="Abril url i verificar capçalera_Fils:100;Rampup:65;Durada:20" time="0.027"/>
    <testcase classname="testmeter.generalitat" name="TestNegatiu_Abril url i verificar capçalera_Fils:100;Rampup:65;Durada:20" time="0.025">
        <failure message="Not Found">Test failed: text expected to contain /Model de Qualitat de Solucions/</failure>
    </testcase>
    <testcase classname="testmeter.generalitat" name="TestNegatiu_Abril url i verificar capçalera_Fils:100;Rampup:65;Durada:20" time="0.032">
        <failure message="Not Found">Test failed: text expected to contain /Model de Qualitat de Solucions/</failure>
    </testcase>
    <testcase classname="testmeter.generalitat" name="TestNegatiu_Abril url i verificar capçalera_Fils:100;Rampup:65;Durada:20" time="0.032">
        <failure message="Not Found">Test failed: text expected to contain /Model de Qualitat de Solucions/</failure>
    </testcase>
    <testcase classname="testmeter.generalitat" name="TestNegatiu_Abril url i verificar capçalera_Fils:100;Rampup:65;Durada:20" time="0.031">
        <failure message="Not Found">Test failed: text expected to contain /Model de Qualitat de Solucions/</failure>
    </testcase>
    <testcase classname="testmeter.generalitat" name="TestNegatiu_Abril url i verificar capçalera_Fils:100;Rampup:65;Durada:20" time="0.032">
        <failure message="Not Found">Test failed: text expected to contain /Model de Qualitat de Solucions/</failure>
    </testcase>
    <testcase classname="testmeter.generalitat" name="TestNegatiu_Abril url i verificar capçalera_Fils:100;Rampup:65;Durada:20" time="0.040">
        <failure message="Not Found">Test failed: text expected to contain /Model de Qualitat de Solucions/</failure>
    </testcase>
    <testcase classname="testmeter.generalitat" name="TestNegatiu_Abril url i verificar capçalera_Fils:100;Rampup:65;Durada:20" time="0.025">
        <failure message="Not Found">Test failed: text expected to contain /Model de Qualitat de Solucions/</failure>
    </testcase>
    <testcase classname="testmeter.generalitat" name="Abril url i verificar capçalera_Fils:100;Rampup:65;Durada:20" time="0.028"/>
    <testcase classname="testmeter.generalitat" name="Abril url i verificar capçalera_Fils:100;Rampup:65;Durada:20" time="0.045"/>
    <testcase classname="testmeter.generalitat" name="Abril url i verificar capçalera_Fils:100;Rampup:65;Durada:20" time="0.032"/>
    <testcase classname="testmeter.generalitat" name="TestNegatiu_Abril url i verificar capçalera_Fils:100;Rampup:65;Durada:20" time="0.042">
        <failure message="Not Found">Test failed: text expected to contain /Model de Qualitat de Solucions/</failure>
    </testcase>
    <testcase classname="testmeter.generalitat" name="Abril url i verificar capçalera_Fils:100;Rampup:65;Durada:20" time="0.065"/>
    <testcase classname="testmeter.generalitat" name="Abril url i verificar capçalera_Fils:100;Rampup:65;Durada:20" time="0.068"/>
    <testcase classname="testmeter.generalitat" name="Abril url i verificar capçalera_Fils:100;Rampup:65;Durada:20" time="0.056"/>
    <testcase classname="testmeter.generalitat" name="Abril url i verificar capçalera_Fils:100;Rampup:65;Durada:20" time="0.046"/>
    <testcase classname="testmeter.generalitat" name="Abril url i verificar capçalera_Fils:100;Rampup:65;Durada:20" time="0.028"/>
    <testcase classname="testmeter.generalitat" name="Abril url i verificar capçalera_Fils:100;Rampup:65;Durada:20" time="0.026"/>
    <testcase classname="testmeter.generalitat" name="Abril url i verificar capçalera_Fils:100;Rampup:65;Durada:20" time="0.027"/>
    <testcase classname="testmeter.generalitat" name="Abril url i verificar capçalera_Fils:100;Rampup:65;Durada:20" time="0.025"/>
    <testcase classname="testmeter.generalitat" name="TestNegatiu_Abril url i verificar capçalera_Fils:100;Rampup:65;Durada:20" time="0.025">
        <failure message="Not Found">Test failed: text expected to contain /Model de Qualitat de Solucions/</failure>
    </testcase>
    <testcase classname="testmeter.generalitat" name="TestNegatiu_Abril url i verificar capçalera_Fils:100;Rampup:65;Durada:20" time="0.025">
        <failure message="Not Found">Test failed: text expected to contain /Model de Qualitat de Solucions/</failure>
    </testcase>
    <testcase classname="testmeter.generalitat" name="Abril url i verificar capçalera_Fils:100;Rampup:65;Durada:20" time="0.027"/>
    <testcase classname="testmeter.generalitat" name="TestNegatiu_Abril url i verificar capçalera_Fils:100;Rampup:65;Durada:20" time="0.027">
        <failure message="Not Found">Test failed: text expected to contain /Model de Qualitat de Solucions/</failure>
    </testcase>
    <testcase classname="testmeter.generalitat" name="Abril url i verificar capçalera_Fils:100;Rampup:65;Durada:20" time="0.031"/>
    <testcase classname="testmeter.generalitat" name="Abril url i verificar capçalera_Fils:100;Rampup:65;Durada:20" time="0.045"/>
    <testcase classname="testmeter.generalitat" name="Abril url i verificar capçalera_Fils:100;Rampup:65;Durada:20" time="0.066"/>
    <testcase classname="testmeter.generalitat" name="TestNegatiu_Abril url i verificar capçalera_Fils:100;Rampup:65;Durada:20" time="0.031">
        <failure message="Not Found">Test failed: text expected to contain /Model de Qualitat de Solucions/</failure>
    </testcase>
    <testcase classname="testmeter.generalitat" name="TestNegatiu_Abril url i verificar capçalera_Fils:100;Rampup:65;Durada:20" time="0.028">
        <failure message="Not Found">Test failed: text expected to contain /Model de Qualitat de Solucions/</failure>
    </testcase>
    <testcase classname="testmeter.generalitat" name="TestNegatiu_Abril url i verificar capçalera_Fils:100;Rampup:65;Durada:20" time="0.025">
        <failure message="Not Found">Test failed: text expected to contain /Model de Qualitat de Solucions/</failure>
    </testcase>
    <testcase classname="testmeter.generalitat" name="Abril url i verificar capçalera_Fils:100;Rampup:65;Durada:20" time="0.072"/>
    <testcase classname="testmeter.generalitat" name="TestNegatiu_Abril url i verificar capçalera_Fils:100;Rampup:65;Durada:20" time="0.027">
        <failure message="Not Found">Test failed: text expected to contain /Model de Qualitat de Solucions/</failure>
    </testcase>
    <testcase classname="testmeter.generalitat" name="TestNegatiu_Abril url i verificar capçalera_Fils:100;Rampup:65;Durada:20" time="0.026">
        <failure message="Not Found">Test failed: text expected to contain /Model de Qualitat de Solucions/</failure>
    </testcase>
    <testcase classname="testmeter.generalitat" name="TestNegatiu_Abril url i verificar capçalera_Fils:100;Rampup:65;Durada:20" time="0.028">
        <failure message="Not Found">Test failed: text expected to contain /Model de Qualitat de Solucions/</failure>
    </testcase>
    <testcase classname="testmeter.generalitat" name="Abril url i verificar capçalera_Fils:100;Rampup:65;Durada:20" time="0.026"/>
    <testcase classname="testmeter.generalitat" name="TestNegatiu_Abril url i verificar capçalera_Fils:100;Rampup:65;Durada:20" time="0.026">
        <failure message="Not Found">Test failed: text expected to contain /Model de Qualitat de Solucions/</failure>
    </testcase>
    <testcase classname="testmeter.generalitat" name="TestNegatiu_Abril url i verificar capçalera_Fils:100;Rampup:65;Durada:20" time="0.023">
        <failure message="Not Found">Test failed: text expected to contain /Model de Qualitat de Solucions/</failure>
    </testcase>
    <testcase classname="testmeter.generalitat" name="TestNegatiu_Abril url i verificar capçalera_Fils:100;Rampup:65;Durada:20" time="0.028">
        <failure message="Not Found">Test failed: text expected to contain /Model de Qualitat de Solucions/</failure>
    </testcase>
    <testcase classname="testmeter.generalitat" name="TestNegatiu_Abril url i verificar capçalera_Fils:100;Rampup:65;Durada:20" time="0.051">
        <failure message="Not Found">Test failed: text expected to contain /Model de Qualitat de Solucions/</failure>
    </testcase>
    <testcase classname="testmeter.generalitat" name="TestNegatiu_Abril url i verificar capçalera_Fils:100;Rampup:65;Durada:20" time="0.024">
        <failure message="Not Found">Test failed: text expected to contain /Model de Qualitat de Solucions/</failure>
    </testcase>
    <testcase classname="testmeter.generalitat" name="TestNegatiu_Abril url i verificar capçalera_Fils:100;Rampup:65;Durada:20" time="0.051">
        <failure message="Not Found">Test failed: text expected to contain /Model de Qualitat de Solucions/</failure>
    </testcase>
    <testcase classname="testmeter.generalitat" name="Abril url i verificar capçalera_Fils:100;Rampup:65;Durada:20" time="0.028"/>
    <testcase classname="testmeter.generalitat" name="Abril url i verificar capçalera_Fils:100;Rampup:65;Durada:20" time="0.126"/>
    <testcase classname="testmeter.generalitat" name="TestNegatiu_Abril url i verificar capçalera_Fils:100;Rampup:65;Durada:20" time="0.031">
        <failure message="Not Found">Test failed: text expected to contain /Model de Qualitat de Solucions/</failure>
    </testcase>
    <testcase classname="testmeter.generalitat" name="Abril url i verificar capçalera_Fils:100;Rampup:65;Durada:20" time="0.029"/>
    <testcase classname="testmeter.generalitat" name="Abril url i verificar capçalera_Fils:100;Rampup:65;Durada:20" time="0.028"/>
    <testcase classname="testmeter.generalitat" name="Abril url i verificar capçalera_Fils:100;Rampup:65;Durada:20" time="0.045"/>
    <testcase classname="testmeter.generalitat" name="TestNegatiu_Abril url i verificar capçalera_Fils:100;Rampup:65;Durada:20" time="0.023">
        <failure message="Not Found">Test failed: text expected to contain /Model de Qualitat de Solucions/</failure>
    </testcase>
    <testcase classname="testmeter.generalitat" name="Abril url i verificar capçalera_Fils:100;Rampup:65;Durada:20" time="0.029"/>
    <testcase classname="testmeter.generalitat" name="Abril url i verificar capçalera_Fils:100;Rampup:65;Durada:20" time="0.027"/>
    <testcase classname="testmeter.generalitat" name="Abril url i verificar capçalera_Fils:100;Rampup:65;Durada:20" time="0.071"/>
    <testcase classname="testmeter.generalitat" name="Abril url i verificar capçalera_Fils:100;Rampup:65;Durada:20" time="0.028"/>
    <testcase classname="testmeter.generalitat" name="TestNegatiu_Abril url i verificar capçalera_Fils:100;Rampup:65;Durada:20" time="0.026">
        <failure message="Not Found">Test failed: text expected to contain /Model de Qualitat de Solucions/</failure>
    </testcase>
    <testcase classname="testmeter.generalitat" name="TestNegatiu_Abril url i verificar capçalera_Fils:100;Rampup:65;Durada:20" time="0.025">
        <failure message="Not Found">Test failed: text expected to contain /Model de Qualitat de Solucions/</failure>
    </testcase>
    <testcase classname="testmeter.generalitat" name="Abril url i verificar capçalera_Fils:100;Rampup:65;Durada:20" time="0.049"/>
    <testcase classname="testmeter.generalitat" name="Abril url i verificar capçalera_Fils:100;Rampup:65;Durada:20" time="0.052"/>
    <testcase classname="testmeter.generalitat" name="Abril url i verificar capçalera_Fils:100;Rampup:65;Durada:20" time="0.037"/>
    <testcase classname="testmeter.generalitat" name="TestNegatiu_Abril url i verificar capçalera_Fils:100;Rampup:65;Durada:20" time="0.026">
        <failure message="Not Found">Test failed: text expected to contain /Model de Qualitat de Solucions/</failure>
    </testcase>
    <testcase classname="testmeter.generalitat" name="TestNegatiu_Abril url i verificar capçalera_Fils:100;Rampup:65;Durada:20" time="0.024">
        <failure message="Not Found">Test failed: text expected to contain /Model de Qualitat de Solucions/</failure>
    </testcase>
    <testcase classname="testmeter.generalitat" name="Abril url i verificar capçalera_Fils:100;Rampup:65;Durada:20" time="0.038"/>
    <testcase classname="testmeter.generalitat" name="TestNegatiu_Abril url i verificar capçalera_Fils:100;Rampup:65;Durada:20" time="0.025">
        <failure message="Not Found">Test failed: text expected to contain /Model de Qualitat de Solucions/</failure>
    </testcase>
    <testcase classname="testmeter.generalitat" name="Abril url i verificar capçalera_Fils:100;Rampup:65;Durada:20" time="0.042"/>
    <testcase classname="testmeter.generalitat" name="TestNegatiu_Abril url i verificar capçalera_Fils:100;Rampup:65;Durada:20" time="0.026">
        <failure message="Not Found">Test failed: text expected to contain /Model de Qualitat de Solucions/</failure>
    </testcase>
    <testcase classname="testmeter.generalitat" name="Abril url i verificar capçalera_Fils:100;Rampup:65;Durada:20" time="0.044"/>
    <testcase classname="testmeter.generalitat" name="Abril url i verificar capçalera_Fils:100;Rampup:65;Durada:20" time="0.026"/>
    <testcase classname="testmeter.generalitat" name="TestNegatiu_Abril url i verificar capçalera_Fils:100;Rampup:65;Durada:20" time="0.027">
        <failure message="Not Found">Test failed: text expected to contain /Model de Qualitat de Solucions/</failure>
    </testcase>
    <testcase classname="testmeter.generalitat" name="TestNegatiu_Abril url i verificar capçalera_Fils:100;Rampup:65;Durada:20" time="0.034">
        <failure message="Not Found">Test failed: text expected to contain /Model de Qualitat de Solucions/</failure>
    </testcase>
    <testcase classname="testmeter.generalitat" name="TestNegatiu_Abril url i verificar capçalera_Fils:100;Rampup:65;Durada:20" time="0.030">
        <failure message="Not Found">Test failed: text expected to contain /Model de Qualitat de Solucions/</failure>
    </testcase>
    <testcase classname="testmeter.generalitat" name="TestNegatiu_Abril url i verificar capçalera_Fils:100;Rampup:65;Durada:20" time="0.024">
        <failure message="Not Found">Test failed: text expected to contain /Model de Qualitat de Solucions/</failure>
    </testcase>
    <testcase classname="testmeter.generalitat" name="Abril url i verificar capçalera_Fils:100;Rampup:65;Durada:20" time="0.027"/>
    <testcase classname="testmeter.generalitat" name="TestNegatiu_Abril url i verificar capçalera_Fils:100;Rampup:65;Durada:20" time="0.026">
        <failure message="Not Found">Test failed: text expected to contain /Model de Qualitat de Solucions/</failure>
    </testcase>
    <testcase classname="testmeter.generalitat" name="TestNegatiu_Abril url i verificar capçalera_Fils:100;Rampup:65;Durada:20" time="0.028">
        <failure message="Not Found">Test failed: text expected to contain /Model de Qualitat de Solucions/</failure>
    </testcase>
    <testcase classname="testmeter.generalitat" name="TestNegatiu_Abril url i verificar capçalera_Fils:100;Rampup:65;Durada:20" time="0.030">
        <failure message="Not Found">Test failed: text expected to contain /Model de Qualitat de Solucions/</failure>
    </testcase>
    <testcase classname="testmeter.generalitat" name="Abril url i verificar capçalera_Fils:100;Rampup:65;Durada:20" time="0.030"/>
    <testcase classname="testmeter.generalitat" name="Abril url i verificar capçalera_Fils:100;Rampup:65;Durada:20" time="0.030"/>
    <testcase classname="testmeter.generalitat" name="TestNegatiu_Abril url i verificar capçalera_Fils:100;Rampup:65;Durada:20" time="0.028">
        <failure message="Not Found">Test failed: text expected to contain /Model de Qualitat de Solucions/</failure>
    </testcase>
    <testcase classname="testmeter.generalitat" name="TestNegatiu_Abril url i verificar capçalera_Fils:100;Rampup:65;Durada:20" time="0.026">
        <failure message="Not Found">Test failed: text expected to contain /Model de Qualitat de Solucions/</failure>
    </testcase>
    <testcase classname="testmeter.generalitat" name="TestNegatiu_Abril url i verificar capçalera_Fils:100;Rampup:65;Durada:20" time="0.026">
        <failure message="Not Found">Test failed: text expected to contain /Model de Qualitat de Solucions/</failure>
    </testcase>
    <testcase classname="testmeter.generalitat" name="Abril url i verificar capçalera_Fils:100;Rampup:65;Durada:20" time="0.069"/>
    <testcase classname="testmeter.generalitat" name="Abril url i verificar capçalera_Fils:100;Rampup:65;Durada:20" time="0.027"/>
    <testcase classname="testmeter.generalitat" name="Abril url i verificar capçalera_Fils:100;Rampup:65;Durada:20" time="0.029"/>
    <testcase classname="testmeter.generalitat" name="Abril url i verificar capçalera_Fils:100;Rampup:65;Durada:20" time="0.023"/>
    <testcase classname="testmeter.generalitat" name="Abril url i verificar capçalera_Fils:100;Rampup:65;Durada:20" time="0.067"/>
    <testcase classname="testmeter.generalitat" name="Abril url i verificar capçalera_Fils:100;Rampup:65;Durada:20" time="0.039"/>
    <testcase classname="testmeter.generalitat" name="TestNegatiu_Abril url i verificar capçalera_Fils:100;Rampup:65;Durada:20" time="0.027">
        <failure message="Not Found">Test failed: text expected to contain /Model de Qualitat de Solucions/</failure>
    </testcase>
    <testcase classname="testmeter.generalitat" name="Abril url i verificar capçalera_Fils:100;Rampup:65;Durada:20" time="0.029"/>
    <testcase classname="testmeter.generalitat" name="TestNegatiu_Abril url i verificar capçalera_Fils:100;Rampup:65;Durada:20" time="0.029">
        <failure message="Not Found">Test failed: text expected to contain /Model de Qualitat de Solucions/</failure>
    </testcase>
    <testcase classname="testmeter.generalitat" name="TestNegatiu_Abril url i verificar capçalera_Fils:100;Rampup:65;Durada:20" time="0.029">
        <failure message="Not Found">Test failed: text expected to contain /Model de Qualitat de Solucions/</failure>
    </testcase>
    <testcase classname="testmeter.generalitat" name="Abril url i verificar capçalera_Fils:100;Rampup:65;Durada:20" time="0.026"/>
    <testcase classname="testmeter.generalitat" name="Abril url i verificar capçalera_Fils:100;Rampup:65;Durada:20" time="0.030"/>
    <testcase classname="testmeter.generalitat" name="TestNegatiu_Abril url i verificar capçalera_Fils:100;Rampup:65;Durada:20" time="0.024">
        <failure message="Not Found">Test failed: text expected to contain /Model de Qualitat de Solucions/</failure>
    </testcase>
    <testcase classname="testmeter.generalitat" name="TestNegatiu_Abril url i verificar capçalera_Fils:100;Rampup:65;Durada:20" time="0.030">
        <failure message="Not Found">Test failed: text expected to contain /Model de Qualitat de Solucions/</failure>
    </testcase>
    <testcase classname="testmeter.generalitat" name="TestNegatiu_Abril url i verificar capçalera_Fils:100;Rampup:65;Durada:20" time="0.030">
        <failure message="Not Found">Test failed: text expected to contain /Model de Qualitat de Solucions/</failure>
    </testcase>
    <testcase classname="testmeter.generalitat" name="Abril url i verificar capçalera_Fils:100;Rampup:65;Durada:20" time="0.070"/>
    <testcase classname="testmeter.generalitat" name="Abril url i verificar capçalera_Fils:100;Rampup:65;Durada:20" time="0.032"/>
    <testcase classname="testmeter.generalitat" name="TestNegatiu_Abril url i verificar capçalera_Fils:100;Rampup:65;Durada:20" time="0.029">
        <failure message="Not Found">Test failed: text expected to contain /Model de Qualitat de Solucions/</failure>
    </testcase>
    <testcase classname="testmeter.generalitat" name="Abril url i verificar capçalera_Fils:100;Rampup:65;Durada:20" time="0.048"/>
    <testcase classname="testmeter.generalitat" name="Abril url i verificar capçalera_Fils:100;Rampup:65;Durada:20" time="0.050"/>
    <testcase classname="testmeter.generalitat" name="TestNegatiu_Abril url i verificar capçalera_Fils:100;Rampup:65;Durada:20" time="0.029">
        <failure message="Not Found">Test failed: text expected to contain /Model de Qualitat de Solucions/</failure>
    </testcase>
    <testcase classname="testmeter.generalitat" name="Abril url i verificar capçalera_Fils:100;Rampup:65;Durada:20" time="0.038"/>
    <testcase classname="testmeter.generalitat" name="TestNegatiu_Abril url i verificar capçalera_Fils:100;Rampup:65;Durada:20" time="0.028">
        <failure message="Not Found">Test failed: text expected to contain /Model de Qualitat de Solucions/</failure>
    </testcase>
    <testcase classname="testmeter.generalitat" name="Abril url i verificar capçalera_Fils:100;Rampup:65;Durada:20" time="0.030"/>
    <testcase classname="testmeter.generalitat" name="Abril url i verificar capçalera_Fils:100;Rampup:65;Durada:20" time="0.046"/>
    <testcase classname="testmeter.generalitat" name="TestNegatiu_Abril url i verificar capçalera_Fils:100;Rampup:65;Durada:20" time="0.040">
        <failure message="Not Found">Test failed: text expected to contain /Model de Qualitat de Solucions/</failure>
    </testcase>
    <testcase classname="testmeter.generalitat" name="TestNegatiu_Abril url i verificar capçalera_Fils:100;Rampup:65;Durada:20" time="0.028">
        <failure message="Not Found">Test failed: text expected to contain /Model de Qualitat de Solucions/</failure>
    </testcase>
    <testcase classname="testmeter.generalitat" name="Abril url i verificar capçalera_Fils:100;Rampup:65;Durada:20" time="0.025"/>
    <testcase classname="testmeter.generalitat" name="Abril url i verificar capçalera_Fils:100;Rampup:65;Durada:20" time="0.030"/>
    <testcase classname="testmeter.generalitat" name="Abril url i verificar capçalera_Fils:100;Rampup:65;Durada:20" time="0.028"/>
    <testcase classname="testmeter.generalitat" name="Abril url i verificar capçalera_Fils:100;Rampup:65;Durada:20" time="0.031"/>
    <testcase classname="testmeter.generalitat" name="TestNegatiu_Abril url i verificar capçalera_Fils:100;Rampup:65;Durada:20" time="0.028">
        <failure message="Not Found">Test failed: text expected to contain /Model de Qualitat de Solucions/</failure>
    </testcase>
    <testcase classname="testmeter.generalitat" name="TestNegatiu_Abril url i verificar capçalera_Fils:100;Rampup:65;Durada:20" time="0.028">
        <failure message="Not Found">Test failed: text expected to contain /Model de Qualitat de Solucions/</failure>
    </testcase>
    <testcase classname="testmeter.generalitat" name="Abril url i verificar capçalera_Fils:100;Rampup:65;Durada:20" time="0.029"/>
    <testcase classname="testmeter.generalitat" name="TestNegatiu_Abril url i verificar capçalera_Fils:100;Rampup:65;Durada:20" time="0.027">
        <failure message="Not Found">Test failed: text expected to contain /Model de Qualitat de Solucions/</failure>
    </testcase>
    <testcase classname="testmeter.generalitat" name="TestNegatiu_Abril url i verificar capçalera_Fils:100;Rampup:65;Durada:20" time="1.056">
        <failure message="Not Found">Test failed: text expected to contain /Model de Qualitat de Solucions/</failure>
    </testcase>
    <testcase classname="testmeter.generalitat" name="TestNegatiu_Abril url i verificar capçalera_Fils:100;Rampup:65;Durada:20" time="0.024">
        <failure message="Not Found">Test failed: text expected to contain /Model de Qualitat de Solucions/</failure>
    </testcase>
    <testcase classname="testmeter.generalitat" name="TestNegatiu_Abril url i verificar capçalera_Fils:100;Rampup:65;Durada:20" time="0.033">
        <failure message="Not Found">Test failed: text expected to contain /Model de Qualitat de Solucions/</failure>
    </testcase>
    <testcase classname="testmeter.generalitat" name="TestNegatiu_Abril url i verificar capçalera_Fils:100;Rampup:65;Durada:20" time="0.028">
        <failure message="Not Found">Test failed: text expected to contain /Model de Qualitat de Solucions/</failure>
    </testcase>
    <testcase classname="testmeter.generalitat" name="TestNegatiu_Abril url i verificar capçalera_Fils:100;Rampup:65;Durada:20" time="0.046">
        <failure message="Not Found">Test failed: text expected to contain /Model de Qualitat de Solucions/</failure>
    </testcase>
    <testcase classname="testmeter.generalitat" name="TestNegatiu_Abril url i verificar capçalera_Fils:100;Rampup:65;Durada:20" time="0.035">
        <failure message="Not Found">Test failed: text expected to contain /Model de Qualitat de Solucions/</failure>
    </testcase>
    <testcase classname="testmeter.generalitat" name="TestNegatiu_Abril url i verificar capçalera_Fils:100;Rampup:65;Durada:20" time="0.035">
        <failure message="Not Found">Test failed: text expected to contain /Model de Qualitat de Solucions/</failure>
    </testcase>
    <testcase classname="testmeter.generalitat" name="TestNegatiu_Abril url i verificar capçalera_Fils:100;Rampup:65;Durada:20" time="0.033">
        <failure message="Not Found">Test failed: text expected to contain /Model de Qualitat de Solucions/</failure>
    </testcase>
    <testcase classname="testmeter.generalitat" name="Abril url i verificar capçalera_Fils:100;Rampup:65;Durada:20" time="0.051"/>
    <testcase classname="testmeter.generalitat" name="TestNegatiu_Abril url i verificar capçalera_Fils:100;Rampup:65;Durada:20" time="0.035">
        <failure message="Not Found">Test failed: text expected to contain /Model de Qualitat de Solucions/</failure>
    </testcase>
    <testcase classname="testmeter.generalitat" name="TestNegatiu_Abril url i verificar capçalera_Fils:100;Rampup:65;Durada:20" time="0.034">
        <failure message="Not Found">Test failed: text expected to contain /Model de Qualitat de Solucions/</failure>
    </testcase>
    <testcase classname="testmeter.generalitat" name="Abril url i verificar capçalera_Fils:100;Rampup:65;Durada:20" time="0.037"/>
    <testcase classname="testmeter.generalitat" name="Abril url i verificar capçalera_Fils:100;Rampup:65;Durada:20" time="0.031"/>
    <testcase classname="testmeter.generalitat" name="Abril url i verificar capçalera_Fils:100;Rampup:65;Durada:20" time="0.032"/>
    <testcase classname="testmeter.generalitat" name="Abril url i verificar capçalera_Fils:100;Rampup:65;Durada:20" time="0.035"/>
    <testcase classname="testmeter.generalitat" name="Abril url i verificar capçalera_Fils:100;Rampup:65;Durada:20" time="0.070"/>
    <testcase classname="testmeter.generalitat" name="Abril url i verificar capçalera_Fils:100;Rampup:65;Durada:20" time="0.065"/>
    <testcase classname="testmeter.generalitat" name="TestNegatiu_Abril url i verificar capçalera_Fils:100;Rampup:65;Durada:20" time="0.087">
        <failure message="Not Found">Test failed: text expected to contain /Model de Qualitat de Solucions/</failure>
    </testcase>
    <testcase classname="testmeter.generalitat" name="Abril url i verificar capçalera_Fils:100;Rampup:65;Durada:20" time="0.052"/>
    <testcase classname="testmeter.generalitat" name="TestNegatiu_Abril url i verificar capçalera_Fils:100;Rampup:65;Durada:20" time="0.027">
        <failure message="Not Found">Test failed: text expected to contain /Model de Qualitat de Solucions/</failure>
    </testcase>
    <testcase classname="testmeter.generalitat" name="Abril url i verificar capçalera_Fils:100;Rampup:65;Durada:20" time="0.049"/>
    <testcase classname="testmeter.generalitat" name="Abril url i verificar capçalera_Fils:100;Rampup:65;Durada:20" time="0.027"/>
    <testcase classname="testmeter.generalitat" name="TestNegatiu_Abril url i verificar capçalera_Fils:100;Rampup:65;Durada:20" time="0.025">
        <failure message="Not Found">Test failed: text expected to contain /Model de Qualitat de Solucions/</failure>
    </testcase>
    <testcase classname="testmeter.generalitat" name="Abril url i verificar capçalera_Fils:100;Rampup:65;Durada:20" time="0.088"/>
    <testcase classname="testmeter.generalitat" name="Abril url i verificar capçalera_Fils:100;Rampup:65;Durada:20" time="0.030"/>
    <testcase classname="testmeter.generalitat" name="TestNegatiu_Abril url i verificar capçalera_Fils:100;Rampup:65;Durada:20" time="0.026">
        <failure message="Not Found">Test failed: text expected to contain /Model de Qualitat de Solucions/</failure>
    </testcase>
    <testcase classname="testmeter.generalitat" name="TestNegatiu_Abril url i verificar capçalera_Fils:100;Rampup:65;Durada:20" time="0.027">
        <failure message="Not Found">Test failed: text expected to contain /Model de Qualitat de Solucions/</failure>
    </testcase>
    <testcase classname="testmeter.generalitat" name="Abril url i verificar capçalera_Fils:100;Rampup:65;Durada:20" time="0.037"/>
    <testcase classname="testmeter.generalitat" name="Abril url i verificar capçalera_Fils:100;Rampup:65;Durada:20" time="0.036"/>
    <testcase classname="testmeter.generalitat" name="TestNegatiu_Abril url i verificar capçalera_Fils:100;Rampup:65;Durada:20" time="0.036">
        <failure message="Not Found">Test failed: text expected to contain /Model de Qualitat de Solucions/</failure>
    </testcase>
    <testcase classname="testmeter.generalitat" name="TestNegatiu_Abril url i verificar capçalera_Fils:100;Rampup:65;Durada:20" time="0.031">
        <failure message="Not Found">Test failed: text expected to contain /Model de Qualitat de Solucions/</failure>
    </testcase>
    <testcase classname="testmeter.generalitat" name="Abril url i verificar capçalera_Fils:100;Rampup:65;Durada:20" time="0.033"/>
    <testcase classname="testmeter.generalitat" name="Abril url i verificar capçalera_Fils:100;Rampup:65;Durada:20" time="0.073"/>
    <testcase classname="testmeter.generalitat" name="TestNegatiu_Abril url i verificar capçalera_Fils:100;Rampup:65;Durada:20" time="0.025">
        <failure message="Not Found">Test failed: text expected to contain /Model de Qualitat de Solucions/</failure>
    </testcase>
    <testcase classname="testmeter.generalitat" name="TestNegatiu_Abril url i verificar capçalera_Fils:100;Rampup:65;Durada:20" time="0.029">
        <failure message="Not Found">Test failed: text expected to contain /Model de Qualitat de Solucions/</failure>
    </testcase>
    <testcase classname="testmeter.generalitat" name="TestNegatiu_Abril url i verificar capçalera_Fils:100;Rampup:65;Durada:20" time="0.023">
        <failure message="Not Found">Test failed: text expected to contain /Model de Qualitat de Solucions/</failure>
    </testcase>
    <testcase classname="testmeter.generalitat" name="Abril url i verificar capçalera_Fils:100;Rampup:65;Durada:20" time="0.069"/>
    <testcase classname="testmeter.generalitat" name="TestNegatiu_Abril url i verificar capçalera_Fils:100;Rampup:65;Durada:20" time="0.027">
        <failure message="Not Found">Test failed: text expected to contain /Model de Qualitat de Solucions/</failure>
    </testcase>
    <testcase classname="testmeter.generalitat" name="TestNegatiu_Abril url i verificar capçalera_Fils:100;Rampup:65;Durada:20" time="0.028">
        <failure message="Not Found">Test failed: text expected to contain /Model de Qualitat de Solucions/</failure>
    </testcase>
    <testcase classname="testmeter.generalitat" name="Abril url i verificar capçalera_Fils:100;Rampup:65;Durada:20" time="0.031"/>
    <testcase classname="testmeter.generalitat" name="TestNegatiu_Abril url i verificar capçalera_Fils:100;Rampup:65;Durada:20" time="0.027">
        <failure message="Not Found">Test failed: text expected to contain /Model de Qualitat de Solucions/</failure>
    </testcase>
    <testcase classname="testmeter.generalitat" name="TestNegatiu_Abril url i verificar capçalera_Fils:100;Rampup:65;Durada:20" time="0.031">
        <failure message="Not Found">Test failed: text expected to contain /Model de Qualitat de Solucions/</failure>
    </testcase>
    <testcase classname="testmeter.generalitat" name="TestNegatiu_Abril url i verificar capçalera_Fils:100;Rampup:65;Durada:20" time="0.027">
        <failure message="Not Found">Test failed: text expected to contain /Model de Qualitat de Solucions/</failure>
    </testcase>
    <testcase classname="testmeter.generalitat" name="TestNegatiu_Abril url i verificar capçalera_Fils:100;Rampup:65;Durada:20" time="0.030">
        <failure message="Not Found">Test failed: text expected to contain /Model de Qualitat de Solucions/</failure>
    </testcase>
    <testcase classname="testmeter.generalitat" name="Abril url i verificar capçalera_Fils:100;Rampup:65;Durada:20" time="0.035"/>
    <testcase classname="testmeter.generalitat" name="Abril url i verificar capçalera_Fils:100;Rampup:65;Durada:20" time="0.027"/>
    <testcase classname="testmeter.generalitat" name="Abril url i verificar capçalera_Fils:100;Rampup:65;Durada:20" time="0.030"/>
    <testcase classname="testmeter.generalitat" name="TestNegatiu_Abril url i verificar capçalera_Fils:100;Rampup:65;Durada:20" time="0.041">
        <failure message="Not Found">Test failed: text expected to contain /Model de Qualitat de Solucions/</failure>
    </testcase>
    <testcase classname="testmeter.generalitat" name="Abril url i verificar capçalera_Fils:100;Rampup:65;Durada:20" time="0.033"/>
    <testcase classname="testmeter.generalitat" name="Abril url i verificar capçalera_Fils:100;Rampup:65;Durada:20" time="0.062"/>
    <testcase classname="testmeter.generalitat" name="Abril url i verificar capçalera_Fils:100;Rampup:65;Durada:20" time="0.030"/>
    <testcase classname="testmeter.generalitat" name="TestNegatiu_Abril url i verificar capçalera_Fils:100;Rampup:65;Durada:20" time="0.023">
        <failure message="Not Found">Test failed: text expected to contain /Model de Qualitat de Solucions/</failure>
    </testcase>
    <testcase classname="testmeter.generalitat" name="Abril url i verificar capçalera_Fils:100;Rampup:65;Durada:20" time="0.028"/>
    <testcase classname="testmeter.generalitat" name="Abril url i verificar capçalera_Fils:100;Rampup:65;Durada:20" time="0.028"/>
    <testcase classname="testmeter.generalitat" name="TestNegatiu_Abril url i verificar capçalera_Fils:100;Rampup:65;Durada:20" time="0.027">
        <failure message="Not Found">Test failed: text expected to contain /Model de Qualitat de Solucions/</failure>
    </testcase>
    <testcase classname="testmeter.generalitat" name="TestNegatiu_Abril url i verificar capçalera_Fils:100;Rampup:65;Durada:20" time="0.029">
        <failure message="Not Found">Test failed: text expected to contain /Model de Qualitat de Solucions/</failure>
    </testcase>
    <testcase classname="testmeter.generalitat" name="TestNegatiu_Abril url i verificar capçalera_Fils:100;Rampup:65;Durada:20" time="0.028">
        <failure message="Not Found">Test failed: text expected to contain /Model de Qualitat de Solucions/</failure>
    </testcase>
    <testcase classname="testmeter.generalitat" name="Abril url i verificar capçalera_Fils:100;Rampup:65;Durada:20" time="0.029"/>
    <testcase classname="testmeter.generalitat" name="TestNegatiu_Abril url i verificar capçalera_Fils:100;Rampup:65;Durada:20" time="0.034">
        <failure message="Not Found">Test failed: text expected to contain /Model de Qualitat de Solucions/</failure>
    </testcase>
    <testcase classname="testmeter.generalitat" name="TestNegatiu_Abril url i verificar capçalera_Fils:100;Rampup:65;Durada:20" time="0.051">
        <failure message="Not Found">Test failed: text expected to contain /Model de Qualitat de Solucions/</failure>
    </testcase>
    <testcase classname="testmeter.generalitat" name="Abril url i verificar capçalera_Fils:100;Rampup:65;Durada:20" time="0.064"/>
    <testcase classname="testmeter.generalitat" name="Abril url i verificar capçalera_Fils:100;Rampup:65;Durada:20" time="0.072"/>
    <testcase classname="testmeter.generalitat" name="Abril url i verificar capçalera_Fils:100;Rampup:65;Durada:20" time="0.038"/>
    <testcase classname="testmeter.generalitat" name="TestNegatiu_Abril url i verificar capçalera_Fils:100;Rampup:65;Durada:20" time="0.029">
        <failure message="Not Found">Test failed: text expected to contain /Model de Qualitat de Solucions/</failure>
    </testcase>
    <testcase classname="testmeter.generalitat" name="TestNegatiu_Abril url i verificar capçalera_Fils:100;Rampup:65;Durada:20" time="0.026">
        <failure message="Not Found">Test failed: text expected to contain /Model de Qualitat de Solucions/</failure>
    </testcase>
    <testcase classname="testmeter.generalitat" name="TestNegatiu_Abril url i verificar capçalera_Fils:100;Rampup:65;Durada:20" time="0.025">
        <failure message="Not Found">Test failed: text expected to contain /Model de Qualitat de Solucions/</failure>
    </testcase>
    <testcase classname="testmeter.generalitat" name="Abril url i verificar capçalera_Fils:100;Rampup:65;Durada:20" time="0.119"/>
    <testcase classname="testmeter.generalitat" name="Abril url i verificar capçalera_Fils:100;Rampup:65;Durada:20" time="0.029"/>
    <testcase classname="testmeter.generalitat" name="TestNegatiu_Abril url i verificar capçalera_Fils:100;Rampup:65;Durada:20" time="0.032">
        <failure message="Not Found">Test failed: text expected to contain /Model de Qualitat de Solucions/</failure>
    </testcase>
    <testcase classname="testmeter.generalitat" name="TestNegatiu_Abril url i verificar capçalera_Fils:100;Rampup:65;Durada:20" time="0.029">
        <failure message="Not Found">Test failed: text expected to contain /Model de Qualitat de Solucions/</failure>
    </testcase>
    <testcase classname="testmeter.generalitat" name="Abril url i verificar capçalera_Fils:100;Rampup:65;Durada:20" time="0.028"/>
    <testcase classname="testmeter.generalitat" name="Abril url i verificar capçalera_Fils:100;Rampup:65;Durada:20" time="0.030"/>
    <testcase classname="testmeter.generalitat" name="Abril url i verificar capçalera_Fils:100;Rampup:65;Durada:20" time="0.073"/>
    <testcase classname="testmeter.generalitat" name="Abril url i verificar capçalera_Fils:100;Rampup:65;Durada:20" time="0.035"/>
    <testcase classname="testmeter.generalitat" name="TestNegatiu_Abril url i verificar capçalera_Fils:100;Rampup:65;Durada:20" time="0.022">
        <failure message="Not Found">Test failed: text expected to contain /Model de Qualitat de Solucions/</failure>
    </testcase>
    <testcase classname="testmeter.generalitat" name="Abril url i verificar capçalera_Fils:100;Rampup:65;Durada:20" time="0.062"/>
    <testcase classname="testmeter.generalitat" name="TestNegatiu_Abril url i verificar capçalera_Fils:100;Rampup:65;Durada:20" time="0.024">
        <failure message="Not Found">Test failed: text expected to contain /Model de Qualitat de Solucions/</failure>
    </testcase>
    <testcase classname="testmeter.generalitat" name="Abril url i verificar capçalera_Fils:100;Rampup:65;Durada:20" time="0.069"/>
    <testcase classname="testmeter.generalitat" name="Abril url i verificar capçalera_Fils:100;Rampup:65;Durada:20" time="0.165"/>
    <testcase classname="testmeter.generalitat" name="Abril url i verificar capçalera_Fils:100;Rampup:65;Durada:20" time="0.026"/>
    <testcase classname="testmeter.generalitat" name="TestNegatiu_Abril url i verificar capçalera_Fils:100;Rampup:65;Durada:20" time="0.028">
        <failure message="Not Found">Test failed: text expected to contain /Model de Qualitat de Solucions/</failure>
    </testcase>
    <testcase classname="testmeter.generalitat" name="Abril url i verificar capçalera_Fils:100;Rampup:65;Durada:20" time="0.039"/>
    <testcase classname="testmeter.generalitat" name="TestNegatiu_Abril url i verificar capçalera_Fils:100;Rampup:65;Durada:20" time="0.028">
        <failure message="Not Found">Test failed: text expected to contain /Model de Qualitat de Solucions/</failure>
    </testcase>
    <testcase classname="testmeter.generalitat" name="TestNegatiu_Abril url i verificar capçalera_Fils:100;Rampup:65;Durada:20" time="0.036">
        <failure message="Not Found">Test failed: text expected to contain /Model de Qualitat de Solucions/</failure>
    </testcase>
    <testcase classname="testmeter.generalitat" name="Abril url i verificar capçalera_Fils:100;Rampup:65;Durada:20" time="0.036"/>
    <testcase classname="testmeter.generalitat" name="TestNegatiu_Abril url i verificar capçalera_Fils:100;Rampup:65;Durada:20" time="0.026">
        <failure message="Not Found">Test failed: text expected to contain /Model de Qualitat de Solucions/</failure>
    </testcase>
    <testcase classname="testmeter.generalitat" name="TestNegatiu_Abril url i verificar capçalera_Fils:100;Rampup:65;Durada:20" time="0.028">
        <failure message="Not Found">Test failed: text expected to contain /Model de Qualitat de Solucions/</failure>
    </testcase>
    <testcase classname="testmeter.generalitat" name="Abril url i verificar capçalera_Fils:100;Rampup:65;Durada:20" time="0.027"/>
    <testcase classname="testmeter.generalitat" name="Abril url i verificar capçalera_Fils:100;Rampup:65;Durada:20" time="0.029"/>
    <testcase classname="testmeter.generalitat" name="Abril url i verificar capçalera_Fils:100;Rampup:65;Durada:20" time="0.050"/>
    <testcase classname="testmeter.generalitat" name="TestNegatiu_Abril url i verificar capçalera_Fils:100;Rampup:65;Durada:20" time="0.032">
        <failure message="Not Found">Test failed: text expected to contain /Model de Qualitat de Solucions/</failure>
    </testcase>
    <testcase classname="testmeter.generalitat" name="TestNegatiu_Abril url i verificar capçalera_Fils:100;Rampup:65;Durada:20" time="0.033">
        <failure message="Not Found">Test failed: text expected to contain /Model de Qualitat de Solucions/</failure>
    </testcase>
    <testcase classname="testmeter.generalitat" name="TestNegatiu_Abril url i verificar capçalera_Fils:100;Rampup:65;Durada:20" time="0.030">
        <failure message="Not Found">Test failed: text expected to contain /Model de Qualitat de Solucions/</failure>
    </testcase>
    <testcase classname="testmeter.generalitat" name="TestNegatiu_Abril url i verificar capçalera_Fils:100;Rampup:65;Durada:20" time="0.028">
        <failure message="Not Found">Test failed: text expected to contain /Model de Qualitat de Solucions/</failure>
    </testcase>
    <testcase classname="testmeter.generalitat" name="TestNegatiu_Abril url i verificar capçalera_Fils:100;Rampup:65;Durada:20" time="0.026">
        <failure message="Not Found">Test failed: text expected to contain /Model de Qualitat de Solucions/</failure>
    </testcase>
    <testcase classname="testmeter.generalitat" name="TestNegatiu_Abril url i verificar capçalera_Fils:100;Rampup:65;Durada:20" time="0.040">
        <failure message="Not Found">Test failed: text expected to contain /Model de Qualitat de Solucions/</failure>
    </testcase>
    <testcase classname="testmeter.generalitat" name="Abril url i verificar capçalera_Fils:100;Rampup:65;Durada:20" time="0.028"/>
    <testcase classname="testmeter.generalitat" name="TestNegatiu_Abril url i verificar capçalera_Fils:100;Rampup:65;Durada:20" time="0.027">
        <failure message="Not Found">Test failed: text expected to contain /Model de Qualitat de Solucions/</failure>
    </testcase>
    <testcase classname="testmeter.generalitat" name="Abril url i verificar capçalera_Fils:100;Rampup:65;Durada:20" time="0.030"/>
    <testcase classname="testmeter.generalitat" name="Abril url i verificar capçalera_Fils:100;Rampup:65;Durada:20" time="0.072"/>
    <testcase classname="testmeter.generalitat" name="TestNegatiu_Abril url i verificar capçalera_Fils:100;Rampup:65;Durada:20" time="0.024">
        <failure message="Not Found">Test failed: text expected to contain /Model de Qualitat de Solucions/</failure>
    </testcase>
    <testcase classname="testmeter.generalitat" name="TestNegatiu_Abril url i verificar capçalera_Fils:100;Rampup:65;Durada:20" time="0.031">
        <failure message="Not Found">Test failed: text expected to contain /Model de Qualitat de Solucions/</failure>
    </testcase>
    <testcase classname="testmeter.generalitat" name="Abril url i verificar capçalera_Fils:100;Rampup:65;Durada:20" time="0.134"/>
    <testcase classname="testmeter.generalitat" name="Abril url i verificar capçalera_Fils:100;Rampup:65;Durada:20" time="0.028"/>
    <testcase classname="testmeter.generalitat" name="TestNegatiu_Abril url i verificar capçalera_Fils:100;Rampup:65;Durada:20" time="0.047">
        <failure message="Not Found">Test failed: text expected to contain /Model de Qualitat de Solucions/</failure>
    </testcase>
    <testcase classname="testmeter.generalitat" name="TestNegatiu_Abril url i verificar capçalera_Fils:100;Rampup:65;Durada:20" time="0.029">
        <failure message="Not Found">Test failed: text expected to contain /Model de Qualitat de Solucions/</failure>
    </testcase>
    <testcase classname="testmeter.generalitat" name="Abril url i verificar capçalera_Fils:100;Rampup:65;Durada:20" time="0.060"/>
    <testcase classname="testmeter.generalitat" name="Abril url i verificar capçalera_Fils:100;Rampup:65;Durada:20" time="0.053"/>
    <testcase classname="testmeter.generalitat" name="TestNegatiu_Abril url i verificar capçalera_Fils:100;Rampup:65;Durada:20" time="0.025">
        <failure message="Not Found">Test failed: text expected to contain /Model de Qualitat de Solucions/</failure>
    </testcase>
    <testcase classname="testmeter.generalitat" name="Abril url i verificar capçalera_Fils:100;Rampup:65;Durada:20" time="0.028"/>
    <testcase classname="testmeter.generalitat" name="Abril url i verificar capçalera_Fils:100;Rampup:65;Durada:20" time="0.033"/>
    <testcase classname="testmeter.generalitat" name="Abril url i verificar capçalera_Fils:100;Rampup:65;Durada:20" time="0.074"/>
    <testcase classname="testmeter.generalitat" name="TestNegatiu_Abril url i verificar capçalera_Fils:100;Rampup:65;Durada:20" time="0.028">
        <failure message="Not Found">Test failed: text expected to contain /Model de Qualitat de Solucions/</failure>
    </testcase>
    <testcase classname="testmeter.generalitat" name="TestNegatiu_Abril url i verificar capçalera_Fils:100;Rampup:65;Durada:20" time="0.028">
        <failure message="Not Found">Test failed: text expected to contain /Model de Qualitat de Solucions/</failure>
    </testcase>
    <testcase classname="testmeter.generalitat" name="Abril url i verificar capçalera_Fils:100;Rampup:65;Durada:20" time="0.028"/>
    <testcase classname="testmeter.generalitat" name="TestNegatiu_Abril url i verificar capçalera_Fils:100;Rampup:65;Durada:20" time="0.023">
        <failure message="Not Found">Test failed: text expected to contain /Model de Qualitat de Solucions/</failure>
    </testcase>
    <testcase classname="testmeter.generalitat" name="Abril url i verificar capçalera_Fils:100;Rampup:65;Durada:20" time="0.047"/>
    <testcase classname="testmeter.generalitat" name="TestNegatiu_Abril url i verificar capçalera_Fils:100;Rampup:65;Durada:20" time="0.044">
        <failure message="Not Found">Test failed: text expected to contain /Model de Qualitat de Solucions/</failure>
    </testcase>
    <testcase classname="testmeter.generalitat" name="Abril url i verificar capçalera_Fils:100;Rampup:65;Durada:20" time="0.044"/>
    <testcase classname="testmeter.generalitat" name="TestNegatiu_Abril url i verificar capçalera_Fils:100;Rampup:65;Durada:20" time="0.027">
        <failure message="Not Found">Test failed: text expected to contain /Model de Qualitat de Solucions/</failure>
    </testcase>
    <testcase classname="testmeter.generalitat" name="Abril url i verificar capçalera_Fils:100;Rampup:65;Durada:20" time="0.045"/>
    <testcase classname="testmeter.generalitat" name="TestNegatiu_Abril url i verificar capçalera_Fils:100;Rampup:65;Durada:20" time="0.027">
        <failure message="Not Found">Test failed: text expected to contain /Model de Qualitat de Solucions/</failure>
    </testcase>
    <testcase classname="testmeter.generalitat" name="TestNegatiu_Abril url i verificar capçalera_Fils:100;Rampup:65;Durada:20" time="0.027">
        <failure message="Not Found">Test failed: text expected to contain /Model de Qualitat de Solucions/</failure>
    </testcase>
    <testcase classname="testmeter.generalitat" name="Abril url i verificar capçalera_Fils:100;Rampup:65;Durada:20" time="0.066"/>
    <testcase classname="testmeter.generalitat" name="Abril url i verificar capçalera_Fils:100;Rampup:65;Durada:20" time="0.066"/>
    <testcase classname="testmeter.generalitat" name="Abril url i verificar capçalera_Fils:100;Rampup:65;Durada:20" time="0.060"/>
    <testcase classname="testmeter.generalitat" name="TestNegatiu_Abril url i verificar capçalera_Fils:100;Rampup:65;Durada:20" time="0.025">
        <failure message="Not Found">Test failed: text expected to contain /Model de Qualitat de Solucions/</failure>
    </testcase>
    <testcase classname="testmeter.generalitat" name="TestNegatiu_Abril url i verificar capçalera_Fils:100;Rampup:65;Durada:20" time="0.025">
        <failure message="Not Found">Test failed: text expected to contain /Model de Qualitat de Solucions/</failure>
    </testcase>
    <testcase classname="testmeter.generalitat" name="TestNegatiu_Abril url i verificar capçalera_Fils:100;Rampup:65;Durada:20" time="0.065">
        <failure message="Not Found">Test failed: text expected to contain /Model de Qualitat de Solucions/</failure>
    </testcase>
    <testcase classname="testmeter.generalitat" name="Abril url i verificar capçalera_Fils:100;Rampup:65;Durada:20" time="0.029"/>
    <testcase classname="testmeter.generalitat" name="Abril url i verificar capçalera_Fils:100;Rampup:65;Durada:20" time="0.052"/>
    <testcase classname="testmeter.generalitat" name="TestNegatiu_Abril url i verificar capçalera_Fils:100;Rampup:65;Durada:20" time="0.029">
        <failure message="Not Found">Test failed: text expected to contain /Model de Qualitat de Solucions/</failure>
    </testcase>
    <testcase classname="testmeter.generalitat" name="TestNegatiu_Abril url i verificar capçalera_Fils:100;Rampup:65;Durada:20" time="0.031">
        <failure message="Not Found">Test failed: text expected to contain /Model de Qualitat de Solucions/</failure>
    </testcase>
    <testcase classname="testmeter.generalitat" name="Abril url i verificar capçalera_Fils:100;Rampup:65;Durada:20" time="0.030"/>
    <testcase classname="testmeter.generalitat" name="TestNegatiu_Abril url i verificar capçalera_Fils:100;Rampup:65;Durada:20" time="0.026">
        <failure message="Not Found">Test failed: text expected to contain /Model de Qualitat de Solucions/</failure>
    </testcase>
    <testcase classname="testmeter.generalitat" name="TestNegatiu_Abril url i verificar capçalera_Fils:100;Rampup:65;Durada:20" time="0.026">
        <failure message="Not Found">Test failed: text expected to contain /Model de Qualitat de Solucions/</failure>
    </testcase>
    <testcase classname="testmeter.generalitat" name="TestNegatiu_Abril url i verificar capçalera_Fils:100;Rampup:65;Durada:20" time="0.023">
        <failure message="Not Found">Test failed: text expected to contain /Model de Qualitat de Solucions/</failure>
    </testcase>
    <testcase classname="testmeter.generalitat" name="TestNegatiu_Abril url i verificar capçalera_Fils:100;Rampup:65;Durada:20" time="0.025">
        <failure message="Not Found">Test failed: text expected to contain /Model de Qualitat de Solucions/</failure>
    </testcase>
    <testcase classname="testmeter.generalitat" name="Abril url i verificar capçalera_Fils:100;Rampup:65;Durada:20" time="0.027"/>
    <testcase classname="testmeter.generalitat" name="Abril url i verificar capçalera_Fils:100;Rampup:65;Durada:20" time="0.027"/>
    <testcase classname="testmeter.generalitat" name="Abril url i verificar capçalera_Fils:100;Rampup:65;Durada:20" time="0.048"/>
    <testcase classname="testmeter.generalitat" name="TestNegatiu_Abril url i verificar capçalera_Fils:100;Rampup:65;Durada:20" time="0.025">
        <failure message="Not Found">Test failed: text expected to contain /Model de Qualitat de Solucions/</failure>
    </testcase>
    <testcase classname="testmeter.generalitat" name="TestNegatiu_Abril url i verificar capçalera_Fils:100;Rampup:65;Durada:20" time="0.025">
        <failure message="Not Found">Test failed: text expected to contain /Model de Qualitat de Solucions/</failure>
    </testcase>
    <testcase classname="testmeter.generalitat" name="Abril url i verificar capçalera_Fils:100;Rampup:65;Durada:20" time="0.047"/>
    <testcase classname="testmeter.generalitat" name="Abril url i verificar capçalera_Fils:100;Rampup:65;Durada:20" time="0.030"/>
    <testcase classname="testmeter.generalitat" name="Abril url i verificar capçalera_Fils:100;Rampup:65;Durada:20" time="0.061"/>
    <testcase classname="testmeter.generalitat" name="TestNegatiu_Abril url i verificar capçalera_Fils:100;Rampup:65;Durada:20" time="0.033">
        <failure message="Not Found">Test failed: text expected to contain /Model de Qualitat de Solucions/</failure>
    </testcase>
    <testcase classname="testmeter.generalitat" name="TestNegatiu_Abril url i verificar capçalera_Fils:100;Rampup:65;Durada:20" time="0.030">
        <failure message="Not Found">Test failed: text expected to contain /Model de Qualitat de Solucions/</failure>
    </testcase>
    <testcase classname="testmeter.generalitat" name="TestNegatiu_Abril url i verificar capçalera_Fils:100;Rampup:65;Durada:20" time="0.030">
        <failure message="Not Found">Test failed: text expected to contain /Model de Qualitat de Solucions/</failure>
    </testcase>
    <testcase classname="testmeter.generalitat" name="TestNegatiu_Abril url i verificar capçalera_Fils:100;Rampup:65;Durada:20" time="0.027">
        <failure message="Not Found">Test failed: text expected to contain /Model de Qualitat de Solucions/</failure>
    </testcase>
    <testcase classname="testmeter.generalitat" name="Abril url i verificar capçalera_Fils:100;Rampup:65;Durada:20" time="0.033"/>
    <testcase classname="testmeter.generalitat" name="Abril url i verificar capçalera_Fils:100;Rampup:65;Durada:20" time="0.037"/>
    <testcase classname="testmeter.generalitat" name="Abril url i verificar capçalera_Fils:100;Rampup:65;Durada:20" time="0.039"/>
    <testcase classname="testmeter.generalitat" name="TestNegatiu_Abril url i verificar capçalera_Fils:100;Rampup:65;Durada:20" time="0.025">
        <failure message="Not Found">Test failed: text expected to contain /Model de Qualitat de Solucions/</failure>
    </testcase>
    <testcase classname="testmeter.generalitat" name="Abril url i verificar capçalera_Fils:100;Rampup:65;Durada:20" time="0.023"/>
    <testcase classname="testmeter.generalitat" name="TestNegatiu_Abril url i verificar capçalera_Fils:100;Rampup:65;Durada:20" time="0.029">
        <failure message="Not Found">Test failed: text expected to contain /Model de Qualitat de Solucions/</failure>
    </testcase>
    <testcase classname="testmeter.generalitat" name="Abril url i verificar capçalera_Fils:100;Rampup:65;Durada:20" time="0.029"/>
    <testcase classname="testmeter.generalitat" name="Abril url i verificar capçalera_Fils:100;Rampup:65;Durada:20" time="0.069"/>
    <testcase classname="testmeter.generalitat" name="TestNegatiu_Abril url i verificar capçalera_Fils:100;Rampup:65;Durada:20" time="0.031">
        <failure message="Not Found">Test failed: text expected to contain /Model de Qualitat de Solucions/</failure>
    </testcase>
    <testcase classname="testmeter.generalitat" name="Abril url i verificar capçalera_Fils:100;Rampup:65;Durada:20" time="0.052"/>
    <testcase classname="testmeter.generalitat" name="Abril url i verificar capçalera_Fils:100;Rampup:65;Durada:20" time="0.052"/>
    <testcase classname="testmeter.generalitat" name="Abril url i verificar capçalera_Fils:100;Rampup:65;Durada:20" time="0.070"/>
    <testcase classname="testmeter.generalitat" name="Abril url i verificar capçalera_Fils:100;Rampup:65;Durada:20" time="0.028"/>
    <testcase classname="testmeter.generalitat" name="TestNegatiu_Abril url i verificar capçalera_Fils:100;Rampup:65;Durada:20" time="0.033">
        <failure message="Not Found">Test failed: text expected to contain /Model de Qualitat de Solucions/</failure>
    </testcase>
    <testcase classname="testmeter.generalitat" name="Abril url i verificar capçalera_Fils:100;Rampup:65;Durada:20" time="0.032"/>
    <testcase classname="testmeter.generalitat" name="Abril url i verificar capçalera_Fils:100;Rampup:65;Durada:20" time="0.061"/>
    <testcase classname="testmeter.generalitat" name="Abril url i verificar capçalera_Fils:100;Rampup:65;Durada:20" time="0.034"/>
    <testcase classname="testmeter.generalitat" name="TestNegatiu_Abril url i verificar capçalera_Fils:100;Rampup:65;Durada:20" time="0.028">
        <failure message="Not Found">Test failed: text expected to contain /Model de Qualitat de Solucions/</failure>
    </testcase>
    <testcase classname="testmeter.generalitat" name="Abril url i verificar capçalera_Fils:100;Rampup:65;Durada:20" time="0.029"/>
    <testcase classname="testmeter.generalitat" name="TestNegatiu_Abril url i verificar capçalera_Fils:100;Rampup:65;Durada:20" time="0.026">
        <failure message="Not Found">Test failed: text expected to contain /Model de Qualitat de Solucions/</failure>
    </testcase>
    <testcase classname="testmeter.generalitat" name="Abril url i verificar capçalera_Fils:100;Rampup:65;Durada:20" time="0.029"/>
    <testcase classname="testmeter.generalitat" name="TestNegatiu_Abril url i verificar capçalera_Fils:100;Rampup:65;Durada:20" time="0.042">
        <failure message="Not Found">Test failed: text expected to contain /Model de Qualitat de Solucions/</failure>
    </testcase>
    <testcase classname="testmeter.generalitat" name="TestNegatiu_Abril url i verificar capçalera_Fils:100;Rampup:65;Durada:20" time="0.027">
        <failure message="Not Found">Test failed: text expected to contain /Model de Qualitat de Solucions/</failure>
    </testcase>
    <testcase classname="testmeter.generalitat" name="TestNegatiu_Abril url i verificar capçalera_Fils:100;Rampup:65;Durada:20" time="0.027">
        <failure message="Not Found">Test failed: text expected to contain /Model de Qualitat de Solucions/</failure>
    </testcase>
    <testcase classname="testmeter.generalitat" name="Abril url i verificar capçalera_Fils:100;Rampup:65;Durada:20" time="0.049"/>
    <testcase classname="testmeter.generalitat" name="TestNegatiu_Abril url i verificar capçalera_Fils:100;Rampup:65;Durada:20" time="0.025">
        <failure message="Not Found">Test failed: text expected to contain /Model de Qualitat de Solucions/</failure>
    </testcase>
    <testcase classname="testmeter.generalitat" name="Abril url i verificar capçalera_Fils:100;Rampup:65;Durada:20" time="0.153"/>
    <testcase classname="testmeter.generalitat" name="TestNegatiu_Abril url i verificar capçalera_Fils:100;Rampup:65;Durada:20" time="0.022">
        <failure message="Not Found">Test failed: text expected to contain /Model de Qualitat de Solucions/</failure>
    </testcase>
    <testcase classname="testmeter.generalitat" name="TestNegatiu_Abril url i verificar capçalera_Fils:100;Rampup:65;Durada:20" time="0.059">
        <failure message="Not Found">Test failed: text expected to contain /Model de Qualitat de Solucions/</failure>
    </testcase>
    <testcase classname="testmeter.generalitat" name="Abril url i verificar capçalera_Fils:100;Rampup:65;Durada:20" time="0.023"/>
    <testcase classname="testmeter.generalitat" name="TestNegatiu_Abril url i verificar capçalera_Fils:100;Rampup:65;Durada:20" time="0.026">
        <failure message="Not Found">Test failed: text expected to contain /Model de Qualitat de Solucions/</failure>
    </testcase>
    <testcase classname="testmeter.generalitat" name="TestNegatiu_Abril url i verificar capçalera_Fils:100;Rampup:65;Durada:20" time="0.047">
        <failure message="Not Found">Test failed: text expected to contain /Model de Qualitat de Solucions/</failure>
    </testcase>
    <testcase classname="testmeter.generalitat" name="TestNegatiu_Abril url i verificar capçalera_Fils:100;Rampup:65;Durada:20" time="0.032">
        <failure message="Not Found">Test failed: text expected to contain /Model de Qualitat de Solucions/</failure>
    </testcase>
    <testcase classname="testmeter.generalitat" name="TestNegatiu_Abril url i verificar capçalera_Fils:100;Rampup:65;Durada:20" time="0.027">
        <failure message="Not Found">Test failed: text expected to contain /Model de Qualitat de Solucions/</failure>
    </testcase>
    <testcase classname="testmeter.generalitat" name="TestNegatiu_Abril url i verificar capçalera_Fils:100;Rampup:65;Durada:20" time="0.024">
        <failure message="Not Found">Test failed: text expected to contain /Model de Qualitat de Solucions/</failure>
    </testcase>
    <testcase classname="testmeter.generalitat" name="TestNegatiu_Abril url i verificar capçalera_Fils:100;Rampup:65;Durada:20" time="0.044">
        <failure message="Not Found">Test failed: text expected to contain /Model de Qualitat de Solucions/</failure>
    </testcase>
    <testcase classname="testmeter.generalitat" name="Abril url i verificar capçalera_Fils:100;Rampup:65;Durada:20" time="0.027"/>
    <testcase classname="testmeter.generalitat" name="Abril url i verificar capçalera_Fils:100;Rampup:65;Durada:20" time="0.032"/>
    <testcase classname="testmeter.generalitat" name="Abril url i verificar capçalera_Fils:100;Rampup:65;Durada:20" time="0.031"/>
    <testcase classname="testmeter.generalitat" name="TestNegatiu_Abril url i verificar capçalera_Fils:100;Rampup:65;Durada:20" time="0.030">
        <failure message="Not Found">Test failed: text expected to contain /Model de Qualitat de Solucions/</failure>
    </testcase>
    <testcase classname="testmeter.generalitat" name="Abril url i verificar capçalera_Fils:100;Rampup:65;Durada:20" time="0.027"/>
    <testcase classname="testmeter.generalitat" name="Abril url i verificar capçalera_Fils:100;Rampup:65;Durada:20" time="0.062"/>
    <testcase classname="testmeter.generalitat" name="TestNegatiu_Abril url i verificar capçalera_Fils:100;Rampup:65;Durada:20" time="0.025">
        <failure message="Not Found">Test failed: text expected to contain /Model de Qualitat de Solucions/</failure>
    </testcase>
    <testcase classname="testmeter.generalitat" name="Abril url i verificar capçalera_Fils:100;Rampup:65;Durada:20" time="0.029"/>
    <testcase classname="testmeter.generalitat" name="TestNegatiu_Abril url i verificar capçalera_Fils:100;Rampup:65;Durada:20" time="0.027">
        <failure message="Not Found">Test failed: text expected to contain /Model de Qualitat de Solucions/</failure>
    </testcase>
    <testcase classname="testmeter.generalitat" name="Abril url i verificar capçalera_Fils:100;Rampup:65;Durada:20" time="0.033"/>
    <testcase classname="testmeter.generalitat" name="TestNegatiu_Abril url i verificar capçalera_Fils:100;Rampup:65;Durada:20" time="0.049">
        <failure message="Not Found">Test failed: text expected to contain /Model de Qualitat de Solucions/</failure>
    </testcase>
    <testcase classname="testmeter.generalitat" name="TestNegatiu_Abril url i verificar capçalera_Fils:100;Rampup:65;Durada:20" time="0.031">
        <failure message="Not Found">Test failed: text expected to contain /Model de Qualitat de Solucions/</failure>
    </testcase>
    <testcase classname="testmeter.generalitat" name="Abril url i verificar capçalera_Fils:100;Rampup:65;Durada:20" time="0.028"/>
    <testcase classname="testmeter.generalitat" name="Abril url i verificar capçalera_Fils:100;Rampup:65;Durada:20" time="0.031"/>
    <testcase classname="testmeter.generalitat" name="Abril url i verificar capçalera_Fils:100;Rampup:65;Durada:20" time="0.049"/>
    <testcase classname="testmeter.generalitat" name="Abril url i verificar capçalera_Fils:100;Rampup:65;Durada:20" time="0.049"/>
    <testcase classname="testmeter.generalitat" name="Abril url i verificar capçalera_Fils:100;Rampup:65;Durada:20" time="0.036"/>
    <testcase classname="testmeter.generalitat" name="TestNegatiu_Abril url i verificar capçalera_Fils:100;Rampup:65;Durada:20" time="0.024">
        <failure message="Not Found">Test failed: text expected to contain /Model de Qualitat de Solucions/</failure>
    </testcase>
    <testcase classname="testmeter.generalitat" name="TestNegatiu_Abril url i verificar capçalera_Fils:100;Rampup:65;Durada:20" time="0.028">
        <failure message="Not Found">Test failed: text expected to contain /Model de Qualitat de Solucions/</failure>
    </testcase>
    <testcase classname="testmeter.generalitat" name="TestNegatiu_Abril url i verificar capçalera_Fils:100;Rampup:65;Durada:20" time="0.033">
        <failure message="Not Found">Test failed: text expected to contain /Model de Qualitat de Solucions/</failure>
    </testcase>
    <testcase classname="testmeter.generalitat" name="Abril url i verificar capçalera_Fils:100;Rampup:65;Durada:20" time="0.028"/>
    <testcase classname="testmeter.generalitat" name="Abril url i verificar capçalera_Fils:100;Rampup:65;Durada:20" time="0.028"/>
    <testcase classname="testmeter.generalitat" name="Abril url i verificar capçalera_Fils:100;Rampup:65;Durada:20" time="0.062"/>
    <testcase classname="testmeter.generalitat" name="TestNegatiu_Abril url i verificar capçalera_Fils:100;Rampup:65;Durada:20" time="0.025">
        <failure message="Not Found">Test failed: text expected to contain /Model de Qualitat de Solucions/</failure>
    </testcase>
    <testcase classname="testmeter.generalitat" name="TestNegatiu_Abril url i verificar capçalera_Fils:100;Rampup:65;Durada:20" time="0.025">
        <failure message="Not Found">Test failed: text expected to contain /Model de Qualitat de Solucions/</failure>
    </testcase>
    <testcase classname="testmeter.generalitat" name="Abril url i verificar capçalera_Fils:100;Rampup:65;Durada:20" time="0.030"/>
    <testcase classname="testmeter.generalitat" name="TestNegatiu_Abril url i verificar capçalera_Fils:100;Rampup:65;Durada:20" time="0.026">
        <failure message="Not Found">Test failed: text expected to contain /Model de Qualitat de Solucions/</failure>
    </testcase>
    <testcase classname="testmeter.generalitat" name="TestNegatiu_Abril url i verificar capçalera_Fils:100;Rampup:65;Durada:20" time="0.026">
        <failure message="Not Found">Test failed: text expected to contain /Model de Qualitat de Solucions/</failure>
    </testcase>
    <testcase classname="testmeter.generalitat" name="TestNegatiu_Abril url i verificar capçalera_Fils:100;Rampup:65;Durada:20" time="0.027">
        <failure message="Not Found">Test failed: text expected to contain /Model de Qualitat de Solucions/</failure>
    </testcase>
    <testcase classname="testmeter.generalitat" name="TestNegatiu_Abril url i verificar capçalera_Fils:100;Rampup:65;Durada:20" time="0.031">
        <failure message="Not Found">Test failed: text expected to contain /Model de Qualitat de Solucions/</failure>
    </testcase>
    <testcase classname="testmeter.generalitat" name="Abril url i verificar capçalera_Fils:100;Rampup:65;Durada:20" time="0.036"/>
    <testcase classname="testmeter.generalitat" name="TestNegatiu_Abril url i verificar capçalera_Fils:100;Rampup:65;Durada:20" time="0.025">
        <failure message="Not Found">Test failed: text expected to contain /Model de Qualitat de Solucions/</failure>
    </testcase>
    <testcase classname="testmeter.generalitat" name="TestNegatiu_Abril url i verificar capçalera_Fils:100;Rampup:65;Durada:20" time="0.023">
        <failure message="Not Found">Test failed: text expected to contain /Model de Qualitat de Solucions/</failure>
    </testcase>
    <testcase classname="testmeter.generalitat" name="TestNegatiu_Abril url i verificar capçalera_Fils:100;Rampup:65;Durada:20" time="0.052">
        <failure message="Not Found">Test failed: text expected to contain /Model de Qualitat de Solucions/</failure>
    </testcase>
    <testcase classname="testmeter.generalitat" name="Abril url i verificar capçalera_Fils:100;Rampup:65;Durada:20" time="0.031"/>
    <testcase classname="testmeter.generalitat" name="Abril url i verificar capçalera_Fils:100;Rampup:65;Durada:20" time="0.074"/>
    <testcase classname="testmeter.generalitat" name="TestNegatiu_Abril url i verificar capçalera_Fils:100;Rampup:65;Durada:20" time="0.042">
        <failure message="Not Found">Test failed: text expected to contain /Model de Qualitat de Solucions/</failure>
    </testcase>
    <testcase classname="testmeter.generalitat" name="Abril url i verificar capçalera_Fils:100;Rampup:65;Durada:20" time="0.039"/>
    <testcase classname="testmeter.generalitat" name="TestNegatiu_Abril url i verificar capçalera_Fils:100;Rampup:65;Durada:20" time="0.024">
        <failure message="Not Found">Test failed: text expected to contain /Model de Qualitat de Solucions/</failure>
    </testcase>
    <testcase classname="testmeter.generalitat" name="Abril url i verificar capçalera_Fils:100;Rampup:65;Durada:20" time="0.029"/>
    <testcase classname="testmeter.generalitat" name="Abril url i verificar capçalera_Fils:100;Rampup:65;Durada:20" time="0.030"/>
    <testcase classname="testmeter.generalitat" name="TestNegatiu_Abril url i verificar capçalera_Fils:100;Rampup:65;Durada:20" time="0.031">
        <failure message="Not Found">Test failed: text expected to contain /Model de Qualitat de Solucions/</failure>
    </testcase>
    <testcase classname="testmeter.generalitat" name="Abril url i verificar capçalera_Fils:100;Rampup:65;Durada:20" time="0.030"/>
    <testcase classname="testmeter.generalitat" name="Abril url i verificar capçalera_Fils:100;Rampup:65;Durada:20" time="0.031"/>
    <testcase classname="testmeter.generalitat" name="Abril url i verificar capçalera_Fils:100;Rampup:65;Durada:20" time="0.026"/>
    <testcase classname="testmeter.generalitat" name="TestNegatiu_Abril url i verificar capçalera_Fils:100;Rampup:65;Durada:20" time="0.028">
        <failure message="Not Found">Test failed: text expected to contain /Model de Qualitat de Solucions/</failure>
    </testcase>
    <testcase classname="testmeter.generalitat" name="TestNegatiu_Abril url i verificar capçalera_Fils:100;Rampup:65;Durada:20" time="0.028">
        <failure message="Not Found">Test failed: text expected to contain /Model de Qualitat de Solucions/</failure>
    </testcase>
    <testcase classname="testmeter.generalitat" name="Abril url i verificar capçalera_Fils:100;Rampup:65;Durada:20" time="0.065"/>
    <testcase classname="testmeter.generalitat" name="TestNegatiu_Abril url i verificar capçalera_Fils:100;Rampup:65;Durada:20" time="0.025">
        <failure message="Not Found">Test failed: text expected to contain /Model de Qualitat de Solucions/</failure>
    </testcase>
    <testcase classname="testmeter.generalitat" name="TestNegatiu_Abril url i verificar capçalera_Fils:100;Rampup:65;Durada:20" time="0.027">
        <failure message="Not Found">Test failed: text expected to contain /Model de Qualitat de Solucions/</failure>
    </testcase>
    <testcase classname="testmeter.generalitat" name="Abril url i verificar capçalera_Fils:100;Rampup:65;Durada:20" time="0.028"/>
    <testcase classname="testmeter.generalitat" name="TestNegatiu_Abril url i verificar capçalera_Fils:100;Rampup:65;Durada:20" time="0.025">
        <failure message="Not Found">Test failed: text expected to contain /Model de Qualitat de Solucions/</failure>
    </testcase>
    <testcase classname="testmeter.generalitat" name="Abril url i verificar capçalera_Fils:100;Rampup:65;Durada:20" time="0.049"/>
    <testcase classname="testmeter.generalitat" name="Abril url i verificar capçalera_Fils:100;Rampup:65;Durada:20" time="0.124"/>
    <testcase classname="testmeter.generalitat" name="Abril url i verificar capçalera_Fils:100;Rampup:65;Durada:20" time="0.044"/>
    <testcase classname="testmeter.generalitat" name="Abril url i verificar capçalera_Fils:100;Rampup:65;Durada:20" time="0.088"/>
    <testcase classname="testmeter.generalitat" name="TestNegatiu_Abril url i verificar capçalera_Fils:100;Rampup:65;Durada:20" time="0.022">
        <failure message="Not Found">Test failed: text expected to contain /Model de Qualitat de Solucions/</failure>
    </testcase>
    <testcase classname="testmeter.generalitat" name="Abril url i verificar capçalera_Fils:100;Rampup:65;Durada:20" time="0.046"/>
    <testcase classname="testmeter.generalitat" name="TestNegatiu_Abril url i verificar capçalera_Fils:100;Rampup:65;Durada:20" time="0.023">
        <failure message="Not Found">Test failed: text expected to contain /Model de Qualitat de Solucions/</failure>
    </testcase>
    <testcase classname="testmeter.generalitat" name="Abril url i verificar capçalera_Fils:100;Rampup:65;Durada:20" time="0.029"/>
    <testcase classname="testmeter.generalitat" name="Abril url i verificar capçalera_Fils:100;Rampup:65;Durada:20" time="0.058"/>
    <testcase classname="testmeter.generalitat" name="TestNegatiu_Abril url i verificar capçalera_Fils:100;Rampup:65;Durada:20" time="0.031">
        <failure message="Not Found">Test failed: text expected to contain /Model de Qualitat de Solucions/</failure>
    </testcase>
    <testcase classname="testmeter.generalitat" name="Abril url i verificar capçalera_Fils:100;Rampup:65;Durada:20" time="0.027"/>
    <testcase classname="testmeter.generalitat" name="TestNegatiu_Abril url i verificar capçalera_Fils:100;Rampup:65;Durada:20" time="0.034">
        <failure message="Not Found">Test failed: text expected to contain /Model de Qualitat de Solucions/</failure>
    </testcase>
    <testcase classname="testmeter.generalitat" name="Abril url i verificar capçalera_Fils:100;Rampup:65;Durada:20" time="0.030"/>
    <testcase classname="testmeter.generalitat" name="TestNegatiu_Abril url i verificar capçalera_Fils:100;Rampup:65;Durada:20" time="0.021">
        <failure message="Not Found">Test failed: text expected to contain /Model de Qualitat de Solucions/</failure>
    </testcase>
    <testcase classname="testmeter.generalitat" name="TestNegatiu_Abril url i verificar capçalera_Fils:100;Rampup:65;Durada:20" time="0.025">
        <failure message="Not Found">Test failed: text expected to contain /Model de Qualitat de Solucions/</failure>
    </testcase>
    <testcase classname="testmeter.generalitat" name="Abril url i verificar capçalera_Fils:100;Rampup:65;Durada:20" time="0.026"/>
    <testcase classname="testmeter.generalitat" name="TestNegatiu_Abril url i verificar capçalera_Fils:100;Rampup:65;Durada:20" time="0.027">
        <failure message="Not Found">Test failed: text expected to contain /Model de Qualitat de Solucions/</failure>
    </testcase>
    <testcase classname="testmeter.generalitat" name="Abril url i verificar capçalera_Fils:100;Rampup:65;Durada:20" time="0.030"/>
    <testcase classname="testmeter.generalitat" name="TestNegatiu_Abril url i verificar capçalera_Fils:100;Rampup:65;Durada:20" time="0.026">
        <failure message="Not Found">Test failed: text expected to contain /Model de Qualitat de Solucions/</failure>
    </testcase>
    <testcase classname="testmeter.generalitat" name="TestNegatiu_Abril url i verificar capçalera_Fils:100;Rampup:65;Durada:20" time="0.027">
        <failure message="Not Found">Test failed: text expected to contain /Model de Qualitat de Solucions/</failure>
    </testcase>
    <testcase classname="testmeter.generalitat" name="Abril url i verificar capçalera_Fils:100;Rampup:65;Durada:20" time="0.032"/>
    <testcase classname="testmeter.generalitat" name="Abril url i verificar capçalera_Fils:100;Rampup:65;Durada:20" time="0.026"/>
    <testcase classname="testmeter.generalitat" name="TestNegatiu_Abril url i verificar capçalera_Fils:100;Rampup:65;Durada:20" time="0.028">
        <failure message="Not Found">Test failed: text expected to contain /Model de Qualitat de Solucions/</failure>
    </testcase>
    <testcase classname="testmeter.generalitat" name="TestNegatiu_Abril url i verificar capçalera_Fils:100;Rampup:65;Durada:20" time="0.030">
        <failure message="Not Found">Test failed: text expected to contain /Model de Qualitat de Solucions/</failure>
    </testcase>
    <testcase classname="testmeter.generalitat" name="TestNegatiu_Abril url i verificar capçalera_Fils:100;Rampup:65;Durada:20" time="0.032">
        <failure message="Not Found">Test failed: text expected to contain /Model de Qualitat de Solucions/</failure>
    </testcase>
    <testcase classname="testmeter.generalitat" name="TestNegatiu_Abril url i verificar capçalera_Fils:100;Rampup:65;Durada:20" time="0.045">
        <failure message="Not Found">Test failed: text expected to contain /Model de Qualitat de Solucions/</failure>
    </testcase>
    <testcase classname="testmeter.generalitat" name="Abril url i verificar capçalera_Fils:100;Rampup:65;Durada:20" time="0.032"/>
    <testcase classname="testmeter.generalitat" name="TestNegatiu_Abril url i verificar capçalera_Fils:100;Rampup:65;Durada:20" time="0.050">
        <failure message="Not Found">Test failed: text expected to contain /Model de Qualitat de Solucions/</failure>
    </testcase>
    <testcase classname="testmeter.generalitat" name="Abril url i verificar capçalera_Fils:100;Rampup:65;Durada:20" time="0.027"/>
    <testcase classname="testmeter.generalitat" name="TestNegatiu_Abril url i verificar capçalera_Fils:100;Rampup:65;Durada:20" time="0.030">
        <failure message="Not Found">Test failed: text expected to contain /Model de Qualitat de Solucions/</failure>
    </testcase>
    <testcase classname="testmeter.generalitat" name="TestNegatiu_Abril url i verificar capçalera_Fils:100;Rampup:65;Durada:20" time="0.024">
        <failure message="Not Found">Test failed: text expected to contain /Model de Qualitat de Solucions/</failure>
    </testcase>
    <testcase classname="testmeter.generalitat" name="Abril url i verificar capçalera_Fils:100;Rampup:65;Durada:20" time="0.068"/>
    <testcase classname="testmeter.generalitat" name="TestNegatiu_Abril url i verificar capçalera_Fils:100;Rampup:65;Durada:20" time="0.026">
        <failure message="Not Found">Test failed: text expected to contain /Model de Qualitat de Solucions/</failure>
    </testcase>
    <testcase classname="testmeter.generalitat" name="Abril url i verificar capçalera_Fils:100;Rampup:65;Durada:20" time="0.027"/>
    <testcase classname="testmeter.generalitat" name="Abril url i verificar capçalera_Fils:100;Rampup:65;Durada:20" time="0.046"/>
    <testcase classname="testmeter.generalitat" name="TestNegatiu_Abril url i verificar capçalera_Fils:100;Rampup:65;Durada:20" time="0.026">
        <failure message="Not Found">Test failed: text expected to contain /Model de Qualitat de Solucions/</failure>
    </testcase>
    <testcase classname="testmeter.generalitat" name="Abril url i verificar capçalera_Fils:100;Rampup:65;Durada:20" time="0.060"/>
    <testcase classname="testmeter.generalitat" name="TestNegatiu_Abril url i verificar capçalera_Fils:100;Rampup:65;Durada:20" time="0.026">
        <failure message="Not Found">Test failed: text expected to contain /Model de Qualitat de Solucions/</failure>
    </testcase>
    <testcase classname="testmeter.generalitat" name="Abril url i verificar capçalera_Fils:100;Rampup:65;Durada:20" time="0.028"/>
    <testcase classname="testmeter.generalitat" name="Abril url i verificar capçalera_Fils:100;Rampup:65;Durada:20" time="0.135"/>
    <testcase classname="testmeter.generalitat" name="Abril url i verificar capçalera_Fils:100;Rampup:65;Durada:20" time="0.029"/>
    <testcase classname="testmeter.generalitat" name="TestNegatiu_Abril url i verificar capçalera_Fils:100;Rampup:65;Durada:20" time="0.027">
        <failure message="Not Found">Test failed: text expected to contain /Model de Qualitat de Solucions/</failure>
    </testcase>
    <testcase classname="testmeter.generalitat" name="Abril url i verificar capçalera_Fils:100;Rampup:65;Durada:20" time="0.027"/>
    <testcase classname="testmeter.generalitat" name="Abril url i verificar capçalera_Fils:100;Rampup:65;Durada:20" time="0.047"/>
    <testcase classname="testmeter.generalitat" name="Abril url i verificar capçalera_Fils:100;Rampup:65;Durada:20" time="0.028"/>
    <testcase classname="testmeter.generalitat" name="TestNegatiu_Abril url i verificar capçalera_Fils:100;Rampup:65;Durada:20" time="0.036">
        <failure message="Not Found">Test failed: text expected to contain /Model de Qualitat de Solucions/</failure>
    </testcase>
    <testcase classname="testmeter.generalitat" name="TestNegatiu_Abril url i verificar capçalera_Fils:100;Rampup:65;Durada:20" time="0.024">
        <failure message="Not Found">Test failed: text expected to contain /Model de Qualitat de Solucions/</failure>
    </testcase>
    <testcase classname="testmeter.generalitat" name="Abril url i verificar capçalera_Fils:100;Rampup:65;Durada:20" time="0.026"/>
    <testcase classname="testmeter.generalitat" name="TestNegatiu_Abril url i verificar capçalera_Fils:100;Rampup:65;Durada:20" time="0.032">
        <failure message="Not Found">Test failed: text expected to contain /Model de Qualitat de Solucions/</failure>
    </testcase>
    <testcase classname="testmeter.generalitat" name="Abril url i verificar capçalera_Fils:100;Rampup:65;Durada:20" time="0.033"/>
    <testcase classname="testmeter.generalitat" name="Abril url i verificar capçalera_Fils:100;Rampup:65;Durada:20" time="0.054"/>
    <testcase classname="testmeter.generalitat" name="TestNegatiu_Abril url i verificar capçalera_Fils:100;Rampup:65;Durada:20" time="0.036">
        <failure message="Not Found">Test failed: text expected to contain /Model de Qualitat de Solucions/</failure>
    </testcase>
    <testcase classname="testmeter.generalitat" name="TestNegatiu_Abril url i verificar capçalera_Fils:100;Rampup:65;Durada:20" time="0.026">
        <failure message="Not Found">Test failed: text expected to contain /Model de Qualitat de Solucions/</failure>
    </testcase>
    <testcase classname="testmeter.generalitat" name="Abril url i verificar capçalera_Fils:100;Rampup:65;Durada:20" time="0.027"/>
    <testcase classname="testmeter.generalitat" name="TestNegatiu_Abril url i verificar capçalera_Fils:100;Rampup:65;Durada:20" time="0.026">
        <failure message="Not Found">Test failed: text expected to contain /Model de Qualitat de Solucions/</failure>
    </testcase>
    <testcase classname="testmeter.generalitat" name="TestNegatiu_Abril url i verificar capçalera_Fils:100;Rampup:65;Durada:20" time="0.025">
        <failure message="Not Found">Test failed: text expected to contain /Model de Qualitat de Solucions/</failure>
    </testcase>
    <testcase classname="testmeter.generalitat" name="TestNegatiu_Abril url i verificar capçalera_Fils:100;Rampup:65;Durada:20" time="0.031">
        <failure message="Not Found">Test failed: text expected to contain /Model de Qualitat de Solucions/</failure>
    </testcase>
    <testcase classname="testmeter.generalitat" name="Abril url i verificar capçalera_Fils:100;Rampup:65;Durada:20" time="0.033"/>
    <testcase classname="testmeter.generalitat" name="Abril url i verificar capçalera_Fils:100;Rampup:65;Durada:20" time="0.069"/>
    <testcase classname="testmeter.generalitat" name="TestNegatiu_Abril url i verificar capçalera_Fils:100;Rampup:65;Durada:20" time="0.037">
        <failure message="Not Found">Test failed: text expected to contain /Model de Qualitat de Solucions/</failure>
    </testcase>
    <testcase classname="testmeter.generalitat" name="TestNegatiu_Abril url i verificar capçalera_Fils:100;Rampup:65;Durada:20" time="0.024">
        <failure message="Not Found">Test failed: text expected to contain /Model de Qualitat de Solucions/</failure>
    </testcase>
    <testcase classname="testmeter.generalitat" name="TestNegatiu_Abril url i verificar capçalera_Fils:100;Rampup:65;Durada:20" time="0.044">
        <failure message="Not Found">Test failed: text expected to contain /Model de Qualitat de Solucions/</failure>
    </testcase>
    <testcase classname="testmeter.generalitat" name="TestNegatiu_Abril url i verificar capçalera_Fils:100;Rampup:65;Durada:20" time="0.023">
        <failure message="Not Found">Test failed: text expected to contain /Model de Qualitat de Solucions/</failure>
    </testcase>
    <testcase classname="testmeter.generalitat" name="TestNegatiu_Abril url i verificar capçalera_Fils:100;Rampup:65;Durada:20" time="0.027">
        <failure message="Not Found">Test failed: text expected to contain /Model de Qualitat de Solucions/</failure>
    </testcase>
    <testcase classname="testmeter.generalitat" name="Abril url i verificar capçalera_Fils:100;Rampup:65;Durada:20" time="0.031"/>
    <testcase classname="testmeter.generalitat" name="Abril url i verificar capçalera_Fils:100;Rampup:65;Durada:20" time="0.087"/>
    <testcase classname="testmeter.generalitat" name="Abril url i verificar capçalera_Fils:100;Rampup:65;Durada:20" time="0.034"/>
    <testcase classname="testmeter.generalitat" name="TestNegatiu_Abril url i verificar capçalera_Fils:100;Rampup:65;Durada:20" time="0.030">
        <failure message="Not Found">Test failed: text expected to contain /Model de Qualitat de Solucions/</failure>
    </testcase>
    <testcase classname="testmeter.generalitat" name="TestNegatiu_Abril url i verificar capçalera_Fils:100;Rampup:65;Durada:20" time="0.034">
        <failure message="Not Found">Test failed: text expected to contain /Model de Qualitat de Solucions/</failure>
    </testcase>
    <testcase classname="testmeter.generalitat" name="Abril url i verificar capçalera_Fils:100;Rampup:65;Durada:20" time="0.030"/>
    <testcase classname="testmeter.generalitat" name="Abril url i verificar capçalera_Fils:100;Rampup:65;Durada:20" time="0.032"/>
    <testcase classname="testmeter.generalitat" name="Abril url i verificar capçalera_Fils:100;Rampup:65;Durada:20" time="0.033"/>
    <testcase classname="testmeter.generalitat" name="Abril url i verificar capçalera_Fils:100;Rampup:65;Durada:20" time="0.047"/>
    <testcase classname="testmeter.generalitat" name="Abril url i verificar capçalera_Fils:100;Rampup:65;Durada:20" time="0.028"/>
    <testcase classname="testmeter.generalitat" name="Abril url i verificar capçalera_Fils:100;Rampup:65;Durada:20" time="0.025"/>
    <testcase classname="testmeter.generalitat" name="Abril url i verificar capçalera_Fils:100;Rampup:65;Durada:20" time="0.058"/>
    <testcase classname="testmeter.generalitat" name="TestNegatiu_Abril url i verificar capçalera_Fils:100;Rampup:65;Durada:20" time="0.024">
        <failure message="Not Found">Test failed: text expected to contain /Model de Qualitat de Solucions/</failure>
    </testcase>
    <testcase classname="testmeter.generalitat" name="TestNegatiu_Abril url i verificar capçalera_Fils:100;Rampup:65;Durada:20" time="0.024">
        <failure message="Not Found">Test failed: text expected to contain /Model de Qualitat de Solucions/</failure>
    </testcase>
    <testcase classname="testmeter.generalitat" name="Abril url i verificar capçalera_Fils:100;Rampup:65;Durada:20" time="0.073"/>
    <testcase classname="testmeter.generalitat" name="TestNegatiu_Abril url i verificar capçalera_Fils:100;Rampup:65;Durada:20" time="0.051">
        <failure message="Not Found">Test failed: text expected to contain /Model de Qualitat de Solucions/</failure>
    </testcase>
    <testcase classname="testmeter.generalitat" name="TestNegatiu_Abril url i verificar capçalera_Fils:100;Rampup:65;Durada:20" time="0.026">
        <failure message="Not Found">Test failed: text expected to contain /Model de Qualitat de Solucions/</failure>
    </testcase>
    <testcase classname="testmeter.generalitat" name="Abril url i verificar capçalera_Fils:100;Rampup:65;Durada:20" time="0.025"/>
    <testcase classname="testmeter.generalitat" name="TestNegatiu_Abril url i verificar capçalera_Fils:100;Rampup:65;Durada:20" time="0.026">
        <failure message="Not Found">Test failed: text expected to contain /Model de Qualitat de Solucions/</failure>
    </testcase>
    <testcase classname="testmeter.generalitat" name="TestNegatiu_Abril url i verificar capçalera_Fils:100;Rampup:65;Durada:20" time="0.028">
        <failure message="Not Found">Test failed: text expected to contain /Model de Qualitat de Solucions/</failure>
    </testcase>
    <testcase classname="testmeter.generalitat" name="Abril url i verificar capçalera_Fils:100;Rampup:65;Durada:20" time="0.033"/>
    <testcase classname="testmeter.generalitat" name="TestNegatiu_Abril url i verificar capçalera_Fils:100;Rampup:65;Durada:20" time="0.028">
        <failure message="Not Found">Test failed: text expected to contain /Model de Qualitat de Solucions/</failure>
    </testcase>
    <testcase classname="testmeter.generalitat" name="TestNegatiu_Abril url i verificar capçalera_Fils:100;Rampup:65;Durada:20" time="0.025">
        <failure message="Not Found">Test failed: text expected to contain /Model de Qualitat de Solucions/</failure>
    </testcase>
    <testcase classname="testmeter.generalitat" name="TestNegatiu_Abril url i verificar capçalera_Fils:100;Rampup:65;Durada:20" time="0.025">
        <failure message="Not Found">Test failed: text expected to contain /Model de Qualitat de Solucions/</failure>
    </testcase>
    <testcase classname="testmeter.generalitat" name="Abril url i verificar capçalera_Fils:100;Rampup:65;Durada:20" time="0.056"/>
    <testcase classname="testmeter.generalitat" name="TestNegatiu_Abril url i verificar capçalera_Fils:100;Rampup:65;Durada:20" time="0.044">
        <failure message="Not Found">Test failed: text expected to contain /Model de Qualitat de Solucions/</failure>
    </testcase>
    <testcase classname="testmeter.generalitat" name="Abril url i verificar capçalera_Fils:100;Rampup:65;Durada:20" time="0.057"/>
    <testcase classname="testmeter.generalitat" name="TestNegatiu_Abril url i verificar capçalera_Fils:100;Rampup:65;Durada:20" time="0.027">
        <failure message="Not Found">Test failed: text expected to contain /Model de Qualitat de Solucions/</failure>
    </testcase>
    <testcase classname="testmeter.generalitat" name="Abril url i verificar capçalera_Fils:100;Rampup:65;Durada:20" time="0.029"/>
    <testcase classname="testmeter.generalitat" name="Abril url i verificar capçalera_Fils:100;Rampup:65;Durada:20" time="0.030"/>
    <testcase classname="testmeter.generalitat" name="TestNegatiu_Abril url i verificar capçalera_Fils:100;Rampup:65;Durada:20" time="0.027">
        <failure message="Not Found">Test failed: text expected to contain /Model de Qualitat de Solucions/</failure>
    </testcase>
    <testcase classname="testmeter.generalitat" name="TestNegatiu_Abril url i verificar capçalera_Fils:100;Rampup:65;Durada:20" time="0.026">
        <failure message="Not Found">Test failed: text expected to contain /Model de Qualitat de Solucions/</failure>
    </testcase>
    <testcase classname="testmeter.generalitat" name="Abril url i verificar capçalera_Fils:100;Rampup:65;Durada:20" time="0.029"/>
    <testcase classname="testmeter.generalitat" name="Abril url i verificar capçalera_Fils:100;Rampup:65;Durada:20" time="0.026"/>
    <testcase classname="testmeter.generalitat" name="Abril url i verificar capçalera_Fils:100;Rampup:65;Durada:20" time="0.027"/>
    <testcase classname="testmeter.generalitat" name="Abril url i verificar capçalera_Fils:100;Rampup:65;Durada:20" time="0.025"/>
    <testcase classname="testmeter.generalitat" name="TestNegatiu_Abril url i verificar capçalera_Fils:100;Rampup:65;Durada:20" time="0.024">
        <failure message="Not Found">Test failed: text expected to contain /Model de Qualitat de Solucions/</failure>
    </testcase>
    <testcase classname="testmeter.generalitat" name="TestNegatiu_Abril url i verificar capçalera_Fils:100;Rampup:65;Durada:20" time="0.032">
        <failure message="Not Found">Test failed: text expected to contain /Model de Qualitat de Solucions/</failure>
    </testcase>
    <testcase classname="testmeter.generalitat" name="TestNegatiu_Abril url i verificar capçalera_Fils:100;Rampup:65;Durada:20" time="0.026">
        <failure message="Not Found">Test failed: text expected to contain /Model de Qualitat de Solucions/</failure>
    </testcase>
    <testcase classname="testmeter.generalitat" name="Abril url i verificar capçalera_Fils:100;Rampup:65;Durada:20" time="0.042"/>
    <testcase classname="testmeter.generalitat" name="TestNegatiu_Abril url i verificar capçalera_Fils:100;Rampup:65;Durada:20" time="0.029">
        <failure message="Not Found">Test failed: text expected to contain /Model de Qualitat de Solucions/</failure>
    </testcase>
    <testcase classname="testmeter.generalitat" name="TestNegatiu_Abril url i verificar capçalera_Fils:100;Rampup:65;Durada:20" time="0.025">
        <failure message="Not Found">Test failed: text expected to contain /Model de Qualitat de Solucions/</failure>
    </testcase>
    <testcase classname="testmeter.generalitat" name="Abril url i verificar capçalera_Fils:100;Rampup:65;Durada:20" time="0.046"/>
    <testcase classname="testmeter.generalitat" name="Abril url i verificar capçalera_Fils:100;Rampup:65;Durada:20" time="0.026"/>
    <testcase classname="testmeter.generalitat" name="TestNegatiu_Abril url i verificar capçalera_Fils:100;Rampup:65;Durada:20" time="0.028">
        <failure message="Not Found">Test failed: text expected to contain /Model de Qualitat de Solucions/</failure>
    </testcase>
    <testcase classname="testmeter.generalitat" name="TestNegatiu_Abril url i verificar capçalera_Fils:100;Rampup:65;Durada:20" time="0.029">
        <failure message="Not Found">Test failed: text expected to contain /Model de Qualitat de Solucions/</failure>
    </testcase>
    <testcase classname="testmeter.generalitat" name="TestNegatiu_Abril url i verificar capçalera_Fils:100;Rampup:65;Durada:20" time="0.028">
        <failure message="Not Found">Test failed: text expected to contain /Model de Qualitat de Solucions/</failure>
    </testcase>
    <testcase classname="testmeter.generalitat" name="Abril url i verificar capçalera_Fils:100;Rampup:65;Durada:20" time="0.030"/>
    <testcase classname="testmeter.generalitat" name="Abril url i verificar capçalera_Fils:100;Rampup:65;Durada:20" time="0.111"/>
    <testcase classname="testmeter.generalitat" name="Abril url i verificar capçalera_Fils:100;Rampup:65;Durada:20" time="0.068"/>
    <testcase classname="testmeter.generalitat" name="TestNegatiu_Abril url i verificar capçalera_Fils:100;Rampup:65;Durada:20" time="0.027">
        <failure message="Not Found">Test failed: text expected to contain /Model de Qualitat de Solucions/</failure>
    </testcase>
    <testcase classname="testmeter.generalitat" name="TestNegatiu_Abril url i verificar capçalera_Fils:100;Rampup:65;Durada:20" time="0.098">
        <failure message="Not Found">Test failed: text expected to contain /Model de Qualitat de Solucions/</failure>
    </testcase>
    <testcase classname="testmeter.generalitat" name="TestNegatiu_Abril url i verificar capçalera_Fils:100;Rampup:65;Durada:20" time="0.028">
        <failure message="Not Found">Test failed: text expected to contain /Model de Qualitat de Solucions/</failure>
    </testcase>
    <testcase classname="testmeter.generalitat" name="TestNegatiu_Abril url i verificar capçalera_Fils:100;Rampup:65;Durada:20" time="0.028">
        <failure message="Not Found">Test failed: text expected to contain /Model de Qualitat de Solucions/</failure>
    </testcase>
    <testcase classname="testmeter.generalitat" name="Abril url i verificar capçalera_Fils:100;Rampup:65;Durada:20" time="0.032"/>
    <testcase classname="testmeter.generalitat" name="Abril url i verificar capçalera_Fils:100;Rampup:65;Durada:20" time="0.046"/>
    <testcase classname="testmeter.generalitat" name="Abril url i verificar capçalera_Fils:100;Rampup:65;Durada:20" time="0.030"/>
    <testcase classname="testmeter.generalitat" name="TestNegatiu_Abril url i verificar capçalera_Fils:100;Rampup:65;Durada:20" time="0.029">
        <failure message="Not Found">Test failed: text expected to contain /Model de Qualitat de Solucions/</failure>
    </testcase>
    <testcase classname="testmeter.generalitat" name="Abril url i verificar capçalera_Fils:100;Rampup:65;Durada:20" time="0.032"/>
    <testcase classname="testmeter.generalitat" name="Abril url i verificar capçalera_Fils:100;Rampup:65;Durada:20" time="0.029"/>
    <testcase classname="testmeter.generalitat" name="Abril url i verificar capçalera_Fils:100;Rampup:65;Durada:20" time="0.071"/>
    <testcase classname="testmeter.generalitat" name="Abril url i verificar capçalera_Fils:100;Rampup:65;Durada:20" time="0.052"/>
    <testcase classname="testmeter.generalitat" name="Abril url i verificar capçalera_Fils:100;Rampup:65;Durada:20" time="0.030"/>
    <testcase classname="testmeter.generalitat" name="Abril url i verificar capçalera_Fils:100;Rampup:65;Durada:20" time="0.031"/>
    <testcase classname="testmeter.generalitat" name="Abril url i verificar capçalera_Fils:100;Rampup:65;Durada:20" time="0.096"/>
    <testcase classname="testmeter.generalitat" name="TestNegatiu_Abril url i verificar capçalera_Fils:100;Rampup:65;Durada:20" time="0.046">
        <failure message="Not Found">Test failed: text expected to contain /Model de Qualitat de Solucions/</failure>
    </testcase>
    <testcase classname="testmeter.generalitat" name="TestNegatiu_Abril url i verificar capçalera_Fils:100;Rampup:65;Durada:20" time="0.025">
        <failure message="Not Found">Test failed: text expected to contain /Model de Qualitat de Solucions/</failure>
    </testcase>
    <testcase classname="testmeter.generalitat" name="TestNegatiu_Abril url i verificar capçalera_Fils:100;Rampup:65;Durada:20" time="0.023">
        <failure message="Not Found">Test failed: text expected to contain /Model de Qualitat de Solucions/</failure>
    </testcase>
    <testcase classname="testmeter.generalitat" name="TestNegatiu_Abril url i verificar capçalera_Fils:100;Rampup:65;Durada:20" time="0.046">
        <failure message="Not Found">Test failed: text expected to contain /Model de Qualitat de Solucions/</failure>
    </testcase>
    <testcase classname="testmeter.generalitat" name="Abril url i verificar capçalera_Fils:100;Rampup:65;Durada:20" time="0.026"/>
    <testcase classname="testmeter.generalitat" name="Abril url i verificar capçalera_Fils:100;Rampup:65;Durada:20" time="0.125"/>
    <testcase classname="testmeter.generalitat" name="TestNegatiu_Abril url i verificar capçalera_Fils:100;Rampup:65;Durada:20" time="0.027">
        <failure message="Not Found">Test failed: text expected to contain /Model de Qualitat de Solucions/</failure>
    </testcase>
    <testcase classname="testmeter.generalitat" name="Abril url i verificar capçalera_Fils:100;Rampup:65;Durada:20" time="0.028"/>
    <testcase classname="testmeter.generalitat" name="TestNegatiu_Abril url i verificar capçalera_Fils:100;Rampup:65;Durada:20" time="0.025">
        <failure message="Not Found">Test failed: text expected to contain /Model de Qualitat de Solucions/</failure>
    </testcase>
    <testcase classname="testmeter.generalitat" name="TestNegatiu_Abril url i verificar capçalera_Fils:100;Rampup:65;Durada:20" time="0.025">
        <failure message="Not Found">Test failed: text expected to contain /Model de Qualitat de Solucions/</failure>
    </testcase>
    <testcase classname="testmeter.generalitat" name="Abril url i verificar capçalera_Fils:100;Rampup:65;Durada:20" time="0.027"/>
    <testcase classname="testmeter.generalitat" name="Abril url i verificar capçalera_Fils:100;Rampup:65;Durada:20" time="0.044"/>
    <testcase classname="testmeter.generalitat" name="TestNegatiu_Abril url i verificar capçalera_Fils:100;Rampup:65;Durada:20" time="0.023">
        <failure message="Not Found">Test failed: text expected to contain /Model de Qualitat de Solucions/</failure>
    </testcase>
    <testcase classname="testmeter.generalitat" name="TestNegatiu_Abril url i verificar capçalera_Fils:100;Rampup:65;Durada:20" time="0.025">
        <failure message="Not Found">Test failed: text expected to contain /Model de Qualitat de Solucions/</failure>
    </testcase>
    <testcase classname="testmeter.generalitat" name="TestNegatiu_Abril url i verificar capçalera_Fils:100;Rampup:65;Durada:20" time="0.026">
        <failure message="Not Found">Test failed: text expected to contain /Model de Qualitat de Solucions/</failure>
    </testcase>
    <testcase classname="testmeter.generalitat" name="Abril url i verificar capçalera_Fils:100;Rampup:65;Durada:20" time="0.046"/>
    <testcase classname="testmeter.generalitat" name="TestNegatiu_Abril url i verificar capçalera_Fils:100;Rampup:65;Durada:20" time="0.031">
        <failure message="Not Found">Test failed: text expected to contain /Model de Qualitat de Solucions/</failure>
    </testcase>
    <testcase classname="testmeter.generalitat" name="TestNegatiu_Abril url i verificar capçalera_Fils:100;Rampup:65;Durada:20" time="0.023">
        <failure message="Not Found">Test failed: text expected to contain /Model de Qualitat de Solucions/</failure>
    </testcase>
    <testcase classname="testmeter.generalitat" name="TestNegatiu_Abril url i verificar capçalera_Fils:100;Rampup:65;Durada:20" time="0.026">
        <failure message="Not Found">Test failed: text expected to contain /Model de Qualitat de Solucions/</failure>
    </testcase>
    <testcase classname="testmeter.generalitat" name="TestNegatiu_Abril url i verificar capçalera_Fils:100;Rampup:65;Durada:20" time="0.025">
        <failure message="Not Found">Test failed: text expected to contain /Model de Qualitat de Solucions/</failure>
    </testcase>
    <testcase classname="testmeter.generalitat" name="Abril url i verificar capçalera_Fils:100;Rampup:65;Durada:20" time="0.030"/>
    <testcase classname="testmeter.generalitat" name="TestNegatiu_Abril url i verificar capçalera_Fils:100;Rampup:65;Durada:20" time="0.024">
        <failure message="Not Found">Test failed: text expected to contain /Model de Qualitat de Solucions/</failure>
    </testcase>
    <testcase classname="testmeter.generalitat" name="TestNegatiu_Abril url i verificar capçalera_Fils:100;Rampup:65;Durada:20" time="0.027">
        <failure message="Not Found">Test failed: text expected to contain /Model de Qualitat de Solucions/</failure>
    </testcase>
    <testcase classname="testmeter.generalitat" name="Abril url i verificar capçalera_Fils:100;Rampup:65;Durada:20" time="0.029"/>
    <testcase classname="testmeter.generalitat" name="Abril url i verificar capçalera_Fils:100;Rampup:65;Durada:20" time="0.027"/>
    <testcase classname="testmeter.generalitat" name="TestNegatiu_Abril url i verificar capçalera_Fils:100;Rampup:65;Durada:20" time="0.045">
        <failure message="Not Found">Test failed: text expected to contain /Model de Qualitat de Solucions/</failure>
    </testcase>
    <testcase classname="testmeter.generalitat" name="Abril url i verificar capçalera_Fils:100;Rampup:65;Durada:20" time="0.031"/>
    <testcase classname="testmeter.generalitat" name="TestNegatiu_Abril url i verificar capçalera_Fils:100;Rampup:65;Durada:20" time="0.030">
        <failure message="Not Found">Test failed: text expected to contain /Model de Qualitat de Solucions/</failure>
    </testcase>
    <testcase classname="testmeter.generalitat" name="Abril url i verificar capçalera_Fils:100;Rampup:65;Durada:20" time="0.045"/>
    <testcase classname="testmeter.generalitat" name="Abril url i verificar capçalera_Fils:100;Rampup:65;Durada:20" time="0.025"/>
    <testcase classname="testmeter.generalitat" name="Abril url i verificar capçalera_Fils:100;Rampup:65;Durada:20" time="0.051"/>
    <testcase classname="testmeter.generalitat" name="Abril url i verificar capçalera_Fils:100;Rampup:65;Durada:20" time="0.029"/>
    <testcase classname="testmeter.generalitat" name="TestNegatiu_Abril url i verificar capçalera_Fils:100;Rampup:65;Durada:20" time="0.024">
        <failure message="Not Found">Test failed: text expected to contain /Model de Qualitat de Solucions/</failure>
    </testcase>
    <testcase classname="testmeter.generalitat" name="Abril url i verificar capçalera_Fils:100;Rampup:65;Durada:20" time="0.031"/>
    <testcase classname="testmeter.generalitat" name="Abril url i verificar capçalera_Fils:100;Rampup:65;Durada:20" time="0.026"/>
    <testcase classname="testmeter.generalitat" name="TestNegatiu_Abril url i verificar capçalera_Fils:100;Rampup:65;Durada:20" time="0.027">
        <failure message="Not Found">Test failed: text expected to contain /Model de Qualitat de Solucions/</failure>
    </testcase>
    <testcase classname="testmeter.generalitat" name="TestNegatiu_Abril url i verificar capçalera_Fils:100;Rampup:65;Durada:20" time="0.027">
        <failure message="Not Found">Test failed: text expected to contain /Model de Qualitat de Solucions/</failure>
    </testcase>
    <testcase classname="testmeter.generalitat" name="Abril url i verificar capçalera_Fils:100;Rampup:65;Durada:20" time="0.056"/>
    <testcase classname="testmeter.generalitat" name="Abril url i verificar capçalera_Fils:100;Rampup:65;Durada:20" time="0.072"/>
    <testcase classname="testmeter.generalitat" name="TestNegatiu_Abril url i verificar capçalera_Fils:100;Rampup:65;Durada:20" time="0.034">
        <failure message="Not Found">Test failed: text expected to contain /Model de Qualitat de Solucions/</failure>
    </testcase>
    <testcase classname="testmeter.generalitat" name="TestNegatiu_Abril url i verificar capçalera_Fils:100;Rampup:65;Durada:20" time="0.026">
        <failure message="Not Found">Test failed: text expected to contain /Model de Qualitat de Solucions/</failure>
    </testcase>
    <testcase classname="testmeter.generalitat" name="Abril url i verificar capçalera_Fils:100;Rampup:65;Durada:20" time="0.043"/>
    <testcase classname="testmeter.generalitat" name="TestNegatiu_Abril url i verificar capçalera_Fils:100;Rampup:65;Durada:20" time="0.030">
        <failure message="Not Found">Test failed: text expected to contain /Model de Qualitat de Solucions/</failure>
    </testcase>
    <testcase classname="testmeter.generalitat" name="TestNegatiu_Abril url i verificar capçalera_Fils:100;Rampup:65;Durada:20" time="0.035">
        <failure message="Not Found">Test failed: text expected to contain /Model de Qualitat de Solucions/</failure>
    </testcase>
    <testcase classname="testmeter.generalitat" name="Abril url i verificar capçalera_Fils:100;Rampup:65;Durada:20" time="0.072"/>
    <testcase classname="testmeter.generalitat" name="Abril url i verificar capçalera_Fils:100;Rampup:65;Durada:20" time="0.058"/>
    <testcase classname="testmeter.generalitat" name="Abril url i verificar capçalera_Fils:100;Rampup:65;Durada:20" time="0.091"/>
    <testcase classname="testmeter.generalitat" name="TestNegatiu_Abril url i verificar capçalera_Fils:100;Rampup:65;Durada:20" time="0.028">
        <failure message="Not Found">Test failed: text expected to contain /Model de Qualitat de Solucions/</failure>
    </testcase>
    <testcase classname="testmeter.generalitat" name="TestNegatiu_Abril url i verificar capçalera_Fils:100;Rampup:65;Durada:20" time="0.038">
        <failure message="Not Found">Test failed: text expected to contain /Model de Qualitat de Solucions/</failure>
    </testcase>
    <testcase classname="testmeter.generalitat" name="Abril url i verificar capçalera_Fils:100;Rampup:65;Durada:20" time="0.027"/>
    <testcase classname="testmeter.generalitat" name="TestNegatiu_Abril url i verificar capçalera_Fils:100;Rampup:65;Durada:20" time="0.027">
        <failure message="Not Found">Test failed: text expected to contain /Model de Qualitat de Solucions/</failure>
    </testcase>
    <testcase classname="testmeter.generalitat" name="TestNegatiu_Abril url i verificar capçalera_Fils:100;Rampup:65;Durada:20" time="0.025">
        <failure message="Not Found">Test failed: text expected to contain /Model de Qualitat de Solucions/</failure>
    </testcase>
    <testcase classname="testmeter.generalitat" name="Abril url i verificar capçalera_Fils:100;Rampup:65;Durada:20" time="0.051"/>
    <testcase classname="testmeter.generalitat" name="Abril url i verificar capçalera_Fils:100;Rampup:65;Durada:20" time="0.045"/>
    <testcase classname="testmeter.generalitat" name="Abril url i verificar capçalera_Fils:100;Rampup:65;Durada:20" time="0.025"/>
    <testcase classname="testmeter.generalitat" name="TestNegatiu_Abril url i verificar capçalera_Fils:100;Rampup:65;Durada:20" time="0.043">
        <failure message="Not Found">Test failed: text expected to contain /Model de Qualitat de Solucions/</failure>
    </testcase>
    <testcase classname="testmeter.generalitat" name="Abril url i verificar capçalera_Fils:100;Rampup:65;Durada:20" time="0.040"/>
    <testcase classname="testmeter.generalitat" name="TestNegatiu_Abril url i verificar capçalera_Fils:100;Rampup:65;Durada:20" time="0.030">
        <failure message="Not Found">Test failed: text expected to contain /Model de Qualitat de Solucions/</failure>
    </testcase>
    <testcase classname="testmeter.generalitat" name="Abril url i verificar capçalera_Fils:100;Rampup:65;Durada:20" time="0.026"/>
    <testcase classname="testmeter.generalitat" name="TestNegatiu_Abril url i verificar capçalera_Fils:100;Rampup:65;Durada:20" time="0.025">
        <failure message="Not Found">Test failed: text expected to contain /Model de Qualitat de Solucions/</failure>
    </testcase>
    <testcase classname="testmeter.generalitat" name="Abril url i verificar capçalera_Fils:100;Rampup:65;Durada:20" time="0.031"/>
    <testcase classname="testmeter.generalitat" name="TestNegatiu_Abril url i verificar capçalera_Fils:100;Rampup:65;Durada:20" time="0.031">
        <failure message="Not Found">Test failed: text expected to contain /Model de Qualitat de Solucions/</failure>
    </testcase>
    <testcase classname="testmeter.generalitat" name="TestNegatiu_Abril url i verificar capçalera_Fils:100;Rampup:65;Durada:20" time="0.025">
        <failure message="Not Found">Test failed: text expected to contain /Model de Qualitat de Solucions/</failure>
    </testcase>
    <testcase classname="testmeter.generalitat" name="Abril url i verificar capçalera_Fils:100;Rampup:65;Durada:20" time="0.025"/>
    <testcase classname="testmeter.generalitat" name="Abril url i verificar capçalera_Fils:100;Rampup:65;Durada:20" time="0.027"/>
    <testcase classname="testmeter.generalitat" name="Abril url i verificar capçalera_Fils:100;Rampup:65;Durada:20" time="0.041"/>
    <testcase classname="testmeter.generalitat" name="TestNegatiu_Abril url i verificar capçalera_Fils:100;Rampup:65;Durada:20" time="0.025">
        <failure message="Not Found">Test failed: text expected to contain /Model de Qualitat de Solucions/</failure>
    </testcase>
    <testcase classname="testmeter.generalitat" name="TestNegatiu_Abril url i verificar capçalera_Fils:100;Rampup:65;Durada:20" time="0.025">
        <failure message="Not Found">Test failed: text expected to contain /Model de Qualitat de Solucions/</failure>
    </testcase>
    <testcase classname="testmeter.generalitat" name="TestNegatiu_Abril url i verificar capçalera_Fils:100;Rampup:65;Durada:20" time="0.024">
        <failure message="Not Found">Test failed: text expected to contain /Model de Qualitat de Solucions/</failure>
    </testcase>
    <testcase classname="testmeter.generalitat" name="Abril url i verificar capçalera_Fils:100;Rampup:65;Durada:20" time="0.090"/>
    <testcase classname="testmeter.generalitat" name="Abril url i verificar capçalera_Fils:100;Rampup:65;Durada:20" time="0.025"/>
    <testcase classname="testmeter.generalitat" name="TestNegatiu_Abril url i verificar capçalera_Fils:100;Rampup:65;Durada:20" time="0.027">
        <failure message="Not Found">Test failed: text expected to contain /Model de Qualitat de Solucions/</failure>
    </testcase>
    <testcase classname="testmeter.generalitat" name="TestNegatiu_Abril url i verificar capçalera_Fils:100;Rampup:65;Durada:20" time="0.025">
        <failure message="Not Found">Test failed: text expected to contain /Model de Qualitat de Solucions/</failure>
    </testcase>
    <testcase classname="testmeter.generalitat" name="TestNegatiu_Abril url i verificar capçalera_Fils:100;Rampup:65;Durada:20" time="0.046">
        <failure message="Not Found">Test failed: text expected to contain /Model de Qualitat de Solucions/</failure>
    </testcase>
    <testcase classname="testmeter.generalitat" name="TestNegatiu_Abril url i verificar capçalera_Fils:100;Rampup:65;Durada:20" time="0.028">
        <failure message="Not Found">Test failed: text expected to contain /Model de Qualitat de Solucions/</failure>
    </testcase>
    <testcase classname="testmeter.generalitat" name="TestNegatiu_Abril url i verificar capçalera_Fils:100;Rampup:65;Durada:20" time="0.023">
        <failure message="Not Found">Test failed: text expected to contain /Model de Qualitat de Solucions/</failure>
    </testcase>
    <testcase classname="testmeter.generalitat" name="Abril url i verificar capçalera_Fils:100;Rampup:65;Durada:20" time="0.048"/>
    <testcase classname="testmeter.generalitat" name="TestNegatiu_Abril url i verificar capçalera_Fils:100;Rampup:65;Durada:20" time="0.026">
        <failure message="Not Found">Test failed: text expected to contain /Model de Qualitat de Solucions/</failure>
    </testcase>
    <testcase classname="testmeter.generalitat" name="Abril url i verificar capçalera_Fils:100;Rampup:65;Durada:20" time="0.027"/>
    <testcase classname="testmeter.generalitat" name="Abril url i verificar capçalera_Fils:100;Rampup:65;Durada:20" time="0.042"/>
    <testcase classname="testmeter.generalitat" name="TestNegatiu_Abril url i verificar capçalera_Fils:100;Rampup:65;Durada:20" time="0.037">
        <failure message="Not Found">Test failed: text expected to contain /Model de Qualitat de Solucions/</failure>
    </testcase>
    <testcase classname="testmeter.generalitat" name="Abril url i verificar capçalera_Fils:100;Rampup:65;Durada:20" time="0.034"/>
    <testcase classname="testmeter.generalitat" name="TestNegatiu_Abril url i verificar capçalera_Fils:100;Rampup:65;Durada:20" time="0.035">
        <failure message="Not Found">Test failed: text expected to contain /Model de Qualitat de Solucions/</failure>
    </testcase>
    <testcase classname="testmeter.generalitat" name="Abril url i verificar capçalera_Fils:100;Rampup:65;Durada:20" time="0.028"/>
    <testcase classname="testmeter.generalitat" name="Abril url i verificar capçalera_Fils:100;Rampup:65;Durada:20" time="0.040"/>
    <testcase classname="testmeter.generalitat" name="Abril url i verificar capçalera_Fils:100;Rampup:65;Durada:20" time="0.068"/>
    <testcase classname="testmeter.generalitat" name="Abril url i verificar capçalera_Fils:100;Rampup:65;Durada:20" time="0.050"/>
    <testcase classname="testmeter.generalitat" name="Abril url i verificar capçalera_Fils:100;Rampup:65;Durada:20" time="0.034"/>
    <testcase classname="testmeter.generalitat" name="Abril url i verificar capçalera_Fils:100;Rampup:65;Durada:20" time="0.028"/>
    <testcase classname="testmeter.generalitat" name="Abril url i verificar capçalera_Fils:100;Rampup:65;Durada:20" time="0.047"/>
    <testcase classname="testmeter.generalitat" name="TestNegatiu_Abril url i verificar capçalera_Fils:100;Rampup:65;Durada:20" time="0.022">
        <failure message="Not Found">Test failed: text expected to contain /Model de Qualitat de Solucions/</failure>
    </testcase>
    <testcase classname="testmeter.generalitat" name="TestNegatiu_Abril url i verificar capçalera_Fils:100;Rampup:65;Durada:20" time="0.030">
        <failure message="Not Found">Test failed: text expected to contain /Model de Qualitat de Solucions/</failure>
    </testcase>
    <testcase classname="testmeter.generalitat" name="TestNegatiu_Abril url i verificar capçalera_Fils:100;Rampup:65;Durada:20" time="0.052">
        <failure message="Not Found">Test failed: text expected to contain /Model de Qualitat de Solucions/</failure>
    </testcase>
    <testcase classname="testmeter.generalitat" name="TestNegatiu_Abril url i verificar capçalera_Fils:100;Rampup:65;Durada:20" time="0.037">
        <failure message="Not Found">Test failed: text expected to contain /Model de Qualitat de Solucions/</failure>
    </testcase>
    <testcase classname="testmeter.generalitat" name="Abril url i verificar capçalera_Fils:100;Rampup:65;Durada:20" time="0.037"/>
    <testcase classname="testmeter.generalitat" name="Abril url i verificar capçalera_Fils:100;Rampup:65;Durada:20" time="0.026"/>
    <testcase classname="testmeter.generalitat" name="TestNegatiu_Abril url i verificar capçalera_Fils:100;Rampup:65;Durada:20" time="0.026">
        <failure message="Not Found">Test failed: text expected to contain /Model de Qualitat de Solucions/</failure>
    </testcase>
    <testcase classname="testmeter.generalitat" name="Abril url i verificar capçalera_Fils:100;Rampup:65;Durada:20" time="0.042"/>
    <testcase classname="testmeter.generalitat" name="TestNegatiu_Abril url i verificar capçalera_Fils:100;Rampup:65;Durada:20" time="0.027">
        <failure message="Not Found">Test failed: text expected to contain /Model de Qualitat de Solucions/</failure>
    </testcase>
    <testcase classname="testmeter.generalitat" name="TestNegatiu_Abril url i verificar capçalera_Fils:100;Rampup:65;Durada:20" time="0.026">
        <failure message="Not Found">Test failed: text expected to contain /Model de Qualitat de Solucions/</failure>
    </testcase>
    <testcase classname="testmeter.generalitat" name="TestNegatiu_Abril url i verificar capçalera_Fils:100;Rampup:65;Durada:20" time="0.026">
        <failure message="Not Found">Test failed: text expected to contain /Model de Qualitat de Solucions/</failure>
    </testcase>
    <testcase classname="testmeter.generalitat" name="Abril url i verificar capçalera_Fils:100;Rampup:65;Durada:20" time="0.028"/>
    <testcase classname="testmeter.generalitat" name="TestNegatiu_Abril url i verificar capçalera_Fils:100;Rampup:65;Durada:20" time="0.025">
        <failure message="Not Found">Test failed: text expected to contain /Model de Qualitat de Solucions/</failure>
    </testcase>
    <testcase classname="testmeter.generalitat" name="TestNegatiu_Abril url i verificar capçalera_Fils:100;Rampup:65;Durada:20" time="0.026">
        <failure message="Not Found">Test failed: text expected to contain /Model de Qualitat de Solucions/</failure>
    </testcase>
    <testcase classname="testmeter.generalitat" name="Abril url i verificar capçalera_Fils:100;Rampup:65;Durada:20" time="0.083"/>
    <testcase classname="testmeter.generalitat" name="TestNegatiu_Abril url i verificar capçalera_Fils:100;Rampup:65;Durada:20" time="0.030">
        <failure message="Not Found">Test failed: text expected to contain /Model de Qualitat de Solucions/</failure>
    </testcase>
    <testcase classname="testmeter.generalitat" name="TestNegatiu_Abril url i verificar capçalera_Fils:100;Rampup:65;Durada:20" time="0.022">
        <failure message="Not Found">Test failed: text expected to contain /Model de Qualitat de Solucions/</failure>
    </testcase>
    <testcase classname="testmeter.generalitat" name="TestNegatiu_Abril url i verificar capçalera_Fils:100;Rampup:65;Durada:20" time="0.023">
        <failure message="Not Found">Test failed: text expected to contain /Model de Qualitat de Solucions/</failure>
    </testcase>
    <testcase classname="testmeter.generalitat" name="Abril url i verificar capçalera_Fils:100;Rampup:65;Durada:20" time="0.027"/>
    <testcase classname="testmeter.generalitat" name="TestNegatiu_Abril url i verificar capçalera_Fils:100;Rampup:65;Durada:20" time="0.030">
        <failure message="Not Found">Test failed: text expected to contain /Model de Qualitat de Solucions/</failure>
    </testcase>
    <testcase classname="testmeter.generalitat" name="TestNegatiu_Abril url i verificar capçalera_Fils:100;Rampup:65;Durada:20" time="0.024">
        <failure message="Not Found">Test failed: text expected to contain /Model de Qualitat de Solucions/</failure>
    </testcase>
    <testcase classname="testmeter.generalitat" name="Abril url i verificar capçalera_Fils:100;Rampup:65;Durada:20" time="0.029"/>
    <testcase classname="testmeter.generalitat" name="Abril url i verificar capçalera_Fils:100;Rampup:65;Durada:20" time="0.044"/>
    <testcase classname="testmeter.generalitat" name="Abril url i verificar capçalera_Fils:100;Rampup:65;Durada:20" time="0.029"/>
    <testcase classname="testmeter.generalitat" name="Abril url i verificar capçalera_Fils:100;Rampup:65;Durada:20" time="0.049"/>
    <testcase classname="testmeter.generalitat" name="Abril url i verificar capçalera_Fils:100;Rampup:65;Durada:20" time="0.029"/>
    <testcase classname="testmeter.generalitat" name="Abril url i verificar capçalera_Fils:100;Rampup:65;Durada:20" time="0.089"/>
    <testcase classname="testmeter.generalitat" name="Abril url i verificar capçalera_Fils:100;Rampup:65;Durada:20" time="0.030"/>
    <testcase classname="testmeter.generalitat" name="Abril url i verificar capçalera_Fils:100;Rampup:65;Durada:20" time="0.030"/>
    <testcase classname="testmeter.generalitat" name="Abril url i verificar capçalera_Fils:100;Rampup:65;Durada:20" time="0.024"/>
    <testcase classname="testmeter.generalitat" name="TestNegatiu_Abril url i verificar capçalera_Fils:100;Rampup:65;Durada:20" time="0.028">
        <failure message="Not Found">Test failed: text expected to contain /Model de Qualitat de Solucions/</failure>
    </testcase>
    <testcase classname="testmeter.generalitat" name="TestNegatiu_Abril url i verificar capçalera_Fils:100;Rampup:65;Durada:20" time="0.028">
        <failure message="Not Found">Test failed: text expected to contain /Model de Qualitat de Solucions/</failure>
    </testcase>
    <testcase classname="testmeter.generalitat" name="TestNegatiu_Abril url i verificar capçalera_Fils:100;Rampup:65;Durada:20" time="0.051">
        <failure message="Not Found">Test failed: text expected to contain /Model de Qualitat de Solucions/</failure>
    </testcase>
    <testcase classname="testmeter.generalitat" name="TestNegatiu_Abril url i verificar capçalera_Fils:100;Rampup:65;Durada:20" time="0.086">
        <failure message="Not Found">Test failed: text expected to contain /Model de Qualitat de Solucions/</failure>
    </testcase>
    <testcase classname="testmeter.generalitat" name="Abril url i verificar capçalera_Fils:100;Rampup:65;Durada:20" time="0.032"/>
    <testcase classname="testmeter.generalitat" name="Abril url i verificar capçalera_Fils:100;Rampup:65;Durada:20" time="0.048"/>
    <testcase classname="testmeter.generalitat" name="Abril url i verificar capçalera_Fils:100;Rampup:65;Durada:20" time="0.033"/>
    <testcase classname="testmeter.generalitat" name="Abril url i verificar capçalera_Fils:100;Rampup:65;Durada:20" time="0.042"/>
    <testcase classname="testmeter.generalitat" name="TestNegatiu_Abril url i verificar capçalera_Fils:100;Rampup:65;Durada:20" time="0.026">
        <failure message="Not Found">Test failed: text expected to contain /Model de Qualitat de Solucions/</failure>
    </testcase>
    <testcase classname="testmeter.generalitat" name="TestNegatiu_Abril url i verificar capçalera_Fils:100;Rampup:65;Durada:20" time="0.026">
        <failure message="Not Found">Test failed: text expected to contain /Model de Qualitat de Solucions/</failure>
    </testcase>
    <testcase classname="testmeter.generalitat" name="TestNegatiu_Abril url i verificar capçalera_Fils:100;Rampup:65;Durada:20" time="0.027">
        <failure message="Not Found">Test failed: text expected to contain /Model de Qualitat de Solucions/</failure>
    </testcase>
    <testcase classname="testmeter.generalitat" name="TestNegatiu_Abril url i verificar capçalera_Fils:100;Rampup:65;Durada:20" time="0.028">
        <failure message="Not Found">Test failed: text expected to contain /Model de Qualitat de Solucions/</failure>
    </testcase>
    <testcase classname="testmeter.generalitat" name="TestNegatiu_Abril url i verificar capçalera_Fils:100;Rampup:65;Durada:20" time="0.028">
        <failure message="Not Found">Test failed: text expected to contain /Model de Qualitat de Solucions/</failure>
    </testcase>
    <testcase classname="testmeter.generalitat" name="TestNegatiu_Abril url i verificar capçalera_Fils:100;Rampup:65;Durada:20" time="0.028">
        <failure message="Not Found">Test failed: text expected to contain /Model de Qualitat de Solucions/</failure>
    </testcase>
    <testcase classname="testmeter.generalitat" name="TestNegatiu_Abril url i verificar capçalera_Fils:100;Rampup:65;Durada:20" time="0.047">
        <failure message="Not Found">Test failed: text expected to contain /Model de Qualitat de Solucions/</failure>
    </testcase>
    <testcase classname="testmeter.generalitat" name="Abril url i verificar capçalera_Fils:100;Rampup:65;Durada:20" time="0.027"/>
    <testcase classname="testmeter.generalitat" name="Abril url i verificar capçalera_Fils:100;Rampup:65;Durada:20" time="0.089"/>
    <testcase classname="testmeter.generalitat" name="Abril url i verificar capçalera_Fils:100;Rampup:65;Durada:20" time="0.026"/>
    <testcase classname="testmeter.generalitat" name="TestNegatiu_Abril url i verificar capçalera_Fils:100;Rampup:65;Durada:20" time="0.026">
        <failure message="Not Found">Test failed: text expected to contain /Model de Qualitat de Solucions/</failure>
    </testcase>
    <testcase classname="testmeter.generalitat" name="TestNegatiu_Abril url i verificar capçalera_Fils:100;Rampup:65;Durada:20" time="0.023">
        <failure message="Not Found">Test failed: text expected to contain /Model de Qualitat de Solucions/</failure>
    </testcase>
    <testcase classname="testmeter.generalitat" name="TestNegatiu_Abril url i verificar capçalera_Fils:100;Rampup:65;Durada:20" time="0.026">
        <failure message="Not Found">Test failed: text expected to contain /Model de Qualitat de Solucions/</failure>
    </testcase>
    <testcase classname="testmeter.generalitat" name="TestNegatiu_Abril url i verificar capçalera_Fils:100;Rampup:65;Durada:20" time="0.048">
        <failure message="Not Found">Test failed: text expected to contain /Model de Qualitat de Solucions/</failure>
    </testcase>
    <testcase classname="testmeter.generalitat" name="TestNegatiu_Abril url i verificar capçalera_Fils:100;Rampup:65;Durada:20" time="0.028">
        <failure message="Not Found">Test failed: text expected to contain /Model de Qualitat de Solucions/</failure>
    </testcase>
    <testcase classname="testmeter.generalitat" name="TestNegatiu_Abril url i verificar capçalera_Fils:100;Rampup:65;Durada:20" time="0.025">
        <failure message="Not Found">Test failed: text expected to contain /Model de Qualitat de Solucions/</failure>
    </testcase>
    <testcase classname="testmeter.generalitat" name="Abril url i verificar capçalera_Fils:100;Rampup:65;Durada:20" time="0.026"/>
    <testcase classname="testmeter.generalitat" name="Abril url i verificar capçalera_Fils:100;Rampup:65;Durada:20" time="0.028"/>
    <testcase classname="testmeter.generalitat" name="Abril url i verificar capçalera_Fils:100;Rampup:65;Durada:20" time="0.096"/>
    <testcase classname="testmeter.generalitat" name="Abril url i verificar capçalera_Fils:100;Rampup:65;Durada:20" time="0.031"/>
    <testcase classname="testmeter.generalitat" name="TestNegatiu_Abril url i verificar capçalera_Fils:100;Rampup:65;Durada:20" time="0.025">
        <failure message="Not Found">Test failed: text expected to contain /Model de Qualitat de Solucions/</failure>
    </testcase>
    <testcase classname="testmeter.generalitat" name="Abril url i verificar capçalera_Fils:100;Rampup:65;Durada:20" time="0.031"/>
    <testcase classname="testmeter.generalitat" name="Abril url i verificar capçalera_Fils:100;Rampup:65;Durada:20" time="0.032"/>
    <testcase classname="testmeter.generalitat" name="Abril url i verificar capçalera_Fils:100;Rampup:65;Durada:20" time="0.028"/>
    <testcase classname="testmeter.generalitat" name="Abril url i verificar capçalera_Fils:100;Rampup:65;Durada:20" time="0.026"/>
    <testcase classname="testmeter.generalitat" name="TestNegatiu_Abril url i verificar capçalera_Fils:100;Rampup:65;Durada:20" time="0.021">
        <failure message="Not Found">Test failed: text expected to contain /Model de Qualitat de Solucions/</failure>
    </testcase>
    <testcase classname="testmeter.generalitat" name="Abril url i verificar capçalera_Fils:100;Rampup:65;Durada:20" time="0.049"/>
    <testcase classname="testmeter.generalitat" name="Abril url i verificar capçalera_Fils:100;Rampup:65;Durada:20" time="0.029"/>
    <testcase classname="testmeter.generalitat" name="TestNegatiu_Abril url i verificar capçalera_Fils:100;Rampup:65;Durada:20" time="0.026">
        <failure message="Not Found">Test failed: text expected to contain /Model de Qualitat de Solucions/</failure>
    </testcase>
    <testcase classname="testmeter.generalitat" name="TestNegatiu_Abril url i verificar capçalera_Fils:100;Rampup:65;Durada:20" time="0.025">
        <failure message="Not Found">Test failed: text expected to contain /Model de Qualitat de Solucions/</failure>
    </testcase>
    <testcase classname="testmeter.generalitat" name="Abril url i verificar capçalera_Fils:100;Rampup:65;Durada:20" time="0.043"/>
    <testcase classname="testmeter.generalitat" name="Abril url i verificar capçalera_Fils:100;Rampup:65;Durada:20" time="0.028"/>
    <testcase classname="testmeter.generalitat" name="TestNegatiu_Abril url i verificar capçalera_Fils:100;Rampup:65;Durada:20" time="0.024">
        <failure message="Not Found">Test failed: text expected to contain /Model de Qualitat de Solucions/</failure>
    </testcase>
    <testcase classname="testmeter.generalitat" name="TestNegatiu_Abril url i verificar capçalera_Fils:100;Rampup:65;Durada:20" time="0.026">
        <failure message="Not Found">Test failed: text expected to contain /Model de Qualitat de Solucions/</failure>
    </testcase>
    <testcase classname="testmeter.generalitat" name="TestNegatiu_Abril url i verificar capçalera_Fils:100;Rampup:65;Durada:20" time="0.030">
        <failure message="Not Found">Test failed: text expected to contain /Model de Qualitat de Solucions/</failure>
    </testcase>
    <testcase classname="testmeter.generalitat" name="TestNegatiu_Abril url i verificar capçalera_Fils:100;Rampup:65;Durada:20" time="0.026">
        <failure message="Not Found">Test failed: text expected to contain /Model de Qualitat de Solucions/</failure>
    </testcase>
    <testcase classname="testmeter.generalitat" name="Abril url i verificar capçalera_Fils:100;Rampup:65;Durada:20" time="0.069"/>
    <testcase classname="testmeter.generalitat" name="TestNegatiu_Abril url i verificar capçalera_Fils:100;Rampup:65;Durada:20" time="0.045">
        <failure message="Not Found">Test failed: text expected to contain /Model de Qualitat de Solucions/</failure>
    </testcase>
    <testcase classname="testmeter.generalitat" name="TestNegatiu_Abril url i verificar capçalera_Fils:100;Rampup:65;Durada:20" time="0.072">
        <failure message="Not Found">Test failed: text expected to contain /Model de Qualitat de Solucions/</failure>
    </testcase>
    <testcase classname="testmeter.generalitat" name="Abril url i verificar capçalera_Fils:100;Rampup:65;Durada:20" time="0.033"/>
    <testcase classname="testmeter.generalitat" name="TestNegatiu_Abril url i verificar capçalera_Fils:100;Rampup:65;Durada:20" time="0.026">
        <failure message="Not Found">Test failed: text expected to contain /Model de Qualitat de Solucions/</failure>
    </testcase>
    <testcase classname="testmeter.generalitat" name="TestNegatiu_Abril url i verificar capçalera_Fils:100;Rampup:65;Durada:20" time="0.028">
        <failure message="Not Found">Test failed: text expected to contain /Model de Qualitat de Solucions/</failure>
    </testcase>
    <testcase classname="testmeter.generalitat" name="Abril url i verificar capçalera_Fils:100;Rampup:65;Durada:20" time="0.026"/>
    <testcase classname="testmeter.generalitat" name="Abril url i verificar capçalera_Fils:100;Rampup:65;Durada:20" time="0.094"/>
    <testcase classname="testmeter.generalitat" name="TestNegatiu_Abril url i verificar capçalera_Fils:100;Rampup:65;Durada:20" time="0.025">
        <failure message="Not Found">Test failed: text expected to contain /Model de Qualitat de Solucions/</failure>
    </testcase>
    <testcase classname="testmeter.generalitat" name="Abril url i verificar capçalera_Fils:100;Rampup:65;Durada:20" time="0.027"/>
    <testcase classname="testmeter.generalitat" name="TestNegatiu_Abril url i verificar capçalera_Fils:100;Rampup:65;Durada:20" time="0.027">
        <failure message="Not Found">Test failed: text expected to contain /Model de Qualitat de Solucions/</failure>
    </testcase>
    <testcase classname="testmeter.generalitat" name="Abril url i verificar capçalera_Fils:100;Rampup:65;Durada:20" time="0.027"/>
    <testcase classname="testmeter.generalitat" name="Abril url i verificar capçalera_Fils:100;Rampup:65;Durada:20" time="0.027"/>
    <testcase classname="testmeter.generalitat" name="Abril url i verificar capçalera_Fils:100;Rampup:65;Durada:20" time="0.034"/>
    <testcase classname="testmeter.generalitat" name="Abril url i verificar capçalera_Fils:100;Rampup:65;Durada:20" time="0.083"/>
    <testcase classname="testmeter.generalitat" name="Abril url i verificar capçalera_Fils:100;Rampup:65;Durada:20" time="0.028"/>
    <testcase classname="testmeter.generalitat" name="TestNegatiu_Abril url i verificar capçalera_Fils:100;Rampup:65;Durada:20" time="0.025">
        <failure message="Not Found">Test failed: text expected to contain /Model de Qualitat de Solucions/</failure>
    </testcase>
    <testcase classname="testmeter.generalitat" name="Abril url i verificar capçalera_Fils:100;Rampup:65;Durada:20" time="0.028"/>
    <testcase classname="testmeter.generalitat" name="TestNegatiu_Abril url i verificar capçalera_Fils:100;Rampup:65;Durada:20" time="0.026">
        <failure message="Not Found">Test failed: text expected to contain /Model de Qualitat de Solucions/</failure>
    </testcase>
    <testcase classname="testmeter.generalitat" name="Abril url i verificar capçalera_Fils:100;Rampup:65;Durada:20" time="0.029"/>
    <testcase classname="testmeter.generalitat" name="TestNegatiu_Abril url i verificar capçalera_Fils:100;Rampup:65;Durada:20" time="0.027">
        <failure message="Not Found">Test failed: text expected to contain /Model de Qualitat de Solucions/</failure>
    </testcase>
    <testcase classname="testmeter.generalitat" name="TestNegatiu_Abril url i verificar capçalera_Fils:100;Rampup:65;Durada:20" time="0.040">
        <failure message="Not Found">Test failed: text expected to contain /Model de Qualitat de Solucions/</failure>
    </testcase>
    <testcase classname="testmeter.generalitat" name="TestNegatiu_Abril url i verificar capçalera_Fils:100;Rampup:65;Durada:20" time="0.028">
        <failure message="Not Found">Test failed: text expected to contain /Model de Qualitat de Solucions/</failure>
    </testcase>
    <testcase classname="testmeter.generalitat" name="TestNegatiu_Abril url i verificar capçalera_Fils:100;Rampup:65;Durada:20" time="0.025">
        <failure message="Not Found">Test failed: text expected to contain /Model de Qualitat de Solucions/</failure>
    </testcase>
    <testcase classname="testmeter.generalitat" name="Abril url i verificar capçalera_Fils:100;Rampup:65;Durada:20" time="0.029"/>
    <testcase classname="testmeter.generalitat" name="TestNegatiu_Abril url i verificar capçalera_Fils:100;Rampup:65;Durada:20" time="0.025">
        <failure message="Not Found">Test failed: text expected to contain /Model de Qualitat de Solucions/</failure>
    </testcase>
    <testcase classname="testmeter.generalitat" name="Abril url i verificar capçalera_Fils:100;Rampup:65;Durada:20" time="0.141"/>
    <testcase classname="testmeter.generalitat" name="TestNegatiu_Abril url i verificar capçalera_Fils:100;Rampup:65;Durada:20" time="0.047">
        <failure message="Not Found">Test failed: text expected to contain /Model de Qualitat de Solucions/</failure>
    </testcase>
    <testcase classname="testmeter.generalitat" name="TestNegatiu_Abril url i verificar capçalera_Fils:100;Rampup:65;Durada:20" time="0.027">
        <failure message="Not Found">Test failed: text expected to contain /Model de Qualitat de Solucions/</failure>
    </testcase>
    <testcase classname="testmeter.generalitat" name="Abril url i verificar capçalera_Fils:100;Rampup:65;Durada:20" time="0.026"/>
    <testcase classname="testmeter.generalitat" name="Abril url i verificar capçalera_Fils:100;Rampup:65;Durada:20" time="0.051"/>
    <testcase classname="testmeter.generalitat" name="TestNegatiu_Abril url i verificar capçalera_Fils:100;Rampup:65;Durada:20" time="0.031">
        <failure message="Not Found">Test failed: text expected to contain /Model de Qualitat de Solucions/</failure>
    </testcase>
    <testcase classname="testmeter.generalitat" name="TestNegatiu_Abril url i verificar capçalera_Fils:100;Rampup:65;Durada:20" time="0.026">
        <failure message="Not Found">Test failed: text expected to contain /Model de Qualitat de Solucions/</failure>
    </testcase>
    <testcase classname="testmeter.generalitat" name="Abril url i verificar capçalera_Fils:100;Rampup:65;Durada:20" time="0.027"/>
    <testcase classname="testmeter.generalitat" name="TestNegatiu_Abril url i verificar capçalera_Fils:100;Rampup:65;Durada:20" time="0.024">
        <failure message="Not Found">Test failed: text expected to contain /Model de Qualitat de Solucions/</failure>
    </testcase>
    <testcase classname="testmeter.generalitat" name="Abril url i verificar capçalera_Fils:100;Rampup:65;Durada:20" time="0.050"/>
    <testcase classname="testmeter.generalitat" name="Abril url i verificar capçalera_Fils:100;Rampup:65;Durada:20" time="0.026"/>
    <testcase classname="testmeter.generalitat" name="TestNegatiu_Abril url i verificar capçalera_Fils:100;Rampup:65;Durada:20" time="0.046">
        <failure message="Not Found">Test failed: text expected to contain /Model de Qualitat de Solucions/</failure>
    </testcase>
    <testcase classname="testmeter.generalitat" name="Abril url i verificar capçalera_Fils:100;Rampup:65;Durada:20" time="0.026"/>
    <testcase classname="testmeter.generalitat" name="Abril url i verificar capçalera_Fils:100;Rampup:65;Durada:20" time="0.028"/>
    <testcase classname="testmeter.generalitat" name="TestNegatiu_Abril url i verificar capçalera_Fils:100;Rampup:65;Durada:20" time="0.022">
        <failure message="Not Found">Test failed: text expected to contain /Model de Qualitat de Solucions/</failure>
    </testcase>
    <testcase classname="testmeter.generalitat" name="Abril url i verificar capçalera_Fils:100;Rampup:65;Durada:20" time="0.025"/>
    <testcase classname="testmeter.generalitat" name="Abril url i verificar capçalera_Fils:100;Rampup:65;Durada:20" time="0.034"/>
    <testcase classname="testmeter.generalitat" name="TestNegatiu_Abril url i verificar capçalera_Fils:100;Rampup:65;Durada:20" time="0.030">
        <failure message="Not Found">Test failed: text expected to contain /Model de Qualitat de Solucions/</failure>
    </testcase>
    <testcase classname="testmeter.generalitat" name="TestNegatiu_Abril url i verificar capçalera_Fils:100;Rampup:65;Durada:20" time="0.032">
        <failure message="Not Found">Test failed: text expected to contain /Model de Qualitat de Solucions/</failure>
    </testcase>
    <testcase classname="testmeter.generalitat" name="TestNegatiu_Abril url i verificar capçalera_Fils:100;Rampup:65;Durada:20" time="0.025">
        <failure message="Not Found">Test failed: text expected to contain /Model de Qualitat de Solucions/</failure>
    </testcase>
    <testcase classname="testmeter.generalitat" name="Abril url i verificar capçalera_Fils:100;Rampup:65;Durada:20" time="0.028"/>
    <testcase classname="testmeter.generalitat" name="TestNegatiu_Abril url i verificar capçalera_Fils:100;Rampup:65;Durada:20" time="0.024">
        <failure message="Not Found">Test failed: text expected to contain /Model de Qualitat de Solucions/</failure>
    </testcase>
    <testcase classname="testmeter.generalitat" name="TestNegatiu_Abril url i verificar capçalera_Fils:100;Rampup:65;Durada:20" time="0.028">
        <failure message="Not Found">Test failed: text expected to contain /Model de Qualitat de Solucions/</failure>
    </testcase>
    <testcase classname="testmeter.generalitat" name="TestNegatiu_Abril url i verificar capçalera_Fils:100;Rampup:65;Durada:20" time="0.030">
        <failure message="Not Found">Test failed: text expected to contain /Model de Qualitat de Solucions/</failure>
    </testcase>
    <testcase classname="testmeter.generalitat" name="Abril url i verificar capçalera_Fils:100;Rampup:65;Durada:20" time="0.091"/>
    <testcase classname="testmeter.generalitat" name="Abril url i verificar capçalera_Fils:100;Rampup:65;Durada:20" time="0.027"/>
    <testcase classname="testmeter.generalitat" name="Abril url i verificar capçalera_Fils:100;Rampup:65;Durada:20" time="0.060"/>
    <testcase classname="testmeter.generalitat" name="TestNegatiu_Abril url i verificar capçalera_Fils:100;Rampup:65;Durada:20" time="0.027">
        <failure message="Not Found">Test failed: text expected to contain /Model de Qualitat de Solucions/</failure>
    </testcase>
    <testcase classname="testmeter.generalitat" name="Abril url i verificar capçalera_Fils:100;Rampup:65;Durada:20" time="1.066"/>
    <testcase classname="testmeter.generalitat" name="Abril url i verificar capçalera_Fils:100;Rampup:65;Durada:20" time="0.042"/>
    <testcase classname="testmeter.generalitat" name="TestNegatiu_Abril url i verificar capçalera_Fils:100;Rampup:65;Durada:20" time="0.033">
        <failure message="Not Found">Test failed: text expected to contain /Model de Qualitat de Solucions/</failure>
    </testcase>
    <testcase classname="testmeter.generalitat" name="Abril url i verificar capçalera_Fils:100;Rampup:65;Durada:20" time="0.119"/>
    <testcase classname="testmeter.generalitat" name="TestNegatiu_Abril url i verificar capçalera_Fils:100;Rampup:65;Durada:20" time="0.037">
        <failure message="Not Found">Test failed: text expected to contain /Model de Qualitat de Solucions/</failure>
    </testcase>
    <testcase classname="testmeter.generalitat" name="TestNegatiu_Abril url i verificar capçalera_Fils:100;Rampup:65;Durada:20" time="0.024">
        <failure message="Not Found">Test failed: text expected to contain /Model de Qualitat de Solucions/</failure>
    </testcase>
    <testcase classname="testmeter.generalitat" name="TestNegatiu_Abril url i verificar capçalera_Fils:100;Rampup:65;Durada:20" time="0.028">
        <failure message="Not Found">Test failed: text expected to contain /Model de Qualitat de Solucions/</failure>
    </testcase>
    <testcase classname="testmeter.generalitat" name="Abril url i verificar capçalera_Fils:100;Rampup:65;Durada:20" time="0.031"/>
    <testcase classname="testmeter.generalitat" name="Abril url i verificar capçalera_Fils:100;Rampup:65;Durada:20" time="0.039"/>
    <testcase classname="testmeter.generalitat" name="Abril url i verificar capçalera_Fils:100;Rampup:65;Durada:20" time="0.029"/>
    <testcase classname="testmeter.generalitat" name="Abril url i verificar capçalera_Fils:100;Rampup:65;Durada:20" time="0.033"/>
    <testcase classname="testmeter.generalitat" name="TestNegatiu_Abril url i verificar capçalera_Fils:100;Rampup:65;Durada:20" time="0.028">
        <failure message="Not Found">Test failed: text expected to contain /Model de Qualitat de Solucions/</failure>
    </testcase>
    <testcase classname="testmeter.generalitat" name="TestNegatiu_Abril url i verificar capçalera_Fils:100;Rampup:65;Durada:20" time="0.048">
        <failure message="Not Found">Test failed: text expected to contain /Model de Qualitat de Solucions/</failure>
    </testcase>
    <testcase classname="testmeter.generalitat" name="Abril url i verificar capçalera_Fils:100;Rampup:65;Durada:20" time="0.055"/>
    <testcase classname="testmeter.generalitat" name="Abril url i verificar capçalera_Fils:100;Rampup:65;Durada:20" time="0.059"/>
    <testcase classname="testmeter.generalitat" name="Abril url i verificar capçalera_Fils:100;Rampup:65;Durada:20" time="0.041"/>
    <testcase classname="testmeter.generalitat" name="Abril url i verificar capçalera_Fils:100;Rampup:65;Durada:20" time="0.029"/>
    <testcase classname="testmeter.generalitat" name="TestNegatiu_Abril url i verificar capçalera_Fils:100;Rampup:65;Durada:20" time="0.031">
        <failure message="Not Found">Test failed: text expected to contain /Model de Qualitat de Solucions/</failure>
    </testcase>
    <testcase classname="testmeter.generalitat" name="TestNegatiu_Abril url i verificar capçalera_Fils:100;Rampup:65;Durada:20" time="0.026">
        <failure message="Not Found">Test failed: text expected to contain /Model de Qualitat de Solucions/</failure>
    </testcase>
    <testcase classname="testmeter.generalitat" name="Abril url i verificar capçalera_Fils:100;Rampup:65;Durada:20" time="1.068"/>
    <testcase classname="testmeter.generalitat" name="Abril url i verificar capçalera_Fils:100;Rampup:65;Durada:20" time="0.026"/>
    <testcase classname="testmeter.generalitat" name="Abril url i verificar capçalera_Fils:100;Rampup:65;Durada:20" time="0.111"/>
    <testcase classname="testmeter.generalitat" name="TestNegatiu_Abril url i verificar capçalera_Fils:100;Rampup:65;Durada:20" time="0.051">
        <failure message="Not Found">Test failed: text expected to contain /Model de Qualitat de Solucions/</failure>
    </testcase>
    <testcase classname="testmeter.generalitat" name="TestNegatiu_Abril url i verificar capçalera_Fils:100;Rampup:65;Durada:20" time="0.108">
        <failure message="Not Found">Test failed: text expected to contain /Model de Qualitat de Solucions/</failure>
    </testcase>
    <testcase classname="testmeter.generalitat" name="Abril url i verificar capçalera_Fils:100;Rampup:65;Durada:20" time="0.051"/>
    <testcase classname="testmeter.generalitat" name="TestNegatiu_Abril url i verificar capçalera_Fils:100;Rampup:65;Durada:20" time="0.032">
        <failure message="Not Found">Test failed: text expected to contain /Model de Qualitat de Solucions/</failure>
    </testcase>
    <testcase classname="testmeter.generalitat" name="TestNegatiu_Abril url i verificar capçalera_Fils:100;Rampup:65;Durada:20" time="0.036">
        <failure message="Not Found">Test failed: text expected to contain /Model de Qualitat de Solucions/</failure>
    </testcase>
    <testcase classname="testmeter.generalitat" name="TestNegatiu_Abril url i verificar capçalera_Fils:100;Rampup:65;Durada:20" time="0.027">
        <failure message="Not Found">Test failed: text expected to contain /Model de Qualitat de Solucions/</failure>
    </testcase>
    <testcase classname="testmeter.generalitat" name="TestNegatiu_Abril url i verificar capçalera_Fils:100;Rampup:65;Durada:20" time="0.025">
        <failure message="Not Found">Test failed: text expected to contain /Model de Qualitat de Solucions/</failure>
    </testcase>
    <testcase classname="testmeter.generalitat" name="TestNegatiu_Abril url i verificar capçalera_Fils:100;Rampup:65;Durada:20" time="0.027">
        <failure message="Not Found">Test failed: text expected to contain /Model de Qualitat de Solucions/</failure>
    </testcase>
    <testcase classname="testmeter.generalitat" name="TestNegatiu_Abril url i verificar capçalera_Fils:100;Rampup:65;Durada:20" time="0.025">
        <failure message="Not Found">Test failed: text expected to contain /Model de Qualitat de Solucions/</failure>
    </testcase>
    <testcase classname="testmeter.generalitat" name="TestNegatiu_Abril url i verificar capçalera_Fils:100;Rampup:65;Durada:20" time="0.030">
        <failure message="Not Found">Test failed: text expected to contain /Model de Qualitat de Solucions/</failure>
    </testcase>
    <testcase classname="testmeter.generalitat" name="TestNegatiu_Abril url i verificar capçalera_Fils:100;Rampup:65;Durada:20" time="0.090">
        <failure message="Not Found">Test failed: text expected to contain /Model de Qualitat de Solucions/</failure>
    </testcase>
    <testcase classname="testmeter.generalitat" name="TestNegatiu_Abril url i verificar capçalera_Fils:100;Rampup:65;Durada:20" time="0.028">
        <failure message="Not Found">Test failed: text expected to contain /Model de Qualitat de Solucions/</failure>
    </testcase>
    <testcase classname="testmeter.generalitat" name="Abril url i verificar capçalera_Fils:100;Rampup:65;Durada:20" time="0.029"/>
    <testcase classname="testmeter.generalitat" name="Abril url i verificar capçalera_Fils:100;Rampup:65;Durada:20" time="0.048"/>
    <testcase classname="testmeter.generalitat" name="Abril url i verificar capçalera_Fils:100;Rampup:65;Durada:20" time="0.031"/>
    <testcase classname="testmeter.generalitat" name="Abril url i verificar capçalera_Fils:100;Rampup:65;Durada:20" time="0.063"/>
    <testcase classname="testmeter.generalitat" name="Abril url i verificar capçalera_Fils:100;Rampup:65;Durada:20" time="0.028"/>
    <testcase classname="testmeter.generalitat" name="Abril url i verificar capçalera_Fils:100;Rampup:65;Durada:20" time="0.028"/>
    <testcase classname="testmeter.generalitat" name="Abril url i verificar capçalera_Fils:100;Rampup:65;Durada:20" time="0.146"/>
    <testcase classname="testmeter.generalitat" name="TestNegatiu_Abril url i verificar capçalera_Fils:100;Rampup:65;Durada:20" time="0.054">
        <failure message="Not Found">Test failed: text expected to contain /Model de Qualitat de Solucions/</failure>
    </testcase>
    <testcase classname="testmeter.generalitat" name="Abril url i verificar capçalera_Fils:100;Rampup:65;Durada:20" time="0.029"/>
    <testcase classname="testmeter.generalitat" name="Abril url i verificar capçalera_Fils:100;Rampup:65;Durada:20" time="0.029"/>
    <testcase classname="testmeter.generalitat" name="Abril url i verificar capçalera_Fils:100;Rampup:65;Durada:20" time="0.028"/>
    <testcase classname="testmeter.generalitat" name="Abril url i verificar capçalera_Fils:100;Rampup:65;Durada:20" time="0.046"/>
    <testcase classname="testmeter.generalitat" name="Abril url i verificar capçalera_Fils:100;Rampup:65;Durada:20" time="0.047"/>
    <testcase classname="testmeter.generalitat" name="TestNegatiu_Abril url i verificar capçalera_Fils:100;Rampup:65;Durada:20" time="0.024">
        <failure message="Not Found">Test failed: text expected to contain /Model de Qualitat de Solucions/</failure>
    </testcase>
    <testcase classname="testmeter.generalitat" name="TestNegatiu_Abril url i verificar capçalera_Fils:100;Rampup:65;Durada:20" time="0.026">
        <failure message="Not Found">Test failed: text expected to contain /Model de Qualitat de Solucions/</failure>
    </testcase>
    <testcase classname="testmeter.generalitat" name="TestNegatiu_Abril url i verificar capçalera_Fils:100;Rampup:65;Durada:20" time="0.028">
        <failure message="Not Found">Test failed: text expected to contain /Model de Qualitat de Solucions/</failure>
    </testcase>
    <testcase classname="testmeter.generalitat" name="TestNegatiu_Abril url i verificar capçalera_Fils:100;Rampup:65;Durada:20" time="0.027">
        <failure message="Not Found">Test failed: text expected to contain /Model de Qualitat de Solucions/</failure>
    </testcase>
    <testcase classname="testmeter.generalitat" name="TestNegatiu_Abril url i verificar capçalera_Fils:100;Rampup:65;Durada:20" time="0.025">
        <failure message="Not Found">Test failed: text expected to contain /Model de Qualitat de Solucions/</failure>
    </testcase>
    <testcase classname="testmeter.generalitat" name="TestNegatiu_Abril url i verificar capçalera_Fils:100;Rampup:65;Durada:20" time="0.027">
        <failure message="Not Found">Test failed: text expected to contain /Model de Qualitat de Solucions/</failure>
    </testcase>
    <testcase classname="testmeter.generalitat" name="Abril url i verificar capçalera_Fils:100;Rampup:65;Durada:20" time="0.094"/>
    <testcase classname="testmeter.generalitat" name="Abril url i verificar capçalera_Fils:100;Rampup:65;Durada:20" time="0.048"/>
    <testcase classname="testmeter.generalitat" name="TestNegatiu_Abril url i verificar capçalera_Fils:100;Rampup:65;Durada:20" time="0.028">
        <failure message="Not Found">Test failed: text expected to contain /Model de Qualitat de Solucions/</failure>
    </testcase>
    <testcase classname="testmeter.generalitat" name="TestNegatiu_Abril url i verificar capçalera_Fils:100;Rampup:65;Durada:20" time="0.029">
        <failure message="Not Found">Test failed: text expected to contain /Model de Qualitat de Solucions/</failure>
    </testcase>
    <testcase classname="testmeter.generalitat" name="TestNegatiu_Abril url i verificar capçalera_Fils:100;Rampup:65;Durada:20" time="0.027">
        <failure message="Not Found">Test failed: text expected to contain /Model de Qualitat de Solucions/</failure>
    </testcase>
    <testcase classname="testmeter.generalitat" name="TestNegatiu_Abril url i verificar capçalera_Fils:100;Rampup:65;Durada:20" time="0.026">
        <failure message="Not Found">Test failed: text expected to contain /Model de Qualitat de Solucions/</failure>
    </testcase>
    <testcase classname="testmeter.generalitat" name="TestNegatiu_Abril url i verificar capçalera_Fils:100;Rampup:65;Durada:20" time="0.088">
        <failure message="Not Found">Test failed: text expected to contain /Model de Qualitat de Solucions/</failure>
    </testcase>
    <testcase classname="testmeter.generalitat" name="TestNegatiu_Abril url i verificar capçalera_Fils:100;Rampup:65;Durada:20" time="0.026">
        <failure message="Not Found">Test failed: text expected to contain /Model de Qualitat de Solucions/</failure>
    </testcase>
    <testcase classname="testmeter.generalitat" name="Abril url i verificar capçalera_Fils:100;Rampup:65;Durada:20" time="0.024"/>
    <testcase classname="testmeter.generalitat" name="Abril url i verificar capçalera_Fils:100;Rampup:65;Durada:20" time="0.027"/>
    <testcase classname="testmeter.generalitat" name="Abril url i verificar capçalera_Fils:100;Rampup:65;Durada:20" time="0.027"/>
    <testcase classname="testmeter.generalitat" name="Abril url i verificar capçalera_Fils:100;Rampup:65;Durada:20" time="0.028"/>
    <testcase classname="testmeter.generalitat" name="Abril url i verificar capçalera_Fils:100;Rampup:65;Durada:20" time="0.028"/>
    <testcase classname="testmeter.generalitat" name="TestNegatiu_Abril url i verificar capçalera_Fils:100;Rampup:65;Durada:20" time="0.063">
        <failure message="Not Found">Test failed: text expected to contain /Model de Qualitat de Solucions/</failure>
    </testcase>
    <testcase classname="testmeter.generalitat" name="Abril url i verificar capçalera_Fils:100;Rampup:65;Durada:20" time="0.027"/>
    <testcase classname="testmeter.generalitat" name="Abril url i verificar capçalera_Fils:100;Rampup:65;Durada:20" time="0.111"/>
    <testcase classname="testmeter.generalitat" name="TestNegatiu_Abril url i verificar capçalera_Fils:100;Rampup:65;Durada:20" time="0.024">
        <failure message="Not Found">Test failed: text expected to contain /Model de Qualitat de Solucions/</failure>
    </testcase>
    <testcase classname="testmeter.generalitat" name="Abril url i verificar capçalera_Fils:100;Rampup:65;Durada:20" time="0.086"/>
    <testcase classname="testmeter.generalitat" name="TestNegatiu_Abril url i verificar capçalera_Fils:100;Rampup:65;Durada:20" time="0.047">
        <failure message="Not Found">Test failed: text expected to contain /Model de Qualitat de Solucions/</failure>
    </testcase>
    <testcase classname="testmeter.generalitat" name="TestNegatiu_Abril url i verificar capçalera_Fils:100;Rampup:65;Durada:20" time="0.046">
        <failure message="Not Found">Test failed: text expected to contain /Model de Qualitat de Solucions/</failure>
    </testcase>
    <testcase classname="testmeter.generalitat" name="TestNegatiu_Abril url i verificar capçalera_Fils:100;Rampup:65;Durada:20" time="0.026">
        <failure message="Not Found">Test failed: text expected to contain /Model de Qualitat de Solucions/</failure>
    </testcase>
    <testcase classname="testmeter.generalitat" name="Abril url i verificar capçalera_Fils:100;Rampup:65;Durada:20" time="0.031"/>
    <testcase classname="testmeter.generalitat" name="TestNegatiu_Abril url i verificar capçalera_Fils:100;Rampup:65;Durada:20" time="0.027">
        <failure message="Not Found">Test failed: text expected to contain /Model de Qualitat de Solucions/</failure>
    </testcase>
    <testcase classname="testmeter.generalitat" name="TestNegatiu_Abril url i verificar capçalera_Fils:100;Rampup:65;Durada:20" time="0.027">
        <failure message="Not Found">Test failed: text expected to contain /Model de Qualitat de Solucions/</failure>
    </testcase>
    <testcase classname="testmeter.generalitat" name="Abril url i verificar capçalera_Fils:100;Rampup:65;Durada:20" time="0.067"/>
    <testcase classname="testmeter.generalitat" name="TestNegatiu_Abril url i verificar capçalera_Fils:100;Rampup:65;Durada:20" time="0.032">
        <failure message="Not Found">Test failed: text expected to contain /Model de Qualitat de Solucions/</failure>
    </testcase>
    <testcase classname="testmeter.generalitat" name="Abril url i verificar capçalera_Fils:100;Rampup:65;Durada:20" time="0.121"/>
    <testcase classname="testmeter.generalitat" name="Abril url i verificar capçalera_Fils:100;Rampup:65;Durada:20" time="0.046"/>
    <testcase classname="testmeter.generalitat" name="Abril url i verificar capçalera_Fils:100;Rampup:65;Durada:20" time="0.045"/>
    <testcase classname="testmeter.generalitat" name="Abril url i verificar capçalera_Fils:100;Rampup:65;Durada:20" time="0.061"/>
    <testcase classname="testmeter.generalitat" name="Abril url i verificar capçalera_Fils:100;Rampup:65;Durada:20" time="0.046"/>
    <testcase classname="testmeter.generalitat" name="TestNegatiu_Abril url i verificar capçalera_Fils:100;Rampup:65;Durada:20" time="0.030">
        <failure message="Not Found">Test failed: text expected to contain /Model de Qualitat de Solucions/</failure>
    </testcase>
    <testcase classname="testmeter.generalitat" name="Abril url i verificar capçalera_Fils:100;Rampup:65;Durada:20" time="0.026"/>
    <testcase classname="testmeter.generalitat" name="TestNegatiu_Abril url i verificar capçalera_Fils:100;Rampup:65;Durada:20" time="0.029">
        <failure message="Not Found">Test failed: text expected to contain /Model de Qualitat de Solucions/</failure>
    </testcase>
    <testcase classname="testmeter.generalitat" name="Abril url i verificar capçalera_Fils:100;Rampup:65;Durada:20" time="0.145"/>
    <testcase classname="testmeter.generalitat" name="Abril url i verificar capçalera_Fils:100;Rampup:65;Durada:20" time="0.265"/>
    <testcase classname="testmeter.generalitat" name="TestNegatiu_Abril url i verificar capçalera_Fils:100;Rampup:65;Durada:20" time="0.036">
        <failure message="Not Found">Test failed: text expected to contain /Model de Qualitat de Solucions/</failure>
    </testcase>
    <testcase classname="testmeter.generalitat" name="TestNegatiu_Abril url i verificar capçalera_Fils:100;Rampup:65;Durada:20" time="0.052">
        <failure message="Not Found">Test failed: text expected to contain /Model de Qualitat de Solucions/</failure>
    </testcase>
    <testcase classname="testmeter.generalitat" name="Abril url i verificar capçalera_Fils:100;Rampup:65;Durada:20" time="0.028"/>
    <testcase classname="testmeter.generalitat" name="Abril url i verificar capçalera_Fils:100;Rampup:65;Durada:20" time="0.031"/>
    <testcase classname="testmeter.generalitat" name="Abril url i verificar capçalera_Fils:100;Rampup:65;Durada:20" time="0.024"/>
    <testcase classname="testmeter.generalitat" name="TestNegatiu_Abril url i verificar capçalera_Fils:100;Rampup:65;Durada:20" time="0.027">
        <failure message="Not Found">Test failed: text expected to contain /Model de Qualitat de Solucions/</failure>
    </testcase>
    <testcase classname="testmeter.generalitat" name="TestNegatiu_Abril url i verificar capçalera_Fils:100;Rampup:65;Durada:20" time="0.026">
        <failure message="Not Found">Test failed: text expected to contain /Model de Qualitat de Solucions/</failure>
    </testcase>
    <testcase classname="testmeter.generalitat" name="TestNegatiu_Abril url i verificar capçalera_Fils:100;Rampup:65;Durada:20" time="0.028">
        <failure message="Not Found">Test failed: text expected to contain /Model de Qualitat de Solucions/</failure>
    </testcase>
    <testcase classname="testmeter.generalitat" name="TestNegatiu_Abril url i verificar capçalera_Fils:100;Rampup:65;Durada:20" time="0.028">
        <failure message="Not Found">Test failed: text expected to contain /Model de Qualitat de Solucions/</failure>
    </testcase>
    <testcase classname="testmeter.generalitat" name="TestNegatiu_Abril url i verificar capçalera_Fils:100;Rampup:65;Durada:20" time="0.024">
        <failure message="Not Found">Test failed: text expected to contain /Model de Qualitat de Solucions/</failure>
    </testcase>
    <testcase classname="testmeter.generalitat" name="Abril url i verificar capçalera_Fils:100;Rampup:65;Durada:20" time="0.031"/>
    <testcase classname="testmeter.generalitat" name="TestNegatiu_Abril url i verificar capçalera_Fils:100;Rampup:65;Durada:20" time="0.025">
        <failure message="Not Found">Test failed: text expected to contain /Model de Qualitat de Solucions/</failure>
    </testcase>
    <testcase classname="testmeter.generalitat" name="TestNegatiu_Abril url i verificar capçalera_Fils:100;Rampup:65;Durada:20" time="0.031">
        <failure message="Not Found">Test failed: text expected to contain /Model de Qualitat de Solucions/</failure>
    </testcase>
    <testcase classname="testmeter.generalitat" name="Abril url i verificar capçalera_Fils:100;Rampup:65;Durada:20" time="0.028"/>
    <testcase classname="testmeter.generalitat" name="TestNegatiu_Abril url i verificar capçalera_Fils:100;Rampup:65;Durada:20" time="0.048">
        <failure message="Not Found">Test failed: text expected to contain /Model de Qualitat de Solucions/</failure>
    </testcase>
    <testcase classname="testmeter.generalitat" name="TestNegatiu_Abril url i verificar capçalera_Fils:100;Rampup:65;Durada:20" time="0.025">
        <failure message="Not Found">Test failed: text expected to contain /Model de Qualitat de Solucions/</failure>
    </testcase>
    <testcase classname="testmeter.generalitat" name="Abril url i verificar capçalera_Fils:100;Rampup:65;Durada:20" time="0.098"/>
    <testcase classname="testmeter.generalitat" name="Abril url i verificar capçalera_Fils:100;Rampup:65;Durada:20" time="0.027"/>
    <testcase classname="testmeter.generalitat" name="TestNegatiu_Abril url i verificar capçalera_Fils:100;Rampup:65;Durada:20" time="0.029">
        <failure message="Not Found">Test failed: text expected to contain /Model de Qualitat de Solucions/</failure>
    </testcase>
    <testcase classname="testmeter.generalitat" name="TestNegatiu_Abril url i verificar capçalera_Fils:100;Rampup:65;Durada:20" time="0.032">
        <failure message="Not Found">Test failed: text expected to contain /Model de Qualitat de Solucions/</failure>
    </testcase>
    <testcase classname="testmeter.generalitat" name="TestNegatiu_Abril url i verificar capçalera_Fils:100;Rampup:65;Durada:20" time="0.032">
        <failure message="Not Found">Test failed: text expected to contain /Model de Qualitat de Solucions/</failure>
    </testcase>
    <testcase classname="testmeter.generalitat" name="TestNegatiu_Abril url i verificar capçalera_Fils:100;Rampup:65;Durada:20" time="0.029">
        <failure message="Not Found">Test failed: text expected to contain /Model de Qualitat de Solucions/</failure>
    </testcase>
    <testcase classname="testmeter.generalitat" name="TestNegatiu_Abril url i verificar capçalera_Fils:100;Rampup:65;Durada:20" time="0.026">
        <failure message="Not Found">Test failed: text expected to contain /Model de Qualitat de Solucions/</failure>
    </testcase>
    <testcase classname="testmeter.generalitat" name="Abril url i verificar capçalera_Fils:100;Rampup:65;Durada:20" time="0.074"/>
    <testcase classname="testmeter.generalitat" name="Abril url i verificar capçalera_Fils:100;Rampup:65;Durada:20" time="0.027"/>
    <testcase classname="testmeter.generalitat" name="Abril url i verificar capçalera_Fils:100;Rampup:65;Durada:20" time="0.029"/>
    <testcase classname="testmeter.generalitat" name="TestNegatiu_Abril url i verificar capçalera_Fils:100;Rampup:65;Durada:20" time="0.039">
        <failure message="Not Found">Test failed: text expected to contain /Model de Qualitat de Solucions/</failure>
    </testcase>
    <testcase classname="testmeter.generalitat" name="TestNegatiu_Abril url i verificar capçalera_Fils:100;Rampup:65;Durada:20" time="0.030">
        <failure message="Not Found">Test failed: text expected to contain /Model de Qualitat de Solucions/</failure>
    </testcase>
    <testcase classname="testmeter.generalitat" name="Abril url i verificar capçalera_Fils:100;Rampup:65;Durada:20" time="0.065"/>
    <testcase classname="testmeter.generalitat" name="Abril url i verificar capçalera_Fils:100;Rampup:65;Durada:20" time="0.091"/>
    <testcase classname="testmeter.generalitat" name="TestNegatiu_Abril url i verificar capçalera_Fils:100;Rampup:65;Durada:20" time="0.024">
        <failure message="Not Found">Test failed: text expected to contain /Model de Qualitat de Solucions/</failure>
    </testcase>
    <testcase classname="testmeter.generalitat" name="TestNegatiu_Abril url i verificar capçalera_Fils:100;Rampup:65;Durada:20" time="0.026">
        <failure message="Not Found">Test failed: text expected to contain /Model de Qualitat de Solucions/</failure>
    </testcase>
    <testcase classname="testmeter.generalitat" name="Abril url i verificar capçalera_Fils:100;Rampup:65;Durada:20" time="0.052"/>
    <testcase classname="testmeter.generalitat" name="Abril url i verificar capçalera_Fils:100;Rampup:65;Durada:20" time="0.114"/>
    <testcase classname="testmeter.generalitat" name="Abril url i verificar capçalera_Fils:100;Rampup:65;Durada:20" time="0.049"/>
    <testcase classname="testmeter.generalitat" name="Abril url i verificar capçalera_Fils:100;Rampup:65;Durada:20" time="0.047"/>
    <testcase classname="testmeter.generalitat" name="TestNegatiu_Abril url i verificar capçalera_Fils:100;Rampup:65;Durada:20" time="0.025">
        <failure message="Not Found">Test failed: text expected to contain /Model de Qualitat de Solucions/</failure>
    </testcase>
    <testcase classname="testmeter.generalitat" name="Abril url i verificar capçalera_Fils:100;Rampup:65;Durada:20" time="0.053"/>
    <testcase classname="testmeter.generalitat" name="Abril url i verificar capçalera_Fils:100;Rampup:65;Durada:20" time="0.067"/>
    <testcase classname="testmeter.generalitat" name="Abril url i verificar capçalera_Fils:100;Rampup:65;Durada:20" time="0.034"/>
    <testcase classname="testmeter.generalitat" name="Abril url i verificar capçalera_Fils:100;Rampup:65;Durada:20" time="0.030"/>
    <testcase classname="testmeter.generalitat" name="Abril url i verificar capçalera_Fils:100;Rampup:65;Durada:20" time="0.039"/>
    <testcase classname="testmeter.generalitat" name="TestNegatiu_Abril url i verificar capçalera_Fils:100;Rampup:65;Durada:20" time="0.051">
        <failure message="Not Found">Test failed: text expected to contain /Model de Qualitat de Solucions/</failure>
    </testcase>
    <testcase classname="testmeter.generalitat" name="Abril url i verificar capçalera_Fils:100;Rampup:65;Durada:20" time="0.036"/>
    <testcase classname="testmeter.generalitat" name="Abril url i verificar capçalera_Fils:100;Rampup:65;Durada:20" time="0.037"/>
    <testcase classname="testmeter.generalitat" name="Abril url i verificar capçalera_Fils:100;Rampup:65;Durada:20" time="0.027"/>
    <testcase classname="testmeter.generalitat" name="Abril url i verificar capçalera_Fils:100;Rampup:65;Durada:20" time="0.075"/>
    <testcase classname="testmeter.generalitat" name="Abril url i verificar capçalera_Fils:100;Rampup:65;Durada:20" time="0.023"/>
    <testcase classname="testmeter.generalitat" name="Abril url i verificar capçalera_Fils:100;Rampup:65;Durada:20" time="0.096"/>
    <testcase classname="testmeter.generalitat" name="Abril url i verificar capçalera_Fils:100;Rampup:65;Durada:20" time="0.044"/>
    <testcase classname="testmeter.generalitat" name="Abril url i verificar capçalera_Fils:100;Rampup:65;Durada:20" time="0.027"/>
    <testcase classname="testmeter.generalitat" name="TestNegatiu_Abril url i verificar capçalera_Fils:100;Rampup:65;Durada:20" time="0.025">
        <failure message="Not Found">Test failed: text expected to contain /Model de Qualitat de Solucions/</failure>
    </testcase>
    <testcase classname="testmeter.generalitat" name="TestNegatiu_Abril url i verificar capçalera_Fils:100;Rampup:65;Durada:20" time="0.044">
        <failure message="Not Found">Test failed: text expected to contain /Model de Qualitat de Solucions/</failure>
    </testcase>
    <testcase classname="testmeter.generalitat" name="TestNegatiu_Abril url i verificar capçalera_Fils:100;Rampup:65;Durada:20" time="0.025">
        <failure message="Not Found">Test failed: text expected to contain /Model de Qualitat de Solucions/</failure>
    </testcase>
    <testcase classname="testmeter.generalitat" name="TestNegatiu_Abril url i verificar capçalera_Fils:100;Rampup:65;Durada:20" time="0.026">
        <failure message="Not Found">Test failed: text expected to contain /Model de Qualitat de Solucions/</failure>
    </testcase>
    <testcase classname="testmeter.generalitat" name="TestNegatiu_Abril url i verificar capçalera_Fils:100;Rampup:65;Durada:20" time="0.031">
        <failure message="Not Found">Test failed: text expected to contain /Model de Qualitat de Solucions/</failure>
    </testcase>
    <testcase classname="testmeter.generalitat" name="TestNegatiu_Abril url i verificar capçalera_Fils:100;Rampup:65;Durada:20" time="0.026">
        <failure message="Not Found">Test failed: text expected to contain /Model de Qualitat de Solucions/</failure>
    </testcase>
    <testcase classname="testmeter.generalitat" name="TestNegatiu_Abril url i verificar capçalera_Fils:100;Rampup:65;Durada:20" time="0.025">
        <failure message="Not Found">Test failed: text expected to contain /Model de Qualitat de Solucions/</failure>
    </testcase>
    <testcase classname="testmeter.generalitat" name="TestNegatiu_Abril url i verificar capçalera_Fils:100;Rampup:65;Durada:20" time="0.026">
        <failure message="Not Found">Test failed: text expected to contain /Model de Qualitat de Solucions/</failure>
    </testcase>
    <testcase classname="testmeter.generalitat" name="TestNegatiu_Abril url i verificar capçalera_Fils:100;Rampup:65;Durada:20" time="0.026">
        <failure message="Not Found">Test failed: text expected to contain /Model de Qualitat de Solucions/</failure>
    </testcase>
    <testcase classname="testmeter.generalitat" name="TestNegatiu_Abril url i verificar capçalera_Fils:100;Rampup:65;Durada:20" time="0.028">
        <failure message="Not Found">Test failed: text expected to contain /Model de Qualitat de Solucions/</failure>
    </testcase>
    <testcase classname="testmeter.generalitat" name="TestNegatiu_Abril url i verificar capçalera_Fils:100;Rampup:65;Durada:20" time="0.025">
        <failure message="Not Found">Test failed: text expected to contain /Model de Qualitat de Solucions/</failure>
    </testcase>
    <testcase classname="testmeter.generalitat" name="TestNegatiu_Abril url i verificar capçalera_Fils:100;Rampup:65;Durada:20" time="0.022">
        <failure message="Not Found">Test failed: text expected to contain /Model de Qualitat de Solucions/</failure>
    </testcase>
    <testcase classname="testmeter.generalitat" name="TestNegatiu_Abril url i verificar capçalera_Fils:100;Rampup:65;Durada:20" time="0.030">
        <failure message="Not Found">Test failed: text expected to contain /Model de Qualitat de Solucions/</failure>
    </testcase>
    <testcase classname="testmeter.generalitat" name="TestNegatiu_Abril url i verificar capçalera_Fils:100;Rampup:65;Durada:20" time="0.023">
        <failure message="Not Found">Test failed: text expected to contain /Model de Qualitat de Solucions/</failure>
    </testcase>
    <testcase classname="testmeter.generalitat" name="Abril url i verificar capçalera_Fils:100;Rampup:65;Durada:20" time="0.043"/>
    <testcase classname="testmeter.generalitat" name="TestNegatiu_Abril url i verificar capçalera_Fils:100;Rampup:65;Durada:20" time="0.030">
        <failure message="Not Found">Test failed: text expected to contain /Model de Qualitat de Solucions/</failure>
    </testcase>
    <testcase classname="testmeter.generalitat" name="TestNegatiu_Abril url i verificar capçalera_Fils:100;Rampup:65;Durada:20" time="0.052">
        <failure message="Not Found">Test failed: text expected to contain /Model de Qualitat de Solucions/</failure>
    </testcase>
    <testcase classname="testmeter.generalitat" name="TestNegatiu_Abril url i verificar capçalera_Fils:100;Rampup:65;Durada:20" time="0.046">
        <failure message="Not Found">Test failed: text expected to contain /Model de Qualitat de Solucions/</failure>
    </testcase>
    <testcase classname="testmeter.generalitat" name="Abril url i verificar capçalera_Fils:100;Rampup:65;Durada:20" time="0.027"/>
    <testcase classname="testmeter.generalitat" name="TestNegatiu_Abril url i verificar capçalera_Fils:100;Rampup:65;Durada:20" time="0.053">
        <failure message="Not Found">Test failed: text expected to contain /Model de Qualitat de Solucions/</failure>
    </testcase>
    <testcase classname="testmeter.generalitat" name="TestNegatiu_Abril url i verificar capçalera_Fils:100;Rampup:65;Durada:20" time="0.025">
        <failure message="Not Found">Test failed: text expected to contain /Model de Qualitat de Solucions/</failure>
    </testcase>
    <testcase classname="testmeter.generalitat" name="Abril url i verificar capçalera_Fils:100;Rampup:65;Durada:20" time="0.030"/>
    <testcase classname="testmeter.generalitat" name="Abril url i verificar capçalera_Fils:100;Rampup:65;Durada:20" time="0.038"/>
    <testcase classname="testmeter.generalitat" name="Abril url i verificar capçalera_Fils:100;Rampup:65;Durada:20" time="0.023"/>
    <testcase classname="testmeter.generalitat" name="Abril url i verificar capçalera_Fils:100;Rampup:65;Durada:20" time="0.029"/>
    <testcase classname="testmeter.generalitat" name="Abril url i verificar capçalera_Fils:100;Rampup:65;Durada:20" time="0.026"/>
    <testcase classname="testmeter.generalitat" name="Abril url i verificar capçalera_Fils:100;Rampup:65;Durada:20" time="0.030"/>
    <testcase classname="testmeter.generalitat" name="Abril url i verificar capçalera_Fils:100;Rampup:65;Durada:20" time="0.128"/>
    <testcase classname="testmeter.generalitat" name="TestNegatiu_Abril url i verificar capçalera_Fils:100;Rampup:65;Durada:20" time="0.030">
        <failure message="Not Found">Test failed: text expected to contain /Model de Qualitat de Solucions/</failure>
    </testcase>
    <testcase classname="testmeter.generalitat" name="Abril url i verificar capçalera_Fils:100;Rampup:65;Durada:20" time="0.047"/>
    <testcase classname="testmeter.generalitat" name="Abril url i verificar capçalera_Fils:100;Rampup:65;Durada:20" time="0.044"/>
    <testcase classname="testmeter.generalitat" name="Abril url i verificar capçalera_Fils:100;Rampup:65;Durada:20" time="0.045"/>
    <testcase classname="testmeter.generalitat" name="Abril url i verificar capçalera_Fils:100;Rampup:65;Durada:20" time="0.071"/>
    <testcase classname="testmeter.generalitat" name="Abril url i verificar capçalera_Fils:100;Rampup:65;Durada:20" time="0.026"/>
    <testcase classname="testmeter.generalitat" name="Abril url i verificar capçalera_Fils:100;Rampup:65;Durada:20" time="0.026"/>
    <testcase classname="testmeter.generalitat" name="Abril url i verificar capçalera_Fils:100;Rampup:65;Durada:20" time="1.111"/>
    <testcase classname="testmeter.generalitat" name="Abril url i verificar capçalera_Fils:100;Rampup:65;Durada:20" time="0.057"/>
    <testcase classname="testmeter.generalitat" name="TestNegatiu_Abril url i verificar capçalera_Fils:100;Rampup:65;Durada:20" time="0.028">
        <failure message="Not Found">Test failed: text expected to contain /Model de Qualitat de Solucions/</failure>
    </testcase>
    <testcase classname="testmeter.generalitat" name="TestNegatiu_Abril url i verificar capçalera_Fils:100;Rampup:65;Durada:20" time="0.024">
        <failure message="Not Found">Test failed: text expected to contain /Model de Qualitat de Solucions/</failure>
    </testcase>
    <testcase classname="testmeter.generalitat" name="TestNegatiu_Abril url i verificar capçalera_Fils:100;Rampup:65;Durada:20" time="0.023">
        <failure message="Not Found">Test failed: text expected to contain /Model de Qualitat de Solucions/</failure>
    </testcase>
    <testcase classname="testmeter.generalitat" name="TestNegatiu_Abril url i verificar capçalera_Fils:100;Rampup:65;Durada:20" time="0.025">
        <failure message="Not Found">Test failed: text expected to contain /Model de Qualitat de Solucions/</failure>
    </testcase>
    <testcase classname="testmeter.generalitat" name="TestNegatiu_Abril url i verificar capçalera_Fils:100;Rampup:65;Durada:20" time="0.025">
        <failure message="Not Found">Test failed: text expected to contain /Model de Qualitat de Solucions/</failure>
    </testcase>
    <testcase classname="testmeter.generalitat" name="Abril url i verificar capçalera_Fils:100;Rampup:65;Durada:20" time="0.087"/>
    <testcase classname="testmeter.generalitat" name="TestNegatiu_Abril url i verificar capçalera_Fils:100;Rampup:65;Durada:20" time="0.027">
        <failure message="Not Found">Test failed: text expected to contain /Model de Qualitat de Solucions/</failure>
    </testcase>
    <testcase classname="testmeter.generalitat" name="Abril url i verificar capçalera_Fils:100;Rampup:65;Durada:20" time="0.049"/>
    <testcase classname="testmeter.generalitat" name="TestNegatiu_Abril url i verificar capçalera_Fils:100;Rampup:65;Durada:20" time="0.026">
        <failure message="Not Found">Test failed: text expected to contain /Model de Qualitat de Solucions/</failure>
    </testcase>
    <testcase classname="testmeter.generalitat" name="TestNegatiu_Abril url i verificar capçalera_Fils:100;Rampup:65;Durada:20" time="0.027">
        <failure message="Not Found">Test failed: text expected to contain /Model de Qualitat de Solucions/</failure>
    </testcase>
    <testcase classname="testmeter.generalitat" name="TestNegatiu_Abril url i verificar capçalera_Fils:100;Rampup:65;Durada:20" time="0.030">
        <failure message="Not Found">Test failed: text expected to contain /Model de Qualitat de Solucions/</failure>
    </testcase>
    <testcase classname="testmeter.generalitat" name="TestNegatiu_Abril url i verificar capçalera_Fils:100;Rampup:65;Durada:20" time="0.027">
        <failure message="Not Found">Test failed: text expected to contain /Model de Qualitat de Solucions/</failure>
    </testcase>
    <testcase classname="testmeter.generalitat" name="TestNegatiu_Abril url i verificar capçalera_Fils:100;Rampup:65;Durada:20" time="0.029">
        <failure message="Not Found">Test failed: text expected to contain /Model de Qualitat de Solucions/</failure>
    </testcase>
    <testcase classname="testmeter.generalitat" name="TestNegatiu_Abril url i verificar capçalera_Fils:100;Rampup:65;Durada:20" time="0.029">
        <failure message="Not Found">Test failed: text expected to contain /Model de Qualitat de Solucions/</failure>
    </testcase>
    <testcase classname="testmeter.generalitat" name="Abril url i verificar capçalera_Fils:100;Rampup:65;Durada:20" time="0.032"/>
    <testcase classname="testmeter.generalitat" name="Abril url i verificar capçalera_Fils:100;Rampup:65;Durada:20" time="0.023"/>
    <testcase classname="testmeter.generalitat" name="Abril url i verificar capçalera_Fils:100;Rampup:65;Durada:20" time="0.025"/>
    <testcase classname="testmeter.generalitat" name="Abril url i verificar capçalera_Fils:100;Rampup:65;Durada:20" time="0.087"/>
    <testcase classname="testmeter.generalitat" name="Abril url i verificar capçalera_Fils:100;Rampup:65;Durada:20" time="0.028"/>
    <testcase classname="testmeter.generalitat" name="Abril url i verificar capçalera_Fils:100;Rampup:65;Durada:20" time="0.026"/>
    <testcase classname="testmeter.generalitat" name="TestNegatiu_Abril url i verificar capçalera_Fils:100;Rampup:65;Durada:20" time="0.044">
        <failure message="Not Found">Test failed: text expected to contain /Model de Qualitat de Solucions/</failure>
    </testcase>
    <testcase classname="testmeter.generalitat" name="Abril url i verificar capçalera_Fils:100;Rampup:65;Durada:20" time="0.028"/>
    <testcase classname="testmeter.generalitat" name="TestNegatiu_Abril url i verificar capçalera_Fils:100;Rampup:65;Durada:20" time="0.028">
        <failure message="Not Found">Test failed: text expected to contain /Model de Qualitat de Solucions/</failure>
    </testcase>
    <testcase classname="testmeter.generalitat" name="TestNegatiu_Abril url i verificar capçalera_Fils:100;Rampup:65;Durada:20" time="0.025">
        <failure message="Not Found">Test failed: text expected to contain /Model de Qualitat de Solucions/</failure>
    </testcase>
    <testcase classname="testmeter.generalitat" name="TestNegatiu_Abril url i verificar capçalera_Fils:100;Rampup:65;Durada:20" time="0.046">
        <failure message="Not Found">Test failed: text expected to contain /Model de Qualitat de Solucions/</failure>
    </testcase>
    <testcase classname="testmeter.generalitat" name="TestNegatiu_Abril url i verificar capçalera_Fils:100;Rampup:65;Durada:20" time="0.025">
        <failure message="Not Found">Test failed: text expected to contain /Model de Qualitat de Solucions/</failure>
    </testcase>
    <testcase classname="testmeter.generalitat" name="Abril url i verificar capçalera_Fils:100;Rampup:65;Durada:20" time="0.088"/>
    <testcase classname="testmeter.generalitat" name="Abril url i verificar capçalera_Fils:100;Rampup:65;Durada:20" time="0.081"/>
    <testcase classname="testmeter.generalitat" name="TestNegatiu_Abril url i verificar capçalera_Fils:100;Rampup:65;Durada:20" time="0.024">
        <failure message="Not Found">Test failed: text expected to contain /Model de Qualitat de Solucions/</failure>
    </testcase>
    <testcase classname="testmeter.generalitat" name="Abril url i verificar capçalera_Fils:100;Rampup:65;Durada:20" time="0.048"/>
    <testcase classname="testmeter.generalitat" name="TestNegatiu_Abril url i verificar capçalera_Fils:100;Rampup:65;Durada:20" time="0.028">
        <failure message="Not Found">Test failed: text expected to contain /Model de Qualitat de Solucions/</failure>
    </testcase>
    <testcase classname="testmeter.generalitat" name="TestNegatiu_Abril url i verificar capçalera_Fils:100;Rampup:65;Durada:20" time="0.025">
        <failure message="Not Found">Test failed: text expected to contain /Model de Qualitat de Solucions/</failure>
    </testcase>
    <testcase classname="testmeter.generalitat" name="Abril url i verificar capçalera_Fils:100;Rampup:65;Durada:20" time="0.031"/>
    <testcase classname="testmeter.generalitat" name="Abril url i verificar capçalera_Fils:100;Rampup:65;Durada:20" time="0.029"/>
    <testcase classname="testmeter.generalitat" name="Abril url i verificar capçalera_Fils:100;Rampup:65;Durada:20" time="0.122"/>
    <testcase classname="testmeter.generalitat" name="TestNegatiu_Abril url i verificar capçalera_Fils:100;Rampup:65;Durada:20" time="0.055">
        <failure message="Not Found">Test failed: text expected to contain /Model de Qualitat de Solucions/</failure>
    </testcase>
    <testcase classname="testmeter.generalitat" name="Abril url i verificar capçalera_Fils:100;Rampup:65;Durada:20" time="0.047"/>
    <testcase classname="testmeter.generalitat" name="Abril url i verificar capçalera_Fils:100;Rampup:65;Durada:20" time="0.054"/>
    <testcase classname="testmeter.generalitat" name="TestNegatiu_Abril url i verificar capçalera_Fils:100;Rampup:65;Durada:20" time="0.044">
        <failure message="Not Found">Test failed: text expected to contain /Model de Qualitat de Solucions/</failure>
    </testcase>
    <testcase classname="testmeter.generalitat" name="Abril url i verificar capçalera_Fils:100;Rampup:65;Durada:20" time="0.024"/>
    <testcase classname="testmeter.generalitat" name="TestNegatiu_Abril url i verificar capçalera_Fils:100;Rampup:65;Durada:20" time="0.101">
        <failure message="Not Found">Test failed: text expected to contain /Model de Qualitat de Solucions/</failure>
    </testcase>
    <testcase classname="testmeter.generalitat" name="Abril url i verificar capçalera_Fils:100;Rampup:65;Durada:20" time="0.026"/>
    <testcase classname="testmeter.generalitat" name="TestNegatiu_Abril url i verificar capçalera_Fils:100;Rampup:65;Durada:20" time="0.024">
        <failure message="Not Found">Test failed: text expected to contain /Model de Qualitat de Solucions/</failure>
    </testcase>
    <testcase classname="testmeter.generalitat" name="Abril url i verificar capçalera_Fils:100;Rampup:65;Durada:20" time="0.031"/>
    <testcase classname="testmeter.generalitat" name="TestNegatiu_Abril url i verificar capçalera_Fils:100;Rampup:65;Durada:20" time="0.028">
        <failure message="Not Found">Test failed: text expected to contain /Model de Qualitat de Solucions/</failure>
    </testcase>
    <testcase classname="testmeter.generalitat" name="TestNegatiu_Abril url i verificar capçalera_Fils:100;Rampup:65;Durada:20" time="0.033">
        <failure message="Not Found">Test failed: text expected to contain /Model de Qualitat de Solucions/</failure>
    </testcase>
    <testcase classname="testmeter.generalitat" name="TestNegatiu_Abril url i verificar capçalera_Fils:100;Rampup:65;Durada:20" time="0.101">
        <failure message="Not Found">Test failed: text expected to contain /Model de Qualitat de Solucions/</failure>
    </testcase>
    <testcase classname="testmeter.generalitat" name="Abril url i verificar capçalera_Fils:100;Rampup:65;Durada:20" time="0.065"/>
    <testcase classname="testmeter.generalitat" name="Abril url i verificar capçalera_Fils:100;Rampup:65;Durada:20" time="0.026"/>
    <testcase classname="testmeter.generalitat" name="TestNegatiu_Abril url i verificar capçalera_Fils:100;Rampup:65;Durada:20" time="0.030">
        <failure message="Not Found">Test failed: text expected to contain /Model de Qualitat de Solucions/</failure>
    </testcase>
    <testcase classname="testmeter.generalitat" name="TestNegatiu_Abril url i verificar capçalera_Fils:100;Rampup:65;Durada:20" time="0.025">
        <failure message="Not Found">Test failed: text expected to contain /Model de Qualitat de Solucions/</failure>
    </testcase>
    <testcase classname="testmeter.generalitat" name="TestNegatiu_Abril url i verificar capçalera_Fils:100;Rampup:65;Durada:20" time="0.025">
        <failure message="Not Found">Test failed: text expected to contain /Model de Qualitat de Solucions/</failure>
    </testcase>
    <testcase classname="testmeter.generalitat" name="Abril url i verificar capçalera_Fils:100;Rampup:65;Durada:20" time="0.032"/>
    <testcase classname="testmeter.generalitat" name="Abril url i verificar capçalera_Fils:100;Rampup:65;Durada:20" time="0.034"/>
    <testcase classname="testmeter.generalitat" name="TestNegatiu_Abril url i verificar capçalera_Fils:100;Rampup:65;Durada:20" time="0.050">
        <failure message="Not Found">Test failed: text expected to contain /Model de Qualitat de Solucions/</failure>
    </testcase>
    <testcase classname="testmeter.generalitat" name="TestNegatiu_Abril url i verificar capçalera_Fils:100;Rampup:65;Durada:20" time="0.026">
        <failure message="Not Found">Test failed: text expected to contain /Model de Qualitat de Solucions/</failure>
    </testcase>
    <testcase classname="testmeter.generalitat" name="TestNegatiu_Abril url i verificar capçalera_Fils:100;Rampup:65;Durada:20" time="0.052">
        <failure message="Not Found">Test failed: text expected to contain /Model de Qualitat de Solucions/</failure>
    </testcase>
    <testcase classname="testmeter.generalitat" name="TestNegatiu_Abril url i verificar capçalera_Fils:100;Rampup:65;Durada:20" time="0.022">
        <failure message="Not Found">Test failed: text expected to contain /Model de Qualitat de Solucions/</failure>
    </testcase>
    <testcase classname="testmeter.generalitat" name="Abril url i verificar capçalera_Fils:100;Rampup:65;Durada:20" time="0.073"/>
    <testcase classname="testmeter.generalitat" name="TestNegatiu_Abril url i verificar capçalera_Fils:100;Rampup:65;Durada:20" time="0.022">
        <failure message="Not Found">Test failed: text expected to contain /Model de Qualitat de Solucions/</failure>
    </testcase>
    <testcase classname="testmeter.generalitat" name="TestNegatiu_Abril url i verificar capçalera_Fils:100;Rampup:65;Durada:20" time="0.025">
        <failure message="Not Found">Test failed: text expected to contain /Model de Qualitat de Solucions/</failure>
    </testcase>
    <testcase classname="testmeter.generalitat" name="Abril url i verificar capçalera_Fils:100;Rampup:65;Durada:20" time="0.048"/>
    <testcase classname="testmeter.generalitat" name="TestNegatiu_Abril url i verificar capçalera_Fils:100;Rampup:65;Durada:20" time="0.034">
        <failure message="Not Found">Test failed: text expected to contain /Model de Qualitat de Solucions/</failure>
    </testcase>
    <testcase classname="testmeter.generalitat" name="TestNegatiu_Abril url i verificar capçalera_Fils:100;Rampup:65;Durada:20" time="0.027">
        <failure message="Not Found">Test failed: text expected to contain /Model de Qualitat de Solucions/</failure>
    </testcase>
    <testcase classname="testmeter.generalitat" name="TestNegatiu_Abril url i verificar capçalera_Fils:100;Rampup:65;Durada:20" time="0.031">
        <failure message="Not Found">Test failed: text expected to contain /Model de Qualitat de Solucions/</failure>
    </testcase>
    <testcase classname="testmeter.generalitat" name="Abril url i verificar capçalera_Fils:100;Rampup:65;Durada:20" time="0.036"/>
    <testcase classname="testmeter.generalitat" name="Abril url i verificar capçalera_Fils:100;Rampup:65;Durada:20" time="0.034"/>
    <testcase classname="testmeter.generalitat" name="TestNegatiu_Abril url i verificar capçalera_Fils:100;Rampup:65;Durada:20" time="0.027">
        <failure message="Not Found">Test failed: text expected to contain /Model de Qualitat de Solucions/</failure>
    </testcase>
    <testcase classname="testmeter.generalitat" name="Abril url i verificar capçalera_Fils:100;Rampup:65;Durada:20" time="0.043"/>
    <testcase classname="testmeter.generalitat" name="Abril url i verificar capçalera_Fils:100;Rampup:65;Durada:20" time="0.025"/>
    <testcase classname="testmeter.generalitat" name="Abril url i verificar capçalera_Fils:100;Rampup:65;Durada:20" time="0.033"/>
    <testcase classname="testmeter.generalitat" name="Abril url i verificar capçalera_Fils:100;Rampup:65;Durada:20" time="0.076"/>
    <testcase classname="testmeter.generalitat" name="Abril url i verificar capçalera_Fils:100;Rampup:65;Durada:20" time="0.044"/>
    <testcase classname="testmeter.generalitat" name="TestNegatiu_Abril url i verificar capçalera_Fils:100;Rampup:65;Durada:20" time="0.026">
        <failure message="Not Found">Test failed: text expected to contain /Model de Qualitat de Solucions/</failure>
    </testcase>
    <testcase classname="testmeter.generalitat" name="Abril url i verificar capçalera_Fils:100;Rampup:65;Durada:20" time="0.031"/>
    <testcase classname="testmeter.generalitat" name="Abril url i verificar capçalera_Fils:100;Rampup:65;Durada:20" time="0.126"/>
    <testcase classname="testmeter.generalitat" name="Abril url i verificar capçalera_Fils:100;Rampup:65;Durada:20" time="0.027"/>
    <testcase classname="testmeter.generalitat" name="Abril url i verificar capçalera_Fils:100;Rampup:65;Durada:20" time="0.073"/>
    <testcase classname="testmeter.generalitat" name="Abril url i verificar capçalera_Fils:100;Rampup:65;Durada:20" time="0.026"/>
    <testcase classname="testmeter.generalitat" name="Abril url i verificar capçalera_Fils:100;Rampup:65;Durada:20" time="0.054"/>
    <testcase classname="testmeter.generalitat" name="Abril url i verificar capçalera_Fils:100;Rampup:65;Durada:20" time="0.042"/>
    <testcase classname="testmeter.generalitat" name="Abril url i verificar capçalera_Fils:100;Rampup:65;Durada:20" time="0.028"/>
    <testcase classname="testmeter.generalitat" name="TestNegatiu_Abril url i verificar capçalera_Fils:100;Rampup:65;Durada:20" time="0.028">
        <failure message="Not Found">Test failed: text expected to contain /Model de Qualitat de Solucions/</failure>
    </testcase>
    <testcase classname="testmeter.generalitat" name="TestNegatiu_Abril url i verificar capçalera_Fils:100;Rampup:65;Durada:20" time="0.024">
        <failure message="Not Found">Test failed: text expected to contain /Model de Qualitat de Solucions/</failure>
    </testcase>
    <testcase classname="testmeter.generalitat" name="TestNegatiu_Abril url i verificar capçalera_Fils:100;Rampup:65;Durada:20" time="0.025">
        <failure message="Not Found">Test failed: text expected to contain /Model de Qualitat de Solucions/</failure>
    </testcase>
    <testcase classname="testmeter.generalitat" name="TestNegatiu_Abril url i verificar capçalera_Fils:100;Rampup:65;Durada:20" time="0.029">
        <failure message="Not Found">Test failed: text expected to contain /Model de Qualitat de Solucions/</failure>
    </testcase>
    <testcase classname="testmeter.generalitat" name="TestNegatiu_Abril url i verificar capçalera_Fils:100;Rampup:65;Durada:20" time="0.025">
        <failure message="Not Found">Test failed: text expected to contain /Model de Qualitat de Solucions/</failure>
    </testcase>
    <testcase classname="testmeter.generalitat" name="TestNegatiu_Abril url i verificar capçalera_Fils:100;Rampup:65;Durada:20" time="0.022">
        <failure message="Not Found">Test failed: text expected to contain /Model de Qualitat de Solucions/</failure>
    </testcase>
    <testcase classname="testmeter.generalitat" name="Abril url i verificar capçalera_Fils:100;Rampup:65;Durada:20" time="0.032"/>
    <testcase classname="testmeter.generalitat" name="TestNegatiu_Abril url i verificar capçalera_Fils:100;Rampup:65;Durada:20" time="0.022">
        <failure message="Not Found">Test failed: text expected to contain /Model de Qualitat de Solucions/</failure>
    </testcase>
    <testcase classname="testmeter.generalitat" name="TestNegatiu_Abril url i verificar capçalera_Fils:100;Rampup:65;Durada:20" time="0.024">
        <failure message="Not Found">Test failed: text expected to contain /Model de Qualitat de Solucions/</failure>
    </testcase>
    <testcase classname="testmeter.generalitat" name="TestNegatiu_Abril url i verificar capçalera_Fils:100;Rampup:65;Durada:20" time="0.024">
        <failure message="Not Found">Test failed: text expected to contain /Model de Qualitat de Solucions/</failure>
    </testcase>
    <testcase classname="testmeter.generalitat" name="Abril url i verificar capçalera_Fils:100;Rampup:65;Durada:20" time="0.096"/>
    <testcase classname="testmeter.generalitat" name="Abril url i verificar capçalera_Fils:100;Rampup:65;Durada:20" time="0.069"/>
    <testcase classname="testmeter.generalitat" name="TestNegatiu_Abril url i verificar capçalera_Fils:100;Rampup:65;Durada:20" time="0.048">
        <failure message="Not Found">Test failed: text expected to contain /Model de Qualitat de Solucions/</failure>
    </testcase>
    <testcase classname="testmeter.generalitat" name="TestNegatiu_Abril url i verificar capçalera_Fils:100;Rampup:65;Durada:20" time="0.028">
        <failure message="Not Found">Test failed: text expected to contain /Model de Qualitat de Solucions/</failure>
    </testcase>
    <testcase classname="testmeter.generalitat" name="TestNegatiu_Abril url i verificar capçalera_Fils:100;Rampup:65;Durada:20" time="0.032">
        <failure message="Not Found">Test failed: text expected to contain /Model de Qualitat de Solucions/</failure>
    </testcase>
    <testcase classname="testmeter.generalitat" name="TestNegatiu_Abril url i verificar capçalera_Fils:100;Rampup:65;Durada:20" time="0.032">
        <failure message="Not Found">Test failed: text expected to contain /Model de Qualitat de Solucions/</failure>
    </testcase>
    <testcase classname="testmeter.generalitat" name="Abril url i verificar capçalera_Fils:100;Rampup:65;Durada:20" time="0.029"/>
    <testcase classname="testmeter.generalitat" name="Abril url i verificar capçalera_Fils:100;Rampup:65;Durada:20" time="0.049"/>
    <testcase classname="testmeter.generalitat" name="TestNegatiu_Abril url i verificar capçalera_Fils:100;Rampup:65;Durada:20" time="0.031">
        <failure message="Not Found">Test failed: text expected to contain /Model de Qualitat de Solucions/</failure>
    </testcase>
    <testcase classname="testmeter.generalitat" name="TestNegatiu_Abril url i verificar capçalera_Fils:100;Rampup:65;Durada:20" time="0.039">
        <failure message="Not Found">Test failed: text expected to contain /Model de Qualitat de Solucions/</failure>
    </testcase>
    <testcase classname="testmeter.generalitat" name="TestNegatiu_Abril url i verificar capçalera_Fils:100;Rampup:65;Durada:20" time="0.037">
        <failure message="Not Found">Test failed: text expected to contain /Model de Qualitat de Solucions/</failure>
    </testcase>
    <testcase classname="testmeter.generalitat" name="TestNegatiu_Abril url i verificar capçalera_Fils:100;Rampup:65;Durada:20" time="0.026">
        <failure message="Not Found">Test failed: text expected to contain /Model de Qualitat de Solucions/</failure>
    </testcase>
    <testcase classname="testmeter.generalitat" name="Abril url i verificar capçalera_Fils:100;Rampup:65;Durada:20" time="0.036"/>
    <testcase classname="testmeter.generalitat" name="Abril url i verificar capçalera_Fils:100;Rampup:65;Durada:20" time="0.033"/>
    <testcase classname="testmeter.generalitat" name="Abril url i verificar capçalera_Fils:100;Rampup:65;Durada:20" time="0.027"/>
    <testcase classname="testmeter.generalitat" name="Abril url i verificar capçalera_Fils:100;Rampup:65;Durada:20" time="0.033"/>
    <testcase classname="testmeter.generalitat" name="Abril url i verificar capçalera_Fils:100;Rampup:65;Durada:20" time="0.032"/>
    <testcase classname="testmeter.generalitat" name="Abril url i verificar capçalera_Fils:100;Rampup:65;Durada:20" time="0.070"/>
    <testcase classname="testmeter.generalitat" name="Abril url i verificar capçalera_Fils:100;Rampup:65;Durada:20" time="0.043"/>
    <testcase classname="testmeter.generalitat" name="TestNegatiu_Abril url i verificar capçalera_Fils:100;Rampup:65;Durada:20" time="0.024">
        <failure message="Not Found">Test failed: text expected to contain /Model de Qualitat de Solucions/</failure>
    </testcase>
    <testcase classname="testmeter.generalitat" name="TestNegatiu_Abril url i verificar capçalera_Fils:100;Rampup:65;Durada:20" time="0.047">
        <failure message="Not Found">Test failed: text expected to contain /Model de Qualitat de Solucions/</failure>
    </testcase>
    <testcase classname="testmeter.generalitat" name="Abril url i verificar capçalera_Fils:100;Rampup:65;Durada:20" time="0.027"/>
    <testcase classname="testmeter.generalitat" name="Abril url i verificar capçalera_Fils:100;Rampup:65;Durada:20" time="0.049"/>
    <testcase classname="testmeter.generalitat" name="TestNegatiu_Abril url i verificar capçalera_Fils:100;Rampup:65;Durada:20" time="0.033">
        <failure message="Not Found">Test failed: text expected to contain /Model de Qualitat de Solucions/</failure>
    </testcase>
    <testcase classname="testmeter.generalitat" name="TestNegatiu_Abril url i verificar capçalera_Fils:100;Rampup:65;Durada:20" time="0.024">
        <failure message="Not Found">Test failed: text expected to contain /Model de Qualitat de Solucions/</failure>
    </testcase>
    <testcase classname="testmeter.generalitat" name="TestNegatiu_Abril url i verificar capçalera_Fils:100;Rampup:65;Durada:20" time="0.025">
        <failure message="Not Found">Test failed: text expected to contain /Model de Qualitat de Solucions/</failure>
    </testcase>
    <testcase classname="testmeter.generalitat" name="TestNegatiu_Abril url i verificar capçalera_Fils:100;Rampup:65;Durada:20" time="0.025">
        <failure message="Not Found">Test failed: text expected to contain /Model de Qualitat de Solucions/</failure>
    </testcase>
    <testcase classname="testmeter.generalitat" name="TestNegatiu_Abril url i verificar capçalera_Fils:100;Rampup:65;Durada:20" time="0.027">
        <failure message="Not Found">Test failed: text expected to contain /Model de Qualitat de Solucions/</failure>
    </testcase>
    <testcase classname="testmeter.generalitat" name="TestNegatiu_Abril url i verificar capçalera_Fils:100;Rampup:65;Durada:20" time="0.027">
        <failure message="Not Found">Test failed: text expected to contain /Model de Qualitat de Solucions/</failure>
    </testcase>
    <testcase classname="testmeter.generalitat" name="Abril url i verificar capçalera_Fils:100;Rampup:65;Durada:20" time="0.027"/>
    <testcase classname="testmeter.generalitat" name="TestNegatiu_Abril url i verificar capçalera_Fils:100;Rampup:65;Durada:20" time="0.024">
        <failure message="Not Found">Test failed: text expected to contain /Model de Qualitat de Solucions/</failure>
    </testcase>
    <testcase classname="testmeter.generalitat" name="Abril url i verificar capçalera_Fils:100;Rampup:65;Durada:20" time="0.026"/>
    <testcase classname="testmeter.generalitat" name="Abril url i verificar capçalera_Fils:100;Rampup:65;Durada:20" time="0.043"/>
    <testcase classname="testmeter.generalitat" name="TestNegatiu_Abril url i verificar capçalera_Fils:100;Rampup:65;Durada:20" time="0.031">
        <failure message="Not Found">Test failed: text expected to contain /Model de Qualitat de Solucions/</failure>
    </testcase>
    <testcase classname="testmeter.generalitat" name="Abril url i verificar capçalera_Fils:100;Rampup:65;Durada:20" time="0.048"/>
    <testcase classname="testmeter.generalitat" name="Abril url i verificar capçalera_Fils:100;Rampup:65;Durada:20" time="0.025"/>
    <testcase classname="testmeter.generalitat" name="TestNegatiu_Abril url i verificar capçalera_Fils:100;Rampup:65;Durada:20" time="0.026">
        <failure message="Not Found">Test failed: text expected to contain /Model de Qualitat de Solucions/</failure>
    </testcase>
    <testcase classname="testmeter.generalitat" name="Abril url i verificar capçalera_Fils:100;Rampup:65;Durada:20" time="0.140"/>
    <testcase classname="testmeter.generalitat" name="TestNegatiu_Abril url i verificar capçalera_Fils:100;Rampup:65;Durada:20" time="0.024">
        <failure message="Not Found">Test failed: text expected to contain /Model de Qualitat de Solucions/</failure>
    </testcase>
    <testcase classname="testmeter.generalitat" name="TestNegatiu_Abril url i verificar capçalera_Fils:100;Rampup:65;Durada:20" time="0.029">
        <failure message="Not Found">Test failed: text expected to contain /Model de Qualitat de Solucions/</failure>
    </testcase>
    <testcase classname="testmeter.generalitat" name="TestNegatiu_Abril url i verificar capçalera_Fils:100;Rampup:65;Durada:20" time="0.027">
        <failure message="Not Found">Test failed: text expected to contain /Model de Qualitat de Solucions/</failure>
    </testcase>
    <testcase classname="testmeter.generalitat" name="TestNegatiu_Abril url i verificar capçalera_Fils:100;Rampup:65;Durada:20" time="0.036">
        <failure message="Not Found">Test failed: text expected to contain /Model de Qualitat de Solucions/</failure>
    </testcase>
    <testcase classname="testmeter.generalitat" name="TestNegatiu_Abril url i verificar capçalera_Fils:100;Rampup:65;Durada:20" time="0.031">
        <failure message="Not Found">Test failed: text expected to contain /Model de Qualitat de Solucions/</failure>
    </testcase>
    <testcase classname="testmeter.generalitat" name="TestNegatiu_Abril url i verificar capçalera_Fils:100;Rampup:65;Durada:20" time="0.027">
        <failure message="Not Found">Test failed: text expected to contain /Model de Qualitat de Solucions/</failure>
    </testcase>
    <testcase classname="testmeter.generalitat" name="Abril url i verificar capçalera_Fils:100;Rampup:65;Durada:20" time="0.026"/>
    <testcase classname="testmeter.generalitat" name="Abril url i verificar capçalera_Fils:100;Rampup:65;Durada:20" time="0.034"/>
    <testcase classname="testmeter.generalitat" name="Abril url i verificar capçalera_Fils:100;Rampup:65;Durada:20" time="0.031"/>
    <testcase classname="testmeter.generalitat" name="Abril url i verificar capçalera_Fils:100;Rampup:65;Durada:20" time="0.027"/>
    <testcase classname="testmeter.generalitat" name="Abril url i verificar capçalera_Fils:100;Rampup:65;Durada:20" time="0.030"/>
    <testcase classname="testmeter.generalitat" name="Abril url i verificar capçalera_Fils:100;Rampup:65;Durada:20" time="0.058"/>
    <testcase classname="testmeter.generalitat" name="Abril url i verificar capçalera_Fils:100;Rampup:65;Durada:20" time="0.069"/>
    <testcase classname="testmeter.generalitat" name="Abril url i verificar capçalera_Fils:100;Rampup:65;Durada:20" time="0.075"/>
    <testcase classname="testmeter.generalitat" name="Abril url i verificar capçalera_Fils:100;Rampup:65;Durada:20" time="0.046"/>
    <testcase classname="testmeter.generalitat" name="Abril url i verificar capçalera_Fils:100;Rampup:65;Durada:20" time="0.117"/>
    <testcase classname="testmeter.generalitat" name="Abril url i verificar capçalera_Fils:100;Rampup:65;Durada:20" time="0.051"/>
    <testcase classname="testmeter.generalitat" name="TestNegatiu_Abril url i verificar capçalera_Fils:100;Rampup:65;Durada:20" time="0.023">
        <failure message="Not Found">Test failed: text expected to contain /Model de Qualitat de Solucions/</failure>
    </testcase>
    <testcase classname="testmeter.generalitat" name="Abril url i verificar capçalera_Fils:100;Rampup:65;Durada:20" time="0.029"/>
    <testcase classname="testmeter.generalitat" name="Abril url i verificar capçalera_Fils:100;Rampup:65;Durada:20" time="0.027"/>
    <testcase classname="testmeter.generalitat" name="Abril url i verificar capçalera_Fils:100;Rampup:65;Durada:20" time="0.029"/>
    <testcase classname="testmeter.generalitat" name="Abril url i verificar capçalera_Fils:100;Rampup:65;Durada:20" time="0.161"/>
    <testcase classname="testmeter.generalitat" name="Abril url i verificar capçalera_Fils:100;Rampup:65;Durada:20" time="0.023"/>
    <testcase classname="testmeter.generalitat" name="Abril url i verificar capçalera_Fils:100;Rampup:65;Durada:20" time="0.049"/>
    <testcase classname="testmeter.generalitat" name="TestNegatiu_Abril url i verificar capçalera_Fils:100;Rampup:65;Durada:20" time="0.060">
        <failure message="Not Found">Test failed: text expected to contain /Model de Qualitat de Solucions/</failure>
    </testcase>
    <testcase classname="testmeter.generalitat" name="Abril url i verificar capçalera_Fils:100;Rampup:65;Durada:20" time="0.083"/>
    <testcase classname="testmeter.generalitat" name="TestNegatiu_Abril url i verificar capçalera_Fils:100;Rampup:65;Durada:20" time="0.024">
        <failure message="Not Found">Test failed: text expected to contain /Model de Qualitat de Solucions/</failure>
    </testcase>
    <testcase classname="testmeter.generalitat" name="TestNegatiu_Abril url i verificar capçalera_Fils:100;Rampup:65;Durada:20" time="0.025">
        <failure message="Not Found">Test failed: text expected to contain /Model de Qualitat de Solucions/</failure>
    </testcase>
    <testcase classname="testmeter.generalitat" name="TestNegatiu_Abril url i verificar capçalera_Fils:100;Rampup:65;Durada:20" time="0.025">
        <failure message="Not Found">Test failed: text expected to contain /Model de Qualitat de Solucions/</failure>
    </testcase>
    <testcase classname="testmeter.generalitat" name="TestNegatiu_Abril url i verificar capçalera_Fils:100;Rampup:65;Durada:20" time="0.026">
        <failure message="Not Found">Test failed: text expected to contain /Model de Qualitat de Solucions/</failure>
    </testcase>
    <testcase classname="testmeter.generalitat" name="TestNegatiu_Abril url i verificar capçalera_Fils:100;Rampup:65;Durada:20" time="0.026">
        <failure message="Not Found">Test failed: text expected to contain /Model de Qualitat de Solucions/</failure>
    </testcase>
    <testcase classname="testmeter.generalitat" name="TestNegatiu_Abril url i verificar capçalera_Fils:100;Rampup:65;Durada:20" time="0.027">
        <failure message="Not Found">Test failed: text expected to contain /Model de Qualitat de Solucions/</failure>
    </testcase>
    <testcase classname="testmeter.generalitat" name="TestNegatiu_Abril url i verificar capçalera_Fils:100;Rampup:65;Durada:20" time="0.029">
        <failure message="Not Found">Test failed: text expected to contain /Model de Qualitat de Solucions/</failure>
    </testcase>
    <testcase classname="testmeter.generalitat" name="TestNegatiu_Abril url i verificar capçalera_Fils:100;Rampup:65;Durada:20" time="0.025">
        <failure message="Not Found">Test failed: text expected to contain /Model de Qualitat de Solucions/</failure>
    </testcase>
    <testcase classname="testmeter.generalitat" name="TestNegatiu_Abril url i verificar capçalera_Fils:100;Rampup:65;Durada:20" time="0.025">
        <failure message="Not Found">Test failed: text expected to contain /Model de Qualitat de Solucions/</failure>
    </testcase>
    <testcase classname="testmeter.generalitat" name="Abril url i verificar capçalera_Fils:100;Rampup:65;Durada:20" time="0.046"/>
    <testcase classname="testmeter.generalitat" name="Abril url i verificar capçalera_Fils:100;Rampup:65;Durada:20" time="0.058"/>
    <testcase classname="testmeter.generalitat" name="TestNegatiu_Abril url i verificar capçalera_Fils:100;Rampup:65;Durada:20" time="0.025">
        <failure message="Not Found">Test failed: text expected to contain /Model de Qualitat de Solucions/</failure>
    </testcase>
    <testcase classname="testmeter.generalitat" name="Abril url i verificar capçalera_Fils:100;Rampup:65;Durada:20" time="0.026"/>
    <testcase classname="testmeter.generalitat" name="TestNegatiu_Abril url i verificar capçalera_Fils:100;Rampup:65;Durada:20" time="0.024">
        <failure message="Not Found">Test failed: text expected to contain /Model de Qualitat de Solucions/</failure>
    </testcase>
    <testcase classname="testmeter.generalitat" name="TestNegatiu_Abril url i verificar capçalera_Fils:100;Rampup:65;Durada:20" time="0.026">
        <failure message="Not Found">Test failed: text expected to contain /Model de Qualitat de Solucions/</failure>
    </testcase>
    <testcase classname="testmeter.generalitat" name="TestNegatiu_Abril url i verificar capçalera_Fils:100;Rampup:65;Durada:20" time="0.028">
        <failure message="Not Found">Test failed: text expected to contain /Model de Qualitat de Solucions/</failure>
    </testcase>
    <testcase classname="testmeter.generalitat" name="TestNegatiu_Abril url i verificar capçalera_Fils:100;Rampup:65;Durada:20" time="0.024">
        <failure message="Not Found">Test failed: text expected to contain /Model de Qualitat de Solucions/</failure>
    </testcase>
    <testcase classname="testmeter.generalitat" name="TestNegatiu_Abril url i verificar capçalera_Fils:100;Rampup:65;Durada:20" time="0.054">
        <failure message="Not Found">Test failed: text expected to contain /Model de Qualitat de Solucions/</failure>
    </testcase>
    <testcase classname="testmeter.generalitat" name="TestNegatiu_Abril url i verificar capçalera_Fils:100;Rampup:65;Durada:20" time="0.023">
        <failure message="Not Found">Test failed: text expected to contain /Model de Qualitat de Solucions/</failure>
    </testcase>
    <testcase classname="testmeter.generalitat" name="TestNegatiu_Abril url i verificar capçalera_Fils:100;Rampup:65;Durada:20" time="0.025">
        <failure message="Not Found">Test failed: text expected to contain /Model de Qualitat de Solucions/</failure>
    </testcase>
    <testcase classname="testmeter.generalitat" name="Abril url i verificar capçalera_Fils:100;Rampup:65;Durada:20" time="0.033"/>
    <testcase classname="testmeter.generalitat" name="Abril url i verificar capçalera_Fils:100;Rampup:65;Durada:20" time="0.033"/>
    <testcase classname="testmeter.generalitat" name="Abril url i verificar capçalera_Fils:100;Rampup:65;Durada:20" time="0.033"/>
    <testcase classname="testmeter.generalitat" name="Abril url i verificar capçalera_Fils:100;Rampup:65;Durada:20" time="0.034"/>
    <testcase classname="testmeter.generalitat" name="TestNegatiu_Abril url i verificar capçalera_Fils:100;Rampup:65;Durada:20" time="0.024">
        <failure message="Not Found">Test failed: text expected to contain /Model de Qualitat de Solucions/</failure>
    </testcase>
    <testcase classname="testmeter.generalitat" name="Abril url i verificar capçalera_Fils:100;Rampup:65;Durada:20" time="0.026"/>
    <testcase classname="testmeter.generalitat" name="Abril url i verificar capçalera_Fils:100;Rampup:65;Durada:20" time="0.047"/>
    <testcase classname="testmeter.generalitat" name="Abril url i verificar capçalera_Fils:100;Rampup:65;Durada:20" time="0.029"/>
    <testcase classname="testmeter.generalitat" name="Abril url i verificar capçalera_Fils:100;Rampup:65;Durada:20" time="0.028"/>
    <testcase classname="testmeter.generalitat" name="Abril url i verificar capçalera_Fils:100;Rampup:65;Durada:20" time="0.028"/>
    <testcase classname="testmeter.generalitat" name="Abril url i verificar capçalera_Fils:100;Rampup:65;Durada:20" time="0.044"/>
    <testcase classname="testmeter.generalitat" name="TestNegatiu_Abril url i verificar capçalera_Fils:100;Rampup:65;Durada:20" time="0.066">
        <failure message="Not Found">Test failed: text expected to contain /Model de Qualitat de Solucions/</failure>
    </testcase>
    <testcase classname="testmeter.generalitat" name="TestNegatiu_Abril url i verificar capçalera_Fils:100;Rampup:65;Durada:20" time="0.064">
        <failure message="Not Found">Test failed: text expected to contain /Model de Qualitat de Solucions/</failure>
    </testcase>
    <testcase classname="testmeter.generalitat" name="Abril url i verificar capçalera_Fils:100;Rampup:65;Durada:20" time="0.048"/>
    <testcase classname="testmeter.generalitat" name="Abril url i verificar capçalera_Fils:100;Rampup:65;Durada:20" time="0.135"/>
    <testcase classname="testmeter.generalitat" name="TestNegatiu_Abril url i verificar capçalera_Fils:100;Rampup:65;Durada:20" time="0.027">
        <failure message="Not Found">Test failed: text expected to contain /Model de Qualitat de Solucions/</failure>
    </testcase>
    <testcase classname="testmeter.generalitat" name="TestNegatiu_Abril url i verificar capçalera_Fils:100;Rampup:65;Durada:20" time="0.027">
        <failure message="Not Found">Test failed: text expected to contain /Model de Qualitat de Solucions/</failure>
    </testcase>
    <testcase classname="testmeter.generalitat" name="TestNegatiu_Abril url i verificar capçalera_Fils:100;Rampup:65;Durada:20" time="0.028">
        <failure message="Not Found">Test failed: text expected to contain /Model de Qualitat de Solucions/</failure>
    </testcase>
    <testcase classname="testmeter.generalitat" name="TestNegatiu_Abril url i verificar capçalera_Fils:100;Rampup:65;Durada:20" time="0.027">
        <failure message="Not Found">Test failed: text expected to contain /Model de Qualitat de Solucions/</failure>
    </testcase>
    <testcase classname="testmeter.generalitat" name="Abril url i verificar capçalera_Fils:100;Rampup:65;Durada:20" time="0.052"/>
    <testcase classname="testmeter.generalitat" name="Abril url i verificar capçalera_Fils:100;Rampup:65;Durada:20" time="0.025"/>
    <testcase classname="testmeter.generalitat" name="TestNegatiu_Abril url i verificar capçalera_Fils:100;Rampup:65;Durada:20" time="0.021">
        <failure message="Not Found">Test failed: text expected to contain /Model de Qualitat de Solucions/</failure>
    </testcase>
    <testcase classname="testmeter.generalitat" name="Abril url i verificar capçalera_Fils:100;Rampup:65;Durada:20" time="0.041"/>
    <testcase classname="testmeter.generalitat" name="TestNegatiu_Abril url i verificar capçalera_Fils:100;Rampup:65;Durada:20" time="0.029">
        <failure message="Not Found">Test failed: text expected to contain /Model de Qualitat de Solucions/</failure>
    </testcase>
    <testcase classname="testmeter.generalitat" name="TestNegatiu_Abril url i verificar capçalera_Fils:100;Rampup:65;Durada:20" time="0.030">
        <failure message="Not Found">Test failed: text expected to contain /Model de Qualitat de Solucions/</failure>
    </testcase>
    <testcase classname="testmeter.generalitat" name="Abril url i verificar capçalera_Fils:100;Rampup:65;Durada:20" time="0.060"/>
    <testcase classname="testmeter.generalitat" name="Abril url i verificar capçalera_Fils:100;Rampup:65;Durada:20" time="0.074"/>
    <testcase classname="testmeter.generalitat" name="TestNegatiu_Abril url i verificar capçalera_Fils:100;Rampup:65;Durada:20" time="0.033">
        <failure message="Not Found">Test failed: text expected to contain /Model de Qualitat de Solucions/</failure>
    </testcase>
    <testcase classname="testmeter.generalitat" name="TestNegatiu_Abril url i verificar capçalera_Fils:100;Rampup:65;Durada:20" time="0.032">
        <failure message="Not Found">Test failed: text expected to contain /Model de Qualitat de Solucions/</failure>
    </testcase>
    <testcase classname="testmeter.generalitat" name="TestNegatiu_Abril url i verificar capçalera_Fils:100;Rampup:65;Durada:20" time="0.033">
        <failure message="Not Found">Test failed: text expected to contain /Model de Qualitat de Solucions/</failure>
    </testcase>
    <testcase classname="testmeter.generalitat" name="Abril url i verificar capçalera_Fils:100;Rampup:65;Durada:20" time="0.114"/>
    <testcase classname="testmeter.generalitat" name="TestNegatiu_Abril url i verificar capçalera_Fils:100;Rampup:65;Durada:20" time="0.026">
        <failure message="Not Found">Test failed: text expected to contain /Model de Qualitat de Solucions/</failure>
    </testcase>
    <testcase classname="testmeter.generalitat" name="Abril url i verificar capçalera_Fils:100;Rampup:65;Durada:20" time="0.024"/>
    <testcase classname="testmeter.generalitat" name="TestNegatiu_Abril url i verificar capçalera_Fils:100;Rampup:65;Durada:20" time="0.031">
        <failure message="Not Found">Test failed: text expected to contain /Model de Qualitat de Solucions/</failure>
    </testcase>
    <testcase classname="testmeter.generalitat" name="TestNegatiu_Abril url i verificar capçalera_Fils:100;Rampup:65;Durada:20" time="0.027">
        <failure message="Not Found">Test failed: text expected to contain /Model de Qualitat de Solucions/</failure>
    </testcase>
    <testcase classname="testmeter.generalitat" name="Abril url i verificar capçalera_Fils:100;Rampup:65;Durada:20" time="0.028"/>
    <testcase classname="testmeter.generalitat" name="TestNegatiu_Abril url i verificar capçalera_Fils:100;Rampup:65;Durada:20" time="0.029">
        <failure message="Not Found">Test failed: text expected to contain /Model de Qualitat de Solucions/</failure>
    </testcase>
    <testcase classname="testmeter.generalitat" name="Abril url i verificar capçalera_Fils:100;Rampup:65;Durada:20" time="0.030"/>
    <testcase classname="testmeter.generalitat" name="Abril url i verificar capçalera_Fils:100;Rampup:65;Durada:20" time="0.033"/>
    <testcase classname="testmeter.generalitat" name="Abril url i verificar capçalera_Fils:100;Rampup:65;Durada:20" time="0.029"/>
    <testcase classname="testmeter.generalitat" name="Abril url i verificar capçalera_Fils:100;Rampup:65;Durada:20" time="0.069"/>
    <testcase classname="testmeter.generalitat" name="TestNegatiu_Abril url i verificar capçalera_Fils:100;Rampup:65;Durada:20" time="0.028">
        <failure message="Not Found">Test failed: text expected to contain /Model de Qualitat de Solucions/</failure>
    </testcase>
    <testcase classname="testmeter.generalitat" name="TestNegatiu_Abril url i verificar capçalera_Fils:100;Rampup:65;Durada:20" time="0.026">
        <failure message="Not Found">Test failed: text expected to contain /Model de Qualitat de Solucions/</failure>
    </testcase>
    <testcase classname="testmeter.generalitat" name="Abril url i verificar capçalera_Fils:100;Rampup:65;Durada:20" time="0.114"/>
    <testcase classname="testmeter.generalitat" name="TestNegatiu_Abril url i verificar capçalera_Fils:100;Rampup:65;Durada:20" time="0.026">
        <failure message="Not Found">Test failed: text expected to contain /Model de Qualitat de Solucions/</failure>
    </testcase>
    <testcase classname="testmeter.generalitat" name="Abril url i verificar capçalera_Fils:100;Rampup:65;Durada:20" time="0.028"/>
    <testcase classname="testmeter.generalitat" name="TestNegatiu_Abril url i verificar capçalera_Fils:100;Rampup:65;Durada:20" time="0.032">
        <failure message="Not Found">Test failed: text expected to contain /Model de Qualitat de Solucions/</failure>
    </testcase>
    <testcase classname="testmeter.generalitat" name="TestNegatiu_Abril url i verificar capçalera_Fils:100;Rampup:65;Durada:20" time="0.026">
        <failure message="Not Found">Test failed: text expected to contain /Model de Qualitat de Solucions/</failure>
    </testcase>
    <testcase classname="testmeter.generalitat" name="TestNegatiu_Abril url i verificar capçalera_Fils:100;Rampup:65;Durada:20" time="0.025">
        <failure message="Not Found">Test failed: text expected to contain /Model de Qualitat de Solucions/</failure>
    </testcase>
    <testcase classname="testmeter.generalitat" name="Abril url i verificar capçalera_Fils:100;Rampup:65;Durada:20" time="0.031"/>
    <testcase classname="testmeter.generalitat" name="Abril url i verificar capçalera_Fils:100;Rampup:65;Durada:20" time="0.030"/>
    <testcase classname="testmeter.generalitat" name="TestNegatiu_Abril url i verificar capçalera_Fils:100;Rampup:65;Durada:20" time="0.027">
        <failure message="Not Found">Test failed: text expected to contain /Model de Qualitat de Solucions/</failure>
    </testcase>
    <testcase classname="testmeter.generalitat" name="TestNegatiu_Abril url i verificar capçalera_Fils:100;Rampup:65;Durada:20" time="0.023">
        <failure message="Not Found">Test failed: text expected to contain /Model de Qualitat de Solucions/</failure>
    </testcase>
    <testcase classname="testmeter.generalitat" name="Abril url i verificar capçalera_Fils:100;Rampup:65;Durada:20" time="0.026"/>
    <testcase classname="testmeter.generalitat" name="TestNegatiu_Abril url i verificar capçalera_Fils:100;Rampup:65;Durada:20" time="0.026">
        <failure message="Not Found">Test failed: text expected to contain /Model de Qualitat de Solucions/</failure>
    </testcase>
    <testcase classname="testmeter.generalitat" name="Abril url i verificar capçalera_Fils:100;Rampup:65;Durada:20" time="0.043"/>
    <testcase classname="testmeter.generalitat" name="TestNegatiu_Abril url i verificar capçalera_Fils:100;Rampup:65;Durada:20" time="0.030">
        <failure message="Not Found">Test failed: text expected to contain /Model de Qualitat de Solucions/</failure>
    </testcase>
    <testcase classname="testmeter.generalitat" name="Abril url i verificar capçalera_Fils:100;Rampup:65;Durada:20" time="0.051"/>
    <testcase classname="testmeter.generalitat" name="Abril url i verificar capçalera_Fils:100;Rampup:65;Durada:20" time="0.051"/>
    <testcase classname="testmeter.generalitat" name="Abril url i verificar capçalera_Fils:100;Rampup:65;Durada:20" time="0.045"/>
    <testcase classname="testmeter.generalitat" name="TestNegatiu_Abril url i verificar capçalera_Fils:100;Rampup:65;Durada:20" time="0.027">
        <failure message="Not Found">Test failed: text expected to contain /Model de Qualitat de Solucions/</failure>
    </testcase>
    <testcase classname="testmeter.generalitat" name="TestNegatiu_Abril url i verificar capçalera_Fils:100;Rampup:65;Durada:20" time="0.022">
        <failure message="Not Found">Test failed: text expected to contain /Model de Qualitat de Solucions/</failure>
    </testcase>
    <testcase classname="testmeter.generalitat" name="TestNegatiu_Abril url i verificar capçalera_Fils:100;Rampup:65;Durada:20" time="0.025">
        <failure message="Not Found">Test failed: text expected to contain /Model de Qualitat de Solucions/</failure>
    </testcase>
    <testcase classname="testmeter.generalitat" name="Abril url i verificar capçalera_Fils:100;Rampup:65;Durada:20" time="0.030"/>
    <testcase classname="testmeter.generalitat" name="TestNegatiu_Abril url i verificar capçalera_Fils:100;Rampup:65;Durada:20" time="0.023">
        <failure message="Not Found">Test failed: text expected to contain /Model de Qualitat de Solucions/</failure>
    </testcase>
    <testcase classname="testmeter.generalitat" name="TestNegatiu_Abril url i verificar capçalera_Fils:100;Rampup:65;Durada:20" time="0.027">
        <failure message="Not Found">Test failed: text expected to contain /Model de Qualitat de Solucions/</failure>
    </testcase>
    <testcase classname="testmeter.generalitat" name="Abril url i verificar capçalera_Fils:100;Rampup:65;Durada:20" time="0.029"/>
    <testcase classname="testmeter.generalitat" name="Abril url i verificar capçalera_Fils:100;Rampup:65;Durada:20" time="0.042"/>
    <testcase classname="testmeter.generalitat" name="Abril url i verificar capçalera_Fils:100;Rampup:65;Durada:20" time="0.054"/>
    <testcase classname="testmeter.generalitat" name="Abril url i verificar capçalera_Fils:100;Rampup:65;Durada:20" time="0.026"/>
    <testcase classname="testmeter.generalitat" name="Abril url i verificar capçalera_Fils:100;Rampup:65;Durada:20" time="0.042"/>
    <testcase classname="testmeter.generalitat" name="TestNegatiu_Abril url i verificar capçalera_Fils:100;Rampup:65;Durada:20" time="0.024">
        <failure message="Not Found">Test failed: text expected to contain /Model de Qualitat de Solucions/</failure>
    </testcase>
    <testcase classname="testmeter.generalitat" name="Abril url i verificar capçalera_Fils:100;Rampup:65;Durada:20" time="0.025"/>
    <testcase classname="testmeter.generalitat" name="TestNegatiu_Abril url i verificar capçalera_Fils:100;Rampup:65;Durada:20" time="0.050">
        <failure message="Not Found">Test failed: text expected to contain /Model de Qualitat de Solucions/</failure>
    </testcase>
    <testcase classname="testmeter.generalitat" name="Abril url i verificar capçalera_Fils:100;Rampup:65;Durada:20" time="0.046"/>
    <testcase classname="testmeter.generalitat" name="Abril url i verificar capçalera_Fils:100;Rampup:65;Durada:20" time="0.029"/>
    <testcase classname="testmeter.generalitat" name="Abril url i verificar capçalera_Fils:100;Rampup:65;Durada:20" time="0.126"/>
    <testcase classname="testmeter.generalitat" name="TestNegatiu_Abril url i verificar capçalera_Fils:100;Rampup:65;Durada:20" time="0.025">
        <failure message="Not Found">Test failed: text expected to contain /Model de Qualitat de Solucions/</failure>
    </testcase>
    <testcase classname="testmeter.generalitat" name="TestNegatiu_Abril url i verificar capçalera_Fils:100;Rampup:65;Durada:20" time="0.025">
        <failure message="Not Found">Test failed: text expected to contain /Model de Qualitat de Solucions/</failure>
    </testcase>
    <testcase classname="testmeter.generalitat" name="Abril url i verificar capçalera_Fils:100;Rampup:65;Durada:20" time="0.028"/>
    <testcase classname="testmeter.generalitat" name="Abril url i verificar capçalera_Fils:100;Rampup:65;Durada:20" time="0.112"/>
    <testcase classname="testmeter.generalitat" name="TestNegatiu_Abril url i verificar capçalera_Fils:100;Rampup:65;Durada:20" time="0.024">
        <failure message="Not Found">Test failed: text expected to contain /Model de Qualitat de Solucions/</failure>
    </testcase>
    <testcase classname="testmeter.generalitat" name="TestNegatiu_Abril url i verificar capçalera_Fils:100;Rampup:65;Durada:20" time="0.025">
        <failure message="Not Found">Test failed: text expected to contain /Model de Qualitat de Solucions/</failure>
    </testcase>
    <testcase classname="testmeter.generalitat" name="TestNegatiu_Abril url i verificar capçalera_Fils:100;Rampup:65;Durada:20" time="0.028">
        <failure message="Not Found">Test failed: text expected to contain /Model de Qualitat de Solucions/</failure>
    </testcase>
    <testcase classname="testmeter.generalitat" name="TestNegatiu_Abril url i verificar capçalera_Fils:100;Rampup:65;Durada:20" time="0.030">
        <failure message="Not Found">Test failed: text expected to contain /Model de Qualitat de Solucions/</failure>
    </testcase>
    <testcase classname="testmeter.generalitat" name="TestNegatiu_Abril url i verificar capçalera_Fils:100;Rampup:65;Durada:20" time="0.027">
        <failure message="Not Found">Test failed: text expected to contain /Model de Qualitat de Solucions/</failure>
    </testcase>
    <testcase classname="testmeter.generalitat" name="TestNegatiu_Abril url i verificar capçalera_Fils:100;Rampup:65;Durada:20" time="0.025">
        <failure message="Not Found">Test failed: text expected to contain /Model de Qualitat de Solucions/</failure>
    </testcase>
    <testcase classname="testmeter.generalitat" name="TestNegatiu_Abril url i verificar capçalera_Fils:100;Rampup:65;Durada:20" time="0.023">
        <failure message="Not Found">Test failed: text expected to contain /Model de Qualitat de Solucions/</failure>
    </testcase>
    <testcase classname="testmeter.generalitat" name="Abril url i verificar capçalera_Fils:100;Rampup:65;Durada:20" time="0.029"/>
    <testcase classname="testmeter.generalitat" name="Abril url i verificar capçalera_Fils:100;Rampup:65;Durada:20" time="0.033"/>
    <testcase classname="testmeter.generalitat" name="Abril url i verificar capçalera_Fils:100;Rampup:65;Durada:20" time="0.032"/>
    <testcase classname="testmeter.generalitat" name="Abril url i verificar capçalera_Fils:100;Rampup:65;Durada:20" time="0.072"/>
    <testcase classname="testmeter.generalitat" name="Abril url i verificar capçalera_Fils:100;Rampup:65;Durada:20" time="0.128"/>
    <testcase classname="testmeter.generalitat" name="TestNegatiu_Abril url i verificar capçalera_Fils:100;Rampup:65;Durada:20" time="0.027">
        <failure message="Not Found">Test failed: text expected to contain /Model de Qualitat de Solucions/</failure>
    </testcase>
    <testcase classname="testmeter.generalitat" name="TestNegatiu_Abril url i verificar capçalera_Fils:100;Rampup:65;Durada:20" time="0.027">
        <failure message="Not Found">Test failed: text expected to contain /Model de Qualitat de Solucions/</failure>
    </testcase>
    <testcase classname="testmeter.generalitat" name="TestNegatiu_Abril url i verificar capçalera_Fils:100;Rampup:65;Durada:20" time="0.027">
        <failure message="Not Found">Test failed: text expected to contain /Model de Qualitat de Solucions/</failure>
    </testcase>
    <testcase classname="testmeter.generalitat" name="TestNegatiu_Abril url i verificar capçalera_Fils:100;Rampup:65;Durada:20" time="0.025">
        <failure message="Not Found">Test failed: text expected to contain /Model de Qualitat de Solucions/</failure>
    </testcase>
    <testcase classname="testmeter.generalitat" name="Abril url i verificar capçalera_Fils:100;Rampup:65;Durada:20" time="0.048"/>
    <testcase classname="testmeter.generalitat" name="Abril url i verificar capçalera_Fils:100;Rampup:65;Durada:20" time="0.024"/>
    <testcase classname="testmeter.generalitat" name="Abril url i verificar capçalera_Fils:100;Rampup:65;Durada:20" time="0.069"/>
    <testcase classname="testmeter.generalitat" name="TestNegatiu_Abril url i verificar capçalera_Fils:100;Rampup:65;Durada:20" time="0.025">
        <failure message="Not Found">Test failed: text expected to contain /Model de Qualitat de Solucions/</failure>
    </testcase>
    <testcase classname="testmeter.generalitat" name="TestNegatiu_Abril url i verificar capçalera_Fils:100;Rampup:65;Durada:20" time="0.029">
        <failure message="Not Found">Test failed: text expected to contain /Model de Qualitat de Solucions/</failure>
    </testcase>
    <testcase classname="testmeter.generalitat" name="TestNegatiu_Abril url i verificar capçalera_Fils:100;Rampup:65;Durada:20" time="0.029">
        <failure message="Not Found">Test failed: text expected to contain /Model de Qualitat de Solucions/</failure>
    </testcase>
    <testcase classname="testmeter.generalitat" name="Abril url i verificar capçalera_Fils:100;Rampup:65;Durada:20" time="0.027"/>
    <testcase classname="testmeter.generalitat" name="Abril url i verificar capçalera_Fils:100;Rampup:65;Durada:20" time="0.029"/>
    <testcase classname="testmeter.generalitat" name="Abril url i verificar capçalera_Fils:100;Rampup:65;Durada:20" time="0.028"/>
    <testcase classname="testmeter.generalitat" name="Abril url i verificar capçalera_Fils:100;Rampup:65;Durada:20" time="0.051"/>
    <testcase classname="testmeter.generalitat" name="Abril url i verificar capçalera_Fils:100;Rampup:65;Durada:20" time="0.051"/>
    <testcase classname="testmeter.generalitat" name="TestNegatiu_Abril url i verificar capçalera_Fils:100;Rampup:65;Durada:20" time="0.052">
        <failure message="Not Found">Test failed: text expected to contain /Model de Qualitat de Solucions/</failure>
    </testcase>
    <testcase classname="testmeter.generalitat" name="TestNegatiu_Abril url i verificar capçalera_Fils:100;Rampup:65;Durada:20" time="0.024">
        <failure message="Not Found">Test failed: text expected to contain /Model de Qualitat de Solucions/</failure>
    </testcase>
    <testcase classname="testmeter.generalitat" name="TestNegatiu_Abril url i verificar capçalera_Fils:100;Rampup:65;Durada:20" time="0.025">
        <failure message="Not Found">Test failed: text expected to contain /Model de Qualitat de Solucions/</failure>
    </testcase>
    <testcase classname="testmeter.generalitat" name="TestNegatiu_Abril url i verificar capçalera_Fils:100;Rampup:65;Durada:20" time="0.026">
        <failure message="Not Found">Test failed: text expected to contain /Model de Qualitat de Solucions/</failure>
    </testcase>
    <testcase classname="testmeter.generalitat" name="Abril url i verificar capçalera_Fils:100;Rampup:65;Durada:20" time="0.064"/>
    <testcase classname="testmeter.generalitat" name="Abril url i verificar capçalera_Fils:100;Rampup:65;Durada:20" time="0.045"/>
    <testcase classname="testmeter.generalitat" name="Abril url i verificar capçalera_Fils:100;Rampup:65;Durada:20" time="0.036"/>
    <testcase classname="testmeter.generalitat" name="Abril url i verificar capçalera_Fils:100;Rampup:65;Durada:20" time="0.035"/>
    <testcase classname="testmeter.generalitat" name="Abril url i verificar capçalera_Fils:100;Rampup:65;Durada:20" time="0.046"/>
    <testcase classname="testmeter.generalitat" name="Abril url i verificar capçalera_Fils:100;Rampup:65;Durada:20" time="0.047"/>
    <testcase classname="testmeter.generalitat" name="Abril url i verificar capçalera_Fils:100;Rampup:65;Durada:20" time="0.029"/>
    <testcase classname="testmeter.generalitat" name="Abril url i verificar capçalera_Fils:100;Rampup:65;Durada:20" time="0.023"/>
    <testcase classname="testmeter.generalitat" name="TestNegatiu_Abril url i verificar capçalera_Fils:100;Rampup:65;Durada:20" time="0.034">
        <failure message="Not Found">Test failed: text expected to contain /Model de Qualitat de Solucions/</failure>
    </testcase>
    <testcase classname="testmeter.generalitat" name="TestNegatiu_Abril url i verificar capçalera_Fils:100;Rampup:65;Durada:20" time="0.066">
        <failure message="Not Found">Test failed: text expected to contain /Model de Qualitat de Solucions/</failure>
    </testcase>
    <testcase classname="testmeter.generalitat" name="TestNegatiu_Abril url i verificar capçalera_Fils:100;Rampup:65;Durada:20" time="0.038">
        <failure message="Not Found">Test failed: text expected to contain /Model de Qualitat de Solucions/</failure>
    </testcase>
    <testcase classname="testmeter.generalitat" name="TestNegatiu_Abril url i verificar capçalera_Fils:100;Rampup:65;Durada:20" time="0.039">
        <failure message="Not Found">Test failed: text expected to contain /Model de Qualitat de Solucions/</failure>
    </testcase>
    <testcase classname="testmeter.generalitat" name="TestNegatiu_Abril url i verificar capçalera_Fils:100;Rampup:65;Durada:20" time="0.037">
        <failure message="Not Found">Test failed: text expected to contain /Model de Qualitat de Solucions/</failure>
    </testcase>
    <testcase classname="testmeter.generalitat" name="TestNegatiu_Abril url i verificar capçalera_Fils:100;Rampup:65;Durada:20" time="0.038">
        <failure message="Not Found">Test failed: text expected to contain /Model de Qualitat de Solucions/</failure>
    </testcase>
    <testcase classname="testmeter.generalitat" name="TestNegatiu_Abril url i verificar capçalera_Fils:100;Rampup:65;Durada:20" time="0.024">
        <failure message="Not Found">Test failed: text expected to contain /Model de Qualitat de Solucions/</failure>
    </testcase>
    <testcase classname="testmeter.generalitat" name="TestNegatiu_Abril url i verificar capçalera_Fils:100;Rampup:65;Durada:20" time="0.022">
        <failure message="Not Found">Test failed: text expected to contain /Model de Qualitat de Solucions/</failure>
    </testcase>
    <testcase classname="testmeter.generalitat" name="TestNegatiu_Abril url i verificar capçalera_Fils:100;Rampup:65;Durada:20" time="0.026">
        <failure message="Not Found">Test failed: text expected to contain /Model de Qualitat de Solucions/</failure>
    </testcase>
    <testcase classname="testmeter.generalitat" name="Abril url i verificar capçalera_Fils:100;Rampup:65;Durada:20" time="0.028"/>
    <testcase classname="testmeter.generalitat" name="TestNegatiu_Abril url i verificar capçalera_Fils:100;Rampup:65;Durada:20" time="0.026">
        <failure message="Not Found">Test failed: text expected to contain /Model de Qualitat de Solucions/</failure>
    </testcase>
    <testcase classname="testmeter.generalitat" name="TestNegatiu_Abril url i verificar capçalera_Fils:100;Rampup:65;Durada:20" time="0.036">
        <failure message="Not Found">Test failed: text expected to contain /Model de Qualitat de Solucions/</failure>
    </testcase>
    <testcase classname="testmeter.generalitat" name="TestNegatiu_Abril url i verificar capçalera_Fils:100;Rampup:65;Durada:20" time="0.031">
        <failure message="Not Found">Test failed: text expected to contain /Model de Qualitat de Solucions/</failure>
    </testcase>
    <testcase classname="testmeter.generalitat" name="TestNegatiu_Abril url i verificar capçalera_Fils:100;Rampup:65;Durada:20" time="0.033">
        <failure message="Not Found">Test failed: text expected to contain /Model de Qualitat de Solucions/</failure>
    </testcase>
    <testcase classname="testmeter.generalitat" name="TestNegatiu_Abril url i verificar capçalera_Fils:100;Rampup:65;Durada:20" time="0.034">
        <failure message="Not Found">Test failed: text expected to contain /Model de Qualitat de Solucions/</failure>
    </testcase>
    <testcase classname="testmeter.generalitat" name="Abril url i verificar capçalera_Fils:100;Rampup:65;Durada:20" time="0.043"/>
    <testcase classname="testmeter.generalitat" name="Abril url i verificar capçalera_Fils:100;Rampup:65;Durada:20" time="0.042"/>
    <testcase classname="testmeter.generalitat" name="Abril url i verificar capçalera_Fils:100;Rampup:65;Durada:20" time="0.047"/>
    <testcase classname="testmeter.generalitat" name="TestNegatiu_Abril url i verificar capçalera_Fils:100;Rampup:65;Durada:20" time="0.025">
        <failure message="Not Found">Test failed: text expected to contain /Model de Qualitat de Solucions/</failure>
    </testcase>
    <testcase classname="testmeter.generalitat" name="Abril url i verificar capçalera_Fils:100;Rampup:65;Durada:20" time="0.033"/>
    <testcase classname="testmeter.generalitat" name="TestNegatiu_Abril url i verificar capçalera_Fils:100;Rampup:65;Durada:20" time="0.025">
        <failure message="Not Found">Test failed: text expected to contain /Model de Qualitat de Solucions/</failure>
    </testcase>
    <testcase classname="testmeter.generalitat" name="TestNegatiu_Abril url i verificar capçalera_Fils:100;Rampup:65;Durada:20" time="0.025">
        <failure message="Not Found">Test failed: text expected to contain /Model de Qualitat de Solucions/</failure>
    </testcase>
    <testcase classname="testmeter.generalitat" name="Abril url i verificar capçalera_Fils:100;Rampup:65;Durada:20" time="0.030"/>
    <testcase classname="testmeter.generalitat" name="TestNegatiu_Abril url i verificar capçalera_Fils:100;Rampup:65;Durada:20" time="0.122">
        <failure message="Not Found">Test failed: text expected to contain /Model de Qualitat de Solucions/</failure>
    </testcase>
    <testcase classname="testmeter.generalitat" name="TestNegatiu_Abril url i verificar capçalera_Fils:100;Rampup:65;Durada:20" time="0.035">
        <failure message="Not Found">Test failed: text expected to contain /Model de Qualitat de Solucions/</failure>
    </testcase>
    <testcase classname="testmeter.generalitat" name="Abril url i verificar capçalera_Fils:100;Rampup:65;Durada:20" time="0.028"/>
    <testcase classname="testmeter.generalitat" name="TestNegatiu_Abril url i verificar capçalera_Fils:100;Rampup:65;Durada:20" time="0.022">
        <failure message="Not Found">Test failed: text expected to contain /Model de Qualitat de Solucions/</failure>
    </testcase>
    <testcase classname="testmeter.generalitat" name="Abril url i verificar capçalera_Fils:100;Rampup:65;Durada:20" time="0.030"/>
    <testcase classname="testmeter.generalitat" name="Abril url i verificar capçalera_Fils:100;Rampup:65;Durada:20" time="0.031"/>
    <testcase classname="testmeter.generalitat" name="Abril url i verificar capçalera_Fils:100;Rampup:65;Durada:20" time="0.027"/>
    <testcase classname="testmeter.generalitat" name="Abril url i verificar capçalera_Fils:100;Rampup:65;Durada:20" time="0.131"/>
    <testcase classname="testmeter.generalitat" name="Abril url i verificar capçalera_Fils:100;Rampup:65;Durada:20" time="0.026"/>
    <testcase classname="testmeter.generalitat" name="TestNegatiu_Abril url i verificar capçalera_Fils:100;Rampup:65;Durada:20" time="0.025">
        <failure message="Not Found">Test failed: text expected to contain /Model de Qualitat de Solucions/</failure>
    </testcase>
    <testcase classname="testmeter.generalitat" name="TestNegatiu_Abril url i verificar capçalera_Fils:100;Rampup:65;Durada:20" time="0.025">
        <failure message="Not Found">Test failed: text expected to contain /Model de Qualitat de Solucions/</failure>
    </testcase>
    <testcase classname="testmeter.generalitat" name="Abril url i verificar capçalera_Fils:100;Rampup:65;Durada:20" time="0.028"/>
    <testcase classname="testmeter.generalitat" name="Abril url i verificar capçalera_Fils:100;Rampup:65;Durada:20" time="0.047"/>
    <testcase classname="testmeter.generalitat" name="Abril url i verificar capçalera_Fils:100;Rampup:65;Durada:20" time="0.049"/>
    <testcase classname="testmeter.generalitat" name="TestNegatiu_Abril url i verificar capçalera_Fils:100;Rampup:65;Durada:20" time="0.024">
        <failure message="Not Found">Test failed: text expected to contain /Model de Qualitat de Solucions/</failure>
    </testcase>
    <testcase classname="testmeter.generalitat" name="Abril url i verificar capçalera_Fils:100;Rampup:65;Durada:20" time="0.033"/>
    <testcase classname="testmeter.generalitat" name="TestNegatiu_Abril url i verificar capçalera_Fils:100;Rampup:65;Durada:20" time="0.025">
        <failure message="Not Found">Test failed: text expected to contain /Model de Qualitat de Solucions/</failure>
    </testcase>
    <testcase classname="testmeter.generalitat" name="Abril url i verificar capçalera_Fils:100;Rampup:65;Durada:20" time="0.023"/>
    <testcase classname="testmeter.generalitat" name="Abril url i verificar capçalera_Fils:100;Rampup:65;Durada:20" time="0.051"/>
    <testcase classname="testmeter.generalitat" name="TestNegatiu_Abril url i verificar capçalera_Fils:100;Rampup:65;Durada:20" time="0.026">
        <failure message="Not Found">Test failed: text expected to contain /Model de Qualitat de Solucions/</failure>
    </testcase>
    <testcase classname="testmeter.generalitat" name="TestNegatiu_Abril url i verificar capçalera_Fils:100;Rampup:65;Durada:20" time="0.022">
        <failure message="Not Found">Test failed: text expected to contain /Model de Qualitat de Solucions/</failure>
    </testcase>
    <testcase classname="testmeter.generalitat" name="Abril url i verificar capçalera_Fils:100;Rampup:65;Durada:20" time="0.123"/>
    <testcase classname="testmeter.generalitat" name="Abril url i verificar capçalera_Fils:100;Rampup:65;Durada:20" time="0.045"/>
    <testcase classname="testmeter.generalitat" name="Abril url i verificar capçalera_Fils:100;Rampup:65;Durada:20" time="0.029"/>
    <testcase classname="testmeter.generalitat" name="Abril url i verificar capçalera_Fils:100;Rampup:65;Durada:20" time="0.072"/>
    <testcase classname="testmeter.generalitat" name="Abril url i verificar capçalera_Fils:100;Rampup:65;Durada:20" time="0.026"/>
    <testcase classname="testmeter.generalitat" name="Abril url i verificar capçalera_Fils:100;Rampup:65;Durada:20" time="0.029"/>
    <testcase classname="testmeter.generalitat" name="Abril url i verificar capçalera_Fils:100;Rampup:65;Durada:20" time="0.105"/>
    <testcase classname="testmeter.generalitat" name="Abril url i verificar capçalera_Fils:100;Rampup:65;Durada:20" time="0.042"/>
    <testcase classname="testmeter.generalitat" name="TestNegatiu_Abril url i verificar capçalera_Fils:100;Rampup:65;Durada:20" time="0.028">
        <failure message="Not Found">Test failed: text expected to contain /Model de Qualitat de Solucions/</failure>
    </testcase>
    <testcase classname="testmeter.generalitat" name="TestNegatiu_Abril url i verificar capçalera_Fils:100;Rampup:65;Durada:20" time="0.028">
        <failure message="Not Found">Test failed: text expected to contain /Model de Qualitat de Solucions/</failure>
    </testcase>
    <testcase classname="testmeter.generalitat" name="TestNegatiu_Abril url i verificar capçalera_Fils:100;Rampup:65;Durada:20" time="0.027">
        <failure message="Not Found">Test failed: text expected to contain /Model de Qualitat de Solucions/</failure>
    </testcase>
    <testcase classname="testmeter.generalitat" name="Abril url i verificar capçalera_Fils:100;Rampup:65;Durada:20" time="0.029"/>
    <testcase classname="testmeter.generalitat" name="Abril url i verificar capçalera_Fils:100;Rampup:65;Durada:20" time="0.029"/>
    <testcase classname="testmeter.generalitat" name="TestNegatiu_Abril url i verificar capçalera_Fils:100;Rampup:65;Durada:20" time="0.026">
        <failure message="Not Found">Test failed: text expected to contain /Model de Qualitat de Solucions/</failure>
    </testcase>
    <testcase classname="testmeter.generalitat" name="Abril url i verificar capçalera_Fils:100;Rampup:65;Durada:20" time="0.027"/>
    <testcase classname="testmeter.generalitat" name="TestNegatiu_Abril url i verificar capçalera_Fils:100;Rampup:65;Durada:20" time="0.050">
        <failure message="Not Found">Test failed: text expected to contain /Model de Qualitat de Solucions/</failure>
    </testcase>
    <testcase classname="testmeter.generalitat" name="Abril url i verificar capçalera_Fils:100;Rampup:65;Durada:20" time="0.027"/>
    <testcase classname="testmeter.generalitat" name="TestNegatiu_Abril url i verificar capçalera_Fils:100;Rampup:65;Durada:20" time="0.029">
        <failure message="Not Found">Test failed: text expected to contain /Model de Qualitat de Solucions/</failure>
    </testcase>
    <testcase classname="testmeter.generalitat" name="TestNegatiu_Abril url i verificar capçalera_Fils:100;Rampup:65;Durada:20" time="0.026">
        <failure message="Not Found">Test failed: text expected to contain /Model de Qualitat de Solucions/</failure>
    </testcase>
    <testcase classname="testmeter.generalitat" name="TestNegatiu_Abril url i verificar capçalera_Fils:100;Rampup:65;Durada:20" time="0.031">
        <failure message="Not Found">Test failed: text expected to contain /Model de Qualitat de Solucions/</failure>
    </testcase>
    <testcase classname="testmeter.generalitat" name="TestNegatiu_Abril url i verificar capçalera_Fils:100;Rampup:65;Durada:20" time="0.027">
        <failure message="Not Found">Test failed: text expected to contain /Model de Qualitat de Solucions/</failure>
    </testcase>
    <testcase classname="testmeter.generalitat" name="TestNegatiu_Abril url i verificar capçalera_Fils:100;Rampup:65;Durada:20" time="0.024">
        <failure message="Not Found">Test failed: text expected to contain /Model de Qualitat de Solucions/</failure>
    </testcase>
    <testcase classname="testmeter.generalitat" name="Abril url i verificar capçalera_Fils:100;Rampup:65;Durada:20" time="0.029"/>
    <testcase classname="testmeter.generalitat" name="TestNegatiu_Abril url i verificar capçalera_Fils:100;Rampup:65;Durada:20" time="0.029">
        <failure message="Not Found">Test failed: text expected to contain /Model de Qualitat de Solucions/</failure>
    </testcase>
    <testcase classname="testmeter.generalitat" name="TestNegatiu_Abril url i verificar capçalera_Fils:100;Rampup:65;Durada:20" time="0.029">
        <failure message="Not Found">Test failed: text expected to contain /Model de Qualitat de Solucions/</failure>
    </testcase>
    <testcase classname="testmeter.generalitat" name="TestNegatiu_Abril url i verificar capçalera_Fils:100;Rampup:65;Durada:20" time="0.028">
        <failure message="Not Found">Test failed: text expected to contain /Model de Qualitat de Solucions/</failure>
    </testcase>
    <testcase classname="testmeter.generalitat" name="Abril url i verificar capçalera_Fils:100;Rampup:65;Durada:20" time="0.035"/>
    <testcase classname="testmeter.generalitat" name="TestNegatiu_Abril url i verificar capçalera_Fils:100;Rampup:65;Durada:20" time="0.028">
        <failure message="Not Found">Test failed: text expected to contain /Model de Qualitat de Solucions/</failure>
    </testcase>
    <testcase classname="testmeter.generalitat" name="Abril url i verificar capçalera_Fils:100;Rampup:65;Durada:20" time="0.031"/>
    <testcase classname="testmeter.generalitat" name="TestNegatiu_Abril url i verificar capçalera_Fils:100;Rampup:65;Durada:20" time="0.030">
        <failure message="Not Found">Test failed: text expected to contain /Model de Qualitat de Solucions/</failure>
    </testcase>
    <testcase classname="testmeter.generalitat" name="Abril url i verificar capçalera_Fils:100;Rampup:65;Durada:20" time="0.031"/>
    <testcase classname="testmeter.generalitat" name="TestNegatiu_Abril url i verificar capçalera_Fils:100;Rampup:65;Durada:20" time="0.026">
        <failure message="Not Found">Test failed: text expected to contain /Model de Qualitat de Solucions/</failure>
    </testcase>
    <testcase classname="testmeter.generalitat" name="Abril url i verificar capçalera_Fils:100;Rampup:65;Durada:20" time="0.029"/>
    <testcase classname="testmeter.generalitat" name="TestNegatiu_Abril url i verificar capçalera_Fils:100;Rampup:65;Durada:20" time="0.057">
        <failure message="Not Found">Test failed: text expected to contain /Model de Qualitat de Solucions/</failure>
    </testcase>
    <testcase classname="testmeter.generalitat" name="TestNegatiu_Abril url i verificar capçalera_Fils:100;Rampup:65;Durada:20" time="0.054">
        <failure message="Not Found">Test failed: text expected to contain /Model de Qualitat de Solucions/</failure>
    </testcase>
    <testcase classname="testmeter.generalitat" name="TestNegatiu_Abril url i verificar capçalera_Fils:100;Rampup:65;Durada:20" time="0.028">
        <failure message="Not Found">Test failed: text expected to contain /Model de Qualitat de Solucions/</failure>
    </testcase>
    <testcase classname="testmeter.generalitat" name="Abril url i verificar capçalera_Fils:100;Rampup:65;Durada:20" time="0.160"/>
    <testcase classname="testmeter.generalitat" name="Abril url i verificar capçalera_Fils:100;Rampup:65;Durada:20" time="0.051"/>
    <testcase classname="testmeter.generalitat" name="TestNegatiu_Abril url i verificar capçalera_Fils:100;Rampup:65;Durada:20" time="0.032">
        <failure message="Not Found">Test failed: text expected to contain /Model de Qualitat de Solucions/</failure>
    </testcase>
    <testcase classname="testmeter.generalitat" name="TestNegatiu_Abril url i verificar capçalera_Fils:100;Rampup:65;Durada:20" time="0.044">
        <failure message="Not Found">Test failed: text expected to contain /Model de Qualitat de Solucions/</failure>
    </testcase>
    <testcase classname="testmeter.generalitat" name="TestNegatiu_Abril url i verificar capçalera_Fils:100;Rampup:65;Durada:20" time="0.028">
        <failure message="Not Found">Test failed: text expected to contain /Model de Qualitat de Solucions/</failure>
    </testcase>
    <testcase classname="testmeter.generalitat" name="Abril url i verificar capçalera_Fils:100;Rampup:65;Durada:20" time="0.034"/>
    <testcase classname="testmeter.generalitat" name="TestNegatiu_Abril url i verificar capçalera_Fils:100;Rampup:65;Durada:20" time="0.029">
        <failure message="Not Found">Test failed: text expected to contain /Model de Qualitat de Solucions/</failure>
    </testcase>
    <testcase classname="testmeter.generalitat" name="Abril url i verificar capçalera_Fils:100;Rampup:65;Durada:20" time="0.046"/>
    <testcase classname="testmeter.generalitat" name="TestNegatiu_Abril url i verificar capçalera_Fils:100;Rampup:65;Durada:20" time="0.031">
        <failure message="Not Found">Test failed: text expected to contain /Model de Qualitat de Solucions/</failure>
    </testcase>
    <testcase classname="testmeter.generalitat" name="Abril url i verificar capçalera_Fils:100;Rampup:65;Durada:20" time="0.042"/>
    <testcase classname="testmeter.generalitat" name="Abril url i verificar capçalera_Fils:100;Rampup:65;Durada:20" time="0.030"/>
    <testcase classname="testmeter.generalitat" name="Abril url i verificar capçalera_Fils:100;Rampup:65;Durada:20" time="0.033"/>
    <testcase classname="testmeter.generalitat" name="Abril url i verificar capçalera_Fils:100;Rampup:65;Durada:20" time="0.031"/>
    <testcase classname="testmeter.generalitat" name="Abril url i verificar capçalera_Fils:100;Rampup:65;Durada:20" time="0.052"/>
    <testcase classname="testmeter.generalitat" name="Abril url i verificar capçalera_Fils:100;Rampup:65;Durada:20" time="0.057"/>
    <testcase classname="testmeter.generalitat" name="TestNegatiu_Abril url i verificar capçalera_Fils:100;Rampup:65;Durada:20" time="0.026">
        <failure message="Not Found">Test failed: text expected to contain /Model de Qualitat de Solucions/</failure>
    </testcase>
    <testcase classname="testmeter.generalitat" name="Abril url i verificar capçalera_Fils:100;Rampup:65;Durada:20" time="0.058"/>
    <testcase classname="testmeter.generalitat" name="TestNegatiu_Abril url i verificar capçalera_Fils:100;Rampup:65;Durada:20" time="0.025">
        <failure message="Not Found">Test failed: text expected to contain /Model de Qualitat de Solucions/</failure>
    </testcase>
    <testcase classname="testmeter.generalitat" name="TestNegatiu_Abril url i verificar capçalera_Fils:100;Rampup:65;Durada:20" time="0.025">
        <failure message="Not Found">Test failed: text expected to contain /Model de Qualitat de Solucions/</failure>
    </testcase>
    <testcase classname="testmeter.generalitat" name="Abril url i verificar capçalera_Fils:100;Rampup:65;Durada:20" time="0.027"/>
    <testcase classname="testmeter.generalitat" name="TestNegatiu_Abril url i verificar capçalera_Fils:100;Rampup:65;Durada:20" time="0.025">
        <failure message="Not Found">Test failed: text expected to contain /Model de Qualitat de Solucions/</failure>
    </testcase>
    <testcase classname="testmeter.generalitat" name="TestNegatiu_Abril url i verificar capçalera_Fils:100;Rampup:65;Durada:20" time="0.027">
        <failure message="Not Found">Test failed: text expected to contain /Model de Qualitat de Solucions/</failure>
    </testcase>
    <testcase classname="testmeter.generalitat" name="TestNegatiu_Abril url i verificar capçalera_Fils:100;Rampup:65;Durada:20" time="0.026">
        <failure message="Not Found">Test failed: text expected to contain /Model de Qualitat de Solucions/</failure>
    </testcase>
    <testcase classname="testmeter.generalitat" name="Abril url i verificar capçalera_Fils:100;Rampup:65;Durada:20" time="0.025"/>
    <testcase classname="testmeter.generalitat" name="TestNegatiu_Abril url i verificar capçalera_Fils:100;Rampup:65;Durada:20" time="0.025">
        <failure message="Not Found">Test failed: text expected to contain /Model de Qualitat de Solucions/</failure>
    </testcase>
    <testcase classname="testmeter.generalitat" name="Abril url i verificar capçalera_Fils:100;Rampup:65;Durada:20" time="0.029"/>
    <testcase classname="testmeter.generalitat" name="Abril url i verificar capçalera_Fils:100;Rampup:65;Durada:20" time="0.025"/>
    <testcase classname="testmeter.generalitat" name="Abril url i verificar capçalera_Fils:100;Rampup:65;Durada:20" time="0.148"/>
    <testcase classname="testmeter.generalitat" name="TestNegatiu_Abril url i verificar capçalera_Fils:100;Rampup:65;Durada:20" time="0.027">
        <failure message="Not Found">Test failed: text expected to contain /Model de Qualitat de Solucions/</failure>
    </testcase>
    <testcase classname="testmeter.generalitat" name="TestNegatiu_Abril url i verificar capçalera_Fils:100;Rampup:65;Durada:20" time="0.026">
        <failure message="Not Found">Test failed: text expected to contain /Model de Qualitat de Solucions/</failure>
    </testcase>
    <testcase classname="testmeter.generalitat" name="Abril url i verificar capçalera_Fils:100;Rampup:65;Durada:20" time="0.031"/>
    <testcase classname="testmeter.generalitat" name="Abril url i verificar capçalera_Fils:100;Rampup:65;Durada:20" time="0.082"/>
    <testcase classname="testmeter.generalitat" name="TestNegatiu_Abril url i verificar capçalera_Fils:100;Rampup:65;Durada:20" time="0.030">
        <failure message="Not Found">Test failed: text expected to contain /Model de Qualitat de Solucions/</failure>
    </testcase>
    <testcase classname="testmeter.generalitat" name="Abril url i verificar capçalera_Fils:100;Rampup:65;Durada:20" time="0.025"/>
    <testcase classname="testmeter.generalitat" name="TestNegatiu_Abril url i verificar capçalera_Fils:100;Rampup:65;Durada:20" time="0.025">
        <failure message="Not Found">Test failed: text expected to contain /Model de Qualitat de Solucions/</failure>
    </testcase>
    <testcase classname="testmeter.generalitat" name="TestNegatiu_Abril url i verificar capçalera_Fils:100;Rampup:65;Durada:20" time="0.068">
        <failure message="Not Found">Test failed: text expected to contain /Model de Qualitat de Solucions/</failure>
    </testcase>
    <testcase classname="testmeter.generalitat" name="Abril url i verificar capçalera_Fils:100;Rampup:65;Durada:20" time="0.024"/>
    <testcase classname="testmeter.generalitat" name="TestNegatiu_Abril url i verificar capçalera_Fils:100;Rampup:65;Durada:20" time="0.021">
        <failure message="Not Found">Test failed: text expected to contain /Model de Qualitat de Solucions/</failure>
    </testcase>
    <testcase classname="testmeter.generalitat" name="Abril url i verificar capçalera_Fils:100;Rampup:65;Durada:20" time="0.109"/>
    <testcase classname="testmeter.generalitat" name="TestNegatiu_Abril url i verificar capçalera_Fils:100;Rampup:65;Durada:20" time="0.028">
        <failure message="Not Found">Test failed: text expected to contain /Model de Qualitat de Solucions/</failure>
    </testcase>
    <testcase classname="testmeter.generalitat" name="TestNegatiu_Abril url i verificar capçalera_Fils:100;Rampup:65;Durada:20" time="0.030">
        <failure message="Not Found">Test failed: text expected to contain /Model de Qualitat de Solucions/</failure>
    </testcase>
    <testcase classname="testmeter.generalitat" name="Abril url i verificar capçalera_Fils:100;Rampup:65;Durada:20" time="0.031"/>
    <testcase classname="testmeter.generalitat" name="Abril url i verificar capçalera_Fils:100;Rampup:65;Durada:20" time="0.033"/>
    <testcase classname="testmeter.generalitat" name="Abril url i verificar capçalera_Fils:100;Rampup:65;Durada:20" time="0.034"/>
    <testcase classname="testmeter.generalitat" name="Abril url i verificar capçalera_Fils:100;Rampup:65;Durada:20" time="0.033"/>
    <testcase classname="testmeter.generalitat" name="Abril url i verificar capçalera_Fils:100;Rampup:65;Durada:20" time="0.104"/>
    <testcase classname="testmeter.generalitat" name="TestNegatiu_Abril url i verificar capçalera_Fils:100;Rampup:65;Durada:20" time="0.042">
        <failure message="Not Found">Test failed: text expected to contain /Model de Qualitat de Solucions/</failure>
    </testcase>
    <testcase classname="testmeter.generalitat" name="TestNegatiu_Abril url i verificar capçalera_Fils:100;Rampup:65;Durada:20" time="0.039">
        <failure message="Not Found">Test failed: text expected to contain /Model de Qualitat de Solucions/</failure>
    </testcase>
    <testcase classname="testmeter.generalitat" name="Abril url i verificar capçalera_Fils:100;Rampup:65;Durada:20" time="0.070"/>
    <testcase classname="testmeter.generalitat" name="TestNegatiu_Abril url i verificar capçalera_Fils:100;Rampup:65;Durada:20" time="0.047">
        <failure message="Not Found">Test failed: text expected to contain /Model de Qualitat de Solucions/</failure>
    </testcase>
    <testcase classname="testmeter.generalitat" name="Abril url i verificar capçalera_Fils:100;Rampup:65;Durada:20" time="0.105"/>
    <testcase classname="testmeter.generalitat" name="TestNegatiu_Abril url i verificar capçalera_Fils:100;Rampup:65;Durada:20" time="0.054">
        <failure message="Not Found">Test failed: text expected to contain /Model de Qualitat de Solucions/</failure>
    </testcase>
    <testcase classname="testmeter.generalitat" name="TestNegatiu_Abril url i verificar capçalera_Fils:100;Rampup:65;Durada:20" time="0.027">
        <failure message="Not Found">Test failed: text expected to contain /Model de Qualitat de Solucions/</failure>
    </testcase>
    <testcase classname="testmeter.generalitat" name="TestNegatiu_Abril url i verificar capçalera_Fils:100;Rampup:65;Durada:20" time="0.051">
        <failure message="Not Found">Test failed: text expected to contain /Model de Qualitat de Solucions/</failure>
    </testcase>
    <testcase classname="testmeter.generalitat" name="Abril url i verificar capçalera_Fils:100;Rampup:65;Durada:20" time="0.035"/>
    <testcase classname="testmeter.generalitat" name="Abril url i verificar capçalera_Fils:100;Rampup:65;Durada:20" time="0.042"/>
    <testcase classname="testmeter.generalitat" name="Abril url i verificar capçalera_Fils:100;Rampup:65;Durada:20" time="0.029"/>
    <testcase classname="testmeter.generalitat" name="Abril url i verificar capçalera_Fils:100;Rampup:65;Durada:20" time="0.029"/>
    <testcase classname="testmeter.generalitat" name="TestNegatiu_Abril url i verificar capçalera_Fils:100;Rampup:65;Durada:20" time="0.027">
        <failure message="Not Found">Test failed: text expected to contain /Model de Qualitat de Solucions/</failure>
    </testcase>
    <testcase classname="testmeter.generalitat" name="TestNegatiu_Abril url i verificar capçalera_Fils:100;Rampup:65;Durada:20" time="0.029">
        <failure message="Not Found">Test failed: text expected to contain /Model de Qualitat de Solucions/</failure>
    </testcase>
    <testcase classname="testmeter.generalitat" name="TestNegatiu_Abril url i verificar capçalera_Fils:100;Rampup:65;Durada:20" time="0.030">
        <failure message="Not Found">Test failed: text expected to contain /Model de Qualitat de Solucions/</failure>
    </testcase>
    <testcase classname="testmeter.generalitat" name="Abril url i verificar capçalera_Fils:100;Rampup:65;Durada:20" time="0.064"/>
    <testcase classname="testmeter.generalitat" name="Abril url i verificar capçalera_Fils:100;Rampup:65;Durada:20" time="0.123"/>
    <testcase classname="testmeter.generalitat" name="Abril url i verificar capçalera_Fils:100;Rampup:65;Durada:20" time="0.064"/>
    <testcase classname="testmeter.generalitat" name="TestNegatiu_Abril url i verificar capçalera_Fils:100;Rampup:65;Durada:20" time="0.057">
        <failure message="Not Found">Test failed: text expected to contain /Model de Qualitat de Solucions/</failure>
    </testcase>
    <testcase classname="testmeter.generalitat" name="Abril url i verificar capçalera_Fils:100;Rampup:65;Durada:20" time="0.153"/>
    <testcase classname="testmeter.generalitat" name="Abril url i verificar capçalera_Fils:100;Rampup:65;Durada:20" time="0.071"/>
    <testcase classname="testmeter.generalitat" name="Abril url i verificar capçalera_Fils:100;Rampup:65;Durada:20" time="0.025"/>
    <testcase classname="testmeter.generalitat" name="TestNegatiu_Abril url i verificar capçalera_Fils:100;Rampup:65;Durada:20" time="0.025">
        <failure message="Not Found">Test failed: text expected to contain /Model de Qualitat de Solucions/</failure>
    </testcase>
    <testcase classname="testmeter.generalitat" name="TestNegatiu_Abril url i verificar capçalera_Fils:100;Rampup:65;Durada:20" time="0.024">
        <failure message="Not Found">Test failed: text expected to contain /Model de Qualitat de Solucions/</failure>
    </testcase>
    <testcase classname="testmeter.generalitat" name="Abril url i verificar capçalera_Fils:100;Rampup:65;Durada:20" time="0.030"/>
    <testcase classname="testmeter.generalitat" name="TestNegatiu_Abril url i verificar capçalera_Fils:100;Rampup:65;Durada:20" time="0.027">
        <failure message="Not Found">Test failed: text expected to contain /Model de Qualitat de Solucions/</failure>
    </testcase>
    <testcase classname="testmeter.generalitat" name="TestNegatiu_Abril url i verificar capçalera_Fils:100;Rampup:65;Durada:20" time="0.028">
        <failure message="Not Found">Test failed: text expected to contain /Model de Qualitat de Solucions/</failure>
    </testcase>
    <testcase classname="testmeter.generalitat" name="Abril url i verificar capçalera_Fils:100;Rampup:65;Durada:20" time="0.030"/>
    <testcase classname="testmeter.generalitat" name="Abril url i verificar capçalera_Fils:100;Rampup:65;Durada:20" time="0.030"/>
    <testcase classname="testmeter.generalitat" name="TestNegatiu_Abril url i verificar capçalera_Fils:100;Rampup:65;Durada:20" time="0.023">
        <failure message="Not Found">Test failed: text expected to contain /Model de Qualitat de Solucions/</failure>
    </testcase>
    <testcase classname="testmeter.generalitat" name="TestNegatiu_Abril url i verificar capçalera_Fils:100;Rampup:65;Durada:20" time="0.022">
        <failure message="Not Found">Test failed: text expected to contain /Model de Qualitat de Solucions/</failure>
    </testcase>
    <testcase classname="testmeter.generalitat" name="TestNegatiu_Abril url i verificar capçalera_Fils:100;Rampup:65;Durada:20" time="0.023">
        <failure message="Not Found">Test failed: text expected to contain /Model de Qualitat de Solucions/</failure>
    </testcase>
    <testcase classname="testmeter.generalitat" name="Abril url i verificar capçalera_Fils:100;Rampup:65;Durada:20" time="0.027"/>
    <testcase classname="testmeter.generalitat" name="Abril url i verificar capçalera_Fils:100;Rampup:65;Durada:20" time="0.026"/>
    <testcase classname="testmeter.generalitat" name="Abril url i verificar capçalera_Fils:100;Rampup:65;Durada:20" time="0.026"/>
    <testcase classname="testmeter.generalitat" name="TestNegatiu_Abril url i verificar capçalera_Fils:100;Rampup:65;Durada:20" time="0.024">
        <failure message="Not Found">Test failed: text expected to contain /Model de Qualitat de Solucions/</failure>
    </testcase>
    <testcase classname="testmeter.generalitat" name="TestNegatiu_Abril url i verificar capçalera_Fils:100;Rampup:65;Durada:20" time="0.051">
        <failure message="Not Found">Test failed: text expected to contain /Model de Qualitat de Solucions/</failure>
    </testcase>
    <testcase classname="testmeter.generalitat" name="TestNegatiu_Abril url i verificar capçalera_Fils:100;Rampup:65;Durada:20" time="0.052">
        <failure message="Not Found">Test failed: text expected to contain /Model de Qualitat de Solucions/</failure>
    </testcase>
    <testcase classname="testmeter.generalitat" name="TestNegatiu_Abril url i verificar capçalera_Fils:100;Rampup:65;Durada:20" time="0.023">
        <failure message="Not Found">Test failed: text expected to contain /Model de Qualitat de Solucions/</failure>
    </testcase>
    <testcase classname="testmeter.generalitat" name="Abril url i verificar capçalera_Fils:100;Rampup:65;Durada:20" time="0.050"/>
    <testcase classname="testmeter.generalitat" name="TestNegatiu_Abril url i verificar capçalera_Fils:100;Rampup:65;Durada:20" time="0.025">
        <failure message="Not Found">Test failed: text expected to contain /Model de Qualitat de Solucions/</failure>
    </testcase>
    <testcase classname="testmeter.generalitat" name="Abril url i verificar capçalera_Fils:100;Rampup:65;Durada:20" time="0.024"/>
    <testcase classname="testmeter.generalitat" name="TestNegatiu_Abril url i verificar capçalera_Fils:100;Rampup:65;Durada:20" time="0.026">
        <failure message="Not Found">Test failed: text expected to contain /Model de Qualitat de Solucions/</failure>
    </testcase>
    <testcase classname="testmeter.generalitat" name="TestNegatiu_Abril url i verificar capçalera_Fils:100;Rampup:65;Durada:20" time="0.026">
        <failure message="Not Found">Test failed: text expected to contain /Model de Qualitat de Solucions/</failure>
    </testcase>
    <testcase classname="testmeter.generalitat" name="TestNegatiu_Abril url i verificar capçalera_Fils:100;Rampup:65;Durada:20" time="0.031">
        <failure message="Not Found">Test failed: text expected to contain /Model de Qualitat de Solucions/</failure>
    </testcase>
    <testcase classname="testmeter.generalitat" name="TestNegatiu_Abril url i verificar capçalera_Fils:100;Rampup:65;Durada:20" time="0.027">
        <failure message="Not Found">Test failed: text expected to contain /Model de Qualitat de Solucions/</failure>
    </testcase>
    <testcase classname="testmeter.generalitat" name="TestNegatiu_Abril url i verificar capçalera_Fils:100;Rampup:65;Durada:20" time="0.028">
        <failure message="Not Found">Test failed: text expected to contain /Model de Qualitat de Solucions/</failure>
    </testcase>
    <testcase classname="testmeter.generalitat" name="Abril url i verificar capçalera_Fils:100;Rampup:65;Durada:20" time="0.036"/>
    <testcase classname="testmeter.generalitat" name="Abril url i verificar capçalera_Fils:100;Rampup:65;Durada:20" time="0.035"/>
    <testcase classname="testmeter.generalitat" name="Abril url i verificar capçalera_Fils:100;Rampup:65;Durada:20" time="0.029"/>
    <testcase classname="testmeter.generalitat" name="Abril url i verificar capçalera_Fils:100;Rampup:65;Durada:20" time="0.070"/>
    <testcase classname="testmeter.generalitat" name="TestNegatiu_Abril url i verificar capçalera_Fils:100;Rampup:65;Durada:20" time="0.028">
        <failure message="Not Found">Test failed: text expected to contain /Model de Qualitat de Solucions/</failure>
    </testcase>
    <testcase classname="testmeter.generalitat" name="TestNegatiu_Abril url i verificar capçalera_Fils:100;Rampup:65;Durada:20" time="0.025">
        <failure message="Not Found">Test failed: text expected to contain /Model de Qualitat de Solucions/</failure>
    </testcase>
    <testcase classname="testmeter.generalitat" name="Abril url i verificar capçalera_Fils:100;Rampup:65;Durada:20" time="0.028"/>
    <testcase classname="testmeter.generalitat" name="Abril url i verificar capçalera_Fils:100;Rampup:65;Durada:20" time="0.121"/>
    <testcase classname="testmeter.generalitat" name="Abril url i verificar capçalera_Fils:100;Rampup:65;Durada:20" time="0.025"/>
    <testcase classname="testmeter.generalitat" name="Abril url i verificar capçalera_Fils:100;Rampup:65;Durada:20" time="0.046"/>
    <testcase classname="testmeter.generalitat" name="Abril url i verificar capçalera_Fils:100;Rampup:65;Durada:20" time="0.048"/>
    <testcase classname="testmeter.generalitat" name="TestNegatiu_Abril url i verificar capçalera_Fils:100;Rampup:65;Durada:20" time="0.028">
        <failure message="Not Found">Test failed: text expected to contain /Model de Qualitat de Solucions/</failure>
    </testcase>
    <testcase classname="testmeter.generalitat" name="TestNegatiu_Abril url i verificar capçalera_Fils:100;Rampup:65;Durada:20" time="0.027">
        <failure message="Not Found">Test failed: text expected to contain /Model de Qualitat de Solucions/</failure>
    </testcase>
    <testcase classname="testmeter.generalitat" name="TestNegatiu_Abril url i verificar capçalera_Fils:100;Rampup:65;Durada:20" time="0.027">
        <failure message="Not Found">Test failed: text expected to contain /Model de Qualitat de Solucions/</failure>
    </testcase>
    <testcase classname="testmeter.generalitat" name="Abril url i verificar capçalera_Fils:100;Rampup:65;Durada:20" time="0.029"/>
    <testcase classname="testmeter.generalitat" name="Abril url i verificar capçalera_Fils:100;Rampup:65;Durada:20" time="0.058"/>
    <testcase classname="testmeter.generalitat" name="Abril url i verificar capçalera_Fils:100;Rampup:65;Durada:20" time="0.071"/>
    <testcase classname="testmeter.generalitat" name="TestNegatiu_Abril url i verificar capçalera_Fils:100;Rampup:65;Durada:20" time="0.024">
        <failure message="Not Found">Test failed: text expected to contain /Model de Qualitat de Solucions/</failure>
    </testcase>
    <testcase classname="testmeter.generalitat" name="Abril url i verificar capçalera_Fils:100;Rampup:65;Durada:20" time="0.046"/>
    <testcase classname="testmeter.generalitat" name="TestNegatiu_Abril url i verificar capçalera_Fils:100;Rampup:65;Durada:20" time="0.022">
        <failure message="Not Found">Test failed: text expected to contain /Model de Qualitat de Solucions/</failure>
    </testcase>
    <testcase classname="testmeter.generalitat" name="Abril url i verificar capçalera_Fils:100;Rampup:65;Durada:20" time="0.046"/>
    <testcase classname="testmeter.generalitat" name="Abril url i verificar capçalera_Fils:100;Rampup:65;Durada:20" time="0.029"/>
    <testcase classname="testmeter.generalitat" name="Abril url i verificar capçalera_Fils:100;Rampup:65;Durada:20" time="0.031"/>
    <testcase classname="testmeter.generalitat" name="Abril url i verificar capçalera_Fils:100;Rampup:65;Durada:20" time="0.030"/>
    <testcase classname="testmeter.generalitat" name="Abril url i verificar capçalera_Fils:100;Rampup:65;Durada:20" time="0.025"/>
    <testcase classname="testmeter.generalitat" name="Abril url i verificar capçalera_Fils:100;Rampup:65;Durada:20" time="0.066"/>
    <testcase classname="testmeter.generalitat" name="TestNegatiu_Abril url i verificar capçalera_Fils:100;Rampup:65;Durada:20" time="0.023">
        <failure message="Not Found">Test failed: text expected to contain /Model de Qualitat de Solucions/</failure>
    </testcase>
    <testcase classname="testmeter.generalitat" name="TestNegatiu_Abril url i verificar capçalera_Fils:100;Rampup:65;Durada:20" time="0.024">
        <failure message="Not Found">Test failed: text expected to contain /Model de Qualitat de Solucions/</failure>
    </testcase>
    <testcase classname="testmeter.generalitat" name="TestNegatiu_Abril url i verificar capçalera_Fils:100;Rampup:65;Durada:20" time="0.024">
        <failure message="Not Found">Test failed: text expected to contain /Model de Qualitat de Solucions/</failure>
    </testcase>
    <testcase classname="testmeter.generalitat" name="Abril url i verificar capçalera_Fils:100;Rampup:65;Durada:20" time="0.045"/>
    <testcase classname="testmeter.generalitat" name="Abril url i verificar capçalera_Fils:100;Rampup:65;Durada:20" time="0.027"/>
    <testcase classname="testmeter.generalitat" name="Abril url i verificar capçalera_Fils:100;Rampup:65;Durada:20" time="0.027"/>
    <testcase classname="testmeter.generalitat" name="TestNegatiu_Abril url i verificar capçalera_Fils:100;Rampup:65;Durada:20" time="0.026">
        <failure message="Not Found">Test failed: text expected to contain /Model de Qualitat de Solucions/</failure>
    </testcase>
    <testcase classname="testmeter.generalitat" name="TestNegatiu_Abril url i verificar capçalera_Fils:100;Rampup:65;Durada:20" time="0.047">
        <failure message="Not Found">Test failed: text expected to contain /Model de Qualitat de Solucions/</failure>
    </testcase>
    <testcase classname="testmeter.generalitat" name="Abril url i verificar capçalera_Fils:100;Rampup:65;Durada:20" time="0.025"/>
    <testcase classname="testmeter.generalitat" name="TestNegatiu_Abril url i verificar capçalera_Fils:100;Rampup:65;Durada:20" time="0.027">
        <failure message="Not Found">Test failed: text expected to contain /Model de Qualitat de Solucions/</failure>
    </testcase>
    <testcase classname="testmeter.generalitat" name="TestNegatiu_Abril url i verificar capçalera_Fils:100;Rampup:65;Durada:20" time="0.022">
        <failure message="Not Found">Test failed: text expected to contain /Model de Qualitat de Solucions/</failure>
    </testcase>
    <testcase classname="testmeter.generalitat" name="Abril url i verificar capçalera_Fils:100;Rampup:65;Durada:20" time="0.026"/>
    <testcase classname="testmeter.generalitat" name="TestNegatiu_Abril url i verificar capçalera_Fils:100;Rampup:65;Durada:20" time="0.026">
        <failure message="Not Found">Test failed: text expected to contain /Model de Qualitat de Solucions/</failure>
    </testcase>
    <testcase classname="testmeter.generalitat" name="TestNegatiu_Abril url i verificar capçalera_Fils:100;Rampup:65;Durada:20" time="0.099">
        <failure message="Not Found">Test failed: text expected to contain /Model de Qualitat de Solucions/</failure>
    </testcase>
    <testcase classname="testmeter.generalitat" name="TestNegatiu_Abril url i verificar capçalera_Fils:100;Rampup:65;Durada:20" time="0.067">
        <failure message="Not Found">Test failed: text expected to contain /Model de Qualitat de Solucions/</failure>
    </testcase>
    <testcase classname="testmeter.generalitat" name="Abril url i verificar capçalera_Fils:100;Rampup:65;Durada:20" time="0.088"/>
    <testcase classname="testmeter.generalitat" name="Abril url i verificar capçalera_Fils:100;Rampup:65;Durada:20" time="0.041"/>
    <testcase classname="testmeter.generalitat" name="TestNegatiu_Abril url i verificar capçalera_Fils:100;Rampup:65;Durada:20" time="0.034">
        <failure message="Not Found">Test failed: text expected to contain /Model de Qualitat de Solucions/</failure>
    </testcase>
    <testcase classname="testmeter.generalitat" name="TestNegatiu_Abril url i verificar capçalera_Fils:100;Rampup:65;Durada:20" time="0.033">
        <failure message="Not Found">Test failed: text expected to contain /Model de Qualitat de Solucions/</failure>
    </testcase>
    <testcase classname="testmeter.generalitat" name="TestNegatiu_Abril url i verificar capçalera_Fils:100;Rampup:65;Durada:20" time="0.033">
        <failure message="Not Found">Test failed: text expected to contain /Model de Qualitat de Solucions/</failure>
    </testcase>
    <testcase classname="testmeter.generalitat" name="TestNegatiu_Abril url i verificar capçalera_Fils:100;Rampup:65;Durada:20" time="0.025">
        <failure message="Not Found">Test failed: text expected to contain /Model de Qualitat de Solucions/</failure>
    </testcase>
    <testcase classname="testmeter.generalitat" name="TestNegatiu_Abril url i verificar capçalera_Fils:100;Rampup:65;Durada:20" time="0.026">
        <failure message="Not Found">Test failed: text expected to contain /Model de Qualitat de Solucions/</failure>
    </testcase>
    <testcase classname="testmeter.generalitat" name="TestNegatiu_Abril url i verificar capçalera_Fils:100;Rampup:65;Durada:20" time="0.026">
        <failure message="Not Found">Test failed: text expected to contain /Model de Qualitat de Solucions/</failure>
    </testcase>
    <testcase classname="testmeter.generalitat" name="Abril url i verificar capçalera_Fils:100;Rampup:65;Durada:20" time="0.025"/>
    <testcase classname="testmeter.generalitat" name="TestNegatiu_Abril url i verificar capçalera_Fils:100;Rampup:65;Durada:20" time="0.054">
        <failure message="Not Found">Test failed: text expected to contain /Model de Qualitat de Solucions/</failure>
    </testcase>
    <testcase classname="testmeter.generalitat" name="TestNegatiu_Abril url i verificar capçalera_Fils:100;Rampup:65;Durada:20" time="0.029">
        <failure message="Not Found">Test failed: text expected to contain /Model de Qualitat de Solucions/</failure>
    </testcase>
    <testcase classname="testmeter.generalitat" name="TestNegatiu_Abril url i verificar capçalera_Fils:100;Rampup:65;Durada:20" time="0.027">
        <failure message="Not Found">Test failed: text expected to contain /Model de Qualitat de Solucions/</failure>
    </testcase>
    <testcase classname="testmeter.generalitat" name="Abril url i verificar capçalera_Fils:100;Rampup:65;Durada:20" time="0.029"/>
    <testcase classname="testmeter.generalitat" name="TestNegatiu_Abril url i verificar capçalera_Fils:100;Rampup:65;Durada:20" time="0.049">
        <failure message="Not Found">Test failed: text expected to contain /Model de Qualitat de Solucions/</failure>
    </testcase>
    <testcase classname="testmeter.generalitat" name="Abril url i verificar capçalera_Fils:100;Rampup:65;Durada:20" time="0.043"/>
    <testcase classname="testmeter.generalitat" name="TestNegatiu_Abril url i verificar capçalera_Fils:100;Rampup:65;Durada:20" time="0.024">
        <failure message="Not Found">Test failed: text expected to contain /Model de Qualitat de Solucions/</failure>
    </testcase>
    <testcase classname="testmeter.generalitat" name="Abril url i verificar capçalera_Fils:100;Rampup:65;Durada:20" time="0.027"/>
    <testcase classname="testmeter.generalitat" name="Abril url i verificar capçalera_Fils:100;Rampup:65;Durada:20" time="0.047"/>
    <testcase classname="testmeter.generalitat" name="Abril url i verificar capçalera_Fils:100;Rampup:65;Durada:20" time="0.028"/>
    <testcase classname="testmeter.generalitat" name="Abril url i verificar capçalera_Fils:100;Rampup:65;Durada:20" time="0.027"/>
    <testcase classname="testmeter.generalitat" name="Abril url i verificar capçalera_Fils:100;Rampup:65;Durada:20" time="0.028"/>
    <testcase classname="testmeter.generalitat" name="TestNegatiu_Abril url i verificar capçalera_Fils:100;Rampup:65;Durada:20" time="0.025">
        <failure message="Not Found">Test failed: text expected to contain /Model de Qualitat de Solucions/</failure>
    </testcase>
    <testcase classname="testmeter.generalitat" name="Abril url i verificar capçalera_Fils:100;Rampup:65;Durada:20" time="0.028"/>
    <testcase classname="testmeter.generalitat" name="Abril url i verificar capçalera_Fils:100;Rampup:65;Durada:20" time="0.028"/>
    <testcase classname="testmeter.generalitat" name="Abril url i verificar capçalera_Fils:100;Rampup:65;Durada:20" time="0.027"/>
    <testcase classname="testmeter.generalitat" name="Abril url i verificar capçalera_Fils:100;Rampup:65;Durada:20" time="0.053"/>
    <testcase classname="testmeter.generalitat" name="TestNegatiu_Abril url i verificar capçalera_Fils:100;Rampup:65;Durada:20" time="0.023">
        <failure message="Not Found">Test failed: text expected to contain /Model de Qualitat de Solucions/</failure>
    </testcase>
    <testcase classname="testmeter.generalitat" name="Abril url i verificar capçalera_Fils:100;Rampup:65;Durada:20" time="0.025"/>
    <testcase classname="testmeter.generalitat" name="TestNegatiu_Abril url i verificar capçalera_Fils:100;Rampup:65;Durada:20" time="0.050">
        <failure message="Not Found">Test failed: text expected to contain /Model de Qualitat de Solucions/</failure>
    </testcase>
    <testcase classname="testmeter.generalitat" name="Abril url i verificar capçalera_Fils:100;Rampup:65;Durada:20" time="0.048"/>
    <testcase classname="testmeter.generalitat" name="TestNegatiu_Abril url i verificar capçalera_Fils:100;Rampup:65;Durada:20" time="0.024">
        <failure message="Not Found">Test failed: text expected to contain /Model de Qualitat de Solucions/</failure>
    </testcase>
    <testcase classname="testmeter.generalitat" name="TestNegatiu_Abril url i verificar capçalera_Fils:100;Rampup:65;Durada:20" time="0.029">
        <failure message="Not Found">Test failed: text expected to contain /Model de Qualitat de Solucions/</failure>
    </testcase>
    <testcase classname="testmeter.generalitat" name="TestNegatiu_Abril url i verificar capçalera_Fils:100;Rampup:65;Durada:20" time="0.024">
        <failure message="Not Found">Test failed: text expected to contain /Model de Qualitat de Solucions/</failure>
    </testcase>
    <testcase classname="testmeter.generalitat" name="Abril url i verificar capçalera_Fils:100;Rampup:65;Durada:20" time="0.049"/>
    <testcase classname="testmeter.generalitat" name="TestNegatiu_Abril url i verificar capçalera_Fils:100;Rampup:65;Durada:20" time="0.029">
        <failure message="Not Found">Test failed: text expected to contain /Model de Qualitat de Solucions/</failure>
    </testcase>
    <testcase classname="testmeter.generalitat" name="TestNegatiu_Abril url i verificar capçalera_Fils:100;Rampup:65;Durada:20" time="0.025">
        <failure message="Not Found">Test failed: text expected to contain /Model de Qualitat de Solucions/</failure>
    </testcase>
    <testcase classname="testmeter.generalitat" name="TestNegatiu_Abril url i verificar capçalera_Fils:100;Rampup:65;Durada:20" time="0.024">
        <failure message="Not Found">Test failed: text expected to contain /Model de Qualitat de Solucions/</failure>
    </testcase>
    <testcase classname="testmeter.generalitat" name="Abril url i verificar capçalera_Fils:100;Rampup:65;Durada:20" time="0.043"/>
    <testcase classname="testmeter.generalitat" name="Abril url i verificar capçalera_Fils:100;Rampup:65;Durada:20" time="0.121"/>
    <testcase classname="testmeter.generalitat" name="Abril url i verificar capçalera_Fils:100;Rampup:65;Durada:20" time="0.044"/>
    <testcase classname="testmeter.generalitat" name="TestNegatiu_Abril url i verificar capçalera_Fils:100;Rampup:65;Durada:20" time="0.026">
        <failure message="Not Found">Test failed: text expected to contain /Model de Qualitat de Solucions/</failure>
    </testcase>
    <testcase classname="testmeter.generalitat" name="TestNegatiu_Abril url i verificar capçalera_Fils:100;Rampup:65;Durada:20" time="0.028">
        <failure message="Not Found">Test failed: text expected to contain /Model de Qualitat de Solucions/</failure>
    </testcase>
    <testcase classname="testmeter.generalitat" name="TestNegatiu_Abril url i verificar capçalera_Fils:100;Rampup:65;Durada:20" time="0.025">
        <failure message="Not Found">Test failed: text expected to contain /Model de Qualitat de Solucions/</failure>
    </testcase>
    <testcase classname="testmeter.generalitat" name="Abril url i verificar capçalera_Fils:100;Rampup:65;Durada:20" time="0.033"/>
    <testcase classname="testmeter.generalitat" name="TestNegatiu_Abril url i verificar capçalera_Fils:100;Rampup:65;Durada:20" time="0.035">
        <failure message="Not Found">Test failed: text expected to contain /Model de Qualitat de Solucions/</failure>
    </testcase>
    <testcase classname="testmeter.generalitat" name="TestNegatiu_Abril url i verificar capçalera_Fils:100;Rampup:65;Durada:20" time="0.027">
        <failure message="Not Found">Test failed: text expected to contain /Model de Qualitat de Solucions/</failure>
    </testcase>
    <testcase classname="testmeter.generalitat" name="TestNegatiu_Abril url i verificar capçalera_Fils:100;Rampup:65;Durada:20" time="0.033">
        <failure message="Not Found">Test failed: text expected to contain /Model de Qualitat de Solucions/</failure>
    </testcase>
    <testcase classname="testmeter.generalitat" name="TestNegatiu_Abril url i verificar capçalera_Fils:100;Rampup:65;Durada:20" time="0.030">
        <failure message="Not Found">Test failed: text expected to contain /Model de Qualitat de Solucions/</failure>
    </testcase>
    <testcase classname="testmeter.generalitat" name="Abril url i verificar capçalera_Fils:100;Rampup:65;Durada:20" time="0.029"/>
    <testcase classname="testmeter.generalitat" name="Abril url i verificar capçalera_Fils:100;Rampup:65;Durada:20" time="0.091"/>
    <testcase classname="testmeter.generalitat" name="TestNegatiu_Abril url i verificar capçalera_Fils:100;Rampup:65;Durada:20" time="0.024">
        <failure message="Not Found">Test failed: text expected to contain /Model de Qualitat de Solucions/</failure>
    </testcase>
    <testcase classname="testmeter.generalitat" name="Abril url i verificar capçalera_Fils:100;Rampup:65;Durada:20" time="0.028"/>
    <testcase classname="testmeter.generalitat" name="Abril url i verificar capçalera_Fils:100;Rampup:65;Durada:20" time="0.039"/>
    <testcase classname="testmeter.generalitat" name="TestNegatiu_Abril url i verificar capçalera_Fils:100;Rampup:65;Durada:20" time="0.026">
        <failure message="Not Found">Test failed: text expected to contain /Model de Qualitat de Solucions/</failure>
    </testcase>
    <testcase classname="testmeter.generalitat" name="Abril url i verificar capçalera_Fils:100;Rampup:65;Durada:20" time="0.029"/>
    <testcase classname="testmeter.generalitat" name="Abril url i verificar capçalera_Fils:100;Rampup:65;Durada:20" time="0.039"/>
    <testcase classname="testmeter.generalitat" name="Abril url i verificar capçalera_Fils:100;Rampup:65;Durada:20" time="0.072"/>
    <testcase classname="testmeter.generalitat" name="Abril url i verificar capçalera_Fils:100;Rampup:65;Durada:20" time="0.038"/>
    <testcase classname="testmeter.generalitat" name="TestNegatiu_Abril url i verificar capçalera_Fils:100;Rampup:65;Durada:20" time="0.025">
        <failure message="Not Found">Test failed: text expected to contain /Model de Qualitat de Solucions/</failure>
    </testcase>
    <testcase classname="testmeter.generalitat" name="Abril url i verificar capçalera_Fils:100;Rampup:65;Durada:20" time="0.028"/>
    <testcase classname="testmeter.generalitat" name="TestNegatiu_Abril url i verificar capçalera_Fils:100;Rampup:65;Durada:20" time="0.023">
        <failure message="Not Found">Test failed: text expected to contain /Model de Qualitat de Solucions/</failure>
    </testcase>
    <testcase classname="testmeter.generalitat" name="Abril url i verificar capçalera_Fils:100;Rampup:65;Durada:20" time="0.046"/>
    <testcase classname="testmeter.generalitat" name="Abril url i verificar capçalera_Fils:100;Rampup:65;Durada:20" time="0.031"/>
    <testcase classname="testmeter.generalitat" name="Abril url i verificar capçalera_Fils:100;Rampup:65;Durada:20" time="0.028"/>
    <testcase classname="testmeter.generalitat" name="Abril url i verificar capçalera_Fils:100;Rampup:65;Durada:20" time="0.030"/>
    <testcase classname="testmeter.generalitat" name="Abril url i verificar capçalera_Fils:100;Rampup:65;Durada:20" time="0.030"/>
    <testcase classname="testmeter.generalitat" name="TestNegatiu_Abril url i verificar capçalera_Fils:100;Rampup:65;Durada:20" time="0.042">
        <failure message="Not Found">Test failed: text expected to contain /Model de Qualitat de Solucions/</failure>
    </testcase>
    <testcase classname="testmeter.generalitat" name="TestNegatiu_Abril url i verificar capçalera_Fils:100;Rampup:65;Durada:20" time="0.025">
        <failure message="Not Found">Test failed: text expected to contain /Model de Qualitat de Solucions/</failure>
    </testcase>
    <testcase classname="testmeter.generalitat" name="TestNegatiu_Abril url i verificar capçalera_Fils:100;Rampup:65;Durada:20" time="0.027">
        <failure message="Not Found">Test failed: text expected to contain /Model de Qualitat de Solucions/</failure>
    </testcase>
    <testcase classname="testmeter.generalitat" name="TestNegatiu_Abril url i verificar capçalera_Fils:100;Rampup:65;Durada:20" time="0.029">
        <failure message="Not Found">Test failed: text expected to contain /Model de Qualitat de Solucions/</failure>
    </testcase>
    <testcase classname="testmeter.generalitat" name="Abril url i verificar capçalera_Fils:100;Rampup:65;Durada:20" time="0.073"/>
    <testcase classname="testmeter.generalitat" name="TestNegatiu_Abril url i verificar capçalera_Fils:100;Rampup:65;Durada:20" time="0.029">
        <failure message="Not Found">Test failed: text expected to contain /Model de Qualitat de Solucions/</failure>
    </testcase>
    <testcase classname="testmeter.generalitat" name="TestNegatiu_Abril url i verificar capçalera_Fils:100;Rampup:65;Durada:20" time="0.030">
        <failure message="Not Found">Test failed: text expected to contain /Model de Qualitat de Solucions/</failure>
    </testcase>
    <testcase classname="testmeter.generalitat" name="Abril url i verificar capçalera_Fils:100;Rampup:65;Durada:20" time="0.052"/>
    <testcase classname="testmeter.generalitat" name="Abril url i verificar capçalera_Fils:100;Rampup:65;Durada:20" time="0.027"/>
    <testcase classname="testmeter.generalitat" name="TestNegatiu_Abril url i verificar capçalera_Fils:100;Rampup:65;Durada:20" time="0.048">
        <failure message="Not Found">Test failed: text expected to contain /Model de Qualitat de Solucions/</failure>
    </testcase>
    <testcase classname="testmeter.generalitat" name="TestNegatiu_Abril url i verificar capçalera_Fils:100;Rampup:65;Durada:20" time="0.029">
        <failure message="Not Found">Test failed: text expected to contain /Model de Qualitat de Solucions/</failure>
    </testcase>
    <testcase classname="testmeter.generalitat" name="TestNegatiu_Abril url i verificar capçalera_Fils:100;Rampup:65;Durada:20" time="0.026">
        <failure message="Not Found">Test failed: text expected to contain /Model de Qualitat de Solucions/</failure>
    </testcase>
    <testcase classname="testmeter.generalitat" name="TestNegatiu_Abril url i verificar capçalera_Fils:100;Rampup:65;Durada:20" time="0.028">
        <failure message="Not Found">Test failed: text expected to contain /Model de Qualitat de Solucions/</failure>
    </testcase>
    <testcase classname="testmeter.generalitat" name="Abril url i verificar capçalera_Fils:100;Rampup:65;Durada:20" time="0.027"/>
    <testcase classname="testmeter.generalitat" name="Abril url i verificar capçalera_Fils:100;Rampup:65;Durada:20" time="0.041"/>
    <testcase classname="testmeter.generalitat" name="Abril url i verificar capçalera_Fils:100;Rampup:65;Durada:20" time="0.053"/>
    <testcase classname="testmeter.generalitat" name="TestNegatiu_Abril url i verificar capçalera_Fils:100;Rampup:65;Durada:20" time="0.026">
        <failure message="Not Found">Test failed: text expected to contain /Model de Qualitat de Solucions/</failure>
    </testcase>
    <testcase classname="testmeter.generalitat" name="TestNegatiu_Abril url i verificar capçalera_Fils:100;Rampup:65;Durada:20" time="0.027">
        <failure message="Not Found">Test failed: text expected to contain /Model de Qualitat de Solucions/</failure>
    </testcase>
    <testcase classname="testmeter.generalitat" name="TestNegatiu_Abril url i verificar capçalera_Fils:100;Rampup:65;Durada:20" time="0.027">
        <failure message="Not Found">Test failed: text expected to contain /Model de Qualitat de Solucions/</failure>
    </testcase>
    <testcase classname="testmeter.generalitat" name="TestNegatiu_Abril url i verificar capçalera_Fils:100;Rampup:65;Durada:20" time="0.049">
        <failure message="Not Found">Test failed: text expected to contain /Model de Qualitat de Solucions/</failure>
    </testcase>
    <testcase classname="testmeter.generalitat" name="Abril url i verificar capçalera_Fils:100;Rampup:65;Durada:20" time="0.050"/>
    <testcase classname="testmeter.generalitat" name="Abril url i verificar capçalera_Fils:100;Rampup:65;Durada:20" time="0.130"/>
    <testcase classname="testmeter.generalitat" name="Abril url i verificar capçalera_Fils:100;Rampup:65;Durada:20" time="0.030"/>
    <testcase classname="testmeter.generalitat" name="TestNegatiu_Abril url i verificar capçalera_Fils:100;Rampup:65;Durada:20" time="0.026">
        <failure message="Not Found">Test failed: text expected to contain /Model de Qualitat de Solucions/</failure>
    </testcase>
    <testcase classname="testmeter.generalitat" name="TestNegatiu_Abril url i verificar capçalera_Fils:100;Rampup:65;Durada:20" time="0.028">
        <failure message="Not Found">Test failed: text expected to contain /Model de Qualitat de Solucions/</failure>
    </testcase>
    <testcase classname="testmeter.generalitat" name="Abril url i verificar capçalera_Fils:100;Rampup:65;Durada:20" time="0.030"/>
    <testcase classname="testmeter.generalitat" name="Abril url i verificar capçalera_Fils:100;Rampup:65;Durada:20" time="0.155"/>
    <testcase classname="testmeter.generalitat" name="Abril url i verificar capçalera_Fils:100;Rampup:65;Durada:20" time="0.030"/>
    <testcase classname="testmeter.generalitat" name="Abril url i verificar capçalera_Fils:100;Rampup:65;Durada:20" time="0.030"/>
    <testcase classname="testmeter.generalitat" name="TestNegatiu_Abril url i verificar capçalera_Fils:100;Rampup:65;Durada:20" time="0.027">
        <failure message="Not Found">Test failed: text expected to contain /Model de Qualitat de Solucions/</failure>
    </testcase>
    <testcase classname="testmeter.generalitat" name="TestNegatiu_Abril url i verificar capçalera_Fils:100;Rampup:65;Durada:20" time="0.026">
        <failure message="Not Found">Test failed: text expected to contain /Model de Qualitat de Solucions/</failure>
    </testcase>
    <testcase classname="testmeter.generalitat" name="Abril url i verificar capçalera_Fils:100;Rampup:65;Durada:20" time="0.027"/>
    <testcase classname="testmeter.generalitat" name="TestNegatiu_Abril url i verificar capçalera_Fils:100;Rampup:65;Durada:20" time="0.026">
        <failure message="Not Found">Test failed: text expected to contain /Model de Qualitat de Solucions/</failure>
    </testcase>
    <testcase classname="testmeter.generalitat" name="Abril url i verificar capçalera_Fils:100;Rampup:65;Durada:20" time="0.043"/>
    <testcase classname="testmeter.generalitat" name="Abril url i verificar capçalera_Fils:100;Rampup:65;Durada:20" time="0.025"/>
    <testcase classname="testmeter.generalitat" name="Abril url i verificar capçalera_Fils:100;Rampup:65;Durada:20" time="0.030"/>
    <testcase classname="testmeter.generalitat" name="Abril url i verificar capçalera_Fils:100;Rampup:65;Durada:20" time="0.028"/>
    <testcase classname="testmeter.generalitat" name="Abril url i verificar capçalera_Fils:100;Rampup:65;Durada:20" time="0.028"/>
    <testcase classname="testmeter.generalitat" name="TestNegatiu_Abril url i verificar capçalera_Fils:100;Rampup:65;Durada:20" time="0.048">
        <failure message="Not Found">Test failed: text expected to contain /Model de Qualitat de Solucions/</failure>
    </testcase>
    <testcase classname="testmeter.generalitat" name="TestNegatiu_Abril url i verificar capçalera_Fils:100;Rampup:65;Durada:20" time="0.026">
        <failure message="Not Found">Test failed: text expected to contain /Model de Qualitat de Solucions/</failure>
    </testcase>
    <testcase classname="testmeter.generalitat" name="Abril url i verificar capçalera_Fils:100;Rampup:65;Durada:20" time="0.043"/>
    <testcase classname="testmeter.generalitat" name="TestNegatiu_Abril url i verificar capçalera_Fils:100;Rampup:65;Durada:20" time="0.027">
        <failure message="Not Found">Test failed: text expected to contain /Model de Qualitat de Solucions/</failure>
    </testcase>
    <testcase classname="testmeter.generalitat" name="TestNegatiu_Abril url i verificar capçalera_Fils:100;Rampup:65;Durada:20" time="0.028">
        <failure message="Not Found">Test failed: text expected to contain /Model de Qualitat de Solucions/</failure>
    </testcase>
    <testcase classname="testmeter.generalitat" name="Abril url i verificar capçalera_Fils:100;Rampup:65;Durada:20" time="0.025"/>
    <testcase classname="testmeter.generalitat" name="TestNegatiu_Abril url i verificar capçalera_Fils:100;Rampup:65;Durada:20" time="0.025">
        <failure message="Not Found">Test failed: text expected to contain /Model de Qualitat de Solucions/</failure>
    </testcase>
    <testcase classname="testmeter.generalitat" name="Abril url i verificar capçalera_Fils:100;Rampup:65;Durada:20" time="0.069"/>
    <testcase classname="testmeter.generalitat" name="TestNegatiu_Abril url i verificar capçalera_Fils:100;Rampup:65;Durada:20" time="0.029">
        <failure message="Not Found">Test failed: text expected to contain /Model de Qualitat de Solucions/</failure>
    </testcase>
    <testcase classname="testmeter.generalitat" name="Abril url i verificar capçalera_Fils:100;Rampup:65;Durada:20" time="0.027"/>
    <testcase classname="testmeter.generalitat" name="TestNegatiu_Abril url i verificar capçalera_Fils:100;Rampup:65;Durada:20" time="0.031">
        <failure message="Not Found">Test failed: text expected to contain /Model de Qualitat de Solucions/</failure>
    </testcase>
    <testcase classname="testmeter.generalitat" name="TestNegatiu_Abril url i verificar capçalera_Fils:100;Rampup:65;Durada:20" time="0.025">
        <failure message="Not Found">Test failed: text expected to contain /Model de Qualitat de Solucions/</failure>
    </testcase>
    <testcase classname="testmeter.generalitat" name="TestNegatiu_Abril url i verificar capçalera_Fils:100;Rampup:65;Durada:20" time="0.025">
        <failure message="Not Found">Test failed: text expected to contain /Model de Qualitat de Solucions/</failure>
    </testcase>
    <testcase classname="testmeter.generalitat" name="TestNegatiu_Abril url i verificar capçalera_Fils:100;Rampup:65;Durada:20" time="0.026">
        <failure message="Not Found">Test failed: text expected to contain /Model de Qualitat de Solucions/</failure>
    </testcase>
    <testcase classname="testmeter.generalitat" name="TestNegatiu_Abril url i verificar capçalera_Fils:100;Rampup:65;Durada:20" time="0.026">
        <failure message="Not Found">Test failed: text expected to contain /Model de Qualitat de Solucions/</failure>
    </testcase>
    <testcase classname="testmeter.generalitat" name="TestNegatiu_Abril url i verificar capçalera_Fils:100;Rampup:65;Durada:20" time="0.026">
        <failure message="Not Found">Test failed: text expected to contain /Model de Qualitat de Solucions/</failure>
    </testcase>
    <testcase classname="testmeter.generalitat" name="TestNegatiu_Abril url i verificar capçalera_Fils:100;Rampup:65;Durada:20" time="0.047">
        <failure message="Not Found">Test failed: text expected to contain /Model de Qualitat de Solucions/</failure>
    </testcase>
    <testcase classname="testmeter.generalitat" name="TestNegatiu_Abril url i verificar capçalera_Fils:100;Rampup:65;Durada:20" time="0.021">
        <failure message="Not Found">Test failed: text expected to contain /Model de Qualitat de Solucions/</failure>
    </testcase>
    <testcase classname="testmeter.generalitat" name="Abril url i verificar capçalera_Fils:100;Rampup:65;Durada:20" time="0.045"/>
    <testcase classname="testmeter.generalitat" name="TestNegatiu_Abril url i verificar capçalera_Fils:100;Rampup:65;Durada:20" time="0.054">
        <failure message="Not Found">Test failed: text expected to contain /Model de Qualitat de Solucions/</failure>
    </testcase>
    <testcase classname="testmeter.generalitat" name="TestNegatiu_Abril url i verificar capçalera_Fils:100;Rampup:65;Durada:20" time="0.051">
        <failure message="Not Found">Test failed: text expected to contain /Model de Qualitat de Solucions/</failure>
    </testcase>
    <testcase classname="testmeter.generalitat" name="TestNegatiu_Abril url i verificar capçalera_Fils:100;Rampup:65;Durada:20" time="0.086">
        <failure message="Not Found">Test failed: text expected to contain /Model de Qualitat de Solucions/</failure>
    </testcase>
    <testcase classname="testmeter.generalitat" name="TestNegatiu_Abril url i verificar capçalera_Fils:100;Rampup:65;Durada:20" time="0.040">
        <failure message="Not Found">Test failed: text expected to contain /Model de Qualitat de Solucions/</failure>
    </testcase>
    <testcase classname="testmeter.generalitat" name="Abril url i verificar capçalera_Fils:100;Rampup:65;Durada:20" time="0.055"/>
    <testcase classname="testmeter.generalitat" name="Abril url i verificar capçalera_Fils:100;Rampup:65;Durada:20" time="0.078"/>
    <testcase classname="testmeter.generalitat" name="Abril url i verificar capçalera_Fils:100;Rampup:65;Durada:20" time="0.056"/>
    <testcase classname="testmeter.generalitat" name="Abril url i verificar capçalera_Fils:100;Rampup:65;Durada:20" time="0.056"/>
    <testcase classname="testmeter.generalitat" name="Abril url i verificar capçalera_Fils:100;Rampup:65;Durada:20" time="0.094"/>
    <testcase classname="testmeter.generalitat" name="Abril url i verificar capçalera_Fils:100;Rampup:65;Durada:20" time="0.051"/>
    <testcase classname="testmeter.generalitat" name="Abril url i verificar capçalera_Fils:100;Rampup:65;Durada:20" time="0.076"/>
    <testcase classname="testmeter.generalitat" name="Abril url i verificar capçalera_Fils:100;Rampup:65;Durada:20" time="0.068"/>
    <testcase classname="testmeter.generalitat" name="Abril url i verificar capçalera_Fils:100;Rampup:65;Durada:20" time="0.049"/>
    <testcase classname="testmeter.generalitat" name="Abril url i verificar capçalera_Fils:100;Rampup:65;Durada:20" time="0.053"/>
    <testcase classname="testmeter.generalitat" name="Abril url i verificar capçalera_Fils:100;Rampup:65;Durada:20" time="0.112"/>
    <testcase classname="testmeter.generalitat" name="Abril url i verificar capçalera_Fils:100;Rampup:65;Durada:20" time="0.050"/>
    <testcase classname="testmeter.generalitat" name="Abril url i verificar capçalera_Fils:100;Rampup:65;Durada:20" time="0.049"/>
    <testcase classname="testmeter.generalitat" name="Abril url i verificar capçalera_Fils:100;Rampup:65;Durada:20" time="0.052"/>
    <testcase classname="testmeter.generalitat" name="TestNegatiu_Abril url i verificar capçalera_Fils:100;Rampup:65;Durada:20" time="0.085">
        <failure message="Not Found">Test failed: text expected to contain /Model de Qualitat de Solucions/</failure>
    </testcase>
    <testcase classname="testmeter.generalitat" name="Abril url i verificar capçalera_Fils:100;Rampup:65;Durada:20" time="0.081"/>
    <testcase classname="testmeter.generalitat" name="Abril url i verificar capçalera_Fils:100;Rampup:65;Durada:20" time="0.101"/>
    <testcase classname="testmeter.generalitat" name="Abril url i verificar capçalera_Fils:100;Rampup:65;Durada:20" time="0.072"/>
    <testcase classname="testmeter.generalitat" name="Abril url i verificar capçalera_Fils:100;Rampup:65;Durada:20" time="0.040"/>
    <testcase classname="testmeter.generalitat" name="TestNegatiu_Abril url i verificar capçalera_Fils:100;Rampup:65;Durada:20" time="0.026">
        <failure message="Not Found">Test failed: text expected to contain /Model de Qualitat de Solucions/</failure>
    </testcase>
    <testcase classname="testmeter.generalitat" name="TestNegatiu_Abril url i verificar capçalera_Fils:100;Rampup:65;Durada:20" time="0.027">
        <failure message="Not Found">Test failed: text expected to contain /Model de Qualitat de Solucions/</failure>
    </testcase>
    <testcase classname="testmeter.generalitat" name="Abril url i verificar capçalera_Fils:100;Rampup:65;Durada:20" time="0.040"/>
    <testcase classname="testmeter.generalitat" name="TestNegatiu_Abril url i verificar capçalera_Fils:100;Rampup:65;Durada:20" time="0.027">
        <failure message="Not Found">Test failed: text expected to contain /Model de Qualitat de Solucions/</failure>
    </testcase>
    <testcase classname="testmeter.generalitat" name="TestNegatiu_Abril url i verificar capçalera_Fils:100;Rampup:65;Durada:20" time="0.025">
        <failure message="Not Found">Test failed: text expected to contain /Model de Qualitat de Solucions/</failure>
    </testcase>
    <testcase classname="testmeter.generalitat" name="TestNegatiu_Abril url i verificar capçalera_Fils:100;Rampup:65;Durada:20" time="0.025">
        <failure message="Not Found">Test failed: text expected to contain /Model de Qualitat de Solucions/</failure>
    </testcase>
    <testcase classname="testmeter.generalitat" name="TestNegatiu_Abril url i verificar capçalera_Fils:100;Rampup:65;Durada:20" time="0.030">
        <failure message="Not Found">Test failed: text expected to contain /Model de Qualitat de Solucions/</failure>
    </testcase>
    <testcase classname="testmeter.generalitat" name="TestNegatiu_Abril url i verificar capçalera_Fils:100;Rampup:65;Durada:20" time="0.028">
        <failure message="Not Found">Test failed: text expected to contain /Model de Qualitat de Solucions/</failure>
    </testcase>
    <testcase classname="testmeter.generalitat" name="TestNegatiu_Abril url i verificar capçalera_Fils:100;Rampup:65;Durada:20" time="0.028">
        <failure message="Not Found">Test failed: text expected to contain /Model de Qualitat de Solucions/</failure>
    </testcase>
    <testcase classname="testmeter.generalitat" name="Abril url i verificar capçalera_Fils:100;Rampup:65;Durada:20" time="0.043"/>
    <testcase classname="testmeter.generalitat" name="TestNegatiu_Abril url i verificar capçalera_Fils:100;Rampup:65;Durada:20" time="0.033">
        <failure message="Not Found">Test failed: text expected to contain /Model de Qualitat de Solucions/</failure>
    </testcase>
    <testcase classname="testmeter.generalitat" name="TestNegatiu_Abril url i verificar capçalera_Fils:100;Rampup:65;Durada:20" time="0.032">
        <failure message="Not Found">Test failed: text expected to contain /Model de Qualitat de Solucions/</failure>
    </testcase>
    <testcase classname="testmeter.generalitat" name="TestNegatiu_Abril url i verificar capçalera_Fils:100;Rampup:65;Durada:20" time="0.032">
        <failure message="Not Found">Test failed: text expected to contain /Model de Qualitat de Solucions/</failure>
    </testcase>
    <testcase classname="testmeter.generalitat" name="TestNegatiu_Abril url i verificar capçalera_Fils:100;Rampup:65;Durada:20" time="0.030">
        <failure message="Not Found">Test failed: text expected to contain /Model de Qualitat de Solucions/</failure>
    </testcase>
    <testcase classname="testmeter.generalitat" name="TestNegatiu_Abril url i verificar capçalera_Fils:100;Rampup:65;Durada:20" time="0.039">
        <failure message="Not Found">Test failed: text expected to contain /Model de Qualitat de Solucions/</failure>
    </testcase>
    <testcase classname="testmeter.generalitat" name="TestNegatiu_Abril url i verificar capçalera_Fils:100;Rampup:65;Durada:20" time="0.027">
        <failure message="Not Found">Test failed: text expected to contain /Model de Qualitat de Solucions/</failure>
    </testcase>
    <testcase classname="testmeter.generalitat" name="TestNegatiu_Abril url i verificar capçalera_Fils:100;Rampup:65;Durada:20" time="0.027">
        <failure message="Not Found">Test failed: text expected to contain /Model de Qualitat de Solucions/</failure>
    </testcase>
    <testcase classname="testmeter.generalitat" name="TestNegatiu_Abril url i verificar capçalera_Fils:100;Rampup:65;Durada:20" time="0.027">
        <failure message="Not Found">Test failed: text expected to contain /Model de Qualitat de Solucions/</failure>
    </testcase>
    <testcase classname="testmeter.generalitat" name="TestNegatiu_Abril url i verificar capçalera_Fils:100;Rampup:65;Durada:20" time="0.047">
        <failure message="Not Found">Test failed: text expected to contain /Model de Qualitat de Solucions/</failure>
    </testcase>
    <testcase classname="testmeter.generalitat" name="TestNegatiu_Abril url i verificar capçalera_Fils:100;Rampup:65;Durada:20" time="0.028">
        <failure message="Not Found">Test failed: text expected to contain /Model de Qualitat de Solucions/</failure>
    </testcase>
    <testcase classname="testmeter.generalitat" name="TestNegatiu_Abril url i verificar capçalera_Fils:100;Rampup:65;Durada:20" time="0.027">
        <failure message="Not Found">Test failed: text expected to contain /Model de Qualitat de Solucions/</failure>
    </testcase>
    <testcase classname="testmeter.generalitat" name="Abril url i verificar capçalera_Fils:100;Rampup:65;Durada:20" time="0.028"/>
    <testcase classname="testmeter.generalitat" name="Abril url i verificar capçalera_Fils:100;Rampup:65;Durada:20" time="0.119"/>
    <testcase classname="testmeter.generalitat" name="Abril url i verificar capçalera_Fils:100;Rampup:65;Durada:20" time="0.030"/>
    <testcase classname="testmeter.generalitat" name="Abril url i verificar capçalera_Fils:100;Rampup:65;Durada:20" time="0.027"/>
    <testcase classname="testmeter.generalitat" name="Abril url i verificar capçalera_Fils:100;Rampup:65;Durada:20" time="0.035"/>
    <testcase classname="testmeter.generalitat" name="Abril url i verificar capçalera_Fils:100;Rampup:65;Durada:20" time="0.034"/>
    <testcase classname="testmeter.generalitat" name="Abril url i verificar capçalera_Fils:100;Rampup:65;Durada:20" time="0.034"/>
    <testcase classname="testmeter.generalitat" name="TestNegatiu_Abril url i verificar capçalera_Fils:100;Rampup:65;Durada:20" time="0.039">
        <failure message="Not Found">Test failed: text expected to contain /Model de Qualitat de Solucions/</failure>
    </testcase>
    <testcase classname="testmeter.generalitat" name="Abril url i verificar capçalera_Fils:100;Rampup:65;Durada:20" time="0.034"/>
    <testcase classname="testmeter.generalitat" name="Abril url i verificar capçalera_Fils:100;Rampup:65;Durada:20" time="0.035"/>
    <testcase classname="testmeter.generalitat" name="Abril url i verificar capçalera_Fils:100;Rampup:65;Durada:20" time="0.040"/>
    <testcase classname="testmeter.generalitat" name="Abril url i verificar capçalera_Fils:100;Rampup:65;Durada:20" time="0.030"/>
    <testcase classname="testmeter.generalitat" name="Abril url i verificar capçalera_Fils:100;Rampup:65;Durada:20" time="0.023"/>
    <testcase classname="testmeter.generalitat" name="TestNegatiu_Abril url i verificar capçalera_Fils:100;Rampup:65;Durada:20" time="0.025">
        <failure message="Not Found">Test failed: text expected to contain /Model de Qualitat de Solucions/</failure>
    </testcase>
    <testcase classname="testmeter.generalitat" name="Abril url i verificar capçalera_Fils:100;Rampup:65;Durada:20" time="0.025"/>
    <testcase classname="testmeter.generalitat" name="Abril url i verificar capçalera_Fils:100;Rampup:65;Durada:20" time="0.054"/>
    <testcase classname="testmeter.generalitat" name="TestNegatiu_Abril url i verificar capçalera_Fils:100;Rampup:65;Durada:20" time="0.024">
        <failure message="Not Found">Test failed: text expected to contain /Model de Qualitat de Solucions/</failure>
    </testcase>
    <testcase classname="testmeter.generalitat" name="TestNegatiu_Abril url i verificar capçalera_Fils:100;Rampup:65;Durada:20" time="0.028">
        <failure message="Not Found">Test failed: text expected to contain /Model de Qualitat de Solucions/</failure>
    </testcase>
    <testcase classname="testmeter.generalitat" name="Abril url i verificar capçalera_Fils:100;Rampup:65;Durada:20" time="0.044"/>
    <testcase classname="testmeter.generalitat" name="TestNegatiu_Abril url i verificar capçalera_Fils:100;Rampup:65;Durada:20" time="0.029">
        <failure message="Not Found">Test failed: text expected to contain /Model de Qualitat de Solucions/</failure>
    </testcase>
    <testcase classname="testmeter.generalitat" name="TestNegatiu_Abril url i verificar capçalera_Fils:100;Rampup:65;Durada:20" time="0.029">
        <failure message="Not Found">Test failed: text expected to contain /Model de Qualitat de Solucions/</failure>
    </testcase>
    <testcase classname="testmeter.generalitat" name="TestNegatiu_Abril url i verificar capçalera_Fils:100;Rampup:65;Durada:20" time="0.029">
        <failure message="Not Found">Test failed: text expected to contain /Model de Qualitat de Solucions/</failure>
    </testcase>
    <testcase classname="testmeter.generalitat" name="Abril url i verificar capçalera_Fils:100;Rampup:65;Durada:20" time="0.061"/>
    <testcase classname="testmeter.generalitat" name="TestNegatiu_Abril url i verificar capçalera_Fils:100;Rampup:65;Durada:20" time="0.024">
        <failure message="Not Found">Test failed: text expected to contain /Model de Qualitat de Solucions/</failure>
    </testcase>
    <testcase classname="testmeter.generalitat" name="Abril url i verificar capçalera_Fils:100;Rampup:65;Durada:20" time="0.044"/>
    <testcase classname="testmeter.generalitat" name="Abril url i verificar capçalera_Fils:100;Rampup:65;Durada:20" time="0.079"/>
    <testcase classname="testmeter.generalitat" name="TestNegatiu_Abril url i verificar capçalera_Fils:100;Rampup:65;Durada:20" time="0.025">
        <failure message="Not Found">Test failed: text expected to contain /Model de Qualitat de Solucions/</failure>
    </testcase>
    <testcase classname="testmeter.generalitat" name="TestNegatiu_Abril url i verificar capçalera_Fils:100;Rampup:65;Durada:20" time="0.026">
        <failure message="Not Found">Test failed: text expected to contain /Model de Qualitat de Solucions/</failure>
    </testcase>
    <testcase classname="testmeter.generalitat" name="TestNegatiu_Abril url i verificar capçalera_Fils:100;Rampup:65;Durada:20" time="0.027">
        <failure message="Not Found">Test failed: text expected to contain /Model de Qualitat de Solucions/</failure>
    </testcase>
    <testcase classname="testmeter.generalitat" name="TestNegatiu_Abril url i verificar capçalera_Fils:100;Rampup:65;Durada:20" time="0.025">
        <failure message="Not Found">Test failed: text expected to contain /Model de Qualitat de Solucions/</failure>
    </testcase>
    <testcase classname="testmeter.generalitat" name="TestNegatiu_Abril url i verificar capçalera_Fils:100;Rampup:65;Durada:20" time="0.046">
        <failure message="Not Found">Test failed: text expected to contain /Model de Qualitat de Solucions/</failure>
    </testcase>
    <testcase classname="testmeter.generalitat" name="Abril url i verificar capçalera_Fils:100;Rampup:65;Durada:20" time="0.069"/>
    <testcase classname="testmeter.generalitat" name="TestNegatiu_Abril url i verificar capçalera_Fils:100;Rampup:65;Durada:20" time="0.021">
        <failure message="Not Found">Test failed: text expected to contain /Model de Qualitat de Solucions/</failure>
    </testcase>
    <testcase classname="testmeter.generalitat" name="TestNegatiu_Abril url i verificar capçalera_Fils:100;Rampup:65;Durada:20" time="0.026">
        <failure message="Not Found">Test failed: text expected to contain /Model de Qualitat de Solucions/</failure>
    </testcase>
    <testcase classname="testmeter.generalitat" name="Abril url i verificar capçalera_Fils:100;Rampup:65;Durada:20" time="0.029"/>
    <testcase classname="testmeter.generalitat" name="Abril url i verificar capçalera_Fils:100;Rampup:65;Durada:20" time="0.125"/>
    <testcase classname="testmeter.generalitat" name="Abril url i verificar capçalera_Fils:100;Rampup:65;Durada:20" time="0.065"/>
    <testcase classname="testmeter.generalitat" name="TestNegatiu_Abril url i verificar capçalera_Fils:100;Rampup:65;Durada:20" time="0.022">
        <failure message="Not Found">Test failed: text expected to contain /Model de Qualitat de Solucions/</failure>
    </testcase>
    <testcase classname="testmeter.generalitat" name="Abril url i verificar capçalera_Fils:100;Rampup:65;Durada:20" time="0.067"/>
    <testcase classname="testmeter.generalitat" name="Abril url i verificar capçalera_Fils:100;Rampup:65;Durada:20" time="0.030"/>
    <testcase classname="testmeter.generalitat" name="TestNegatiu_Abril url i verificar capçalera_Fils:100;Rampup:65;Durada:20" time="0.021">
        <failure message="Not Found">Test failed: text expected to contain /Model de Qualitat de Solucions/</failure>
    </testcase>
    <testcase classname="testmeter.generalitat" name="TestNegatiu_Abril url i verificar capçalera_Fils:100;Rampup:65;Durada:20" time="0.024">
        <failure message="Not Found">Test failed: text expected to contain /Model de Qualitat de Solucions/</failure>
    </testcase>
    <testcase classname="testmeter.generalitat" name="Abril url i verificar capçalera_Fils:100;Rampup:65;Durada:20" time="0.030"/>
    <testcase classname="testmeter.generalitat" name="Abril url i verificar capçalera_Fils:100;Rampup:65;Durada:20" time="0.032"/>
    <testcase classname="testmeter.generalitat" name="TestNegatiu_Abril url i verificar capçalera_Fils:100;Rampup:65;Durada:20" time="0.030">
        <failure message="Not Found">Test failed: text expected to contain /Model de Qualitat de Solucions/</failure>
    </testcase>
    <testcase classname="testmeter.generalitat" name="TestNegatiu_Abril url i verificar capçalera_Fils:100;Rampup:65;Durada:20" time="0.027">
        <failure message="Not Found">Test failed: text expected to contain /Model de Qualitat de Solucions/</failure>
    </testcase>
    <testcase classname="testmeter.generalitat" name="TestNegatiu_Abril url i verificar capçalera_Fils:100;Rampup:65;Durada:20" time="0.026">
        <failure message="Not Found">Test failed: text expected to contain /Model de Qualitat de Solucions/</failure>
    </testcase>
    <testcase classname="testmeter.generalitat" name="TestNegatiu_Abril url i verificar capçalera_Fils:100;Rampup:65;Durada:20" time="0.046">
        <failure message="Not Found">Test failed: text expected to contain /Model de Qualitat de Solucions/</failure>
    </testcase>
    <testcase classname="testmeter.generalitat" name="TestNegatiu_Abril url i verificar capçalera_Fils:100;Rampup:65;Durada:20" time="0.025">
        <failure message="Not Found">Test failed: text expected to contain /Model de Qualitat de Solucions/</failure>
    </testcase>
    <testcase classname="testmeter.generalitat" name="Abril url i verificar capçalera_Fils:100;Rampup:65;Durada:20" time="0.031"/>
    <testcase classname="testmeter.generalitat" name="Abril url i verificar capçalera_Fils:100;Rampup:65;Durada:20" time="0.034"/>
    <testcase classname="testmeter.generalitat" name="Abril url i verificar capçalera_Fils:100;Rampup:65;Durada:20" time="0.034"/>
    <testcase classname="testmeter.generalitat" name="Abril url i verificar capçalera_Fils:100;Rampup:65;Durada:20" time="0.030"/>
    <testcase classname="testmeter.generalitat" name="Abril url i verificar capçalera_Fils:100;Rampup:65;Durada:20" time="0.028"/>
    <testcase classname="testmeter.generalitat" name="Abril url i verificar capçalera_Fils:100;Rampup:65;Durada:20" time="0.031"/>
    <testcase classname="testmeter.generalitat" name="Abril url i verificar capçalera_Fils:100;Rampup:65;Durada:20" time="0.031"/>
    <testcase classname="testmeter.generalitat" name="Abril url i verificar capçalera_Fils:100;Rampup:65;Durada:20" time="0.026"/>
    <testcase classname="testmeter.generalitat" name="Abril url i verificar capçalera_Fils:100;Rampup:65;Durada:20" time="0.046"/>
    <testcase classname="testmeter.generalitat" name="TestNegatiu_Abril url i verificar capçalera_Fils:100;Rampup:65;Durada:20" time="0.028">
        <failure message="Not Found">Test failed: text expected to contain /Model de Qualitat de Solucions/</failure>
    </testcase>
    <testcase classname="testmeter.generalitat" name="TestNegatiu_Abril url i verificar capçalera_Fils:100;Rampup:65;Durada:20" time="0.027">
        <failure message="Not Found">Test failed: text expected to contain /Model de Qualitat de Solucions/</failure>
    </testcase>
    <testcase classname="testmeter.generalitat" name="TestNegatiu_Abril url i verificar capçalera_Fils:100;Rampup:65;Durada:20" time="0.044">
        <failure message="Not Found">Test failed: text expected to contain /Model de Qualitat de Solucions/</failure>
    </testcase>
    <testcase classname="testmeter.generalitat" name="TestNegatiu_Abril url i verificar capçalera_Fils:100;Rampup:65;Durada:20" time="0.047">
        <failure message="Not Found">Test failed: text expected to contain /Model de Qualitat de Solucions/</failure>
    </testcase>
    <testcase classname="testmeter.generalitat" name="Abril url i verificar capçalera_Fils:100;Rampup:65;Durada:20" time="0.041"/>
    <testcase classname="testmeter.generalitat" name="Abril url i verificar capçalera_Fils:100;Rampup:65;Durada:20" time="0.043"/>
    <testcase classname="testmeter.generalitat" name="TestNegatiu_Abril url i verificar capçalera_Fils:100;Rampup:65;Durada:20" time="0.024">
        <failure message="Not Found">Test failed: text expected to contain /Model de Qualitat de Solucions/</failure>
    </testcase>
    <testcase classname="testmeter.generalitat" name="TestNegatiu_Abril url i verificar capçalera_Fils:100;Rampup:65;Durada:20" time="0.025">
        <failure message="Not Found">Test failed: text expected to contain /Model de Qualitat de Solucions/</failure>
    </testcase>
    <testcase classname="testmeter.generalitat" name="Abril url i verificar capçalera_Fils:100;Rampup:65;Durada:20" time="0.048"/>
    <testcase classname="testmeter.generalitat" name="TestNegatiu_Abril url i verificar capçalera_Fils:100;Rampup:65;Durada:20" time="0.027">
        <failure message="Not Found">Test failed: text expected to contain /Model de Qualitat de Solucions/</failure>
    </testcase>
    <testcase classname="testmeter.generalitat" name="TestNegatiu_Abril url i verificar capçalera_Fils:100;Rampup:65;Durada:20" time="0.028">
        <failure message="Not Found">Test failed: text expected to contain /Model de Qualitat de Solucions/</failure>
    </testcase>
    <testcase classname="testmeter.generalitat" name="TestNegatiu_Abril url i verificar capçalera_Fils:100;Rampup:65;Durada:20" time="0.027">
        <failure message="Not Found">Test failed: text expected to contain /Model de Qualitat de Solucions/</failure>
    </testcase>
    <testcase classname="testmeter.generalitat" name="TestNegatiu_Abril url i verificar capçalera_Fils:100;Rampup:65;Durada:20" time="0.030">
        <failure message="Not Found">Test failed: text expected to contain /Model de Qualitat de Solucions/</failure>
    </testcase>
    <testcase classname="testmeter.generalitat" name="TestNegatiu_Abril url i verificar capçalera_Fils:100;Rampup:65;Durada:20" time="0.029">
        <failure message="Not Found">Test failed: text expected to contain /Model de Qualitat de Solucions/</failure>
    </testcase>
    <testcase classname="testmeter.generalitat" name="TestNegatiu_Abril url i verificar capçalera_Fils:100;Rampup:65;Durada:20" time="0.030">
        <failure message="Not Found">Test failed: text expected to contain /Model de Qualitat de Solucions/</failure>
    </testcase>
    <testcase classname="testmeter.generalitat" name="TestNegatiu_Abril url i verificar capçalera_Fils:100;Rampup:65;Durada:20" time="0.026">
        <failure message="Not Found">Test failed: text expected to contain /Model de Qualitat de Solucions/</failure>
    </testcase>
    <testcase classname="testmeter.generalitat" name="Abril url i verificar capçalera_Fils:100;Rampup:65;Durada:20" time="0.033"/>
    <testcase classname="testmeter.generalitat" name="Abril url i verificar capçalera_Fils:100;Rampup:65;Durada:20" time="0.038"/>
    <testcase classname="testmeter.generalitat" name="Abril url i verificar capçalera_Fils:100;Rampup:65;Durada:20" time="0.023"/>
    <testcase classname="testmeter.generalitat" name="Abril url i verificar capçalera_Fils:100;Rampup:65;Durada:20" time="0.028"/>
    <testcase classname="testmeter.generalitat" name="TestNegatiu_Abril url i verificar capçalera_Fils:100;Rampup:65;Durada:20" time="0.022">
        <failure message="Not Found">Test failed: text expected to contain /Model de Qualitat de Solucions/</failure>
    </testcase>
    <testcase classname="testmeter.generalitat" name="TestNegatiu_Abril url i verificar capçalera_Fils:100;Rampup:65;Durada:20" time="0.029">
        <failure message="Not Found">Test failed: text expected to contain /Model de Qualitat de Solucions/</failure>
    </testcase>
    <testcase classname="testmeter.generalitat" name="Abril url i verificar capçalera_Fils:100;Rampup:65;Durada:20" time="0.026"/>
    <testcase classname="testmeter.generalitat" name="Abril url i verificar capçalera_Fils:100;Rampup:65;Durada:20" time="0.092"/>
    <testcase classname="testmeter.generalitat" name="Abril url i verificar capçalera_Fils:100;Rampup:65;Durada:20" time="0.065"/>
    <testcase classname="testmeter.generalitat" name="TestNegatiu_Abril url i verificar capçalera_Fils:100;Rampup:65;Durada:20" time="0.028">
        <failure message="Not Found">Test failed: text expected to contain /Model de Qualitat de Solucions/</failure>
    </testcase>
    <testcase classname="testmeter.generalitat" name="TestNegatiu_Abril url i verificar capçalera_Fils:100;Rampup:65;Durada:20" time="0.026">
        <failure message="Not Found">Test failed: text expected to contain /Model de Qualitat de Solucions/</failure>
    </testcase>
    <testcase classname="testmeter.generalitat" name="TestNegatiu_Abril url i verificar capçalera_Fils:100;Rampup:65;Durada:20" time="0.026">
        <failure message="Not Found">Test failed: text expected to contain /Model de Qualitat de Solucions/</failure>
    </testcase>
    <testcase classname="testmeter.generalitat" name="Abril url i verificar capçalera_Fils:100;Rampup:65;Durada:20" time="0.030"/>
    <testcase classname="testmeter.generalitat" name="TestNegatiu_Abril url i verificar capçalera_Fils:100;Rampup:65;Durada:20" time="0.030">
        <failure message="Not Found">Test failed: text expected to contain /Model de Qualitat de Solucions/</failure>
    </testcase>
    <testcase classname="testmeter.generalitat" name="Abril url i verificar capçalera_Fils:100;Rampup:65;Durada:20" time="0.034"/>
    <testcase classname="testmeter.generalitat" name="Abril url i verificar capçalera_Fils:100;Rampup:65;Durada:20" time="0.033"/>
    <testcase classname="testmeter.generalitat" name="Abril url i verificar capçalera_Fils:100;Rampup:65;Durada:20" time="0.033"/>
    <testcase classname="testmeter.generalitat" name="Abril url i verificar capçalera_Fils:100;Rampup:65;Durada:20" time="0.030"/>
    <testcase classname="testmeter.generalitat" name="TestNegatiu_Abril url i verificar capçalera_Fils:100;Rampup:65;Durada:20" time="0.046">
        <failure message="Not Found">Test failed: text expected to contain /Model de Qualitat de Solucions/</failure>
    </testcase>
    <testcase classname="testmeter.generalitat" name="Abril url i verificar capçalera_Fils:100;Rampup:65;Durada:20" time="0.141"/>
    <testcase classname="testmeter.generalitat" name="Abril url i verificar capçalera_Fils:100;Rampup:65;Durada:20" time="0.074"/>
    <testcase classname="testmeter.generalitat" name="TestNegatiu_Abril url i verificar capçalera_Fils:100;Rampup:65;Durada:20" time="0.024">
        <failure message="Not Found">Test failed: text expected to contain /Model de Qualitat de Solucions/</failure>
    </testcase>
    <testcase classname="testmeter.generalitat" name="TestNegatiu_Abril url i verificar capçalera_Fils:100;Rampup:65;Durada:20" time="0.027">
        <failure message="Not Found">Test failed: text expected to contain /Model de Qualitat de Solucions/</failure>
    </testcase>
    <testcase classname="testmeter.generalitat" name="Abril url i verificar capçalera_Fils:100;Rampup:65;Durada:20" time="0.083"/>
    <testcase classname="testmeter.generalitat" name="Abril url i verificar capçalera_Fils:100;Rampup:65;Durada:20" time="0.049"/>
    <testcase classname="testmeter.generalitat" name="Abril url i verificar capçalera_Fils:100;Rampup:65;Durada:20" time="0.045"/>
    <testcase classname="testmeter.generalitat" name="Abril url i verificar capçalera_Fils:100;Rampup:65;Durada:20" time="0.070"/>
    <testcase classname="testmeter.generalitat" name="TestNegatiu_Abril url i verificar capçalera_Fils:100;Rampup:65;Durada:20" time="0.028">
        <failure message="Not Found">Test failed: text expected to contain /Model de Qualitat de Solucions/</failure>
    </testcase>
    <testcase classname="testmeter.generalitat" name="TestNegatiu_Abril url i verificar capçalera_Fils:100;Rampup:65;Durada:20" time="0.028">
        <failure message="Not Found">Test failed: text expected to contain /Model de Qualitat de Solucions/</failure>
    </testcase>
    <testcase classname="testmeter.generalitat" name="TestNegatiu_Abril url i verificar capçalera_Fils:100;Rampup:65;Durada:20" time="0.027">
        <failure message="Not Found">Test failed: text expected to contain /Model de Qualitat de Solucions/</failure>
    </testcase>
    <testcase classname="testmeter.generalitat" name="Abril url i verificar capçalera_Fils:100;Rampup:65;Durada:20" time="0.031"/>
    <testcase classname="testmeter.generalitat" name="Abril url i verificar capçalera_Fils:100;Rampup:65;Durada:20" time="0.066"/>
    <testcase classname="testmeter.generalitat" name="TestNegatiu_Abril url i verificar capçalera_Fils:100;Rampup:65;Durada:20" time="0.029">
        <failure message="Not Found">Test failed: text expected to contain /Model de Qualitat de Solucions/</failure>
    </testcase>
    <testcase classname="testmeter.generalitat" name="TestNegatiu_Abril url i verificar capçalera_Fils:100;Rampup:65;Durada:20" time="0.026">
        <failure message="Not Found">Test failed: text expected to contain /Model de Qualitat de Solucions/</failure>
    </testcase>
    <testcase classname="testmeter.generalitat" name="Abril url i verificar capçalera_Fils:100;Rampup:65;Durada:20" time="0.026"/>
    <testcase classname="testmeter.generalitat" name="TestNegatiu_Abril url i verificar capçalera_Fils:100;Rampup:65;Durada:20" time="0.051">
        <failure message="Not Found">Test failed: text expected to contain /Model de Qualitat de Solucions/</failure>
    </testcase>
    <testcase classname="testmeter.generalitat" name="TestNegatiu_Abril url i verificar capçalera_Fils:100;Rampup:65;Durada:20" time="0.032">
        <failure message="Not Found">Test failed: text expected to contain /Model de Qualitat de Solucions/</failure>
    </testcase>
    <testcase classname="testmeter.generalitat" name="Abril url i verificar capçalera_Fils:100;Rampup:65;Durada:20" time="0.045"/>
    <testcase classname="testmeter.generalitat" name="Abril url i verificar capçalera_Fils:100;Rampup:65;Durada:20" time="0.028"/>
    <testcase classname="testmeter.generalitat" name="Abril url i verificar capçalera_Fils:100;Rampup:65;Durada:20" time="0.030"/>
    <testcase classname="testmeter.generalitat" name="TestNegatiu_Abril url i verificar capçalera_Fils:100;Rampup:65;Durada:20" time="0.032">
        <failure message="Not Found">Test failed: text expected to contain /Model de Qualitat de Solucions/</failure>
    </testcase>
    <testcase classname="testmeter.generalitat" name="TestNegatiu_Abril url i verificar capçalera_Fils:100;Rampup:65;Durada:20" time="0.024">
        <failure message="Not Found">Test failed: text expected to contain /Model de Qualitat de Solucions/</failure>
    </testcase>
    <testcase classname="testmeter.generalitat" name="Abril url i verificar capçalera_Fils:100;Rampup:65;Durada:20" time="0.091"/>
    <testcase classname="testmeter.generalitat" name="Abril url i verificar capçalera_Fils:100;Rampup:65;Durada:20" time="0.028"/>
    <testcase classname="testmeter.generalitat" name="TestNegatiu_Abril url i verificar capçalera_Fils:100;Rampup:65;Durada:20" time="0.025">
        <failure message="Not Found">Test failed: text expected to contain /Model de Qualitat de Solucions/</failure>
    </testcase>
    <testcase classname="testmeter.generalitat" name="TestNegatiu_Abril url i verificar capçalera_Fils:100;Rampup:65;Durada:20" time="0.025">
        <failure message="Not Found">Test failed: text expected to contain /Model de Qualitat de Solucions/</failure>
    </testcase>
    <testcase classname="testmeter.generalitat" name="TestNegatiu_Abril url i verificar capçalera_Fils:100;Rampup:65;Durada:20" time="0.042">
        <failure message="Not Found">Test failed: text expected to contain /Model de Qualitat de Solucions/</failure>
    </testcase>
    <testcase classname="testmeter.generalitat" name="TestNegatiu_Abril url i verificar capçalera_Fils:100;Rampup:65;Durada:20" time="0.026">
        <failure message="Not Found">Test failed: text expected to contain /Model de Qualitat de Solucions/</failure>
    </testcase>
    <testcase classname="testmeter.generalitat" name="TestNegatiu_Abril url i verificar capçalera_Fils:100;Rampup:65;Durada:20" time="0.024">
        <failure message="Not Found">Test failed: text expected to contain /Model de Qualitat de Solucions/</failure>
    </testcase>
    <testcase classname="testmeter.generalitat" name="TestNegatiu_Abril url i verificar capçalera_Fils:100;Rampup:65;Durada:20" time="0.026">
        <failure message="Not Found">Test failed: text expected to contain /Model de Qualitat de Solucions/</failure>
    </testcase>
    <testcase classname="testmeter.generalitat" name="Abril url i verificar capçalera_Fils:100;Rampup:65;Durada:20" time="0.029"/>
    <testcase classname="testmeter.generalitat" name="TestNegatiu_Abril url i verificar capçalera_Fils:100;Rampup:65;Durada:20" time="0.031">
        <failure message="Not Found">Test failed: text expected to contain /Model de Qualitat de Solucions/</failure>
    </testcase>
    <testcase classname="testmeter.generalitat" name="TestNegatiu_Abril url i verificar capçalera_Fils:100;Rampup:65;Durada:20" time="0.028">
        <failure message="Not Found">Test failed: text expected to contain /Model de Qualitat de Solucions/</failure>
    </testcase>
    <testcase classname="testmeter.generalitat" name="TestNegatiu_Abril url i verificar capçalera_Fils:100;Rampup:65;Durada:20" time="0.029">
        <failure message="Not Found">Test failed: text expected to contain /Model de Qualitat de Solucions/</failure>
    </testcase>
    <testcase classname="testmeter.generalitat" name="TestNegatiu_Abril url i verificar capçalera_Fils:100;Rampup:65;Durada:20" time="0.026">
        <failure message="Not Found">Test failed: text expected to contain /Model de Qualitat de Solucions/</failure>
    </testcase>
    <testcase classname="testmeter.generalitat" name="Abril url i verificar capçalera_Fils:100;Rampup:65;Durada:20" time="0.027"/>
    <testcase classname="testmeter.generalitat" name="Abril url i verificar capçalera_Fils:100;Rampup:65;Durada:20" time="0.053"/>
    <testcase classname="testmeter.generalitat" name="Abril url i verificar capçalera_Fils:100;Rampup:65;Durada:20" time="0.030"/>
    <testcase classname="testmeter.generalitat" name="Abril url i verificar capçalera_Fils:100;Rampup:65;Durada:20" time="0.030"/>
    <testcase classname="testmeter.generalitat" name="Abril url i verificar capçalera_Fils:100;Rampup:65;Durada:20" time="0.033"/>
    <testcase classname="testmeter.generalitat" name="Abril url i verificar capçalera_Fils:100;Rampup:65;Durada:20" time="0.030"/>
    <testcase classname="testmeter.generalitat" name="TestNegatiu_Abril url i verificar capçalera_Fils:100;Rampup:65;Durada:20" time="0.028">
        <failure message="Not Found">Test failed: text expected to contain /Model de Qualitat de Solucions/</failure>
    </testcase>
    <testcase classname="testmeter.generalitat" name="Abril url i verificar capçalera_Fils:100;Rampup:65;Durada:20" time="0.046"/>
    <testcase classname="testmeter.generalitat" name="TestNegatiu_Abril url i verificar capçalera_Fils:100;Rampup:65;Durada:20" time="0.049">
        <failure message="Not Found">Test failed: text expected to contain /Model de Qualitat de Solucions/</failure>
    </testcase>
    <testcase classname="testmeter.generalitat" name="Abril url i verificar capçalera_Fils:100;Rampup:65;Durada:20" time="0.025"/>
    <testcase classname="testmeter.generalitat" name="TestNegatiu_Abril url i verificar capçalera_Fils:100;Rampup:65;Durada:20" time="0.028">
        <failure message="Not Found">Test failed: text expected to contain /Model de Qualitat de Solucions/</failure>
    </testcase>
    <testcase classname="testmeter.generalitat" name="TestNegatiu_Abril url i verificar capçalera_Fils:100;Rampup:65;Durada:20" time="0.028">
        <failure message="Not Found">Test failed: text expected to contain /Model de Qualitat de Solucions/</failure>
    </testcase>
    <testcase classname="testmeter.generalitat" name="TestNegatiu_Abril url i verificar capçalera_Fils:100;Rampup:65;Durada:20" time="0.024">
        <failure message="Not Found">Test failed: text expected to contain /Model de Qualitat de Solucions/</failure>
    </testcase>
    <testcase classname="testmeter.generalitat" name="Abril url i verificar capçalera_Fils:100;Rampup:65;Durada:20" time="0.044"/>
    <testcase classname="testmeter.generalitat" name="Abril url i verificar capçalera_Fils:100;Rampup:65;Durada:20" time="0.076"/>
    <testcase classname="testmeter.generalitat" name="Abril url i verificar capçalera_Fils:100;Rampup:65;Durada:20" time="0.129"/>
    <testcase classname="testmeter.generalitat" name="Abril url i verificar capçalera_Fils:100;Rampup:65;Durada:20" time="0.028"/>
    <testcase classname="testmeter.generalitat" name="TestNegatiu_Abril url i verificar capçalera_Fils:100;Rampup:65;Durada:20" time="0.027">
        <failure message="Not Found">Test failed: text expected to contain /Model de Qualitat de Solucions/</failure>
    </testcase>
    <testcase classname="testmeter.generalitat" name="TestNegatiu_Abril url i verificar capçalera_Fils:100;Rampup:65;Durada:20" time="0.026">
        <failure message="Not Found">Test failed: text expected to contain /Model de Qualitat de Solucions/</failure>
    </testcase>
    <testcase classname="testmeter.generalitat" name="TestNegatiu_Abril url i verificar capçalera_Fils:100;Rampup:65;Durada:20" time="0.029">
        <failure message="Not Found">Test failed: text expected to contain /Model de Qualitat de Solucions/</failure>
    </testcase>
    <testcase classname="testmeter.generalitat" name="Abril url i verificar capçalera_Fils:100;Rampup:65;Durada:20" time="0.031"/>
    <testcase classname="testmeter.generalitat" name="Abril url i verificar capçalera_Fils:100;Rampup:65;Durada:20" time="0.028"/>
    <testcase classname="testmeter.generalitat" name="Abril url i verificar capçalera_Fils:100;Rampup:65;Durada:20" time="0.030"/>
    <testcase classname="testmeter.generalitat" name="Abril url i verificar capçalera_Fils:100;Rampup:65;Durada:20" time="0.049"/>
    <testcase classname="testmeter.generalitat" name="Abril url i verificar capçalera_Fils:100;Rampup:65;Durada:20" time="0.073"/>
    <testcase classname="testmeter.generalitat" name="TestNegatiu_Abril url i verificar capçalera_Fils:100;Rampup:65;Durada:20" time="0.025">
        <failure message="Not Found">Test failed: text expected to contain /Model de Qualitat de Solucions/</failure>
    </testcase>
    <testcase classname="testmeter.generalitat" name="TestNegatiu_Abril url i verificar capçalera_Fils:100;Rampup:65;Durada:20" time="0.027">
        <failure message="Not Found">Test failed: text expected to contain /Model de Qualitat de Solucions/</failure>
    </testcase>
    <testcase classname="testmeter.generalitat" name="Abril url i verificar capçalera_Fils:100;Rampup:65;Durada:20" time="0.050"/>
    <testcase classname="testmeter.generalitat" name="Abril url i verificar capçalera_Fils:100;Rampup:65;Durada:20" time="0.065"/>
    <testcase classname="testmeter.generalitat" name="Abril url i verificar capçalera_Fils:100;Rampup:65;Durada:20" time="0.030"/>
    <testcase classname="testmeter.generalitat" name="Abril url i verificar capçalera_Fils:100;Rampup:65;Durada:20" time="0.064"/>
    <testcase classname="testmeter.generalitat" name="TestNegatiu_Abril url i verificar capçalera_Fils:100;Rampup:65;Durada:20" time="0.024">
        <failure message="Not Found">Test failed: text expected to contain /Model de Qualitat de Solucions/</failure>
    </testcase>
    <testcase classname="testmeter.generalitat" name="TestNegatiu_Abril url i verificar capçalera_Fils:100;Rampup:65;Durada:20" time="0.025">
        <failure message="Not Found">Test failed: text expected to contain /Model de Qualitat de Solucions/</failure>
    </testcase>
    <testcase classname="testmeter.generalitat" name="Abril url i verificar capçalera_Fils:100;Rampup:65;Durada:20" time="0.029"/>
    <testcase classname="testmeter.generalitat" name="TestNegatiu_Abril url i verificar capçalera_Fils:100;Rampup:65;Durada:20" time="0.028">
        <failure message="Not Found">Test failed: text expected to contain /Model de Qualitat de Solucions/</failure>
    </testcase>
    <testcase classname="testmeter.generalitat" name="Abril url i verificar capçalera_Fils:100;Rampup:65;Durada:20" time="0.091"/>
    <testcase classname="testmeter.generalitat" name="TestNegatiu_Abril url i verificar capçalera_Fils:100;Rampup:65;Durada:20" time="0.030">
        <failure message="Not Found">Test failed: text expected to contain /Model de Qualitat de Solucions/</failure>
    </testcase>
    <testcase classname="testmeter.generalitat" name="Abril url i verificar capçalera_Fils:100;Rampup:65;Durada:20" time="0.026"/>
    <testcase classname="testmeter.generalitat" name="TestNegatiu_Abril url i verificar capçalera_Fils:100;Rampup:65;Durada:20" time="0.026">
        <failure message="Not Found">Test failed: text expected to contain /Model de Qualitat de Solucions/</failure>
    </testcase>
    <testcase classname="testmeter.generalitat" name="TestNegatiu_Abril url i verificar capçalera_Fils:100;Rampup:65;Durada:20" time="0.035">
        <failure message="Not Found">Test failed: text expected to contain /Model de Qualitat de Solucions/</failure>
    </testcase>
    <testcase classname="testmeter.generalitat" name="TestNegatiu_Abril url i verificar capçalera_Fils:100;Rampup:65;Durada:20" time="0.036">
        <failure message="Not Found">Test failed: text expected to contain /Model de Qualitat de Solucions/</failure>
    </testcase>
    <testcase classname="testmeter.generalitat" name="TestNegatiu_Abril url i verificar capçalera_Fils:100;Rampup:65;Durada:20" time="0.032">
        <failure message="Not Found">Test failed: text expected to contain /Model de Qualitat de Solucions/</failure>
    </testcase>
    <testcase classname="testmeter.generalitat" name="TestNegatiu_Abril url i verificar capçalera_Fils:100;Rampup:65;Durada:20" time="0.027">
        <failure message="Not Found">Test failed: text expected to contain /Model de Qualitat de Solucions/</failure>
    </testcase>
    <testcase classname="testmeter.generalitat" name="TestNegatiu_Abril url i verificar capçalera_Fils:100;Rampup:65;Durada:20" time="0.024">
        <failure message="Not Found">Test failed: text expected to contain /Model de Qualitat de Solucions/</failure>
    </testcase>
    <testcase classname="testmeter.generalitat" name="TestNegatiu_Abril url i verificar capçalera_Fils:100;Rampup:65;Durada:20" time="0.025">
        <failure message="Not Found">Test failed: text expected to contain /Model de Qualitat de Solucions/</failure>
    </testcase>
    <testcase classname="testmeter.generalitat" name="Abril url i verificar capçalera_Fils:100;Rampup:65;Durada:20" time="0.031"/>
    <testcase classname="testmeter.generalitat" name="Abril url i verificar capçalera_Fils:100;Rampup:65;Durada:20" time="0.031"/>
    <testcase classname="testmeter.generalitat" name="TestNegatiu_Abril url i verificar capçalera_Fils:100;Rampup:65;Durada:20" time="0.025">
        <failure message="Not Found">Test failed: text expected to contain /Model de Qualitat de Solucions/</failure>
    </testcase>
    <testcase classname="testmeter.generalitat" name="Abril url i verificar capçalera_Fils:100;Rampup:65;Durada:20" time="0.034"/>
    <testcase classname="testmeter.generalitat" name="Abril url i verificar capçalera_Fils:100;Rampup:65;Durada:20" time="0.025"/>
    <testcase classname="testmeter.generalitat" name="Abril url i verificar capçalera_Fils:100;Rampup:65;Durada:20" time="0.043"/>
    <testcase classname="testmeter.generalitat" name="TestNegatiu_Abril url i verificar capçalera_Fils:100;Rampup:65;Durada:20" time="0.026">
        <failure message="Not Found">Test failed: text expected to contain /Model de Qualitat de Solucions/</failure>
    </testcase>
    <testcase classname="testmeter.generalitat" name="TestNegatiu_Abril url i verificar capçalera_Fils:100;Rampup:65;Durada:20" time="0.026">
        <failure message="Not Found">Test failed: text expected to contain /Model de Qualitat de Solucions/</failure>
    </testcase>
    <testcase classname="testmeter.generalitat" name="TestNegatiu_Abril url i verificar capçalera_Fils:100;Rampup:65;Durada:20" time="0.040">
        <failure message="Not Found">Test failed: text expected to contain /Model de Qualitat de Solucions/</failure>
    </testcase>
    <testcase classname="testmeter.generalitat" name="Abril url i verificar capçalera_Fils:100;Rampup:65;Durada:20" time="0.028"/>
    <testcase classname="testmeter.generalitat" name="TestNegatiu_Abril url i verificar capçalera_Fils:100;Rampup:65;Durada:20" time="0.029">
        <failure message="Not Found">Test failed: text expected to contain /Model de Qualitat de Solucions/</failure>
    </testcase>
    <testcase classname="testmeter.generalitat" name="TestNegatiu_Abril url i verificar capçalera_Fils:100;Rampup:65;Durada:20" time="0.025">
        <failure message="Not Found">Test failed: text expected to contain /Model de Qualitat de Solucions/</failure>
    </testcase>
    <testcase classname="testmeter.generalitat" name="Abril url i verificar capçalera_Fils:100;Rampup:65;Durada:20" time="0.040"/>
    <testcase classname="testmeter.generalitat" name="TestNegatiu_Abril url i verificar capçalera_Fils:100;Rampup:65;Durada:20" time="0.030">
        <failure message="Not Found">Test failed: text expected to contain /Model de Qualitat de Solucions/</failure>
    </testcase>
    <testcase classname="testmeter.generalitat" name="TestNegatiu_Abril url i verificar capçalera_Fils:100;Rampup:65;Durada:20" time="0.034">
        <failure message="Not Found">Test failed: text expected to contain /Model de Qualitat de Solucions/</failure>
    </testcase>
    <testcase classname="testmeter.generalitat" name="Abril url i verificar capçalera_Fils:100;Rampup:65;Durada:20" time="0.030"/>
    <testcase classname="testmeter.generalitat" name="Abril url i verificar capçalera_Fils:100;Rampup:65;Durada:20" time="0.033"/>
    <testcase classname="testmeter.generalitat" name="Abril url i verificar capçalera_Fils:100;Rampup:65;Durada:20" time="0.030"/>
    <testcase classname="testmeter.generalitat" name="Abril url i verificar capçalera_Fils:100;Rampup:65;Durada:20" time="0.030"/>
    <testcase classname="testmeter.generalitat" name="Abril url i verificar capçalera_Fils:100;Rampup:65;Durada:20" time="0.091"/>
    <testcase classname="testmeter.generalitat" name="Abril url i verificar capçalera_Fils:100;Rampup:65;Durada:20" time="0.032"/>
    <testcase classname="testmeter.generalitat" name="TestNegatiu_Abril url i verificar capçalera_Fils:100;Rampup:65;Durada:20" time="0.031">
        <failure message="Not Found">Test failed: text expected to contain /Model de Qualitat de Solucions/</failure>
    </testcase>
    <testcase classname="testmeter.generalitat" name="TestNegatiu_Abril url i verificar capçalera_Fils:100;Rampup:65;Durada:20" time="0.054">
        <failure message="Not Found">Test failed: text expected to contain /Model de Qualitat de Solucions/</failure>
    </testcase>
    <testcase classname="testmeter.generalitat" name="Abril url i verificar capçalera_Fils:100;Rampup:65;Durada:20" time="0.027"/>
    <testcase classname="testmeter.generalitat" name="Abril url i verificar capçalera_Fils:100;Rampup:65;Durada:20" time="0.045"/>
    <testcase classname="testmeter.generalitat" name="TestNegatiu_Abril url i verificar capçalera_Fils:100;Rampup:65;Durada:20" time="0.025">
        <failure message="Not Found">Test failed: text expected to contain /Model de Qualitat de Solucions/</failure>
    </testcase>
    <testcase classname="testmeter.generalitat" name="TestNegatiu_Abril url i verificar capçalera_Fils:100;Rampup:65;Durada:20" time="0.022">
        <failure message="Not Found">Test failed: text expected to contain /Model de Qualitat de Solucions/</failure>
    </testcase>
    <testcase classname="testmeter.generalitat" name="Abril url i verificar capçalera_Fils:100;Rampup:65;Durada:20" time="0.030"/>
    <testcase classname="testmeter.generalitat" name="Abril url i verificar capçalera_Fils:100;Rampup:65;Durada:20" time="0.053"/>
    <testcase classname="testmeter.generalitat" name="TestNegatiu_Abril url i verificar capçalera_Fils:100;Rampup:65;Durada:20" time="0.023">
        <failure message="Not Found">Test failed: text expected to contain /Model de Qualitat de Solucions/</failure>
    </testcase>
    <testcase classname="testmeter.generalitat" name="Abril url i verificar capçalera_Fils:100;Rampup:65;Durada:20" time="0.027"/>
    <testcase classname="testmeter.generalitat" name="TestNegatiu_Abril url i verificar capçalera_Fils:100;Rampup:65;Durada:20" time="0.026">
        <failure message="Not Found">Test failed: text expected to contain /Model de Qualitat de Solucions/</failure>
    </testcase>
    <testcase classname="testmeter.generalitat" name="TestNegatiu_Abril url i verificar capçalera_Fils:100;Rampup:65;Durada:20" time="0.026">
        <failure message="Not Found">Test failed: text expected to contain /Model de Qualitat de Solucions/</failure>
    </testcase>
    <testcase classname="testmeter.generalitat" name="Abril url i verificar capçalera_Fils:100;Rampup:65;Durada:20" time="0.072"/>
    <testcase classname="testmeter.generalitat" name="Abril url i verificar capçalera_Fils:100;Rampup:65;Durada:20" time="0.023"/>
    <testcase classname="testmeter.generalitat" name="Abril url i verificar capçalera_Fils:100;Rampup:65;Durada:20" time="0.027"/>
    <testcase classname="testmeter.generalitat" name="TestNegatiu_Abril url i verificar capçalera_Fils:100;Rampup:65;Durada:20" time="0.028">
        <failure message="Not Found">Test failed: text expected to contain /Model de Qualitat de Solucions/</failure>
    </testcase>
    <testcase classname="testmeter.generalitat" name="TestNegatiu_Abril url i verificar capçalera_Fils:100;Rampup:65;Durada:20" time="0.026">
        <failure message="Not Found">Test failed: text expected to contain /Model de Qualitat de Solucions/</failure>
    </testcase>
    <testcase classname="testmeter.generalitat" name="Abril url i verificar capçalera_Fils:100;Rampup:65;Durada:20" time="0.031"/>
    <testcase classname="testmeter.generalitat" name="Abril url i verificar capçalera_Fils:100;Rampup:65;Durada:20" time="0.068"/>
    <testcase classname="testmeter.generalitat" name="Abril url i verificar capçalera_Fils:100;Rampup:65;Durada:20" time="0.075"/>
    <testcase classname="testmeter.generalitat" name="TestNegatiu_Abril url i verificar capçalera_Fils:100;Rampup:65;Durada:20" time="0.024">
        <failure message="Not Found">Test failed: text expected to contain /Model de Qualitat de Solucions/</failure>
    </testcase>
    <testcase classname="testmeter.generalitat" name="TestNegatiu_Abril url i verificar capçalera_Fils:100;Rampup:65;Durada:20" time="0.033">
        <failure message="Not Found">Test failed: text expected to contain /Model de Qualitat de Solucions/</failure>
    </testcase>
    <testcase classname="testmeter.generalitat" name="TestNegatiu_Abril url i verificar capçalera_Fils:100;Rampup:65;Durada:20" time="0.030">
        <failure message="Not Found">Test failed: text expected to contain /Model de Qualitat de Solucions/</failure>
    </testcase>
    <testcase classname="testmeter.generalitat" name="Abril url i verificar capçalera_Fils:100;Rampup:65;Durada:20" time="0.033"/>
    <testcase classname="testmeter.generalitat" name="Abril url i verificar capçalera_Fils:100;Rampup:65;Durada:20" time="0.065"/>
    <testcase classname="testmeter.generalitat" name="TestNegatiu_Abril url i verificar capçalera_Fils:100;Rampup:65;Durada:20" time="0.030">
        <failure message="Not Found">Test failed: text expected to contain /Model de Qualitat de Solucions/</failure>
    </testcase>
    <testcase classname="testmeter.generalitat" name="TestNegatiu_Abril url i verificar capçalera_Fils:100;Rampup:65;Durada:20" time="0.022">
        <failure message="Not Found">Test failed: text expected to contain /Model de Qualitat de Solucions/</failure>
    </testcase>
    <testcase classname="testmeter.generalitat" name="TestNegatiu_Abril url i verificar capçalera_Fils:100;Rampup:65;Durada:20" time="0.049">
        <failure message="Not Found">Test failed: text expected to contain /Model de Qualitat de Solucions/</failure>
    </testcase>
    <testcase classname="testmeter.generalitat" name="TestNegatiu_Abril url i verificar capçalera_Fils:100;Rampup:65;Durada:20" time="0.027">
        <failure message="Not Found">Test failed: text expected to contain /Model de Qualitat de Solucions/</failure>
    </testcase>
    <testcase classname="testmeter.generalitat" name="Abril url i verificar capçalera_Fils:100;Rampup:65;Durada:20" time="0.044"/>
    <testcase classname="testmeter.generalitat" name="Abril url i verificar capçalera_Fils:100;Rampup:65;Durada:20" time="0.118"/>
    <testcase classname="testmeter.generalitat" name="TestNegatiu_Abril url i verificar capçalera_Fils:100;Rampup:65;Durada:20" time="0.028">
        <failure message="Not Found">Test failed: text expected to contain /Model de Qualitat de Solucions/</failure>
    </testcase>
    <testcase classname="testmeter.generalitat" name="TestNegatiu_Abril url i verificar capçalera_Fils:100;Rampup:65;Durada:20" time="0.027">
        <failure message="Not Found">Test failed: text expected to contain /Model de Qualitat de Solucions/</failure>
    </testcase>
    <testcase classname="testmeter.generalitat" name="Abril url i verificar capçalera_Fils:100;Rampup:65;Durada:20" time="0.032"/>
    <testcase classname="testmeter.generalitat" name="Abril url i verificar capçalera_Fils:100;Rampup:65;Durada:20" time="0.034"/>
    <testcase classname="testmeter.generalitat" name="Abril url i verificar capçalera_Fils:100;Rampup:65;Durada:20" time="0.032"/>
    <testcase classname="testmeter.generalitat" name="TestNegatiu_Abril url i verificar capçalera_Fils:100;Rampup:65;Durada:20" time="0.035">
        <failure message="Not Found">Test failed: text expected to contain /Model de Qualitat de Solucions/</failure>
    </testcase>
    <testcase classname="testmeter.generalitat" name="TestNegatiu_Abril url i verificar capçalera_Fils:100;Rampup:65;Durada:20" time="0.029">
        <failure message="Not Found">Test failed: text expected to contain /Model de Qualitat de Solucions/</failure>
    </testcase>
    <testcase classname="testmeter.generalitat" name="Abril url i verificar capçalera_Fils:100;Rampup:65;Durada:20" time="0.035"/>
    <testcase classname="testmeter.generalitat" name="Abril url i verificar capçalera_Fils:100;Rampup:65;Durada:20" time="0.027"/>
    <testcase classname="testmeter.generalitat" name="Abril url i verificar capçalera_Fils:100;Rampup:65;Durada:20" time="0.034"/>
    <testcase classname="testmeter.generalitat" name="Abril url i verificar capçalera_Fils:100;Rampup:65;Durada:20" time="0.050"/>
    <testcase classname="testmeter.generalitat" name="TestNegatiu_Abril url i verificar capçalera_Fils:100;Rampup:65;Durada:20" time="0.047">
        <failure message="Not Found">Test failed: text expected to contain /Model de Qualitat de Solucions/</failure>
    </testcase>
    <testcase classname="testmeter.generalitat" name="TestNegatiu_Abril url i verificar capçalera_Fils:100;Rampup:65;Durada:20" time="0.025">
        <failure message="Not Found">Test failed: text expected to contain /Model de Qualitat de Solucions/</failure>
    </testcase>
    <testcase classname="testmeter.generalitat" name="TestNegatiu_Abril url i verificar capçalera_Fils:100;Rampup:65;Durada:20" time="0.032">
        <failure message="Not Found">Test failed: text expected to contain /Model de Qualitat de Solucions/</failure>
    </testcase>
    <testcase classname="testmeter.generalitat" name="Abril url i verificar capçalera_Fils:100;Rampup:65;Durada:20" time="0.071"/>
    <testcase classname="testmeter.generalitat" name="Abril url i verificar capçalera_Fils:100;Rampup:65;Durada:20" time="0.028"/>
    <testcase classname="testmeter.generalitat" name="Abril url i verificar capçalera_Fils:100;Rampup:65;Durada:20" time="0.032"/>
    <testcase classname="testmeter.generalitat" name="TestNegatiu_Abril url i verificar capçalera_Fils:100;Rampup:65;Durada:20" time="0.026">
        <failure message="Not Found">Test failed: text expected to contain /Model de Qualitat de Solucions/</failure>
    </testcase>
    <testcase classname="testmeter.generalitat" name="TestNegatiu_Abril url i verificar capçalera_Fils:100;Rampup:65;Durada:20" time="0.035">
        <failure message="Not Found">Test failed: text expected to contain /Model de Qualitat de Solucions/</failure>
    </testcase>
    <testcase classname="testmeter.generalitat" name="Abril url i verificar capçalera_Fils:100;Rampup:65;Durada:20" time="0.036"/>
    <testcase classname="testmeter.generalitat" name="TestNegatiu_Abril url i verificar capçalera_Fils:100;Rampup:65;Durada:20" time="0.044">
        <failure message="Not Found">Test failed: text expected to contain /Model de Qualitat de Solucions/</failure>
    </testcase>
    <testcase classname="testmeter.generalitat" name="TestNegatiu_Abril url i verificar capçalera_Fils:100;Rampup:65;Durada:20" time="0.031">
        <failure message="Not Found">Test failed: text expected to contain /Model de Qualitat de Solucions/</failure>
    </testcase>
    <testcase classname="testmeter.generalitat" name="TestNegatiu_Abril url i verificar capçalera_Fils:100;Rampup:65;Durada:20" time="0.032">
        <failure message="Not Found">Test failed: text expected to contain /Model de Qualitat de Solucions/</failure>
    </testcase>
    <testcase classname="testmeter.generalitat" name="TestNegatiu_Abril url i verificar capçalera_Fils:100;Rampup:65;Durada:20" time="0.023">
        <failure message="Not Found">Test failed: text expected to contain /Model de Qualitat de Solucions/</failure>
    </testcase>
    <testcase classname="testmeter.generalitat" name="TestNegatiu_Abril url i verificar capçalera_Fils:100;Rampup:65;Durada:20" time="0.025">
        <failure message="Not Found">Test failed: text expected to contain /Model de Qualitat de Solucions/</failure>
    </testcase>
    <testcase classname="testmeter.generalitat" name="TestNegatiu_Abril url i verificar capçalera_Fils:100;Rampup:65;Durada:20" time="0.028">
        <failure message="Not Found">Test failed: text expected to contain /Model de Qualitat de Solucions/</failure>
    </testcase>
    <testcase classname="testmeter.generalitat" name="Abril url i verificar capçalera_Fils:100;Rampup:65;Durada:20" time="0.033"/>
    <testcase classname="testmeter.generalitat" name="TestNegatiu_Abril url i verificar capçalera_Fils:100;Rampup:65;Durada:20" time="0.033">
        <failure message="Not Found">Test failed: text expected to contain /Model de Qualitat de Solucions/</failure>
    </testcase>
    <testcase classname="testmeter.generalitat" name="TestNegatiu_Abril url i verificar capçalera_Fils:100;Rampup:65;Durada:20" time="0.023">
        <failure message="Not Found">Test failed: text expected to contain /Model de Qualitat de Solucions/</failure>
    </testcase>
    <testcase classname="testmeter.generalitat" name="TestNegatiu_Abril url i verificar capçalera_Fils:100;Rampup:65;Durada:20" time="0.025">
        <failure message="Not Found">Test failed: text expected to contain /Model de Qualitat de Solucions/</failure>
    </testcase>
    <testcase classname="testmeter.generalitat" name="Abril url i verificar capçalera_Fils:100;Rampup:65;Durada:20" time="0.026"/>
    <testcase classname="testmeter.generalitat" name="Abril url i verificar capçalera_Fils:100;Rampup:65;Durada:20" time="0.063"/>
    <testcase classname="testmeter.generalitat" name="Abril url i verificar capçalera_Fils:100;Rampup:65;Durada:20" time="0.060"/>
    <testcase classname="testmeter.generalitat" name="TestNegatiu_Abril url i verificar capçalera_Fils:100;Rampup:65;Durada:20" time="0.027">
        <failure message="Not Found">Test failed: text expected to contain /Model de Qualitat de Solucions/</failure>
    </testcase>
    <testcase classname="testmeter.generalitat" name="Abril url i verificar capçalera_Fils:100;Rampup:65;Durada:20" time="0.036"/>
    <testcase classname="testmeter.generalitat" name="Abril url i verificar capçalera_Fils:100;Rampup:65;Durada:20" time="0.026"/>
    <testcase classname="testmeter.generalitat" name="TestNegatiu_Abril url i verificar capçalera_Fils:100;Rampup:65;Durada:20" time="0.027">
        <failure message="Not Found">Test failed: text expected to contain /Model de Qualitat de Solucions/</failure>
    </testcase>
    <testcase classname="testmeter.generalitat" name="TestNegatiu_Abril url i verificar capçalera_Fils:100;Rampup:65;Durada:20" time="0.049">
        <failure message="Not Found">Test failed: text expected to contain /Model de Qualitat de Solucions/</failure>
    </testcase>
    <testcase classname="testmeter.generalitat" name="Abril url i verificar capçalera_Fils:100;Rampup:65;Durada:20" time="0.028"/>
    <testcase classname="testmeter.generalitat" name="Abril url i verificar capçalera_Fils:100;Rampup:65;Durada:20" time="0.028"/>
    <testcase classname="testmeter.generalitat" name="Abril url i verificar capçalera_Fils:100;Rampup:65;Durada:20" time="0.046"/>
    <testcase classname="testmeter.generalitat" name="Abril url i verificar capçalera_Fils:100;Rampup:65;Durada:20" time="0.028"/>
    <testcase classname="testmeter.generalitat" name="Abril url i verificar capçalera_Fils:100;Rampup:65;Durada:20" time="0.068"/>
    <testcase classname="testmeter.generalitat" name="Abril url i verificar capçalera_Fils:100;Rampup:65;Durada:20" time="0.043"/>
    <testcase classname="testmeter.generalitat" name="Abril url i verificar capçalera_Fils:100;Rampup:65;Durada:20" time="0.023"/>
    <testcase classname="testmeter.generalitat" name="Abril url i verificar capçalera_Fils:100;Rampup:65;Durada:20" time="0.028"/>
    <testcase classname="testmeter.generalitat" name="Abril url i verificar capçalera_Fils:100;Rampup:65;Durada:20" time="0.069"/>
    <testcase classname="testmeter.generalitat" name="TestNegatiu_Abril url i verificar capçalera_Fils:100;Rampup:65;Durada:20" time="0.022">
        <failure message="Not Found">Test failed: text expected to contain /Model de Qualitat de Solucions/</failure>
    </testcase>
    <testcase classname="testmeter.generalitat" name="Abril url i verificar capçalera_Fils:100;Rampup:65;Durada:20" time="0.028"/>
    <testcase classname="testmeter.generalitat" name="TestNegatiu_Abril url i verificar capçalera_Fils:100;Rampup:65;Durada:20" time="0.027">
        <failure message="Not Found">Test failed: text expected to contain /Model de Qualitat de Solucions/</failure>
    </testcase>
    <testcase classname="testmeter.generalitat" name="TestNegatiu_Abril url i verificar capçalera_Fils:100;Rampup:65;Durada:20" time="0.024">
        <failure message="Not Found">Test failed: text expected to contain /Model de Qualitat de Solucions/</failure>
    </testcase>
    <testcase classname="testmeter.generalitat" name="Abril url i verificar capçalera_Fils:100;Rampup:65;Durada:20" time="0.075"/>
    <testcase classname="testmeter.generalitat" name="Abril url i verificar capçalera_Fils:100;Rampup:65;Durada:20" time="0.090"/>
    <testcase classname="testmeter.generalitat" name="TestNegatiu_Abril url i verificar capçalera_Fils:100;Rampup:65;Durada:20" time="0.026">
        <failure message="Not Found">Test failed: text expected to contain /Model de Qualitat de Solucions/</failure>
    </testcase>
    <testcase classname="testmeter.generalitat" name="Abril url i verificar capçalera_Fils:100;Rampup:65;Durada:20" time="0.026"/>
    <testcase classname="testmeter.generalitat" name="TestNegatiu_Abril url i verificar capçalera_Fils:100;Rampup:65;Durada:20" time="0.028">
        <failure message="Not Found">Test failed: text expected to contain /Model de Qualitat de Solucions/</failure>
    </testcase>
    <testcase classname="testmeter.generalitat" name="Abril url i verificar capçalera_Fils:100;Rampup:65;Durada:20" time="0.049"/>
    <testcase classname="testmeter.generalitat" name="TestNegatiu_Abril url i verificar capçalera_Fils:100;Rampup:65;Durada:20" time="0.023">
        <failure message="Not Found">Test failed: text expected to contain /Model de Qualitat de Solucions/</failure>
    </testcase>
    <testcase classname="testmeter.generalitat" name="TestNegatiu_Abril url i verificar capçalera_Fils:100;Rampup:65;Durada:20" time="0.021">
        <failure message="Not Found">Test failed: text expected to contain /Model de Qualitat de Solucions/</failure>
    </testcase>
    <testcase classname="testmeter.generalitat" name="TestNegatiu_Abril url i verificar capçalera_Fils:100;Rampup:65;Durada:20" time="0.026">
        <failure message="Not Found">Test failed: text expected to contain /Model de Qualitat de Solucions/</failure>
    </testcase>
    <testcase classname="testmeter.generalitat" name="Abril url i verificar capçalera_Fils:100;Rampup:65;Durada:20" time="0.026"/>
    <testcase classname="testmeter.generalitat" name="Abril url i verificar capçalera_Fils:100;Rampup:65;Durada:20" time="0.060"/>
    <testcase classname="testmeter.generalitat" name="Abril url i verificar capçalera_Fils:100;Rampup:65;Durada:20" time="0.064"/>
    <testcase classname="testmeter.generalitat" name="TestNegatiu_Abril url i verificar capçalera_Fils:100;Rampup:65;Durada:20" time="0.025">
        <failure message="Not Found">Test failed: text expected to contain /Model de Qualitat de Solucions/</failure>
    </testcase>
    <testcase classname="testmeter.generalitat" name="TestNegatiu_Abril url i verificar capçalera_Fils:100;Rampup:65;Durada:20" time="0.027">
        <failure message="Not Found">Test failed: text expected to contain /Model de Qualitat de Solucions/</failure>
    </testcase>
    <testcase classname="testmeter.generalitat" name="TestNegatiu_Abril url i verificar capçalera_Fils:100;Rampup:65;Durada:20" time="0.025">
        <failure message="Not Found">Test failed: text expected to contain /Model de Qualitat de Solucions/</failure>
    </testcase>
    <testcase classname="testmeter.generalitat" name="TestNegatiu_Abril url i verificar capçalera_Fils:100;Rampup:65;Durada:20" time="0.026">
        <failure message="Not Found">Test failed: text expected to contain /Model de Qualitat de Solucions/</failure>
    </testcase>
    <testcase classname="testmeter.generalitat" name="TestNegatiu_Abril url i verificar capçalera_Fils:100;Rampup:65;Durada:20" time="0.027">
        <failure message="Not Found">Test failed: text expected to contain /Model de Qualitat de Solucions/</failure>
    </testcase>
    <testcase classname="testmeter.generalitat" name="TestNegatiu_Abril url i verificar capçalera_Fils:100;Rampup:65;Durada:20" time="0.027">
        <failure message="Not Found">Test failed: text expected to contain /Model de Qualitat de Solucions/</failure>
    </testcase>
    <testcase classname="testmeter.generalitat" name="TestNegatiu_Abril url i verificar capçalera_Fils:100;Rampup:65;Durada:20" time="0.025">
        <failure message="Not Found">Test failed: text expected to contain /Model de Qualitat de Solucions/</failure>
    </testcase>
    <testcase classname="testmeter.generalitat" name="TestNegatiu_Abril url i verificar capçalera_Fils:100;Rampup:65;Durada:20" time="0.036">
        <failure message="Not Found">Test failed: text expected to contain /Model de Qualitat de Solucions/</failure>
    </testcase>
    <testcase classname="testmeter.generalitat" name="TestNegatiu_Abril url i verificar capçalera_Fils:100;Rampup:65;Durada:20" time="0.024">
        <failure message="Not Found">Test failed: text expected to contain /Model de Qualitat de Solucions/</failure>
    </testcase>
    <testcase classname="testmeter.generalitat" name="Abril url i verificar capçalera_Fils:100;Rampup:65;Durada:20" time="0.032"/>
    <testcase classname="testmeter.generalitat" name="Abril url i verificar capçalera_Fils:100;Rampup:65;Durada:20" time="0.028"/>
    <testcase classname="testmeter.generalitat" name="Abril url i verificar capçalera_Fils:100;Rampup:65;Durada:20" time="0.041"/>
    <testcase classname="testmeter.generalitat" name="TestNegatiu_Abril url i verificar capçalera_Fils:100;Rampup:65;Durada:20" time="0.024">
        <failure message="Not Found">Test failed: text expected to contain /Model de Qualitat de Solucions/</failure>
    </testcase>
    <testcase classname="testmeter.generalitat" name="TestNegatiu_Abril url i verificar capçalera_Fils:100;Rampup:65;Durada:20" time="0.023">
        <failure message="Not Found">Test failed: text expected to contain /Model de Qualitat de Solucions/</failure>
    </testcase>
    <testcase classname="testmeter.generalitat" name="TestNegatiu_Abril url i verificar capçalera_Fils:100;Rampup:65;Durada:20" time="0.033">
        <failure message="Not Found">Test failed: text expected to contain /Model de Qualitat de Solucions/</failure>
    </testcase>
    <testcase classname="testmeter.generalitat" name="Abril url i verificar capçalera_Fils:100;Rampup:65;Durada:20" time="0.029"/>
    <testcase classname="testmeter.generalitat" name="TestNegatiu_Abril url i verificar capçalera_Fils:100;Rampup:65;Durada:20" time="0.030">
        <failure message="Not Found">Test failed: text expected to contain /Model de Qualitat de Solucions/</failure>
    </testcase>
    <testcase classname="testmeter.generalitat" name="TestNegatiu_Abril url i verificar capçalera_Fils:100;Rampup:65;Durada:20" time="0.046">
        <failure message="Not Found">Test failed: text expected to contain /Model de Qualitat de Solucions/</failure>
    </testcase>
    <testcase classname="testmeter.generalitat" name="Abril url i verificar capçalera_Fils:100;Rampup:65;Durada:20" time="0.026"/>
    <testcase classname="testmeter.generalitat" name="Abril url i verificar capçalera_Fils:100;Rampup:65;Durada:20" time="0.038"/>
    <testcase classname="testmeter.generalitat" name="Abril url i verificar capçalera_Fils:100;Rampup:65;Durada:20" time="0.027"/>
    <testcase classname="testmeter.generalitat" name="Abril url i verificar capçalera_Fils:100;Rampup:65;Durada:20" time="0.030"/>
    <testcase classname="testmeter.generalitat" name="Abril url i verificar capçalera_Fils:100;Rampup:65;Durada:20" time="0.030"/>
    <testcase classname="testmeter.generalitat" name="Abril url i verificar capçalera_Fils:100;Rampup:65;Durada:20" time="0.029"/>
    <testcase classname="testmeter.generalitat" name="Abril url i verificar capçalera_Fils:100;Rampup:65;Durada:20" time="0.027"/>
    <testcase classname="testmeter.generalitat" name="Abril url i verificar capçalera_Fils:100;Rampup:65;Durada:20" time="0.065"/>
    <testcase classname="testmeter.generalitat" name="TestNegatiu_Abril url i verificar capçalera_Fils:100;Rampup:65;Durada:20" time="0.025">
        <failure message="Not Found">Test failed: text expected to contain /Model de Qualitat de Solucions/</failure>
    </testcase>
    <testcase classname="testmeter.generalitat" name="TestNegatiu_Abril url i verificar capçalera_Fils:100;Rampup:65;Durada:20" time="0.026">
        <failure message="Not Found">Test failed: text expected to contain /Model de Qualitat de Solucions/</failure>
    </testcase>
    <testcase classname="testmeter.generalitat" name="Abril url i verificar capçalera_Fils:100;Rampup:65;Durada:20" time="0.045"/>
    <testcase classname="testmeter.generalitat" name="TestNegatiu_Abril url i verificar capçalera_Fils:100;Rampup:65;Durada:20" time="0.026">
        <failure message="Not Found">Test failed: text expected to contain /Model de Qualitat de Solucions/</failure>
    </testcase>
    <testcase classname="testmeter.generalitat" name="Abril url i verificar capçalera_Fils:100;Rampup:65;Durada:20" time="0.069"/>
    <testcase classname="testmeter.generalitat" name="TestNegatiu_Abril url i verificar capçalera_Fils:100;Rampup:65;Durada:20" time="0.028">
        <failure message="Not Found">Test failed: text expected to contain /Model de Qualitat de Solucions/</failure>
    </testcase>
    <testcase classname="testmeter.generalitat" name="Abril url i verificar capçalera_Fils:100;Rampup:65;Durada:20" time="0.029"/>
    <testcase classname="testmeter.generalitat" name="TestNegatiu_Abril url i verificar capçalera_Fils:100;Rampup:65;Durada:20" time="0.024">
        <failure message="Not Found">Test failed: text expected to contain /Model de Qualitat de Solucions/</failure>
    </testcase>
    <testcase classname="testmeter.generalitat" name="TestNegatiu_Abril url i verificar capçalera_Fils:100;Rampup:65;Durada:20" time="0.029">
        <failure message="Not Found">Test failed: text expected to contain /Model de Qualitat de Solucions/</failure>
    </testcase>
    <testcase classname="testmeter.generalitat" name="TestNegatiu_Abril url i verificar capçalera_Fils:100;Rampup:65;Durada:20" time="0.027">
        <failure message="Not Found">Test failed: text expected to contain /Model de Qualitat de Solucions/</failure>
    </testcase>
    <testcase classname="testmeter.generalitat" name="TestNegatiu_Abril url i verificar capçalera_Fils:100;Rampup:65;Durada:20" time="0.028">
        <failure message="Not Found">Test failed: text expected to contain /Model de Qualitat de Solucions/</failure>
    </testcase>
    <testcase classname="testmeter.generalitat" name="TestNegatiu_Abril url i verificar capçalera_Fils:100;Rampup:65;Durada:20" time="0.027">
        <failure message="Not Found">Test failed: text expected to contain /Model de Qualitat de Solucions/</failure>
    </testcase>
    <testcase classname="testmeter.generalitat" name="TestNegatiu_Abril url i verificar capçalera_Fils:100;Rampup:65;Durada:20" time="0.025">
        <failure message="Not Found">Test failed: text expected to contain /Model de Qualitat de Solucions/</failure>
    </testcase>
    <testcase classname="testmeter.generalitat" name="Abril url i verificar capçalera_Fils:100;Rampup:65;Durada:20" time="0.051"/>
    <testcase classname="testmeter.generalitat" name="Abril url i verificar capçalera_Fils:100;Rampup:65;Durada:20" time="0.030"/>
    <testcase classname="testmeter.generalitat" name="Abril url i verificar capçalera_Fils:100;Rampup:65;Durada:20" time="0.049"/>
    <testcase classname="testmeter.generalitat" name="TestNegatiu_Abril url i verificar capçalera_Fils:100;Rampup:65;Durada:20" time="0.024">
        <failure message="Not Found">Test failed: text expected to contain /Model de Qualitat de Solucions/</failure>
    </testcase>
    <testcase classname="testmeter.generalitat" name="Abril url i verificar capçalera_Fils:100;Rampup:65;Durada:20" time="0.029"/>
    <testcase classname="testmeter.generalitat" name="Abril url i verificar capçalera_Fils:100;Rampup:65;Durada:20" time="0.029"/>
    <testcase classname="testmeter.generalitat" name="Abril url i verificar capçalera_Fils:100;Rampup:65;Durada:20" time="0.073"/>
    <testcase classname="testmeter.generalitat" name="Abril url i verificar capçalera_Fils:100;Rampup:65;Durada:20" time="0.074"/>
    <testcase classname="testmeter.generalitat" name="TestNegatiu_Abril url i verificar capçalera_Fils:100;Rampup:65;Durada:20" time="0.026">
        <failure message="Not Found">Test failed: text expected to contain /Model de Qualitat de Solucions/</failure>
    </testcase>
    <testcase classname="testmeter.generalitat" name="TestNegatiu_Abril url i verificar capçalera_Fils:100;Rampup:65;Durada:20" time="0.044">
        <failure message="Not Found">Test failed: text expected to contain /Model de Qualitat de Solucions/</failure>
    </testcase>
    <testcase classname="testmeter.generalitat" name="Abril url i verificar capçalera_Fils:100;Rampup:65;Durada:20" time="0.026"/>
    <testcase classname="testmeter.generalitat" name="Abril url i verificar capçalera_Fils:100;Rampup:65;Durada:20" time="0.028"/>
    <testcase classname="testmeter.generalitat" name="Abril url i verificar capçalera_Fils:100;Rampup:65;Durada:20" time="0.061"/>
    <testcase classname="testmeter.generalitat" name="Abril url i verificar capçalera_Fils:100;Rampup:65;Durada:20" time="0.060"/>
    <testcase classname="testmeter.generalitat" name="TestNegatiu_Abril url i verificar capçalera_Fils:100;Rampup:65;Durada:20" time="0.025">
        <failure message="Not Found">Test failed: text expected to contain /Model de Qualitat de Solucions/</failure>
    </testcase>
    <testcase classname="testmeter.generalitat" name="TestNegatiu_Abril url i verificar capçalera_Fils:100;Rampup:65;Durada:20" time="0.027">
        <failure message="Not Found">Test failed: text expected to contain /Model de Qualitat de Solucions/</failure>
    </testcase>
    <testcase classname="testmeter.generalitat" name="TestNegatiu_Abril url i verificar capçalera_Fils:100;Rampup:65;Durada:20" time="0.028">
        <failure message="Not Found">Test failed: text expected to contain /Model de Qualitat de Solucions/</failure>
    </testcase>
    <testcase classname="testmeter.generalitat" name="TestNegatiu_Abril url i verificar capçalera_Fils:100;Rampup:65;Durada:20" time="0.025">
        <failure message="Not Found">Test failed: text expected to contain /Model de Qualitat de Solucions/</failure>
    </testcase>
    <testcase classname="testmeter.generalitat" name="Abril url i verificar capçalera_Fils:100;Rampup:65;Durada:20" time="0.027"/>
    <testcase classname="testmeter.generalitat" name="TestNegatiu_Abril url i verificar capçalera_Fils:100;Rampup:65;Durada:20" time="1.063">
        <failure message="Not Found">Test failed: text expected to contain /Model de Qualitat de Solucions/</failure>
    </testcase>
    <testcase classname="testmeter.generalitat" name="TestNegatiu_Abril url i verificar capçalera_Fils:100;Rampup:65;Durada:20" time="0.026">
        <failure message="Not Found">Test failed: text expected to contain /Model de Qualitat de Solucions/</failure>
    </testcase>
    <testcase classname="testmeter.generalitat" name="Abril url i verificar capçalera_Fils:100;Rampup:65;Durada:20" time="0.032"/>
    <testcase classname="testmeter.generalitat" name="Abril url i verificar capçalera_Fils:100;Rampup:65;Durada:20" time="0.030"/>
    <testcase classname="testmeter.generalitat" name="Abril url i verificar capçalera_Fils:100;Rampup:65;Durada:20" time="0.030"/>
    <testcase classname="testmeter.generalitat" name="Abril url i verificar capçalera_Fils:100;Rampup:65;Durada:20" time="0.044"/>
    <testcase classname="testmeter.generalitat" name="Abril url i verificar capçalera_Fils:100;Rampup:65;Durada:20" time="0.028"/>
    <testcase classname="testmeter.generalitat" name="TestNegatiu_Abril url i verificar capçalera_Fils:100;Rampup:65;Durada:20" time="0.024">
        <failure message="Not Found">Test failed: text expected to contain /Model de Qualitat de Solucions/</failure>
    </testcase>
    <testcase classname="testmeter.generalitat" name="TestNegatiu_Abril url i verificar capçalera_Fils:100;Rampup:65;Durada:20" time="0.052">
        <failure message="Not Found">Test failed: text expected to contain /Model de Qualitat de Solucions/</failure>
    </testcase>
    <testcase classname="testmeter.generalitat" name="Abril url i verificar capçalera_Fils:100;Rampup:65;Durada:20" time="0.070"/>
    <testcase classname="testmeter.generalitat" name="Abril url i verificar capçalera_Fils:100;Rampup:65;Durada:20" time="0.029"/>
    <testcase classname="testmeter.generalitat" name="TestNegatiu_Abril url i verificar capçalera_Fils:100;Rampup:65;Durada:20" time="0.025">
        <failure message="Not Found">Test failed: text expected to contain /Model de Qualitat de Solucions/</failure>
    </testcase>
    <testcase classname="testmeter.generalitat" name="TestNegatiu_Abril url i verificar capçalera_Fils:100;Rampup:65;Durada:20" time="0.023">
        <failure message="Not Found">Test failed: text expected to contain /Model de Qualitat de Solucions/</failure>
    </testcase>
    <testcase classname="testmeter.generalitat" name="TestNegatiu_Abril url i verificar capçalera_Fils:100;Rampup:65;Durada:20" time="0.022">
        <failure message="Not Found">Test failed: text expected to contain /Model de Qualitat de Solucions/</failure>
    </testcase>
    <testcase classname="testmeter.generalitat" name="TestNegatiu_Abril url i verificar capçalera_Fils:100;Rampup:65;Durada:20" time="0.023">
        <failure message="Not Found">Test failed: text expected to contain /Model de Qualitat de Solucions/</failure>
    </testcase>
    <testcase classname="testmeter.generalitat" name="TestNegatiu_Abril url i verificar capçalera_Fils:100;Rampup:65;Durada:20" time="0.026">
        <failure message="Not Found">Test failed: text expected to contain /Model de Qualitat de Solucions/</failure>
    </testcase>
    <testcase classname="testmeter.generalitat" name="Abril url i verificar capçalera_Fils:100;Rampup:65;Durada:20" time="0.029"/>
    <testcase classname="testmeter.generalitat" name="TestNegatiu_Abril url i verificar capçalera_Fils:100;Rampup:65;Durada:20" time="0.084">
        <failure message="Not Found">Test failed: text expected to contain /Model de Qualitat de Solucions/</failure>
    </testcase>
    <testcase classname="testmeter.generalitat" name="TestNegatiu_Abril url i verificar capçalera_Fils:100;Rampup:65;Durada:20" time="0.026">
        <failure message="Not Found">Test failed: text expected to contain /Model de Qualitat de Solucions/</failure>
    </testcase>
    <testcase classname="testmeter.generalitat" name="TestNegatiu_Abril url i verificar capçalera_Fils:100;Rampup:65;Durada:20" time="0.024">
        <failure message="Not Found">Test failed: text expected to contain /Model de Qualitat de Solucions/</failure>
    </testcase>
    <testcase classname="testmeter.generalitat" name="TestNegatiu_Abril url i verificar capçalera_Fils:100;Rampup:65;Durada:20" time="0.023">
        <failure message="Not Found">Test failed: text expected to contain /Model de Qualitat de Solucions/</failure>
    </testcase>
    <testcase classname="testmeter.generalitat" name="Abril url i verificar capçalera_Fils:100;Rampup:65;Durada:20" time="0.029"/>
    <testcase classname="testmeter.generalitat" name="Abril url i verificar capçalera_Fils:100;Rampup:65;Durada:20" time="0.027"/>
    <testcase classname="testmeter.generalitat" name="TestNegatiu_Abril url i verificar capçalera_Fils:100;Rampup:65;Durada:20" time="0.027">
        <failure message="Not Found">Test failed: text expected to contain /Model de Qualitat de Solucions/</failure>
    </testcase>
    <testcase classname="testmeter.generalitat" name="TestNegatiu_Abril url i verificar capçalera_Fils:100;Rampup:65;Durada:20" time="0.028">
        <failure message="Not Found">Test failed: text expected to contain /Model de Qualitat de Solucions/</failure>
    </testcase>
    <testcase classname="testmeter.generalitat" name="TestNegatiu_Abril url i verificar capçalera_Fils:100;Rampup:65;Durada:20" time="0.028">
        <failure message="Not Found">Test failed: text expected to contain /Model de Qualitat de Solucions/</failure>
    </testcase>
    <testcase classname="testmeter.generalitat" name="TestNegatiu_Abril url i verificar capçalera_Fils:100;Rampup:65;Durada:20" time="0.029">
        <failure message="Not Found">Test failed: text expected to contain /Model de Qualitat de Solucions/</failure>
    </testcase>
    <testcase classname="testmeter.generalitat" name="Abril url i verificar capçalera_Fils:100;Rampup:65;Durada:20" time="0.025"/>
    <testcase classname="testmeter.generalitat" name="Abril url i verificar capçalera_Fils:100;Rampup:65;Durada:20" time="0.034"/>
    <testcase classname="testmeter.generalitat" name="Abril url i verificar capçalera_Fils:100;Rampup:65;Durada:20" time="0.047"/>
    <testcase classname="testmeter.generalitat" name="TestNegatiu_Abril url i verificar capçalera_Fils:100;Rampup:65;Durada:20" time="0.027">
        <failure message="Not Found">Test failed: text expected to contain /Model de Qualitat de Solucions/</failure>
    </testcase>
    <testcase classname="testmeter.generalitat" name="Abril url i verificar capçalera_Fils:100;Rampup:65;Durada:20" time="0.029"/>
    <testcase classname="testmeter.generalitat" name="Abril url i verificar capçalera_Fils:100;Rampup:65;Durada:20" time="0.049"/>
    <testcase classname="testmeter.generalitat" name="TestNegatiu_Abril url i verificar capçalera_Fils:100;Rampup:65;Durada:20" time="0.045">
        <failure message="Not Found">Test failed: text expected to contain /Model de Qualitat de Solucions/</failure>
    </testcase>
    <testcase classname="testmeter.generalitat" name="TestNegatiu_Abril url i verificar capçalera_Fils:100;Rampup:65;Durada:20" time="0.025">
        <failure message="Not Found">Test failed: text expected to contain /Model de Qualitat de Solucions/</failure>
    </testcase>
    <testcase classname="testmeter.generalitat" name="TestNegatiu_Abril url i verificar capçalera_Fils:100;Rampup:65;Durada:20" time="0.026">
        <failure message="Not Found">Test failed: text expected to contain /Model de Qualitat de Solucions/</failure>
    </testcase>
    <testcase classname="testmeter.generalitat" name="Abril url i verificar capçalera_Fils:100;Rampup:65;Durada:20" time="0.027"/>
    <testcase classname="testmeter.generalitat" name="Abril url i verificar capçalera_Fils:100;Rampup:65;Durada:20" time="0.026"/>
    <testcase classname="testmeter.generalitat" name="Abril url i verificar capçalera_Fils:100;Rampup:65;Durada:20" time="0.071"/>
    <testcase classname="testmeter.generalitat" name="TestNegatiu_Abril url i verificar capçalera_Fils:100;Rampup:65;Durada:20" time="0.027">
        <failure message="Not Found">Test failed: text expected to contain /Model de Qualitat de Solucions/</failure>
    </testcase>
    <testcase classname="testmeter.generalitat" name="TestNegatiu_Abril url i verificar capçalera_Fils:100;Rampup:65;Durada:20" time="0.027">
        <failure message="Not Found">Test failed: text expected to contain /Model de Qualitat de Solucions/</failure>
    </testcase>
    <testcase classname="testmeter.generalitat" name="TestNegatiu_Abril url i verificar capçalera_Fils:100;Rampup:65;Durada:20" time="0.023">
        <failure message="Not Found">Test failed: text expected to contain /Model de Qualitat de Solucions/</failure>
    </testcase>
    <testcase classname="testmeter.generalitat" name="Abril url i verificar capçalera_Fils:100;Rampup:65;Durada:20" time="0.052"/>
    <testcase classname="testmeter.generalitat" name="Abril url i verificar capçalera_Fils:100;Rampup:65;Durada:20" time="0.029"/>
    <testcase classname="testmeter.generalitat" name="Abril url i verificar capçalera_Fils:100;Rampup:65;Durada:20" time="0.028"/>
    <testcase classname="testmeter.generalitat" name="Abril url i verificar capçalera_Fils:100;Rampup:65;Durada:20" time="0.033"/>
    <testcase classname="testmeter.generalitat" name="Abril url i verificar capçalera_Fils:100;Rampup:65;Durada:20" time="0.031"/>
    <testcase classname="testmeter.generalitat" name="TestNegatiu_Abril url i verificar capçalera_Fils:100;Rampup:65;Durada:20" time="0.023">
        <failure message="Not Found">Test failed: text expected to contain /Model de Qualitat de Solucions/</failure>
    </testcase>
    <testcase classname="testmeter.generalitat" name="Abril url i verificar capçalera_Fils:100;Rampup:65;Durada:20" time="0.042"/>
    <testcase classname="testmeter.generalitat" name="Abril url i verificar capçalera_Fils:100;Rampup:65;Durada:20" time="0.067"/>
    <testcase classname="testmeter.generalitat" name="TestNegatiu_Abril url i verificar capçalera_Fils:100;Rampup:65;Durada:20" time="0.031">
        <failure message="Not Found">Test failed: text expected to contain /Model de Qualitat de Solucions/</failure>
    </testcase>
    <testcase classname="testmeter.generalitat" name="Abril url i verificar capçalera_Fils:100;Rampup:65;Durada:20" time="0.072"/>
    <testcase classname="testmeter.generalitat" name="Abril url i verificar capçalera_Fils:100;Rampup:65;Durada:20" time="0.067"/>
    <testcase classname="testmeter.generalitat" name="TestNegatiu_Abril url i verificar capçalera_Fils:100;Rampup:65;Durada:20" time="0.024">
        <failure message="Not Found">Test failed: text expected to contain /Model de Qualitat de Solucions/</failure>
    </testcase>
    <testcase classname="testmeter.generalitat" name="Abril url i verificar capçalera_Fils:100;Rampup:65;Durada:20" time="0.066"/>
    <testcase classname="testmeter.generalitat" name="Abril url i verificar capçalera_Fils:100;Rampup:65;Durada:20" time="0.027"/>
    <testcase classname="testmeter.generalitat" name="Abril url i verificar capçalera_Fils:100;Rampup:65;Durada:20" time="0.057"/>
    <testcase classname="testmeter.generalitat" name="TestNegatiu_Abril url i verificar capçalera_Fils:100;Rampup:65;Durada:20" time="0.030">
        <failure message="Not Found">Test failed: text expected to contain /Model de Qualitat de Solucions/</failure>
    </testcase>
    <testcase classname="testmeter.generalitat" name="TestNegatiu_Abril url i verificar capçalera_Fils:100;Rampup:65;Durada:20" time="0.030">
        <failure message="Not Found">Test failed: text expected to contain /Model de Qualitat de Solucions/</failure>
    </testcase>
    <testcase classname="testmeter.generalitat" name="TestNegatiu_Abril url i verificar capçalera_Fils:100;Rampup:65;Durada:20" time="0.025">
        <failure message="Not Found">Test failed: text expected to contain /Model de Qualitat de Solucions/</failure>
    </testcase>
    <testcase classname="testmeter.generalitat" name="TestNegatiu_Abril url i verificar capçalera_Fils:100;Rampup:65;Durada:20" time="0.025">
        <failure message="Not Found">Test failed: text expected to contain /Model de Qualitat de Solucions/</failure>
    </testcase>
    <testcase classname="testmeter.generalitat" name="TestNegatiu_Abril url i verificar capçalera_Fils:100;Rampup:65;Durada:20" time="0.028">
        <failure message="Not Found">Test failed: text expected to contain /Model de Qualitat de Solucions/</failure>
    </testcase>
    <testcase classname="testmeter.generalitat" name="TestNegatiu_Abril url i verificar capçalera_Fils:100;Rampup:65;Durada:20" time="0.026">
        <failure message="Not Found">Test failed: text expected to contain /Model de Qualitat de Solucions/</failure>
    </testcase>
    <testcase classname="testmeter.generalitat" name="TestNegatiu_Abril url i verificar capçalera_Fils:100;Rampup:65;Durada:20" time="0.026">
        <failure message="Not Found">Test failed: text expected to contain /Model de Qualitat de Solucions/</failure>
    </testcase>
    <testcase classname="testmeter.generalitat" name="Abril url i verificar capçalera_Fils:100;Rampup:65;Durada:20" time="0.034"/>
    <testcase classname="testmeter.generalitat" name="Abril url i verificar capçalera_Fils:100;Rampup:65;Durada:20" time="0.026"/>
    <testcase classname="testmeter.generalitat" name="TestNegatiu_Abril url i verificar capçalera_Fils:100;Rampup:65;Durada:20" time="0.024">
        <failure message="Not Found">Test failed: text expected to contain /Model de Qualitat de Solucions/</failure>
    </testcase>
    <testcase classname="testmeter.generalitat" name="TestNegatiu_Abril url i verificar capçalera_Fils:100;Rampup:65;Durada:20" time="0.024">
        <failure message="Not Found">Test failed: text expected to contain /Model de Qualitat de Solucions/</failure>
    </testcase>
    <testcase classname="testmeter.generalitat" name="Abril url i verificar capçalera_Fils:100;Rampup:65;Durada:20" time="0.033"/>
    <testcase classname="testmeter.generalitat" name="Abril url i verificar capçalera_Fils:100;Rampup:65;Durada:20" time="0.029"/>
    <testcase classname="testmeter.generalitat" name="TestNegatiu_Abril url i verificar capçalera_Fils:100;Rampup:65;Durada:20" time="0.022">
        <failure message="Not Found">Test failed: text expected to contain /Model de Qualitat de Solucions/</failure>
    </testcase>
    <testcase classname="testmeter.generalitat" name="TestNegatiu_Abril url i verificar capçalera_Fils:100;Rampup:65;Durada:20" time="0.022">
        <failure message="Not Found">Test failed: text expected to contain /Model de Qualitat de Solucions/</failure>
    </testcase>
    <testcase classname="testmeter.generalitat" name="TestNegatiu_Abril url i verificar capçalera_Fils:100;Rampup:65;Durada:20" time="0.030">
        <failure message="Not Found">Test failed: text expected to contain /Model de Qualitat de Solucions/</failure>
    </testcase>
    <testcase classname="testmeter.generalitat" name="TestNegatiu_Abril url i verificar capçalera_Fils:100;Rampup:65;Durada:20" time="0.030">
        <failure message="Not Found">Test failed: text expected to contain /Model de Qualitat de Solucions/</failure>
    </testcase>
    <testcase classname="testmeter.generalitat" name="Abril url i verificar capçalera_Fils:100;Rampup:65;Durada:20" time="0.045"/>
    <testcase classname="testmeter.generalitat" name="Abril url i verificar capçalera_Fils:100;Rampup:65;Durada:20" time="0.027"/>
    <testcase classname="testmeter.generalitat" name="Abril url i verificar capçalera_Fils:100;Rampup:65;Durada:20" time="0.029"/>
    <testcase classname="testmeter.generalitat" name="TestNegatiu_Abril url i verificar capçalera_Fils:100;Rampup:65;Durada:20" time="0.024">
        <failure message="Not Found">Test failed: text expected to contain /Model de Qualitat de Solucions/</failure>
    </testcase>
    <testcase classname="testmeter.generalitat" name="Abril url i verificar capçalera_Fils:100;Rampup:65;Durada:20" time="0.023"/>
    <testcase classname="testmeter.generalitat" name="TestNegatiu_Abril url i verificar capçalera_Fils:100;Rampup:65;Durada:20" time="0.027">
        <failure message="Not Found">Test failed: text expected to contain /Model de Qualitat de Solucions/</failure>
    </testcase>
    <testcase classname="testmeter.generalitat" name="TestNegatiu_Abril url i verificar capçalera_Fils:100;Rampup:65;Durada:20" time="0.023">
        <failure message="Not Found">Test failed: text expected to contain /Model de Qualitat de Solucions/</failure>
    </testcase>
    <testcase classname="testmeter.generalitat" name="Abril url i verificar capçalera_Fils:100;Rampup:65;Durada:20" time="0.027"/>
    <testcase classname="testmeter.generalitat" name="TestNegatiu_Abril url i verificar capçalera_Fils:100;Rampup:65;Durada:20" time="0.024">
        <failure message="Not Found">Test failed: text expected to contain /Model de Qualitat de Solucions/</failure>
    </testcase>
    <testcase classname="testmeter.generalitat" name="TestNegatiu_Abril url i verificar capçalera_Fils:100;Rampup:65;Durada:20" time="0.047">
        <failure message="Not Found">Test failed: text expected to contain /Model de Qualitat de Solucions/</failure>
    </testcase>
    <testcase classname="testmeter.generalitat" name="Abril url i verificar capçalera_Fils:100;Rampup:65;Durada:20" time="0.027"/>
    <testcase classname="testmeter.generalitat" name="Abril url i verificar capçalera_Fils:100;Rampup:65;Durada:20" time="0.072"/>
    <testcase classname="testmeter.generalitat" name="Abril url i verificar capçalera_Fils:100;Rampup:65;Durada:20" time="0.028"/>
    <testcase classname="testmeter.generalitat" name="Abril url i verificar capçalera_Fils:100;Rampup:65;Durada:20" time="0.048"/>
    <testcase classname="testmeter.generalitat" name="TestNegatiu_Abril url i verificar capçalera_Fils:100;Rampup:65;Durada:20" time="0.022">
        <failure message="Not Found">Test failed: text expected to contain /Model de Qualitat de Solucions/</failure>
    </testcase>
    <testcase classname="testmeter.generalitat" name="TestNegatiu_Abril url i verificar capçalera_Fils:100;Rampup:65;Durada:20" time="0.024">
        <failure message="Not Found">Test failed: text expected to contain /Model de Qualitat de Solucions/</failure>
    </testcase>
    <testcase classname="testmeter.generalitat" name="TestNegatiu_Abril url i verificar capçalera_Fils:100;Rampup:65;Durada:20" time="0.023">
        <failure message="Not Found">Test failed: text expected to contain /Model de Qualitat de Solucions/</failure>
    </testcase>
    <testcase classname="testmeter.generalitat" name="Abril url i verificar capçalera_Fils:100;Rampup:65;Durada:20" time="0.028"/>
    <testcase classname="testmeter.generalitat" name="TestNegatiu_Abril url i verificar capçalera_Fils:100;Rampup:65;Durada:20" time="0.029">
        <failure message="Not Found">Test failed: text expected to contain /Model de Qualitat de Solucions/</failure>
    </testcase>
    <testcase classname="testmeter.generalitat" name="Abril url i verificar capçalera_Fils:100;Rampup:65;Durada:20" time="0.046"/>
    <testcase classname="testmeter.generalitat" name="Abril url i verificar capçalera_Fils:100;Rampup:65;Durada:20" time="0.049"/>
    <testcase classname="testmeter.generalitat" name="Abril url i verificar capçalera_Fils:100;Rampup:65;Durada:20" time="0.027"/>
    <testcase classname="testmeter.generalitat" name="Abril url i verificar capçalera_Fils:100;Rampup:65;Durada:20" time="0.044"/>
    <testcase classname="testmeter.generalitat" name="TestNegatiu_Abril url i verificar capçalera_Fils:100;Rampup:65;Durada:20" time="0.031">
        <failure message="Not Found">Test failed: text expected to contain /Model de Qualitat de Solucions/</failure>
    </testcase>
    <testcase classname="testmeter.generalitat" name="TestNegatiu_Abril url i verificar capçalera_Fils:100;Rampup:65;Durada:20" time="0.032">
        <failure message="Not Found">Test failed: text expected to contain /Model de Qualitat de Solucions/</failure>
    </testcase>
    <testcase classname="testmeter.generalitat" name="TestNegatiu_Abril url i verificar capçalera_Fils:100;Rampup:65;Durada:20" time="0.030">
        <failure message="Not Found">Test failed: text expected to contain /Model de Qualitat de Solucions/</failure>
    </testcase>
    <testcase classname="testmeter.generalitat" name="TestNegatiu_Abril url i verificar capçalera_Fils:100;Rampup:65;Durada:20" time="0.030">
        <failure message="Not Found">Test failed: text expected to contain /Model de Qualitat de Solucions/</failure>
    </testcase>
    <testcase classname="testmeter.generalitat" name="Abril url i verificar capçalera_Fils:100;Rampup:65;Durada:20" time="0.041"/>
    <testcase classname="testmeter.generalitat" name="Abril url i verificar capçalera_Fils:100;Rampup:65;Durada:20" time="0.030"/>
    <testcase classname="testmeter.generalitat" name="Abril url i verificar capçalera_Fils:100;Rampup:65;Durada:20" time="0.155"/>
    <testcase classname="testmeter.generalitat" name="Abril url i verificar capçalera_Fils:100;Rampup:65;Durada:20" time="0.069"/>
    <testcase classname="testmeter.generalitat" name="Abril url i verificar capçalera_Fils:100;Rampup:65;Durada:20" time="0.034"/>
    <testcase classname="testmeter.generalitat" name="TestNegatiu_Abril url i verificar capçalera_Fils:100;Rampup:65;Durada:20" time="0.027">
        <failure message="Not Found">Test failed: text expected to contain /Model de Qualitat de Solucions/</failure>
    </testcase>
    <testcase classname="testmeter.generalitat" name="TestNegatiu_Abril url i verificar capçalera_Fils:100;Rampup:65;Durada:20" time="0.026">
        <failure message="Not Found">Test failed: text expected to contain /Model de Qualitat de Solucions/</failure>
    </testcase>
    <testcase classname="testmeter.generalitat" name="Abril url i verificar capçalera_Fils:100;Rampup:65;Durada:20" time="0.025"/>
    <testcase classname="testmeter.generalitat" name="Abril url i verificar capçalera_Fils:100;Rampup:65;Durada:20" time="0.027"/>
    <testcase classname="testmeter.generalitat" name="Abril url i verificar capçalera_Fils:100;Rampup:65;Durada:20" time="0.071"/>
    <testcase classname="testmeter.generalitat" name="Abril url i verificar capçalera_Fils:100;Rampup:65;Durada:20" time="0.078"/>
    <testcase classname="testmeter.generalitat" name="Abril url i verificar capçalera_Fils:100;Rampup:65;Durada:20" time="0.065"/>
    <testcase classname="testmeter.generalitat" name="Abril url i verificar capçalera_Fils:100;Rampup:65;Durada:20" time="0.028"/>
    <testcase classname="testmeter.generalitat" name="TestNegatiu_Abril url i verificar capçalera_Fils:100;Rampup:65;Durada:20" time="0.049">
        <failure message="Not Found">Test failed: text expected to contain /Model de Qualitat de Solucions/</failure>
    </testcase>
    <testcase classname="testmeter.generalitat" name="TestNegatiu_Abril url i verificar capçalera_Fils:100;Rampup:65;Durada:20" time="0.029">
        <failure message="Not Found">Test failed: text expected to contain /Model de Qualitat de Solucions/</failure>
    </testcase>
    <testcase classname="testmeter.generalitat" name="TestNegatiu_Abril url i verificar capçalera_Fils:100;Rampup:65;Durada:20" time="0.029">
        <failure message="Not Found">Test failed: text expected to contain /Model de Qualitat de Solucions/</failure>
    </testcase>
    <testcase classname="testmeter.generalitat" name="Abril url i verificar capçalera_Fils:100;Rampup:65;Durada:20" time="0.046"/>
    <testcase classname="testmeter.generalitat" name="Abril url i verificar capçalera_Fils:100;Rampup:65;Durada:20" time="0.027"/>
    <testcase classname="testmeter.generalitat" name="Abril url i verificar capçalera_Fils:100;Rampup:65;Durada:20" time="0.028"/>
    <testcase classname="testmeter.generalitat" name="TestNegatiu_Abril url i verificar capçalera_Fils:100;Rampup:65;Durada:20" time="0.025">
        <failure message="Not Found">Test failed: text expected to contain /Model de Qualitat de Solucions/</failure>
    </testcase>
    <testcase classname="testmeter.generalitat" name="TestNegatiu_Abril url i verificar capçalera_Fils:100;Rampup:65;Durada:20" time="0.022">
        <failure message="Not Found">Test failed: text expected to contain /Model de Qualitat de Solucions/</failure>
    </testcase>
    <testcase classname="testmeter.generalitat" name="TestNegatiu_Abril url i verificar capçalera_Fils:100;Rampup:65;Durada:20" time="0.023">
        <failure message="Not Found">Test failed: text expected to contain /Model de Qualitat de Solucions/</failure>
    </testcase>
    <testcase classname="testmeter.generalitat" name="TestNegatiu_Abril url i verificar capçalera_Fils:100;Rampup:65;Durada:20" time="0.028">
        <failure message="Not Found">Test failed: text expected to contain /Model de Qualitat de Solucions/</failure>
    </testcase>
    <testcase classname="testmeter.generalitat" name="Abril url i verificar capçalera_Fils:100;Rampup:65;Durada:20" time="0.070"/>
    <testcase classname="testmeter.generalitat" name="TestNegatiu_Abril url i verificar capçalera_Fils:100;Rampup:65;Durada:20" time="0.025">
        <failure message="Not Found">Test failed: text expected to contain /Model de Qualitat de Solucions/</failure>
    </testcase>
    <testcase classname="testmeter.generalitat" name="TestNegatiu_Abril url i verificar capçalera_Fils:100;Rampup:65;Durada:20" time="0.023">
        <failure message="Not Found">Test failed: text expected to contain /Model de Qualitat de Solucions/</failure>
    </testcase>
    <testcase classname="testmeter.generalitat" name="TestNegatiu_Abril url i verificar capçalera_Fils:100;Rampup:65;Durada:20" time="0.023">
        <failure message="Not Found">Test failed: text expected to contain /Model de Qualitat de Solucions/</failure>
    </testcase>
    <testcase classname="testmeter.generalitat" name="Abril url i verificar capçalera_Fils:100;Rampup:65;Durada:20" time="0.029"/>
    <testcase classname="testmeter.generalitat" name="TestNegatiu_Abril url i verificar capçalera_Fils:100;Rampup:65;Durada:20" time="0.028">
        <failure message="Not Found">Test failed: text expected to contain /Model de Qualitat de Solucions/</failure>
    </testcase>
    <testcase classname="testmeter.generalitat" name="TestNegatiu_Abril url i verificar capçalera_Fils:100;Rampup:65;Durada:20" time="0.025">
        <failure message="Not Found">Test failed: text expected to contain /Model de Qualitat de Solucions/</failure>
    </testcase>
    <testcase classname="testmeter.generalitat" name="TestNegatiu_Abril url i verificar capçalera_Fils:100;Rampup:65;Durada:20" time="0.027">
        <failure message="Not Found">Test failed: text expected to contain /Model de Qualitat de Solucions/</failure>
    </testcase>
    <testcase classname="testmeter.generalitat" name="TestNegatiu_Abril url i verificar capçalera_Fils:100;Rampup:65;Durada:20" time="0.025">
        <failure message="Not Found">Test failed: text expected to contain /Model de Qualitat de Solucions/</failure>
    </testcase>
    <testcase classname="testmeter.generalitat" name="TestNegatiu_Abril url i verificar capçalera_Fils:100;Rampup:65;Durada:20" time="0.045">
        <failure message="Not Found">Test failed: text expected to contain /Model de Qualitat de Solucions/</failure>
    </testcase>
    <testcase classname="testmeter.generalitat" name="Abril url i verificar capçalera_Fils:100;Rampup:65;Durada:20" time="0.028"/>
    <testcase classname="testmeter.generalitat" name="Abril url i verificar capçalera_Fils:100;Rampup:65;Durada:20" time="0.051"/>
    <testcase classname="testmeter.generalitat" name="Abril url i verificar capçalera_Fils:100;Rampup:65;Durada:20" time="0.032"/>
    <testcase classname="testmeter.generalitat" name="TestNegatiu_Abril url i verificar capçalera_Fils:100;Rampup:65;Durada:20" time="0.032">
        <failure message="Not Found">Test failed: text expected to contain /Model de Qualitat de Solucions/</failure>
    </testcase>
    <testcase classname="testmeter.generalitat" name="Abril url i verificar capçalera_Fils:100;Rampup:65;Durada:20" time="0.030"/>
    <testcase classname="testmeter.generalitat" name="Abril url i verificar capçalera_Fils:100;Rampup:65;Durada:20" time="0.031"/>
    <testcase classname="testmeter.generalitat" name="TestNegatiu_Abril url i verificar capçalera_Fils:100;Rampup:65;Durada:20" time="0.037">
        <failure message="Not Found">Test failed: text expected to contain /Model de Qualitat de Solucions/</failure>
    </testcase>
    <testcase classname="testmeter.generalitat" name="Abril url i verificar capçalera_Fils:100;Rampup:65;Durada:20" time="0.051"/>
    <testcase classname="testmeter.generalitat" name="Abril url i verificar capçalera_Fils:100;Rampup:65;Durada:20" time="0.030"/>
    <testcase classname="testmeter.generalitat" name="Abril url i verificar capçalera_Fils:100;Rampup:65;Durada:20" time="0.025"/>
    <testcase classname="testmeter.generalitat" name="Abril url i verificar capçalera_Fils:100;Rampup:65;Durada:20" time="0.069"/>
    <testcase classname="testmeter.generalitat" name="Abril url i verificar capçalera_Fils:100;Rampup:65;Durada:20" time="0.027"/>
    <testcase classname="testmeter.generalitat" name="Abril url i verificar capçalera_Fils:100;Rampup:65;Durada:20" time="0.043"/>
    <testcase classname="testmeter.generalitat" name="Abril url i verificar capçalera_Fils:100;Rampup:65;Durada:20" time="0.030"/>
    <testcase classname="testmeter.generalitat" name="TestNegatiu_Abril url i verificar capçalera_Fils:100;Rampup:65;Durada:20" time="0.024">
        <failure message="Not Found">Test failed: text expected to contain /Model de Qualitat de Solucions/</failure>
    </testcase>
    <testcase classname="testmeter.generalitat" name="TestNegatiu_Abril url i verificar capçalera_Fils:100;Rampup:65;Durada:20" time="0.025">
        <failure message="Not Found">Test failed: text expected to contain /Model de Qualitat de Solucions/</failure>
    </testcase>
    <testcase classname="testmeter.generalitat" name="TestNegatiu_Abril url i verificar capçalera_Fils:100;Rampup:65;Durada:20" time="0.030">
        <failure message="Not Found">Test failed: text expected to contain /Model de Qualitat de Solucions/</failure>
    </testcase>
    <testcase classname="testmeter.generalitat" name="TestNegatiu_Abril url i verificar capçalera_Fils:100;Rampup:65;Durada:20" time="0.023">
        <failure message="Not Found">Test failed: text expected to contain /Model de Qualitat de Solucions/</failure>
    </testcase>
    <testcase classname="testmeter.generalitat" name="TestNegatiu_Abril url i verificar capçalera_Fils:100;Rampup:65;Durada:20" time="0.050">
        <failure message="Not Found">Test failed: text expected to contain /Model de Qualitat de Solucions/</failure>
    </testcase>
    <testcase classname="testmeter.generalitat" name="TestNegatiu_Abril url i verificar capçalera_Fils:100;Rampup:65;Durada:20" time="0.025">
        <failure message="Not Found">Test failed: text expected to contain /Model de Qualitat de Solucions/</failure>
    </testcase>
    <testcase classname="testmeter.generalitat" name="Abril url i verificar capçalera_Fils:100;Rampup:65;Durada:20" time="0.029"/>
    <testcase classname="testmeter.generalitat" name="TestNegatiu_Abril url i verificar capçalera_Fils:100;Rampup:65;Durada:20" time="0.109">
        <failure message="Not Found">Test failed: text expected to contain /Model de Qualitat de Solucions/</failure>
    </testcase>
    <testcase classname="testmeter.generalitat" name="Abril url i verificar capçalera_Fils:100;Rampup:65;Durada:20" time="0.048"/>
    <testcase classname="testmeter.generalitat" name="Abril url i verificar capçalera_Fils:100;Rampup:65;Durada:20" time="0.042"/>
    <testcase classname="testmeter.generalitat" name="Abril url i verificar capçalera_Fils:100;Rampup:65;Durada:20" time="0.027"/>
    <testcase classname="testmeter.generalitat" name="TestNegatiu_Abril url i verificar capçalera_Fils:100;Rampup:65;Durada:20" time="0.025">
        <failure message="Not Found">Test failed: text expected to contain /Model de Qualitat de Solucions/</failure>
    </testcase>
    <testcase classname="testmeter.generalitat" name="Abril url i verificar capçalera_Fils:100;Rampup:65;Durada:20" time="0.065"/>
    <testcase classname="testmeter.generalitat" name="TestNegatiu_Abril url i verificar capçalera_Fils:100;Rampup:65;Durada:20" time="0.023">
        <failure message="Not Found">Test failed: text expected to contain /Model de Qualitat de Solucions/</failure>
    </testcase>
    <testcase classname="testmeter.generalitat" name="TestNegatiu_Abril url i verificar capçalera_Fils:100;Rampup:65;Durada:20" time="0.024">
        <failure message="Not Found">Test failed: text expected to contain /Model de Qualitat de Solucions/</failure>
    </testcase>
    <testcase classname="testmeter.generalitat" name="TestNegatiu_Abril url i verificar capçalera_Fils:100;Rampup:65;Durada:20" time="0.028">
        <failure message="Not Found">Test failed: text expected to contain /Model de Qualitat de Solucions/</failure>
    </testcase>
    <testcase classname="testmeter.generalitat" name="TestNegatiu_Abril url i verificar capçalera_Fils:100;Rampup:65;Durada:20" time="0.029">
        <failure message="Not Found">Test failed: text expected to contain /Model de Qualitat de Solucions/</failure>
    </testcase>
    <testcase classname="testmeter.generalitat" name="TestNegatiu_Abril url i verificar capçalera_Fils:100;Rampup:65;Durada:20" time="0.029">
        <failure message="Not Found">Test failed: text expected to contain /Model de Qualitat de Solucions/</failure>
    </testcase>
    <testcase classname="testmeter.generalitat" name="TestNegatiu_Abril url i verificar capçalera_Fils:100;Rampup:65;Durada:20" time="0.027">
        <failure message="Not Found">Test failed: text expected to contain /Model de Qualitat de Solucions/</failure>
    </testcase>
    <testcase classname="testmeter.generalitat" name="Abril url i verificar capçalera_Fils:100;Rampup:65;Durada:20" time="0.063"/>
    <testcase classname="testmeter.generalitat" name="Abril url i verificar capçalera_Fils:100;Rampup:65;Durada:20" time="0.024"/>
    <testcase classname="testmeter.generalitat" name="TestNegatiu_Abril url i verificar capçalera_Fils:100;Rampup:65;Durada:20" time="0.026">
        <failure message="Not Found">Test failed: text expected to contain /Model de Qualitat de Solucions/</failure>
    </testcase>
    <testcase classname="testmeter.generalitat" name="Abril url i verificar capçalera_Fils:100;Rampup:65;Durada:20" time="0.028"/>
    <testcase classname="testmeter.generalitat" name="Abril url i verificar capçalera_Fils:100;Rampup:65;Durada:20" time="0.031"/>
    <testcase classname="testmeter.generalitat" name="Abril url i verificar capçalera_Fils:100;Rampup:65;Durada:20" time="0.027"/>
    <testcase classname="testmeter.generalitat" name="TestNegatiu_Abril url i verificar capçalera_Fils:100;Rampup:65;Durada:20" time="0.026">
        <failure message="Not Found">Test failed: text expected to contain /Model de Qualitat de Solucions/</failure>
    </testcase>
    <testcase classname="testmeter.generalitat" name="TestNegatiu_Abril url i verificar capçalera_Fils:100;Rampup:65;Durada:20" time="0.027">
        <failure message="Not Found">Test failed: text expected to contain /Model de Qualitat de Solucions/</failure>
    </testcase>
    <testcase classname="testmeter.generalitat" name="TestNegatiu_Abril url i verificar capçalera_Fils:100;Rampup:65;Durada:20" time="0.024">
        <failure message="Not Found">Test failed: text expected to contain /Model de Qualitat de Solucions/</failure>
    </testcase>
    <testcase classname="testmeter.generalitat" name="TestNegatiu_Abril url i verificar capçalera_Fils:100;Rampup:65;Durada:20" time="0.026">
        <failure message="Not Found">Test failed: text expected to contain /Model de Qualitat de Solucions/</failure>
    </testcase>
    <testcase classname="testmeter.generalitat" name="Abril url i verificar capçalera_Fils:100;Rampup:65;Durada:20" time="0.024"/>
    <testcase classname="testmeter.generalitat" name="Abril url i verificar capçalera_Fils:100;Rampup:65;Durada:20" time="0.026"/>
    <testcase classname="testmeter.generalitat" name="Abril url i verificar capçalera_Fils:100;Rampup:65;Durada:20" time="0.047"/>
    <testcase classname="testmeter.generalitat" name="TestNegatiu_Abril url i verificar capçalera_Fils:100;Rampup:65;Durada:20" time="0.026">
        <failure message="Not Found">Test failed: text expected to contain /Model de Qualitat de Solucions/</failure>
    </testcase>
    <testcase classname="testmeter.generalitat" name="Abril url i verificar capçalera_Fils:100;Rampup:65;Durada:20" time="0.030"/>
    <testcase classname="testmeter.generalitat" name="TestNegatiu_Abril url i verificar capçalera_Fils:100;Rampup:65;Durada:20" time="0.028">
        <failure message="Not Found">Test failed: text expected to contain /Model de Qualitat de Solucions/</failure>
    </testcase>
    <testcase classname="testmeter.generalitat" name="Abril url i verificar capçalera_Fils:100;Rampup:65;Durada:20" time="0.029"/>
    <testcase classname="testmeter.generalitat" name="Abril url i verificar capçalera_Fils:100;Rampup:65;Durada:20" time="0.031"/>
    <testcase classname="testmeter.generalitat" name="TestNegatiu_Abril url i verificar capçalera_Fils:100;Rampup:65;Durada:20" time="0.022">
        <failure message="Not Found">Test failed: text expected to contain /Model de Qualitat de Solucions/</failure>
    </testcase>
    <testcase classname="testmeter.generalitat" name="Abril url i verificar capçalera_Fils:100;Rampup:65;Durada:20" time="0.030"/>
    <testcase classname="testmeter.generalitat" name="TestNegatiu_Abril url i verificar capçalera_Fils:100;Rampup:65;Durada:20" time="0.026">
        <failure message="Not Found">Test failed: text expected to contain /Model de Qualitat de Solucions/</failure>
    </testcase>
    <testcase classname="testmeter.generalitat" name="TestNegatiu_Abril url i verificar capçalera_Fils:100;Rampup:65;Durada:20" time="0.026">
        <failure message="Not Found">Test failed: text expected to contain /Model de Qualitat de Solucions/</failure>
    </testcase>
    <testcase classname="testmeter.generalitat" name="Abril url i verificar capçalera_Fils:100;Rampup:65;Durada:20" time="0.049"/>
    <testcase classname="testmeter.generalitat" name="TestNegatiu_Abril url i verificar capçalera_Fils:100;Rampup:65;Durada:20" time="0.025">
        <failure message="Not Found">Test failed: text expected to contain /Model de Qualitat de Solucions/</failure>
    </testcase>
    <testcase classname="testmeter.generalitat" name="TestNegatiu_Abril url i verificar capçalera_Fils:100;Rampup:65;Durada:20" time="0.024">
        <failure message="Not Found">Test failed: text expected to contain /Model de Qualitat de Solucions/</failure>
    </testcase>
    <testcase classname="testmeter.generalitat" name="Abril url i verificar capçalera_Fils:100;Rampup:65;Durada:20" time="0.028"/>
    <testcase classname="testmeter.generalitat" name="Abril url i verificar capçalera_Fils:100;Rampup:65;Durada:20" time="0.114"/>
    <testcase classname="testmeter.generalitat" name="TestNegatiu_Abril url i verificar capçalera_Fils:100;Rampup:65;Durada:20" time="0.026">
        <failure message="Not Found">Test failed: text expected to contain /Model de Qualitat de Solucions/</failure>
    </testcase>
    <testcase classname="testmeter.generalitat" name="Abril url i verificar capçalera_Fils:100;Rampup:65;Durada:20" time="0.069"/>
    <testcase classname="testmeter.generalitat" name="TestNegatiu_Abril url i verificar capçalera_Fils:100;Rampup:65;Durada:20" time="0.025">
        <failure message="Not Found">Test failed: text expected to contain /Model de Qualitat de Solucions/</failure>
    </testcase>
    <testcase classname="testmeter.generalitat" name="Abril url i verificar capçalera_Fils:100;Rampup:65;Durada:20" time="0.025"/>
    <testcase classname="testmeter.generalitat" name="TestNegatiu_Abril url i verificar capçalera_Fils:100;Rampup:65;Durada:20" time="0.031">
        <failure message="Not Found">Test failed: text expected to contain /Model de Qualitat de Solucions/</failure>
    </testcase>
    <testcase classname="testmeter.generalitat" name="TestNegatiu_Abril url i verificar capçalera_Fils:100;Rampup:65;Durada:20" time="0.030">
        <failure message="Not Found">Test failed: text expected to contain /Model de Qualitat de Solucions/</failure>
    </testcase>
    <testcase classname="testmeter.generalitat" name="Abril url i verificar capçalera_Fils:100;Rampup:65;Durada:20" time="0.028"/>
    <testcase classname="testmeter.generalitat" name="TestNegatiu_Abril url i verificar capçalera_Fils:100;Rampup:65;Durada:20" time="0.027">
        <failure message="Not Found">Test failed: text expected to contain /Model de Qualitat de Solucions/</failure>
    </testcase>
    <testcase classname="testmeter.generalitat" name="Abril url i verificar capçalera_Fils:100;Rampup:65;Durada:20" time="0.044"/>
    <testcase classname="testmeter.generalitat" name="TestNegatiu_Abril url i verificar capçalera_Fils:100;Rampup:65;Durada:20" time="0.027">
        <failure message="Not Found">Test failed: text expected to contain /Model de Qualitat de Solucions/</failure>
    </testcase>
    <testcase classname="testmeter.generalitat" name="TestNegatiu_Abril url i verificar capçalera_Fils:100;Rampup:65;Durada:20" time="0.024">
        <failure message="Not Found">Test failed: text expected to contain /Model de Qualitat de Solucions/</failure>
    </testcase>
    <testcase classname="testmeter.generalitat" name="TestNegatiu_Abril url i verificar capçalera_Fils:100;Rampup:65;Durada:20" time="0.026">
        <failure message="Not Found">Test failed: text expected to contain /Model de Qualitat de Solucions/</failure>
    </testcase>
    <testcase classname="testmeter.generalitat" name="Abril url i verificar capçalera_Fils:100;Rampup:65;Durada:20" time="0.069"/>
    <testcase classname="testmeter.generalitat" name="Abril url i verificar capçalera_Fils:100;Rampup:65;Durada:20" time="0.047"/>
    <testcase classname="testmeter.generalitat" name="Abril url i verificar capçalera_Fils:100;Rampup:65;Durada:20" time="0.029"/>
    <testcase classname="testmeter.generalitat" name="Abril url i verificar capçalera_Fils:100;Rampup:65;Durada:20" time="0.026"/>
    <testcase classname="testmeter.generalitat" name="TestNegatiu_Abril url i verificar capçalera_Fils:100;Rampup:65;Durada:20" time="0.029">
        <failure message="Not Found">Test failed: text expected to contain /Model de Qualitat de Solucions/</failure>
    </testcase>
    <testcase classname="testmeter.generalitat" name="TestNegatiu_Abril url i verificar capçalera_Fils:100;Rampup:65;Durada:20" time="0.025">
        <failure message="Not Found">Test failed: text expected to contain /Model de Qualitat de Solucions/</failure>
    </testcase>
    <testcase classname="testmeter.generalitat" name="Abril url i verificar capçalera_Fils:100;Rampup:65;Durada:20" time="0.026"/>
    <testcase classname="testmeter.generalitat" name="Abril url i verificar capçalera_Fils:100;Rampup:65;Durada:20" time="0.026"/>
    <testcase classname="testmeter.generalitat" name="Abril url i verificar capçalera_Fils:100;Rampup:65;Durada:20" time="0.026"/>
    <testcase classname="testmeter.generalitat" name="Abril url i verificar capçalera_Fils:100;Rampup:65;Durada:20" time="0.064"/>
    <testcase classname="testmeter.generalitat" name="TestNegatiu_Abril url i verificar capçalera_Fils:100;Rampup:65;Durada:20" time="0.022">
        <failure message="Not Found">Test failed: text expected to contain /Model de Qualitat de Solucions/</failure>
    </testcase>
    <testcase classname="testmeter.generalitat" name="TestNegatiu_Abril url i verificar capçalera_Fils:100;Rampup:65;Durada:20" time="0.023">
        <failure message="Not Found">Test failed: text expected to contain /Model de Qualitat de Solucions/</failure>
    </testcase>
    <testcase classname="testmeter.generalitat" name="Abril url i verificar capçalera_Fils:100;Rampup:65;Durada:20" time="0.027"/>
    <testcase classname="testmeter.generalitat" name="Abril url i verificar capçalera_Fils:100;Rampup:65;Durada:20" time="0.028"/>
    <testcase classname="testmeter.generalitat" name="Abril url i verificar capçalera_Fils:100;Rampup:65;Durada:20" time="0.028"/>
    <testcase classname="testmeter.generalitat" name="Abril url i verificar capçalera_Fils:100;Rampup:65;Durada:20" time="0.151"/>
    <testcase classname="testmeter.generalitat" name="Abril url i verificar capçalera_Fils:100;Rampup:65;Durada:20" time="0.049"/>
    <testcase classname="testmeter.generalitat" name="TestNegatiu_Abril url i verificar capçalera_Fils:100;Rampup:65;Durada:20" time="0.023">
        <failure message="Not Found">Test failed: text expected to contain /Model de Qualitat de Solucions/</failure>
    </testcase>
    <testcase classname="testmeter.generalitat" name="TestNegatiu_Abril url i verificar capçalera_Fils:100;Rampup:65;Durada:20" time="0.025">
        <failure message="Not Found">Test failed: text expected to contain /Model de Qualitat de Solucions/</failure>
    </testcase>
    <testcase classname="testmeter.generalitat" name="Abril url i verificar capçalera_Fils:100;Rampup:65;Durada:20" time="0.030"/>
    <testcase classname="testmeter.generalitat" name="TestNegatiu_Abril url i verificar capçalera_Fils:100;Rampup:65;Durada:20" time="0.028">
        <failure message="Not Found">Test failed: text expected to contain /Model de Qualitat de Solucions/</failure>
    </testcase>
    <testcase classname="testmeter.generalitat" name="TestNegatiu_Abril url i verificar capçalera_Fils:100;Rampup:65;Durada:20" time="0.024">
        <failure message="Not Found">Test failed: text expected to contain /Model de Qualitat de Solucions/</failure>
    </testcase>
    <testcase classname="testmeter.generalitat" name="TestNegatiu_Abril url i verificar capçalera_Fils:100;Rampup:65;Durada:20" time="0.029">
        <failure message="Not Found">Test failed: text expected to contain /Model de Qualitat de Solucions/</failure>
    </testcase>
    <testcase classname="testmeter.generalitat" name="Abril url i verificar capçalera_Fils:100;Rampup:65;Durada:20" time="0.078"/>
    <testcase classname="testmeter.generalitat" name="TestNegatiu_Abril url i verificar capçalera_Fils:100;Rampup:65;Durada:20" time="0.029">
        <failure message="Not Found">Test failed: text expected to contain /Model de Qualitat de Solucions/</failure>
    </testcase>
    <testcase classname="testmeter.generalitat" name="TestNegatiu_Abril url i verificar capçalera_Fils:100;Rampup:65;Durada:20" time="0.028">
        <failure message="Not Found">Test failed: text expected to contain /Model de Qualitat de Solucions/</failure>
    </testcase>
    <testcase classname="testmeter.generalitat" name="Abril url i verificar capçalera_Fils:100;Rampup:65;Durada:20" time="0.028"/>
    <testcase classname="testmeter.generalitat" name="TestNegatiu_Abril url i verificar capçalera_Fils:100;Rampup:65;Durada:20" time="0.027">
        <failure message="Not Found">Test failed: text expected to contain /Model de Qualitat de Solucions/</failure>
    </testcase>
    <testcase classname="testmeter.generalitat" name="Abril url i verificar capçalera_Fils:100;Rampup:65;Durada:20" time="0.024"/>
    <testcase classname="testmeter.generalitat" name="TestNegatiu_Abril url i verificar capçalera_Fils:100;Rampup:65;Durada:20" time="0.026">
        <failure message="Not Found">Test failed: text expected to contain /Model de Qualitat de Solucions/</failure>
    </testcase>
    <testcase classname="testmeter.generalitat" name="TestNegatiu_Abril url i verificar capçalera_Fils:100;Rampup:65;Durada:20" time="0.027">
        <failure message="Not Found">Test failed: text expected to contain /Model de Qualitat de Solucions/</failure>
    </testcase>
    <testcase classname="testmeter.generalitat" name="TestNegatiu_Abril url i verificar capçalera_Fils:100;Rampup:65;Durada:20" time="0.024">
        <failure message="Not Found">Test failed: text expected to contain /Model de Qualitat de Solucions/</failure>
    </testcase>
    <testcase classname="testmeter.generalitat" name="Abril url i verificar capçalera_Fils:100;Rampup:65;Durada:20" time="0.050"/>
    <testcase classname="testmeter.generalitat" name="TestNegatiu_Abril url i verificar capçalera_Fils:100;Rampup:65;Durada:20" time="0.192">
        <failure message="Not Found">Test failed: text expected to contain /Model de Qualitat de Solucions/</failure>
    </testcase>
    <testcase classname="testmeter.generalitat" name="Abril url i verificar capçalera_Fils:100;Rampup:65;Durada:20" time="0.025"/>
    <testcase classname="testmeter.generalitat" name="TestNegatiu_Abril url i verificar capçalera_Fils:100;Rampup:65;Durada:20" time="0.027">
        <failure message="Not Found">Test failed: text expected to contain /Model de Qualitat de Solucions/</failure>
    </testcase>
    <testcase classname="testmeter.generalitat" name="Abril url i verificar capçalera_Fils:100;Rampup:65;Durada:20" time="0.027"/>
    <testcase classname="testmeter.generalitat" name="TestNegatiu_Abril url i verificar capçalera_Fils:100;Rampup:65;Durada:20" time="0.023">
        <failure message="Not Found">Test failed: text expected to contain /Model de Qualitat de Solucions/</failure>
    </testcase>
    <testcase classname="testmeter.generalitat" name="Abril url i verificar capçalera_Fils:100;Rampup:65;Durada:20" time="0.025"/>
    <testcase classname="testmeter.generalitat" name="TestNegatiu_Abril url i verificar capçalera_Fils:100;Rampup:65;Durada:20" time="0.026">
        <failure message="Not Found">Test failed: text expected to contain /Model de Qualitat de Solucions/</failure>
    </testcase>
    <testcase classname="testmeter.generalitat" name="Abril url i verificar capçalera_Fils:100;Rampup:65;Durada:20" time="0.146"/>
    <testcase classname="testmeter.generalitat" name="Abril url i verificar capçalera_Fils:100;Rampup:65;Durada:20" time="0.044"/>
    <testcase classname="testmeter.generalitat" name="Abril url i verificar capçalera_Fils:100;Rampup:65;Durada:20" time="0.059"/>
    <testcase classname="testmeter.generalitat" name="Abril url i verificar capçalera_Fils:100;Rampup:65;Durada:20" time="0.031"/>
    <testcase classname="testmeter.generalitat" name="Abril url i verificar capçalera_Fils:100;Rampup:65;Durada:20" time="0.028"/>
    <testcase classname="testmeter.generalitat" name="TestNegatiu_Abril url i verificar capçalera_Fils:100;Rampup:65;Durada:20" time="0.028">
        <failure message="Not Found">Test failed: text expected to contain /Model de Qualitat de Solucions/</failure>
    </testcase>
    <testcase classname="testmeter.generalitat" name="TestNegatiu_Abril url i verificar capçalera_Fils:100;Rampup:65;Durada:20" time="0.042">
        <failure message="Not Found">Test failed: text expected to contain /Model de Qualitat de Solucions/</failure>
    </testcase>
    <testcase classname="testmeter.generalitat" name="TestNegatiu_Abril url i verificar capçalera_Fils:100;Rampup:65;Durada:20" time="0.047">
        <failure message="Not Found">Test failed: text expected to contain /Model de Qualitat de Solucions/</failure>
    </testcase>
    <testcase classname="testmeter.generalitat" name="Abril url i verificar capçalera_Fils:100;Rampup:65;Durada:20" time="0.030"/>
    <testcase classname="testmeter.generalitat" name="TestNegatiu_Abril url i verificar capçalera_Fils:100;Rampup:65;Durada:20" time="0.049">
        <failure message="Not Found">Test failed: text expected to contain /Model de Qualitat de Solucions/</failure>
    </testcase>
    <testcase classname="testmeter.generalitat" name="Abril url i verificar capçalera_Fils:100;Rampup:65;Durada:20" time="0.026"/>
    <testcase classname="testmeter.generalitat" name="Abril url i verificar capçalera_Fils:100;Rampup:65;Durada:20" time="0.069"/>
    <testcase classname="testmeter.generalitat" name="Abril url i verificar capçalera_Fils:100;Rampup:65;Durada:20" time="0.030"/>
    <testcase classname="testmeter.generalitat" name="Abril url i verificar capçalera_Fils:100;Rampup:65;Durada:20" time="0.050"/>
    <testcase classname="testmeter.generalitat" name="TestNegatiu_Abril url i verificar capçalera_Fils:100;Rampup:65;Durada:20" time="0.028">
        <failure message="Not Found">Test failed: text expected to contain /Model de Qualitat de Solucions/</failure>
    </testcase>
    <testcase classname="testmeter.generalitat" name="TestNegatiu_Abril url i verificar capçalera_Fils:100;Rampup:65;Durada:20" time="0.030">
        <failure message="Not Found">Test failed: text expected to contain /Model de Qualitat de Solucions/</failure>
    </testcase>
    <testcase classname="testmeter.generalitat" name="Abril url i verificar capçalera_Fils:100;Rampup:65;Durada:20" time="0.028"/>
    <testcase classname="testmeter.generalitat" name="Abril url i verificar capçalera_Fils:100;Rampup:65;Durada:20" time="0.108"/>
    <testcase classname="testmeter.generalitat" name="TestNegatiu_Abril url i verificar capçalera_Fils:100;Rampup:65;Durada:20" time="0.030">
        <failure message="Not Found">Test failed: text expected to contain /Model de Qualitat de Solucions/</failure>
    </testcase>
    <testcase classname="testmeter.generalitat" name="TestNegatiu_Abril url i verificar capçalera_Fils:100;Rampup:65;Durada:20" time="0.025">
        <failure message="Not Found">Test failed: text expected to contain /Model de Qualitat de Solucions/</failure>
    </testcase>
    <testcase classname="testmeter.generalitat" name="TestNegatiu_Abril url i verificar capçalera_Fils:100;Rampup:65;Durada:20" time="0.025">
        <failure message="Not Found">Test failed: text expected to contain /Model de Qualitat de Solucions/</failure>
    </testcase>
    <testcase classname="testmeter.generalitat" name="Abril url i verificar capçalera_Fils:100;Rampup:65;Durada:20" time="0.028"/>
    <testcase classname="testmeter.generalitat" name="Abril url i verificar capçalera_Fils:100;Rampup:65;Durada:20" time="0.035"/>
    <testcase classname="testmeter.generalitat" name="TestNegatiu_Abril url i verificar capçalera_Fils:100;Rampup:65;Durada:20" time="0.028">
        <failure message="Not Found">Test failed: text expected to contain /Model de Qualitat de Solucions/</failure>
    </testcase>
    <testcase classname="testmeter.generalitat" name="TestNegatiu_Abril url i verificar capçalera_Fils:100;Rampup:65;Durada:20" time="0.028">
        <failure message="Not Found">Test failed: text expected to contain /Model de Qualitat de Solucions/</failure>
    </testcase>
    <testcase classname="testmeter.generalitat" name="Abril url i verificar capçalera_Fils:100;Rampup:65;Durada:20" time="0.049"/>
    <testcase classname="testmeter.generalitat" name="TestNegatiu_Abril url i verificar capçalera_Fils:100;Rampup:65;Durada:20" time="0.025">
        <failure message="Not Found">Test failed: text expected to contain /Model de Qualitat de Solucions/</failure>
    </testcase>
    <testcase classname="testmeter.generalitat" name="TestNegatiu_Abril url i verificar capçalera_Fils:100;Rampup:65;Durada:20" time="0.026">
        <failure message="Not Found">Test failed: text expected to contain /Model de Qualitat de Solucions/</failure>
    </testcase>
    <testcase classname="testmeter.generalitat" name="TestNegatiu_Abril url i verificar capçalera_Fils:100;Rampup:65;Durada:20" time="0.027">
        <failure message="Not Found">Test failed: text expected to contain /Model de Qualitat de Solucions/</failure>
    </testcase>
    <testcase classname="testmeter.generalitat" name="Abril url i verificar capçalera_Fils:100;Rampup:65;Durada:20" time="0.068"/>
    <testcase classname="testmeter.generalitat" name="TestNegatiu_Abril url i verificar capçalera_Fils:100;Rampup:65;Durada:20" time="0.030">
        <failure message="Not Found">Test failed: text expected to contain /Model de Qualitat de Solucions/</failure>
    </testcase>
    <testcase classname="testmeter.generalitat" name="TestNegatiu_Abril url i verificar capçalera_Fils:100;Rampup:65;Durada:20" time="0.025">
        <failure message="Not Found">Test failed: text expected to contain /Model de Qualitat de Solucions/</failure>
    </testcase>
    <testcase classname="testmeter.generalitat" name="TestNegatiu_Abril url i verificar capçalera_Fils:100;Rampup:65;Durada:20" time="0.043">
        <failure message="Not Found">Test failed: text expected to contain /Model de Qualitat de Solucions/</failure>
    </testcase>
    <testcase classname="testmeter.generalitat" name="TestNegatiu_Abril url i verificar capçalera_Fils:100;Rampup:65;Durada:20" time="0.022">
        <failure message="Not Found">Test failed: text expected to contain /Model de Qualitat de Solucions/</failure>
    </testcase>
    <testcase classname="testmeter.generalitat" name="Abril url i verificar capçalera_Fils:100;Rampup:65;Durada:20" time="0.025"/>
    <testcase classname="testmeter.generalitat" name="TestNegatiu_Abril url i verificar capçalera_Fils:100;Rampup:65;Durada:20" time="0.024">
        <failure message="Not Found">Test failed: text expected to contain /Model de Qualitat de Solucions/</failure>
    </testcase>
    <testcase classname="testmeter.generalitat" name="TestNegatiu_Abril url i verificar capçalera_Fils:100;Rampup:65;Durada:20" time="0.022">
        <failure message="Not Found">Test failed: text expected to contain /Model de Qualitat de Solucions/</failure>
    </testcase>
    <testcase classname="testmeter.generalitat" name="Abril url i verificar capçalera_Fils:100;Rampup:65;Durada:20" time="0.028"/>
    <testcase classname="testmeter.generalitat" name="Abril url i verificar capçalera_Fils:100;Rampup:65;Durada:20" time="0.027"/>
    <testcase classname="testmeter.generalitat" name="TestNegatiu_Abril url i verificar capçalera_Fils:100;Rampup:65;Durada:20" time="0.026">
        <failure message="Not Found">Test failed: text expected to contain /Model de Qualitat de Solucions/</failure>
    </testcase>
    <testcase classname="testmeter.generalitat" name="Abril url i verificar capçalera_Fils:100;Rampup:65;Durada:20" time="0.047"/>
    <testcase classname="testmeter.generalitat" name="Abril url i verificar capçalera_Fils:100;Rampup:65;Durada:20" time="0.023"/>
    <testcase classname="testmeter.generalitat" name="Abril url i verificar capçalera_Fils:100;Rampup:65;Durada:20" time="0.026"/>
    <testcase classname="testmeter.generalitat" name="TestNegatiu_Abril url i verificar capçalera_Fils:100;Rampup:65;Durada:20" time="0.031">
        <failure message="Not Found">Test failed: text expected to contain /Model de Qualitat de Solucions/</failure>
    </testcase>
    <testcase classname="testmeter.generalitat" name="TestNegatiu_Abril url i verificar capçalera_Fils:100;Rampup:65;Durada:20" time="0.027">
        <failure message="Not Found">Test failed: text expected to contain /Model de Qualitat de Solucions/</failure>
    </testcase>
    <testcase classname="testmeter.generalitat" name="Abril url i verificar capçalera_Fils:100;Rampup:65;Durada:20" time="0.030"/>
    <testcase classname="testmeter.generalitat" name="Abril url i verificar capçalera_Fils:100;Rampup:65;Durada:20" time="0.028"/>
    <testcase classname="testmeter.generalitat" name="TestNegatiu_Abril url i verificar capçalera_Fils:100;Rampup:65;Durada:20" time="0.026">
        <failure message="Not Found">Test failed: text expected to contain /Model de Qualitat de Solucions/</failure>
    </testcase>
    <testcase classname="testmeter.generalitat" name="Abril url i verificar capçalera_Fils:100;Rampup:65;Durada:20" time="0.044"/>
    <testcase classname="testmeter.generalitat" name="TestNegatiu_Abril url i verificar capçalera_Fils:100;Rampup:65;Durada:20" time="0.027">
        <failure message="Not Found">Test failed: text expected to contain /Model de Qualitat de Solucions/</failure>
    </testcase>
    <testcase classname="testmeter.generalitat" name="TestNegatiu_Abril url i verificar capçalera_Fils:100;Rampup:65;Durada:20" time="0.023">
        <failure message="Not Found">Test failed: text expected to contain /Model de Qualitat de Solucions/</failure>
    </testcase>
    <testcase classname="testmeter.generalitat" name="Abril url i verificar capçalera_Fils:100;Rampup:65;Durada:20" time="0.029"/>
    <testcase classname="testmeter.generalitat" name="Abril url i verificar capçalera_Fils:100;Rampup:65;Durada:20" time="0.033"/>
    <testcase classname="testmeter.generalitat" name="Abril url i verificar capçalera_Fils:100;Rampup:65;Durada:20" time="0.026"/>
    <testcase classname="testmeter.generalitat" name="Abril url i verificar capçalera_Fils:100;Rampup:65;Durada:20" time="0.048"/>
    <testcase classname="testmeter.generalitat" name="Abril url i verificar capçalera_Fils:100;Rampup:65;Durada:20" time="0.026"/>
    <testcase classname="testmeter.generalitat" name="TestNegatiu_Abril url i verificar capçalera_Fils:100;Rampup:65;Durada:20" time="0.026">
        <failure message="Not Found">Test failed: text expected to contain /Model de Qualitat de Solucions/</failure>
    </testcase>
    <testcase classname="testmeter.generalitat" name="TestNegatiu_Abril url i verificar capçalera_Fils:100;Rampup:65;Durada:20" time="0.025">
        <failure message="Not Found">Test failed: text expected to contain /Model de Qualitat de Solucions/</failure>
    </testcase>
    <testcase classname="testmeter.generalitat" name="Abril url i verificar capçalera_Fils:100;Rampup:65;Durada:20" time="0.076"/>
    <testcase classname="testmeter.generalitat" name="Abril url i verificar capçalera_Fils:100;Rampup:65;Durada:20" time="0.079"/>
    <testcase classname="testmeter.generalitat" name="Abril url i verificar capçalera_Fils:100;Rampup:65;Durada:20" time="0.047"/>
    <testcase classname="testmeter.generalitat" name="TestNegatiu_Abril url i verificar capçalera_Fils:100;Rampup:65;Durada:20" time="0.028">
        <failure message="Not Found">Test failed: text expected to contain /Model de Qualitat de Solucions/</failure>
    </testcase>
    <testcase classname="testmeter.generalitat" name="TestNegatiu_Abril url i verificar capçalera_Fils:100;Rampup:65;Durada:20" time="0.028">
        <failure message="Not Found">Test failed: text expected to contain /Model de Qualitat de Solucions/</failure>
    </testcase>
    <testcase classname="testmeter.generalitat" name="TestNegatiu_Abril url i verificar capçalera_Fils:100;Rampup:65;Durada:20" time="0.024">
        <failure message="Not Found">Test failed: text expected to contain /Model de Qualitat de Solucions/</failure>
    </testcase>
    <testcase classname="testmeter.generalitat" name="TestNegatiu_Abril url i verificar capçalera_Fils:100;Rampup:65;Durada:20" time="0.029">
        <failure message="Not Found">Test failed: text expected to contain /Model de Qualitat de Solucions/</failure>
    </testcase>
    <testcase classname="testmeter.generalitat" name="Abril url i verificar capçalera_Fils:100;Rampup:65;Durada:20" time="0.027"/>
    <testcase classname="testmeter.generalitat" name="Abril url i verificar capçalera_Fils:100;Rampup:65;Durada:20" time="0.054"/>
    <testcase classname="testmeter.generalitat" name="Abril url i verificar capçalera_Fils:100;Rampup:65;Durada:20" time="0.089"/>
    <testcase classname="testmeter.generalitat" name="Abril url i verificar capçalera_Fils:100;Rampup:65;Durada:20" time="0.026"/>
    <testcase classname="testmeter.generalitat" name="TestNegatiu_Abril url i verificar capçalera_Fils:100;Rampup:65;Durada:20" time="0.026">
        <failure message="Not Found">Test failed: text expected to contain /Model de Qualitat de Solucions/</failure>
    </testcase>
    <testcase classname="testmeter.generalitat" name="TestNegatiu_Abril url i verificar capçalera_Fils:100;Rampup:65;Durada:20" time="0.023">
        <failure message="Not Found">Test failed: text expected to contain /Model de Qualitat de Solucions/</failure>
    </testcase>
    <testcase classname="testmeter.generalitat" name="Abril url i verificar capçalera_Fils:100;Rampup:65;Durada:20" time="0.027"/>
    <testcase classname="testmeter.generalitat" name="TestNegatiu_Abril url i verificar capçalera_Fils:100;Rampup:65;Durada:20" time="0.029">
        <failure message="Not Found">Test failed: text expected to contain /Model de Qualitat de Solucions/</failure>
    </testcase>
    <testcase classname="testmeter.generalitat" name="TestNegatiu_Abril url i verificar capçalera_Fils:100;Rampup:65;Durada:20" time="0.052">
        <failure message="Not Found">Test failed: text expected to contain /Model de Qualitat de Solucions/</failure>
    </testcase>
    <testcase classname="testmeter.generalitat" name="TestNegatiu_Abril url i verificar capçalera_Fils:100;Rampup:65;Durada:20" time="0.029">
        <failure message="Not Found">Test failed: text expected to contain /Model de Qualitat de Solucions/</failure>
    </testcase>
    <testcase classname="testmeter.generalitat" name="TestNegatiu_Abril url i verificar capçalera_Fils:100;Rampup:65;Durada:20" time="0.024">
        <failure message="Not Found">Test failed: text expected to contain /Model de Qualitat de Solucions/</failure>
    </testcase>
    <testcase classname="testmeter.generalitat" name="Abril url i verificar capçalera_Fils:100;Rampup:65;Durada:20" time="0.049"/>
    <testcase classname="testmeter.generalitat" name="Abril url i verificar capçalera_Fils:100;Rampup:65;Durada:20" time="0.071"/>
    <testcase classname="testmeter.generalitat" name="Abril url i verificar capçalera_Fils:100;Rampup:65;Durada:20" time="0.049"/>
    <testcase classname="testmeter.generalitat" name="Abril url i verificar capçalera_Fils:100;Rampup:65;Durada:20" time="0.028"/>
    <testcase classname="testmeter.generalitat" name="TestNegatiu_Abril url i verificar capçalera_Fils:100;Rampup:65;Durada:20" time="0.023">
        <failure message="Not Found">Test failed: text expected to contain /Model de Qualitat de Solucions/</failure>
    </testcase>
    <testcase classname="testmeter.generalitat" name="Abril url i verificar capçalera_Fils:100;Rampup:65;Durada:20" time="0.081"/>
    <testcase classname="testmeter.generalitat" name="Abril url i verificar capçalera_Fils:100;Rampup:65;Durada:20" time="0.029"/>
    <testcase classname="testmeter.generalitat" name="TestNegatiu_Abril url i verificar capçalera_Fils:100;Rampup:65;Durada:20" time="0.027">
        <failure message="Not Found">Test failed: text expected to contain /Model de Qualitat de Solucions/</failure>
    </testcase>
    <testcase classname="testmeter.generalitat" name="TestNegatiu_Abril url i verificar capçalera_Fils:100;Rampup:65;Durada:20" time="0.028">
        <failure message="Not Found">Test failed: text expected to contain /Model de Qualitat de Solucions/</failure>
    </testcase>
    <testcase classname="testmeter.generalitat" name="TestNegatiu_Abril url i verificar capçalera_Fils:100;Rampup:65;Durada:20" time="0.047">
        <failure message="Not Found">Test failed: text expected to contain /Model de Qualitat de Solucions/</failure>
    </testcase>
    <testcase classname="testmeter.generalitat" name="TestNegatiu_Abril url i verificar capçalera_Fils:100;Rampup:65;Durada:20" time="0.030">
        <failure message="Not Found">Test failed: text expected to contain /Model de Qualitat de Solucions/</failure>
    </testcase>
    <testcase classname="testmeter.generalitat" name="TestNegatiu_Abril url i verificar capçalera_Fils:100;Rampup:65;Durada:20" time="0.051">
        <failure message="Not Found">Test failed: text expected to contain /Model de Qualitat de Solucions/</failure>
    </testcase>
    <testcase classname="testmeter.generalitat" name="Abril url i verificar capçalera_Fils:100;Rampup:65;Durada:20" time="0.036"/>
    <testcase classname="testmeter.generalitat" name="TestNegatiu_Abril url i verificar capçalera_Fils:100;Rampup:65;Durada:20" time="0.026">
        <failure message="Not Found">Test failed: text expected to contain /Model de Qualitat de Solucions/</failure>
    </testcase>
    <testcase classname="testmeter.generalitat" name="TestNegatiu_Abril url i verificar capçalera_Fils:100;Rampup:65;Durada:20" time="0.025">
        <failure message="Not Found">Test failed: text expected to contain /Model de Qualitat de Solucions/</failure>
    </testcase>
    <testcase classname="testmeter.generalitat" name="TestNegatiu_Abril url i verificar capçalera_Fils:100;Rampup:65;Durada:20" time="0.025">
        <failure message="Not Found">Test failed: text expected to contain /Model de Qualitat de Solucions/</failure>
    </testcase>
    <testcase classname="testmeter.generalitat" name="Abril url i verificar capçalera_Fils:100;Rampup:65;Durada:20" time="0.031"/>
    <testcase classname="testmeter.generalitat" name="TestNegatiu_Abril url i verificar capçalera_Fils:100;Rampup:65;Durada:20" time="0.028">
        <failure message="Not Found">Test failed: text expected to contain /Model de Qualitat de Solucions/</failure>
    </testcase>
    <testcase classname="testmeter.generalitat" name="TestNegatiu_Abril url i verificar capçalera_Fils:100;Rampup:65;Durada:20" time="0.047">
        <failure message="Not Found">Test failed: text expected to contain /Model de Qualitat de Solucions/</failure>
    </testcase>
    <testcase classname="testmeter.generalitat" name="Abril url i verificar capçalera_Fils:100;Rampup:65;Durada:20" time="0.028"/>
    <testcase classname="testmeter.generalitat" name="Abril url i verificar capçalera_Fils:100;Rampup:65;Durada:20" time="0.030"/>
    <testcase classname="testmeter.generalitat" name="Abril url i verificar capçalera_Fils:100;Rampup:65;Durada:20" time="0.051"/>
    <testcase classname="testmeter.generalitat" name="Abril url i verificar capçalera_Fils:100;Rampup:65;Durada:20" time="0.030"/>
    <testcase classname="testmeter.generalitat" name="Abril url i verificar capçalera_Fils:100;Rampup:65;Durada:20" time="0.044"/>
    <testcase classname="testmeter.generalitat" name="TestNegatiu_Abril url i verificar capçalera_Fils:100;Rampup:65;Durada:20" time="0.024">
        <failure message="Not Found">Test failed: text expected to contain /Model de Qualitat de Solucions/</failure>
    </testcase>
    <testcase classname="testmeter.generalitat" name="Abril url i verificar capçalera_Fils:100;Rampup:65;Durada:20" time="0.027"/>
    <testcase classname="testmeter.generalitat" name="Abril url i verificar capçalera_Fils:100;Rampup:65;Durada:20" time="0.027"/>
    <testcase classname="testmeter.generalitat" name="TestNegatiu_Abril url i verificar capçalera_Fils:100;Rampup:65;Durada:20" time="0.041">
        <failure message="Not Found">Test failed: text expected to contain /Model de Qualitat de Solucions/</failure>
    </testcase>
    <testcase classname="testmeter.generalitat" name="Abril url i verificar capçalera_Fils:100;Rampup:65;Durada:20" time="0.029"/>
    <testcase classname="testmeter.generalitat" name="TestNegatiu_Abril url i verificar capçalera_Fils:100;Rampup:65;Durada:20" time="0.026">
        <failure message="Not Found">Test failed: text expected to contain /Model de Qualitat de Solucions/</failure>
    </testcase>
    <testcase classname="testmeter.generalitat" name="TestNegatiu_Abril url i verificar capçalera_Fils:100;Rampup:65;Durada:20" time="0.024">
        <failure message="Not Found">Test failed: text expected to contain /Model de Qualitat de Solucions/</failure>
    </testcase>
    <testcase classname="testmeter.generalitat" name="Abril url i verificar capçalera_Fils:100;Rampup:65;Durada:20" time="0.047"/>
    <testcase classname="testmeter.generalitat" name="Abril url i verificar capçalera_Fils:100;Rampup:65;Durada:20" time="0.050"/>
    <testcase classname="testmeter.generalitat" name="Abril url i verificar capçalera_Fils:100;Rampup:65;Durada:20" time="0.027"/>
    <testcase classname="testmeter.generalitat" name="Abril url i verificar capçalera_Fils:100;Rampup:65;Durada:20" time="0.028"/>
    <testcase classname="testmeter.generalitat" name="TestNegatiu_Abril url i verificar capçalera_Fils:100;Rampup:65;Durada:20" time="0.028">
        <failure message="Not Found">Test failed: text expected to contain /Model de Qualitat de Solucions/</failure>
    </testcase>
    <testcase classname="testmeter.generalitat" name="TestNegatiu_Abril url i verificar capçalera_Fils:100;Rampup:65;Durada:20" time="0.026">
        <failure message="Not Found">Test failed: text expected to contain /Model de Qualitat de Solucions/</failure>
    </testcase>
    <testcase classname="testmeter.generalitat" name="TestNegatiu_Abril url i verificar capçalera_Fils:100;Rampup:65;Durada:20" time="0.030">
        <failure message="Not Found">Test failed: text expected to contain /Model de Qualitat de Solucions/</failure>
    </testcase>
    <testcase classname="testmeter.generalitat" name="TestNegatiu_Abril url i verificar capçalera_Fils:100;Rampup:65;Durada:20" time="0.026">
        <failure message="Not Found">Test failed: text expected to contain /Model de Qualitat de Solucions/</failure>
    </testcase>
    <testcase classname="testmeter.generalitat" name="TestNegatiu_Abril url i verificar capçalera_Fils:100;Rampup:65;Durada:20" time="0.031">
        <failure message="Not Found">Test failed: text expected to contain /Model de Qualitat de Solucions/</failure>
    </testcase>
    <testcase classname="testmeter.generalitat" name="TestNegatiu_Abril url i verificar capçalera_Fils:100;Rampup:65;Durada:20" time="0.029">
        <failure message="Not Found">Test failed: text expected to contain /Model de Qualitat de Solucions/</failure>
    </testcase>
    <testcase classname="testmeter.generalitat" name="TestNegatiu_Abril url i verificar capçalera_Fils:100;Rampup:65;Durada:20" time="0.028">
        <failure message="Not Found">Test failed: text expected to contain /Model de Qualitat de Solucions/</failure>
    </testcase>
    <testcase classname="testmeter.generalitat" name="Abril url i verificar capçalera_Fils:100;Rampup:65;Durada:20" time="0.028"/>
    <testcase classname="testmeter.generalitat" name="Abril url i verificar capçalera_Fils:100;Rampup:65;Durada:20" time="0.051"/>
    <testcase classname="testmeter.generalitat" name="Abril url i verificar capçalera_Fils:100;Rampup:65;Durada:20" time="0.032"/>
    <testcase classname="testmeter.generalitat" name="TestNegatiu_Abril url i verificar capçalera_Fils:100;Rampup:65;Durada:20" time="0.021">
        <failure message="Not Found">Test failed: text expected to contain /Model de Qualitat de Solucions/</failure>
    </testcase>
    <testcase classname="testmeter.generalitat" name="TestNegatiu_Abril url i verificar capçalera_Fils:100;Rampup:65;Durada:20" time="0.027">
        <failure message="Not Found">Test failed: text expected to contain /Model de Qualitat de Solucions/</failure>
    </testcase>
    <testcase classname="testmeter.generalitat" name="TestNegatiu_Abril url i verificar capçalera_Fils:100;Rampup:65;Durada:20" time="0.025">
        <failure message="Not Found">Test failed: text expected to contain /Model de Qualitat de Solucions/</failure>
    </testcase>
    <testcase classname="testmeter.generalitat" name="Abril url i verificar capçalera_Fils:100;Rampup:65;Durada:20" time="0.051"/>
    <testcase classname="testmeter.generalitat" name="TestNegatiu_Abril url i verificar capçalera_Fils:100;Rampup:65;Durada:20" time="0.027">
        <failure message="Not Found">Test failed: text expected to contain /Model de Qualitat de Solucions/</failure>
    </testcase>
    <testcase classname="testmeter.generalitat" name="TestNegatiu_Abril url i verificar capçalera_Fils:100;Rampup:65;Durada:20" time="0.024">
        <failure message="Not Found">Test failed: text expected to contain /Model de Qualitat de Solucions/</failure>
    </testcase>
    <testcase classname="testmeter.generalitat" name="Abril url i verificar capçalera_Fils:100;Rampup:65;Durada:20" time="0.029"/>
    <testcase classname="testmeter.generalitat" name="Abril url i verificar capçalera_Fils:100;Rampup:65;Durada:20" time="0.024"/>
    <testcase classname="testmeter.generalitat" name="Abril url i verificar capçalera_Fils:100;Rampup:65;Durada:20" time="0.027"/>
    <testcase classname="testmeter.generalitat" name="Abril url i verificar capçalera_Fils:100;Rampup:65;Durada:20" time="0.025"/>
    <testcase classname="testmeter.generalitat" name="Abril url i verificar capçalera_Fils:100;Rampup:65;Durada:20" time="0.070"/>
    <testcase classname="testmeter.generalitat" name="Abril url i verificar capçalera_Fils:100;Rampup:65;Durada:20" time="0.031"/>
    <testcase classname="testmeter.generalitat" name="Abril url i verificar capçalera_Fils:100;Rampup:65;Durada:20" time="0.029"/>
    <testcase classname="testmeter.generalitat" name="TestNegatiu_Abril url i verificar capçalera_Fils:100;Rampup:65;Durada:20" time="0.027">
        <failure message="Not Found">Test failed: text expected to contain /Model de Qualitat de Solucions/</failure>
    </testcase>
    <testcase classname="testmeter.generalitat" name="TestNegatiu_Abril url i verificar capçalera_Fils:100;Rampup:65;Durada:20" time="0.028">
        <failure message="Not Found">Test failed: text expected to contain /Model de Qualitat de Solucions/</failure>
    </testcase>
    <testcase classname="testmeter.generalitat" name="TestNegatiu_Abril url i verificar capçalera_Fils:100;Rampup:65;Durada:20" time="0.028">
        <failure message="Not Found">Test failed: text expected to contain /Model de Qualitat de Solucions/</failure>
    </testcase>
    <testcase classname="testmeter.generalitat" name="Abril url i verificar capçalera_Fils:100;Rampup:65;Durada:20" time="0.081"/>
    <testcase classname="testmeter.generalitat" name="Abril url i verificar capçalera_Fils:100;Rampup:65;Durada:20" time="0.074"/>
    <testcase classname="testmeter.generalitat" name="TestNegatiu_Abril url i verificar capçalera_Fils:100;Rampup:65;Durada:20" time="0.026">
        <failure message="Not Found">Test failed: text expected to contain /Model de Qualitat de Solucions/</failure>
    </testcase>
    <testcase classname="testmeter.generalitat" name="TestNegatiu_Abril url i verificar capçalera_Fils:100;Rampup:65;Durada:20" time="0.026">
        <failure message="Not Found">Test failed: text expected to contain /Model de Qualitat de Solucions/</failure>
    </testcase>
    <testcase classname="testmeter.generalitat" name="Abril url i verificar capçalera_Fils:100;Rampup:65;Durada:20" time="0.025"/>
    <testcase classname="testmeter.generalitat" name="TestNegatiu_Abril url i verificar capçalera_Fils:100;Rampup:65;Durada:20" time="0.021">
        <failure message="Not Found">Test failed: text expected to contain /Model de Qualitat de Solucions/</failure>
    </testcase>
    <testcase classname="testmeter.generalitat" name="Abril url i verificar capçalera_Fils:100;Rampup:65;Durada:20" time="0.029"/>
    <testcase classname="testmeter.generalitat" name="Abril url i verificar capçalera_Fils:100;Rampup:65;Durada:20" time="0.029"/>
    <testcase classname="testmeter.generalitat" name="Abril url i verificar capçalera_Fils:100;Rampup:65;Durada:20" time="0.030"/>
    <testcase classname="testmeter.generalitat" name="Abril url i verificar capçalera_Fils:100;Rampup:65;Durada:20" time="0.048"/>
    <testcase classname="testmeter.generalitat" name="Abril url i verificar capçalera_Fils:100;Rampup:65;Durada:20" time="0.046"/>
    <testcase classname="testmeter.generalitat" name="TestNegatiu_Abril url i verificar capçalera_Fils:100;Rampup:65;Durada:20" time="0.024">
        <failure message="Not Found">Test failed: text expected to contain /Model de Qualitat de Solucions/</failure>
    </testcase>
    <testcase classname="testmeter.generalitat" name="TestNegatiu_Abril url i verificar capçalera_Fils:100;Rampup:65;Durada:20" time="0.026">
        <failure message="Not Found">Test failed: text expected to contain /Model de Qualitat de Solucions/</failure>
    </testcase>
    <testcase classname="testmeter.generalitat" name="Abril url i verificar capçalera_Fils:100;Rampup:65;Durada:20" time="0.044"/>
    <testcase classname="testmeter.generalitat" name="TestNegatiu_Abril url i verificar capçalera_Fils:100;Rampup:65;Durada:20" time="0.028">
        <failure message="Not Found">Test failed: text expected to contain /Model de Qualitat de Solucions/</failure>
    </testcase>
    <testcase classname="testmeter.generalitat" name="TestNegatiu_Abril url i verificar capçalera_Fils:100;Rampup:65;Durada:20" time="0.028">
        <failure message="Not Found">Test failed: text expected to contain /Model de Qualitat de Solucions/</failure>
    </testcase>
    <testcase classname="testmeter.generalitat" name="TestNegatiu_Abril url i verificar capçalera_Fils:100;Rampup:65;Durada:20" time="0.026">
        <failure message="Not Found">Test failed: text expected to contain /Model de Qualitat de Solucions/</failure>
    </testcase>
    <testcase classname="testmeter.generalitat" name="TestNegatiu_Abril url i verificar capçalera_Fils:100;Rampup:65;Durada:20" time="0.022">
        <failure message="Not Found">Test failed: text expected to contain /Model de Qualitat de Solucions/</failure>
    </testcase>
    <testcase classname="testmeter.generalitat" name="Abril url i verificar capçalera_Fils:100;Rampup:65;Durada:20" time="0.030"/>
    <testcase classname="testmeter.generalitat" name="Abril url i verificar capçalera_Fils:100;Rampup:65;Durada:20" time="0.077"/>
    <testcase classname="testmeter.generalitat" name="Abril url i verificar capçalera_Fils:100;Rampup:65;Durada:20" time="0.029"/>
    <testcase classname="testmeter.generalitat" name="Abril url i verificar capçalera_Fils:100;Rampup:65;Durada:20" time="0.098"/>
    <testcase classname="testmeter.generalitat" name="Abril url i verificar capçalera_Fils:100;Rampup:65;Durada:20" time="0.027"/>
    <testcase classname="testmeter.generalitat" name="TestNegatiu_Abril url i verificar capçalera_Fils:100;Rampup:65;Durada:20" time="0.046">
        <failure message="Not Found">Test failed: text expected to contain /Model de Qualitat de Solucions/</failure>
    </testcase>
    <testcase classname="testmeter.generalitat" name="TestNegatiu_Abril url i verificar capçalera_Fils:100;Rampup:65;Durada:20" time="0.023">
        <failure message="Not Found">Test failed: text expected to contain /Model de Qualitat de Solucions/</failure>
    </testcase>
    <testcase classname="testmeter.generalitat" name="Abril url i verificar capçalera_Fils:100;Rampup:65;Durada:20" time="0.027"/>
    <testcase classname="testmeter.generalitat" name="TestNegatiu_Abril url i verificar capçalera_Fils:100;Rampup:65;Durada:20" time="0.026">
        <failure message="Not Found">Test failed: text expected to contain /Model de Qualitat de Solucions/</failure>
    </testcase>
    <testcase classname="testmeter.generalitat" name="TestNegatiu_Abril url i verificar capçalera_Fils:100;Rampup:65;Durada:20" time="0.026">
        <failure message="Not Found">Test failed: text expected to contain /Model de Qualitat de Solucions/</failure>
    </testcase>
    <testcase classname="testmeter.generalitat" name="TestNegatiu_Abril url i verificar capçalera_Fils:100;Rampup:65;Durada:20" time="0.027">
        <failure message="Not Found">Test failed: text expected to contain /Model de Qualitat de Solucions/</failure>
    </testcase>
    <testcase classname="testmeter.generalitat" name="TestNegatiu_Abril url i verificar capçalera_Fils:100;Rampup:65;Durada:20" time="0.043">
        <failure message="Not Found">Test failed: text expected to contain /Model de Qualitat de Solucions/</failure>
    </testcase>
    <testcase classname="testmeter.generalitat" name="TestNegatiu_Abril url i verificar capçalera_Fils:100;Rampup:65;Durada:20" time="0.023">
        <failure message="Not Found">Test failed: text expected to contain /Model de Qualitat de Solucions/</failure>
    </testcase>
    <testcase classname="testmeter.generalitat" name="Abril url i verificar capçalera_Fils:100;Rampup:65;Durada:20" time="0.023"/>
    <testcase classname="testmeter.generalitat" name="TestNegatiu_Abril url i verificar capçalera_Fils:100;Rampup:65;Durada:20" time="0.029">
        <failure message="Not Found">Test failed: text expected to contain /Model de Qualitat de Solucions/</failure>
    </testcase>
    <testcase classname="testmeter.generalitat" name="Abril url i verificar capçalera_Fils:100;Rampup:65;Durada:20" time="0.050"/>
    <testcase classname="testmeter.generalitat" name="Abril url i verificar capçalera_Fils:100;Rampup:65;Durada:20" time="0.028"/>
    <testcase classname="testmeter.generalitat" name="Abril url i verificar capçalera_Fils:100;Rampup:65;Durada:20" time="0.031"/>
    <testcase classname="testmeter.generalitat" name="TestNegatiu_Abril url i verificar capçalera_Fils:100;Rampup:65;Durada:20" time="0.035">
        <failure message="Not Found">Test failed: text expected to contain /Model de Qualitat de Solucions/</failure>
    </testcase>
    <testcase classname="testmeter.generalitat" name="TestNegatiu_Abril url i verificar capçalera_Fils:100;Rampup:65;Durada:20" time="0.035">
        <failure message="Not Found">Test failed: text expected to contain /Model de Qualitat de Solucions/</failure>
    </testcase>
    <testcase classname="testmeter.generalitat" name="TestNegatiu_Abril url i verificar capçalera_Fils:100;Rampup:65;Durada:20" time="0.029">
        <failure message="Not Found">Test failed: text expected to contain /Model de Qualitat de Solucions/</failure>
    </testcase>
    <testcase classname="testmeter.generalitat" name="TestNegatiu_Abril url i verificar capçalera_Fils:100;Rampup:65;Durada:20" time="0.027">
        <failure message="Not Found">Test failed: text expected to contain /Model de Qualitat de Solucions/</failure>
    </testcase>
    <testcase classname="testmeter.generalitat" name="TestNegatiu_Abril url i verificar capçalera_Fils:100;Rampup:65;Durada:20" time="0.027">
        <failure message="Not Found">Test failed: text expected to contain /Model de Qualitat de Solucions/</failure>
    </testcase>
    <testcase classname="testmeter.generalitat" name="Abril url i verificar capçalera_Fils:100;Rampup:65;Durada:20" time="0.036"/>
    <testcase classname="testmeter.generalitat" name="TestNegatiu_Abril url i verificar capçalera_Fils:100;Rampup:65;Durada:20" time="0.030">
        <failure message="Not Found">Test failed: text expected to contain /Model de Qualitat de Solucions/</failure>
    </testcase>
    <testcase classname="testmeter.generalitat" name="TestNegatiu_Abril url i verificar capçalera_Fils:100;Rampup:65;Durada:20" time="0.050">
        <failure message="Not Found">Test failed: text expected to contain /Model de Qualitat de Solucions/</failure>
    </testcase>
    <testcase classname="testmeter.generalitat" name="TestNegatiu_Abril url i verificar capçalera_Fils:100;Rampup:65;Durada:20" time="0.026">
        <failure message="Not Found">Test failed: text expected to contain /Model de Qualitat de Solucions/</failure>
    </testcase>
    <testcase classname="testmeter.generalitat" name="Abril url i verificar capçalera_Fils:100;Rampup:65;Durada:20" time="0.032"/>
    <testcase classname="testmeter.generalitat" name="Abril url i verificar capçalera_Fils:100;Rampup:65;Durada:20" time="0.029"/>
    <testcase classname="testmeter.generalitat" name="Abril url i verificar capçalera_Fils:100;Rampup:65;Durada:20" time="0.029"/>
    <testcase classname="testmeter.generalitat" name="Abril url i verificar capçalera_Fils:100;Rampup:65;Durada:20" time="0.030"/>
    <testcase classname="testmeter.generalitat" name="TestNegatiu_Abril url i verificar capçalera_Fils:100;Rampup:65;Durada:20" time="0.056">
        <failure message="Not Found">Test failed: text expected to contain /Model de Qualitat de Solucions/</failure>
    </testcase>
    <testcase classname="testmeter.generalitat" name="Abril url i verificar capçalera_Fils:100;Rampup:65;Durada:20" time="0.083"/>
    <testcase classname="testmeter.generalitat" name="Abril url i verificar capçalera_Fils:100;Rampup:65;Durada:20" time="0.332"/>
    <testcase classname="testmeter.generalitat" name="Abril url i verificar capçalera_Fils:100;Rampup:65;Durada:20" time="0.048"/>
    <testcase classname="testmeter.generalitat" name="Abril url i verificar capçalera_Fils:100;Rampup:65;Durada:20" time="0.022"/>
    <testcase classname="testmeter.generalitat" name="TestNegatiu_Abril url i verificar capçalera_Fils:100;Rampup:65;Durada:20" time="0.029">
        <failure message="Not Found">Test failed: text expected to contain /Model de Qualitat de Solucions/</failure>
    </testcase>
    <testcase classname="testmeter.generalitat" name="Abril url i verificar capçalera_Fils:100;Rampup:65;Durada:20" time="0.029"/>
    <testcase classname="testmeter.generalitat" name="Abril url i verificar capçalera_Fils:100;Rampup:65;Durada:20" time="0.029"/>
    <testcase classname="testmeter.generalitat" name="Abril url i verificar capçalera_Fils:100;Rampup:65;Durada:20" time="0.025"/>
    <testcase classname="testmeter.generalitat" name="Abril url i verificar capçalera_Fils:100;Rampup:65;Durada:20" time="0.053"/>
    <testcase classname="testmeter.generalitat" name="Abril url i verificar capçalera_Fils:100;Rampup:65;Durada:20" time="0.072"/>
    <testcase classname="testmeter.generalitat" name="Abril url i verificar capçalera_Fils:100;Rampup:65;Durada:20" time="0.031"/>
    <testcase classname="testmeter.generalitat" name="TestNegatiu_Abril url i verificar capçalera_Fils:100;Rampup:65;Durada:20" time="0.029">
        <failure message="Not Found">Test failed: text expected to contain /Model de Qualitat de Solucions/</failure>
    </testcase>
    <testcase classname="testmeter.generalitat" name="TestNegatiu_Abril url i verificar capçalera_Fils:100;Rampup:65;Durada:20" time="0.028">
        <failure message="Not Found">Test failed: text expected to contain /Model de Qualitat de Solucions/</failure>
    </testcase>
    <testcase classname="testmeter.generalitat" name="TestNegatiu_Abril url i verificar capçalera_Fils:100;Rampup:65;Durada:20" time="0.025">
        <failure message="Not Found">Test failed: text expected to contain /Model de Qualitat de Solucions/</failure>
    </testcase>
    <testcase classname="testmeter.generalitat" name="TestNegatiu_Abril url i verificar capçalera_Fils:100;Rampup:65;Durada:20" time="0.026">
        <failure message="Not Found">Test failed: text expected to contain /Model de Qualitat de Solucions/</failure>
    </testcase>
    <testcase classname="testmeter.generalitat" name="Abril url i verificar capçalera_Fils:100;Rampup:65;Durada:20" time="0.030"/>
    <testcase classname="testmeter.generalitat" name="TestNegatiu_Abril url i verificar capçalera_Fils:100;Rampup:65;Durada:20" time="0.022">
        <failure message="Not Found">Test failed: text expected to contain /Model de Qualitat de Solucions/</failure>
    </testcase>
    <testcase classname="testmeter.generalitat" name="Abril url i verificar capçalera_Fils:100;Rampup:65;Durada:20" time="0.077"/>
    <testcase classname="testmeter.generalitat" name="Abril url i verificar capçalera_Fils:100;Rampup:65;Durada:20" time="0.155"/>
    <testcase classname="testmeter.generalitat" name="Abril url i verificar capçalera_Fils:100;Rampup:65;Durada:20" time="1.099"/>
    <testcase classname="testmeter.generalitat" name="TestNegatiu_Abril url i verificar capçalera_Fils:100;Rampup:65;Durada:20" time="0.022">
        <failure message="Not Found">Test failed: text expected to contain /Model de Qualitat de Solucions/</failure>
    </testcase>
    <testcase classname="testmeter.generalitat" name="Abril url i verificar capçalera_Fils:100;Rampup:65;Durada:20" time="0.081"/>
    <testcase classname="testmeter.generalitat" name="TestNegatiu_Abril url i verificar capçalera_Fils:100;Rampup:65;Durada:20" time="0.023">
        <failure message="Not Found">Test failed: text expected to contain /Model de Qualitat de Solucions/</failure>
    </testcase>
    <testcase classname="testmeter.generalitat" name="Abril url i verificar capçalera_Fils:100;Rampup:65;Durada:20" time="0.052"/>
    <testcase classname="testmeter.generalitat" name="TestNegatiu_Abril url i verificar capçalera_Fils:100;Rampup:65;Durada:20" time="0.026">
        <failure message="Not Found">Test failed: text expected to contain /Model de Qualitat de Solucions/</failure>
    </testcase>
    <testcase classname="testmeter.generalitat" name="TestNegatiu_Abril url i verificar capçalera_Fils:100;Rampup:65;Durada:20" time="0.025">
        <failure message="Not Found">Test failed: text expected to contain /Model de Qualitat de Solucions/</failure>
    </testcase>
    <testcase classname="testmeter.generalitat" name="Abril url i verificar capçalera_Fils:100;Rampup:65;Durada:20" time="0.025"/>
    <testcase classname="testmeter.generalitat" name="TestNegatiu_Abril url i verificar capçalera_Fils:100;Rampup:65;Durada:20" time="0.027">
        <failure message="Not Found">Test failed: text expected to contain /Model de Qualitat de Solucions/</failure>
    </testcase>
    <testcase classname="testmeter.generalitat" name="TestNegatiu_Abril url i verificar capçalera_Fils:100;Rampup:65;Durada:20" time="0.026">
        <failure message="Not Found">Test failed: text expected to contain /Model de Qualitat de Solucions/</failure>
    </testcase>
    <testcase classname="testmeter.generalitat" name="TestNegatiu_Abril url i verificar capçalera_Fils:100;Rampup:65;Durada:20" time="0.026">
        <failure message="Not Found">Test failed: text expected to contain /Model de Qualitat de Solucions/</failure>
    </testcase>
    <testcase classname="testmeter.generalitat" name="TestNegatiu_Abril url i verificar capçalera_Fils:100;Rampup:65;Durada:20" time="0.027">
        <failure message="Not Found">Test failed: text expected to contain /Model de Qualitat de Solucions/</failure>
    </testcase>
    <testcase classname="testmeter.generalitat" name="TestNegatiu_Abril url i verificar capçalera_Fils:100;Rampup:65;Durada:20" time="0.046">
        <failure message="Not Found">Test failed: text expected to contain /Model de Qualitat de Solucions/</failure>
    </testcase>
    <testcase classname="testmeter.generalitat" name="Abril url i verificar capçalera_Fils:100;Rampup:65;Durada:20" time="0.023"/>
    <testcase classname="testmeter.generalitat" name="TestNegatiu_Abril url i verificar capçalera_Fils:100;Rampup:65;Durada:20" time="0.027">
        <failure message="Not Found">Test failed: text expected to contain /Model de Qualitat de Solucions/</failure>
    </testcase>
    <testcase classname="testmeter.generalitat" name="Abril url i verificar capçalera_Fils:100;Rampup:65;Durada:20" time="0.027"/>
    <testcase classname="testmeter.generalitat" name="Abril url i verificar capçalera_Fils:100;Rampup:65;Durada:20" time="0.028"/>
    <testcase classname="testmeter.generalitat" name="Abril url i verificar capçalera_Fils:100;Rampup:65;Durada:20" time="0.031"/>
    <testcase classname="testmeter.generalitat" name="TestNegatiu_Abril url i verificar capçalera_Fils:100;Rampup:65;Durada:20" time="0.034">
        <failure message="Not Found">Test failed: text expected to contain /Model de Qualitat de Solucions/</failure>
    </testcase>
    <testcase classname="testmeter.generalitat" name="TestNegatiu_Abril url i verificar capçalera_Fils:100;Rampup:65;Durada:20" time="0.031">
        <failure message="Not Found">Test failed: text expected to contain /Model de Qualitat de Solucions/</failure>
    </testcase>
    <testcase classname="testmeter.generalitat" name="Abril url i verificar capçalera_Fils:100;Rampup:65;Durada:20" time="0.076"/>
    <testcase classname="testmeter.generalitat" name="Abril url i verificar capçalera_Fils:100;Rampup:65;Durada:20" time="0.035"/>
    <testcase classname="testmeter.generalitat" name="Abril url i verificar capçalera_Fils:100;Rampup:65;Durada:20" time="0.142"/>
    <testcase classname="testmeter.generalitat" name="Abril url i verificar capçalera_Fils:100;Rampup:65;Durada:20" time="0.047"/>
    <testcase classname="testmeter.generalitat" name="Abril url i verificar capçalera_Fils:100;Rampup:65;Durada:20" time="0.031"/>
    <testcase classname="testmeter.generalitat" name="TestNegatiu_Abril url i verificar capçalera_Fils:100;Rampup:65;Durada:20" time="0.145">
        <failure message="Not Found">Test failed: text expected to contain /Model de Qualitat de Solucions/</failure>
    </testcase>
    <testcase classname="testmeter.generalitat" name="TestNegatiu_Abril url i verificar capçalera_Fils:100;Rampup:65;Durada:20" time="0.062">
        <failure message="Not Found">Test failed: text expected to contain /Model de Qualitat de Solucions/</failure>
    </testcase>
    <testcase classname="testmeter.generalitat" name="TestNegatiu_Abril url i verificar capçalera_Fils:100;Rampup:65;Durada:20" time="0.056">
        <failure message="Not Found">Test failed: text expected to contain /Model de Qualitat de Solucions/</failure>
    </testcase>
    <testcase classname="testmeter.generalitat" name="TestNegatiu_Abril url i verificar capçalera_Fils:100;Rampup:65;Durada:20" time="0.061">
        <failure message="Not Found">Test failed: text expected to contain /Model de Qualitat de Solucions/</failure>
    </testcase>
    <testcase classname="testmeter.generalitat" name="TestNegatiu_Abril url i verificar capçalera_Fils:100;Rampup:65;Durada:20" time="0.040">
        <failure message="Not Found">Test failed: text expected to contain /Model de Qualitat de Solucions/</failure>
    </testcase>
    <testcase classname="testmeter.generalitat" name="TestNegatiu_Abril url i verificar capçalera_Fils:100;Rampup:65;Durada:20" time="0.036">
        <failure message="Not Found">Test failed: text expected to contain /Model de Qualitat de Solucions/</failure>
    </testcase>
    <testcase classname="testmeter.generalitat" name="TestNegatiu_Abril url i verificar capçalera_Fils:100;Rampup:65;Durada:20" time="0.033">
        <failure message="Not Found">Test failed: text expected to contain /Model de Qualitat de Solucions/</failure>
    </testcase>
    <testcase classname="testmeter.generalitat" name="TestNegatiu_Abril url i verificar capçalera_Fils:100;Rampup:65;Durada:20" time="0.036">
        <failure message="Not Found">Test failed: text expected to contain /Model de Qualitat de Solucions/</failure>
    </testcase>
    <testcase classname="testmeter.generalitat" name="Abril url i verificar capçalera_Fils:100;Rampup:65;Durada:20" time="0.048"/>
    <testcase classname="testmeter.generalitat" name="Abril url i verificar capçalera_Fils:100;Rampup:65;Durada:20" time="0.042"/>
    <testcase classname="testmeter.generalitat" name="Abril url i verificar capçalera_Fils:100;Rampup:65;Durada:20" time="0.056"/>
    <testcase classname="testmeter.generalitat" name="Abril url i verificar capçalera_Fils:100;Rampup:65;Durada:20" time="0.037"/>
    <testcase classname="testmeter.generalitat" name="Abril url i verificar capçalera_Fils:100;Rampup:65;Durada:20" time="0.059"/>
    <testcase classname="testmeter.generalitat" name="Abril url i verificar capçalera_Fils:100;Rampup:65;Durada:20" time="0.030"/>
    <testcase classname="testmeter.generalitat" name="TestNegatiu_Abril url i verificar capçalera_Fils:100;Rampup:65;Durada:20" time="0.027">
        <failure message="Not Found">Test failed: text expected to contain /Model de Qualitat de Solucions/</failure>
    </testcase>
    <testcase classname="testmeter.generalitat" name="TestNegatiu_Abril url i verificar capçalera_Fils:100;Rampup:65;Durada:20" time="0.027">
        <failure message="Not Found">Test failed: text expected to contain /Model de Qualitat de Solucions/</failure>
    </testcase>
    <testcase classname="testmeter.generalitat" name="TestNegatiu_Abril url i verificar capçalera_Fils:100;Rampup:65;Durada:20" time="0.027">
        <failure message="Not Found">Test failed: text expected to contain /Model de Qualitat de Solucions/</failure>
    </testcase>
    <testcase classname="testmeter.generalitat" name="TestNegatiu_Abril url i verificar capçalera_Fils:100;Rampup:65;Durada:20" time="0.027">
        <failure message="Not Found">Test failed: text expected to contain /Model de Qualitat de Solucions/</failure>
    </testcase>
    <testcase classname="testmeter.generalitat" name="Abril url i verificar capçalera_Fils:100;Rampup:65;Durada:20" time="0.027"/>
    <testcase classname="testmeter.generalitat" name="TestNegatiu_Abril url i verificar capçalera_Fils:100;Rampup:65;Durada:20" time="0.024">
        <failure message="Not Found">Test failed: text expected to contain /Model de Qualitat de Solucions/</failure>
    </testcase>
    <testcase classname="testmeter.generalitat" name="TestNegatiu_Abril url i verificar capçalera_Fils:100;Rampup:65;Durada:20" time="0.026">
        <failure message="Not Found">Test failed: text expected to contain /Model de Qualitat de Solucions/</failure>
    </testcase>
    <testcase classname="testmeter.generalitat" name="TestNegatiu_Abril url i verificar capçalera_Fils:100;Rampup:65;Durada:20" time="0.026">
        <failure message="Not Found">Test failed: text expected to contain /Model de Qualitat de Solucions/</failure>
    </testcase>
    <testcase classname="testmeter.generalitat" name="TestNegatiu_Abril url i verificar capçalera_Fils:100;Rampup:65;Durada:20" time="0.025">
        <failure message="Not Found">Test failed: text expected to contain /Model de Qualitat de Solucions/</failure>
    </testcase>
    <testcase classname="testmeter.generalitat" name="Abril url i verificar capçalera_Fils:100;Rampup:65;Durada:20" time="0.127"/>
    <testcase classname="testmeter.generalitat" name="Abril url i verificar capçalera_Fils:100;Rampup:65;Durada:20" time="0.028"/>
    <testcase classname="testmeter.generalitat" name="TestNegatiu_Abril url i verificar capçalera_Fils:100;Rampup:65;Durada:20" time="0.023">
        <failure message="Not Found">Test failed: text expected to contain /Model de Qualitat de Solucions/</failure>
    </testcase>
    <testcase classname="testmeter.generalitat" name="TestNegatiu_Abril url i verificar capçalera_Fils:100;Rampup:65;Durada:20" time="0.048">
        <failure message="Not Found">Test failed: text expected to contain /Model de Qualitat de Solucions/</failure>
    </testcase>
    <testcase classname="testmeter.generalitat" name="Abril url i verificar capçalera_Fils:100;Rampup:65;Durada:20" time="0.030"/>
    <testcase classname="testmeter.generalitat" name="Abril url i verificar capçalera_Fils:100;Rampup:65;Durada:20" time="0.029"/>
    <testcase classname="testmeter.generalitat" name="Abril url i verificar capçalera_Fils:100;Rampup:65;Durada:20" time="0.081"/>
    <testcase classname="testmeter.generalitat" name="Abril url i verificar capçalera_Fils:100;Rampup:65;Durada:20" time="0.085"/>
    <testcase classname="testmeter.generalitat" name="TestNegatiu_Abril url i verificar capçalera_Fils:100;Rampup:65;Durada:20" time="0.031">
        <failure message="Not Found">Test failed: text expected to contain /Model de Qualitat de Solucions/</failure>
    </testcase>
    <testcase classname="testmeter.generalitat" name="Abril url i verificar capçalera_Fils:100;Rampup:65;Durada:20" time="0.028"/>
    <testcase classname="testmeter.generalitat" name="Abril url i verificar capçalera_Fils:100;Rampup:65;Durada:20" time="0.029"/>
    <testcase classname="testmeter.generalitat" name="TestNegatiu_Abril url i verificar capçalera_Fils:100;Rampup:65;Durada:20" time="0.112">
        <failure message="Not Found">Test failed: text expected to contain /Model de Qualitat de Solucions/</failure>
    </testcase>
    <testcase classname="testmeter.generalitat" name="TestNegatiu_Abril url i verificar capçalera_Fils:100;Rampup:65;Durada:20" time="0.024">
        <failure message="Not Found">Test failed: text expected to contain /Model de Qualitat de Solucions/</failure>
    </testcase>
    <testcase classname="testmeter.generalitat" name="Abril url i verificar capçalera_Fils:100;Rampup:65;Durada:20" time="0.072"/>
    <testcase classname="testmeter.generalitat" name="TestNegatiu_Abril url i verificar capçalera_Fils:100;Rampup:65;Durada:20" time="0.025">
        <failure message="Not Found">Test failed: text expected to contain /Model de Qualitat de Solucions/</failure>
    </testcase>
    <testcase classname="testmeter.generalitat" name="Abril url i verificar capçalera_Fils:100;Rampup:65;Durada:20" time="0.027"/>
    <testcase classname="testmeter.generalitat" name="Abril url i verificar capçalera_Fils:100;Rampup:65;Durada:20" time="0.027"/>
    <testcase classname="testmeter.generalitat" name="Abril url i verificar capçalera_Fils:100;Rampup:65;Durada:20" time="0.028"/>
    <testcase classname="testmeter.generalitat" name="TestNegatiu_Abril url i verificar capçalera_Fils:100;Rampup:65;Durada:20" time="0.025">
        <failure message="Not Found">Test failed: text expected to contain /Model de Qualitat de Solucions/</failure>
    </testcase>
    <testcase classname="testmeter.generalitat" name="TestNegatiu_Abril url i verificar capçalera_Fils:100;Rampup:65;Durada:20" time="0.026">
        <failure message="Not Found">Test failed: text expected to contain /Model de Qualitat de Solucions/</failure>
    </testcase>
    <testcase classname="testmeter.generalitat" name="Abril url i verificar capçalera_Fils:100;Rampup:65;Durada:20" time="0.048"/>
    <testcase classname="testmeter.generalitat" name="TestNegatiu_Abril url i verificar capçalera_Fils:100;Rampup:65;Durada:20" time="0.039">
        <failure message="Not Found">Test failed: text expected to contain /Model de Qualitat de Solucions/</failure>
    </testcase>
    <testcase classname="testmeter.generalitat" name="TestNegatiu_Abril url i verificar capçalera_Fils:100;Rampup:65;Durada:20" time="0.022">
        <failure message="Not Found">Test failed: text expected to contain /Model de Qualitat de Solucions/</failure>
    </testcase>
    <testcase classname="testmeter.generalitat" name="Abril url i verificar capçalera_Fils:100;Rampup:65;Durada:20" time="0.067"/>
    <testcase classname="testmeter.generalitat" name="TestNegatiu_Abril url i verificar capçalera_Fils:100;Rampup:65;Durada:20" time="0.023">
        <failure message="Not Found">Test failed: text expected to contain /Model de Qualitat de Solucions/</failure>
    </testcase>
    <testcase classname="testmeter.generalitat" name="Abril url i verificar capçalera_Fils:100;Rampup:65;Durada:20" time="0.049"/>
    <testcase classname="testmeter.generalitat" name="Abril url i verificar capçalera_Fils:100;Rampup:65;Durada:20" time="0.027"/>
    <testcase classname="testmeter.generalitat" name="Abril url i verificar capçalera_Fils:100;Rampup:65;Durada:20" time="0.070"/>
    <testcase classname="testmeter.generalitat" name="Abril url i verificar capçalera_Fils:100;Rampup:65;Durada:20" time="0.070"/>
    <testcase classname="testmeter.generalitat" name="Abril url i verificar capçalera_Fils:100;Rampup:65;Durada:20" time="0.042"/>
    <testcase classname="testmeter.generalitat" name="TestNegatiu_Abril url i verificar capçalera_Fils:100;Rampup:65;Durada:20" time="0.036">
        <failure message="Not Found">Test failed: text expected to contain /Model de Qualitat de Solucions/</failure>
    </testcase>
    <testcase classname="testmeter.generalitat" name="Abril url i verificar capçalera_Fils:100;Rampup:65;Durada:20" time="0.024"/>
    <testcase classname="testmeter.generalitat" name="Abril url i verificar capçalera_Fils:100;Rampup:65;Durada:20" time="0.123"/>
    <testcase classname="testmeter.generalitat" name="TestNegatiu_Abril url i verificar capçalera_Fils:100;Rampup:65;Durada:20" time="0.026">
        <failure message="Not Found">Test failed: text expected to contain /Model de Qualitat de Solucions/</failure>
    </testcase>
    <testcase classname="testmeter.generalitat" name="TestNegatiu_Abril url i verificar capçalera_Fils:100;Rampup:65;Durada:20" time="0.025">
        <failure message="Not Found">Test failed: text expected to contain /Model de Qualitat de Solucions/</failure>
    </testcase>
    <testcase classname="testmeter.generalitat" name="TestNegatiu_Abril url i verificar capçalera_Fils:100;Rampup:65;Durada:20" time="0.046">
        <failure message="Not Found">Test failed: text expected to contain /Model de Qualitat de Solucions/</failure>
    </testcase>
    <testcase classname="testmeter.generalitat" name="Abril url i verificar capçalera_Fils:100;Rampup:65;Durada:20" time="0.029"/>
    <testcase classname="testmeter.generalitat" name="TestNegatiu_Abril url i verificar capçalera_Fils:100;Rampup:65;Durada:20" time="0.029">
        <failure message="Not Found">Test failed: text expected to contain /Model de Qualitat de Solucions/</failure>
    </testcase>
    <testcase classname="testmeter.generalitat" name="TestNegatiu_Abril url i verificar capçalera_Fils:100;Rampup:65;Durada:20" time="0.026">
        <failure message="Not Found">Test failed: text expected to contain /Model de Qualitat de Solucions/</failure>
    </testcase>
    <testcase classname="testmeter.generalitat" name="TestNegatiu_Abril url i verificar capçalera_Fils:100;Rampup:65;Durada:20" time="0.023">
        <failure message="Not Found">Test failed: text expected to contain /Model de Qualitat de Solucions/</failure>
    </testcase>
    <testcase classname="testmeter.generalitat" name="TestNegatiu_Abril url i verificar capçalera_Fils:100;Rampup:65;Durada:20" time="0.023">
        <failure message="Not Found">Test failed: text expected to contain /Model de Qualitat de Solucions/</failure>
    </testcase>
    <testcase classname="testmeter.generalitat" name="TestNegatiu_Abril url i verificar capçalera_Fils:100;Rampup:65;Durada:20" time="0.043">
        <failure message="Not Found">Test failed: text expected to contain /Model de Qualitat de Solucions/</failure>
    </testcase>
    <testcase classname="testmeter.generalitat" name="TestNegatiu_Abril url i verificar capçalera_Fils:100;Rampup:65;Durada:20" time="0.024">
        <failure message="Not Found">Test failed: text expected to contain /Model de Qualitat de Solucions/</failure>
    </testcase>
    <testcase classname="testmeter.generalitat" name="TestNegatiu_Abril url i verificar capçalera_Fils:100;Rampup:65;Durada:20" time="0.025">
        <failure message="Not Found">Test failed: text expected to contain /Model de Qualitat de Solucions/</failure>
    </testcase>
    <testcase classname="testmeter.generalitat" name="TestNegatiu_Abril url i verificar capçalera_Fils:100;Rampup:65;Durada:20" time="0.025">
        <failure message="Not Found">Test failed: text expected to contain /Model de Qualitat de Solucions/</failure>
    </testcase>
    <testcase classname="testmeter.generalitat" name="Abril url i verificar capçalera_Fils:100;Rampup:65;Durada:20" time="0.026"/>
    <testcase classname="testmeter.generalitat" name="Abril url i verificar capçalera_Fils:100;Rampup:65;Durada:20" time="0.030"/>
    <testcase classname="testmeter.generalitat" name="Abril url i verificar capçalera_Fils:100;Rampup:65;Durada:20" time="0.047"/>
    <testcase classname="testmeter.generalitat" name="Abril url i verificar capçalera_Fils:100;Rampup:65;Durada:20" time="0.024"/>
    <testcase classname="testmeter.generalitat" name="Abril url i verificar capçalera_Fils:100;Rampup:65;Durada:20" time="0.025"/>
    <testcase classname="testmeter.generalitat" name="TestNegatiu_Abril url i verificar capçalera_Fils:100;Rampup:65;Durada:20" time="0.023">
        <failure message="Not Found">Test failed: text expected to contain /Model de Qualitat de Solucions/</failure>
    </testcase>
    <testcase classname="testmeter.generalitat" name="Abril url i verificar capçalera_Fils:100;Rampup:65;Durada:20" time="0.071"/>
    <testcase classname="testmeter.generalitat" name="TestNegatiu_Abril url i verificar capçalera_Fils:100;Rampup:65;Durada:20" time="0.048">
        <failure message="Not Found">Test failed: text expected to contain /Model de Qualitat de Solucions/</failure>
    </testcase>
    <testcase classname="testmeter.generalitat" name="TestNegatiu_Abril url i verificar capçalera_Fils:100;Rampup:65;Durada:20" time="0.030">
        <failure message="Not Found">Test failed: text expected to contain /Model de Qualitat de Solucions/</failure>
    </testcase>
    <testcase classname="testmeter.generalitat" name="Abril url i verificar capçalera_Fils:100;Rampup:65;Durada:20" time="0.030"/>
    <testcase classname="testmeter.generalitat" name="Abril url i verificar capçalera_Fils:100;Rampup:65;Durada:20" time="0.031"/>
    <testcase classname="testmeter.generalitat" name="TestNegatiu_Abril url i verificar capçalera_Fils:100;Rampup:65;Durada:20" time="0.028">
        <failure message="Not Found">Test failed: text expected to contain /Model de Qualitat de Solucions/</failure>
    </testcase>
    <testcase classname="testmeter.generalitat" name="TestNegatiu_Abril url i verificar capçalera_Fils:100;Rampup:65;Durada:20" time="0.029">
        <failure message="Not Found">Test failed: text expected to contain /Model de Qualitat de Solucions/</failure>
    </testcase>
    <testcase classname="testmeter.generalitat" name="TestNegatiu_Abril url i verificar capçalera_Fils:100;Rampup:65;Durada:20" time="0.032">
        <failure message="Not Found">Test failed: text expected to contain /Model de Qualitat de Solucions/</failure>
    </testcase>
    <testcase classname="testmeter.generalitat" name="TestNegatiu_Abril url i verificar capçalera_Fils:100;Rampup:65;Durada:20" time="0.032">
        <failure message="Not Found">Test failed: text expected to contain /Model de Qualitat de Solucions/</failure>
    </testcase>
    <testcase classname="testmeter.generalitat" name="TestNegatiu_Abril url i verificar capçalera_Fils:100;Rampup:65;Durada:20" time="0.034">
        <failure message="Not Found">Test failed: text expected to contain /Model de Qualitat de Solucions/</failure>
    </testcase>
    <testcase classname="testmeter.generalitat" name="TestNegatiu_Abril url i verificar capçalera_Fils:100;Rampup:65;Durada:20" time="0.053">
        <failure message="Not Found">Test failed: text expected to contain /Model de Qualitat de Solucions/</failure>
    </testcase>
    <testcase classname="testmeter.generalitat" name="Abril url i verificar capçalera_Fils:100;Rampup:65;Durada:20" time="0.037"/>
    <testcase classname="testmeter.generalitat" name="Abril url i verificar capçalera_Fils:100;Rampup:65;Durada:20" time="0.034"/>
    <testcase classname="testmeter.generalitat" name="Abril url i verificar capçalera_Fils:100;Rampup:65;Durada:20" time="0.029"/>
    <testcase classname="testmeter.generalitat" name="Abril url i verificar capçalera_Fils:100;Rampup:65;Durada:20" time="0.032"/>
    <testcase classname="testmeter.generalitat" name="TestNegatiu_Abril url i verificar capçalera_Fils:100;Rampup:65;Durada:20" time="0.029">
        <failure message="Not Found">Test failed: text expected to contain /Model de Qualitat de Solucions/</failure>
    </testcase>
    <testcase classname="testmeter.generalitat" name="Abril url i verificar capçalera_Fils:100;Rampup:65;Durada:20" time="0.142"/>
    <testcase classname="testmeter.generalitat" name="Abril url i verificar capçalera_Fils:100;Rampup:65;Durada:20" time="0.068"/>
    <testcase classname="testmeter.generalitat" name="Abril url i verificar capçalera_Fils:100;Rampup:65;Durada:20" time="0.046"/>
    <testcase classname="testmeter.generalitat" name="Abril url i verificar capçalera_Fils:100;Rampup:65;Durada:20" time="0.025"/>
    <testcase classname="testmeter.generalitat" name="TestNegatiu_Abril url i verificar capçalera_Fils:100;Rampup:65;Durada:20" time="0.025">
        <failure message="Not Found">Test failed: text expected to contain /Model de Qualitat de Solucions/</failure>
    </testcase>
    <testcase classname="testmeter.generalitat" name="TestNegatiu_Abril url i verificar capçalera_Fils:100;Rampup:65;Durada:20" time="0.026">
        <failure message="Not Found">Test failed: text expected to contain /Model de Qualitat de Solucions/</failure>
    </testcase>
    <testcase classname="testmeter.generalitat" name="Abril url i verificar capçalera_Fils:100;Rampup:65;Durada:20" time="0.073"/>
    <testcase classname="testmeter.generalitat" name="Abril url i verificar capçalera_Fils:100;Rampup:65;Durada:20" time="0.055"/>
    <testcase classname="testmeter.generalitat" name="Abril url i verificar capçalera_Fils:100;Rampup:65;Durada:20" time="0.054"/>
    <testcase classname="testmeter.generalitat" name="Abril url i verificar capçalera_Fils:100;Rampup:65;Durada:20" time="0.026"/>
    <testcase classname="testmeter.generalitat" name="TestNegatiu_Abril url i verificar capçalera_Fils:100;Rampup:65;Durada:20" time="0.023">
        <failure message="Not Found">Test failed: text expected to contain /Model de Qualitat de Solucions/</failure>
    </testcase>
    <testcase classname="testmeter.generalitat" name="TestNegatiu_Abril url i verificar capçalera_Fils:100;Rampup:65;Durada:20" time="0.025">
        <failure message="Not Found">Test failed: text expected to contain /Model de Qualitat de Solucions/</failure>
    </testcase>
    <testcase classname="testmeter.generalitat" name="Abril url i verificar capçalera_Fils:100;Rampup:65;Durada:20" time="0.027"/>
    <testcase classname="testmeter.generalitat" name="TestNegatiu_Abril url i verificar capçalera_Fils:100;Rampup:65;Durada:20" time="0.028">
        <failure message="Not Found">Test failed: text expected to contain /Model de Qualitat de Solucions/</failure>
    </testcase>
    <testcase classname="testmeter.generalitat" name="TestNegatiu_Abril url i verificar capçalera_Fils:100;Rampup:65;Durada:20" time="0.030">
        <failure message="Not Found">Test failed: text expected to contain /Model de Qualitat de Solucions/</failure>
    </testcase>
    <testcase classname="testmeter.generalitat" name="Abril url i verificar capçalera_Fils:100;Rampup:65;Durada:20" time="0.030"/>
    <testcase classname="testmeter.generalitat" name="TestNegatiu_Abril url i verificar capçalera_Fils:100;Rampup:65;Durada:20" time="0.025">
        <failure message="Not Found">Test failed: text expected to contain /Model de Qualitat de Solucions/</failure>
    </testcase>
    <testcase classname="testmeter.generalitat" name="TestNegatiu_Abril url i verificar capçalera_Fils:100;Rampup:65;Durada:20" time="0.025">
        <failure message="Not Found">Test failed: text expected to contain /Model de Qualitat de Solucions/</failure>
    </testcase>
    <testcase classname="testmeter.generalitat" name="TestNegatiu_Abril url i verificar capçalera_Fils:100;Rampup:65;Durada:20" time="0.029">
        <failure message="Not Found">Test failed: text expected to contain /Model de Qualitat de Solucions/</failure>
    </testcase>
    <testcase classname="testmeter.generalitat" name="TestNegatiu_Abril url i verificar capçalera_Fils:100;Rampup:65;Durada:20" time="0.024">
        <failure message="Not Found">Test failed: text expected to contain /Model de Qualitat de Solucions/</failure>
    </testcase>
    <testcase classname="testmeter.generalitat" name="Abril url i verificar capçalera_Fils:100;Rampup:65;Durada:20" time="0.078"/>
    <testcase classname="testmeter.generalitat" name="TestNegatiu_Abril url i verificar capçalera_Fils:100;Rampup:65;Durada:20" time="0.026">
        <failure message="Not Found">Test failed: text expected to contain /Model de Qualitat de Solucions/</failure>
    </testcase>
    <testcase classname="testmeter.generalitat" name="TestNegatiu_Abril url i verificar capçalera_Fils:100;Rampup:65;Durada:20" time="0.027">
        <failure message="Not Found">Test failed: text expected to contain /Model de Qualitat de Solucions/</failure>
    </testcase>
    <testcase classname="testmeter.generalitat" name="Abril url i verificar capçalera_Fils:100;Rampup:65;Durada:20" time="0.028"/>
    <testcase classname="testmeter.generalitat" name="Abril url i verificar capçalera_Fils:100;Rampup:65;Durada:20" time="0.028"/>
    <testcase classname="testmeter.generalitat" name="Abril url i verificar capçalera_Fils:100;Rampup:65;Durada:20" time="0.025"/>
    <testcase classname="testmeter.generalitat" name="TestNegatiu_Abril url i verificar capçalera_Fils:100;Rampup:65;Durada:20" time="0.045">
        <failure message="Not Found">Test failed: text expected to contain /Model de Qualitat de Solucions/</failure>
    </testcase>
    <testcase classname="testmeter.generalitat" name="Abril url i verificar capçalera_Fils:100;Rampup:65;Durada:20" time="0.065"/>
    <testcase classname="testmeter.generalitat" name="Abril url i verificar capçalera_Fils:100;Rampup:65;Durada:20" time="0.051"/>
    <testcase classname="testmeter.generalitat" name="Abril url i verificar capçalera_Fils:100;Rampup:65;Durada:20" time="0.026"/>
    <testcase classname="testmeter.generalitat" name="TestNegatiu_Abril url i verificar capçalera_Fils:100;Rampup:65;Durada:20" time="0.029">
        <failure message="Not Found">Test failed: text expected to contain /Model de Qualitat de Solucions/</failure>
    </testcase>
    <testcase classname="testmeter.generalitat" name="TestNegatiu_Abril url i verificar capçalera_Fils:100;Rampup:65;Durada:20" time="0.049">
        <failure message="Not Found">Test failed: text expected to contain /Model de Qualitat de Solucions/</failure>
    </testcase>
    <testcase classname="testmeter.generalitat" name="TestNegatiu_Abril url i verificar capçalera_Fils:100;Rampup:65;Durada:20" time="0.026">
        <failure message="Not Found">Test failed: text expected to contain /Model de Qualitat de Solucions/</failure>
    </testcase>
    <testcase classname="testmeter.generalitat" name="Abril url i verificar capçalera_Fils:100;Rampup:65;Durada:20" time="0.100"/>
    <testcase classname="testmeter.generalitat" name="Abril url i verificar capçalera_Fils:100;Rampup:65;Durada:20" time="0.024"/>
    <testcase classname="testmeter.generalitat" name="Abril url i verificar capçalera_Fils:100;Rampup:65;Durada:20" time="0.093"/>
    <testcase classname="testmeter.generalitat" name="Abril url i verificar capçalera_Fils:100;Rampup:65;Durada:20" time="0.027"/>
    <testcase classname="testmeter.generalitat" name="Abril url i verificar capçalera_Fils:100;Rampup:65;Durada:20" time="0.027"/>
    <testcase classname="testmeter.generalitat" name="Abril url i verificar capçalera_Fils:100;Rampup:65;Durada:20" time="0.154"/>
    <testcase classname="testmeter.generalitat" name="TestNegatiu_Abril url i verificar capçalera_Fils:100;Rampup:65;Durada:20" time="0.027">
        <failure message="Not Found">Test failed: text expected to contain /Model de Qualitat de Solucions/</failure>
    </testcase>
    <testcase classname="testmeter.generalitat" name="TestNegatiu_Abril url i verificar capçalera_Fils:100;Rampup:65;Durada:20" time="0.030">
        <failure message="Not Found">Test failed: text expected to contain /Model de Qualitat de Solucions/</failure>
    </testcase>
    <testcase classname="testmeter.generalitat" name="TestNegatiu_Abril url i verificar capçalera_Fils:100;Rampup:65;Durada:20" time="0.027">
        <failure message="Not Found">Test failed: text expected to contain /Model de Qualitat de Solucions/</failure>
    </testcase>
    <testcase classname="testmeter.generalitat" name="TestNegatiu_Abril url i verificar capçalera_Fils:100;Rampup:65;Durada:20" time="0.030">
        <failure message="Not Found">Test failed: text expected to contain /Model de Qualitat de Solucions/</failure>
    </testcase>
    <testcase classname="testmeter.generalitat" name="TestNegatiu_Abril url i verificar capçalera_Fils:100;Rampup:65;Durada:20" time="0.026">
        <failure message="Not Found">Test failed: text expected to contain /Model de Qualitat de Solucions/</failure>
    </testcase>
    <testcase classname="testmeter.generalitat" name="TestNegatiu_Abril url i verificar capçalera_Fils:100;Rampup:65;Durada:20" time="0.023">
        <failure message="Not Found">Test failed: text expected to contain /Model de Qualitat de Solucions/</failure>
    </testcase>
    <testcase classname="testmeter.generalitat" name="TestNegatiu_Abril url i verificar capçalera_Fils:100;Rampup:65;Durada:20" time="0.026">
        <failure message="Not Found">Test failed: text expected to contain /Model de Qualitat de Solucions/</failure>
    </testcase>
    <testcase classname="testmeter.generalitat" name="Abril url i verificar capçalera_Fils:100;Rampup:65;Durada:20" time="0.074"/>
    <testcase classname="testmeter.generalitat" name="Abril url i verificar capçalera_Fils:100;Rampup:65;Durada:20" time="0.027"/>
    <testcase classname="testmeter.generalitat" name="Abril url i verificar capçalera_Fils:100;Rampup:65;Durada:20" time="0.029"/>
    <testcase classname="testmeter.generalitat" name="Abril url i verificar capçalera_Fils:100;Rampup:65;Durada:20" time="0.044"/>
    <testcase classname="testmeter.generalitat" name="TestNegatiu_Abril url i verificar capçalera_Fils:100;Rampup:65;Durada:20" time="0.026">
        <failure message="Not Found">Test failed: text expected to contain /Model de Qualitat de Solucions/</failure>
    </testcase>
    <testcase classname="testmeter.generalitat" name="Abril url i verificar capçalera_Fils:100;Rampup:65;Durada:20" time="0.029"/>
    <testcase classname="testmeter.generalitat" name="Abril url i verificar capçalera_Fils:100;Rampup:65;Durada:20" time="0.029"/>
    <testcase classname="testmeter.generalitat" name="TestNegatiu_Abril url i verificar capçalera_Fils:100;Rampup:65;Durada:20" time="0.028">
        <failure message="Not Found">Test failed: text expected to contain /Model de Qualitat de Solucions/</failure>
    </testcase>
    <testcase classname="testmeter.generalitat" name="TestNegatiu_Abril url i verificar capçalera_Fils:100;Rampup:65;Durada:20" time="0.026">
        <failure message="Not Found">Test failed: text expected to contain /Model de Qualitat de Solucions/</failure>
    </testcase>
    <testcase classname="testmeter.generalitat" name="TestNegatiu_Abril url i verificar capçalera_Fils:100;Rampup:65;Durada:20" time="0.027">
        <failure message="Not Found">Test failed: text expected to contain /Model de Qualitat de Solucions/</failure>
    </testcase>
    <testcase classname="testmeter.generalitat" name="Abril url i verificar capçalera_Fils:100;Rampup:65;Durada:20" time="0.097"/>
    <testcase classname="testmeter.generalitat" name="Abril url i verificar capçalera_Fils:100;Rampup:65;Durada:20" time="0.047"/>
    <testcase classname="testmeter.generalitat" name="TestNegatiu_Abril url i verificar capçalera_Fils:100;Rampup:65;Durada:20" time="0.027">
        <failure message="Not Found">Test failed: text expected to contain /Model de Qualitat de Solucions/</failure>
    </testcase>
    <testcase classname="testmeter.generalitat" name="TestNegatiu_Abril url i verificar capçalera_Fils:100;Rampup:65;Durada:20" time="0.028">
        <failure message="Not Found">Test failed: text expected to contain /Model de Qualitat de Solucions/</failure>
    </testcase>
    <testcase classname="testmeter.generalitat" name="Abril url i verificar capçalera_Fils:100;Rampup:65;Durada:20" time="0.027"/>
    <testcase classname="testmeter.generalitat" name="TestNegatiu_Abril url i verificar capçalera_Fils:100;Rampup:65;Durada:20" time="0.049">
        <failure message="Not Found">Test failed: text expected to contain /Model de Qualitat de Solucions/</failure>
    </testcase>
    <testcase classname="testmeter.generalitat" name="TestNegatiu_Abril url i verificar capçalera_Fils:100;Rampup:65;Durada:20" time="0.029">
        <failure message="Not Found">Test failed: text expected to contain /Model de Qualitat de Solucions/</failure>
    </testcase>
    <testcase classname="testmeter.generalitat" name="TestNegatiu_Abril url i verificar capçalera_Fils:100;Rampup:65;Durada:20" time="0.047">
        <failure message="Not Found">Test failed: text expected to contain /Model de Qualitat de Solucions/</failure>
    </testcase>
    <testcase classname="testmeter.generalitat" name="TestNegatiu_Abril url i verificar capçalera_Fils:100;Rampup:65;Durada:20" time="0.028">
        <failure message="Not Found">Test failed: text expected to contain /Model de Qualitat de Solucions/</failure>
    </testcase>
    <testcase classname="testmeter.generalitat" name="Abril url i verificar capçalera_Fils:100;Rampup:65;Durada:20" time="0.031"/>
    <testcase classname="testmeter.generalitat" name="Abril url i verificar capçalera_Fils:100;Rampup:65;Durada:20" time="0.028"/>
    <testcase classname="testmeter.generalitat" name="Abril url i verificar capçalera_Fils:100;Rampup:65;Durada:20" time="0.030"/>
    <testcase classname="testmeter.generalitat" name="Abril url i verificar capçalera_Fils:100;Rampup:65;Durada:20" time="0.026"/>
    <testcase classname="testmeter.generalitat" name="Abril url i verificar capçalera_Fils:100;Rampup:65;Durada:20" time="0.064"/>
    <testcase classname="testmeter.generalitat" name="TestNegatiu_Abril url i verificar capçalera_Fils:100;Rampup:65;Durada:20" time="0.031">
        <failure message="Not Found">Test failed: text expected to contain /Model de Qualitat de Solucions/</failure>
    </testcase>
    <testcase classname="testmeter.generalitat" name="TestNegatiu_Abril url i verificar capçalera_Fils:100;Rampup:65;Durada:20" time="0.032">
        <failure message="Not Found">Test failed: text expected to contain /Model de Qualitat de Solucions/</failure>
    </testcase>
    <testcase classname="testmeter.generalitat" name="Abril url i verificar capçalera_Fils:100;Rampup:65;Durada:20" time="0.029"/>
    <testcase classname="testmeter.generalitat" name="Abril url i verificar capçalera_Fils:100;Rampup:65;Durada:20" time="0.074"/>
    <testcase classname="testmeter.generalitat" name="Abril url i verificar capçalera_Fils:100;Rampup:65;Durada:20" time="0.030"/>
    <testcase classname="testmeter.generalitat" name="TestNegatiu_Abril url i verificar capçalera_Fils:100;Rampup:65;Durada:20" time="0.024">
        <failure message="Not Found">Test failed: text expected to contain /Model de Qualitat de Solucions/</failure>
    </testcase>
    <testcase classname="testmeter.generalitat" name="TestNegatiu_Abril url i verificar capçalera_Fils:100;Rampup:65;Durada:20" time="0.024">
        <failure message="Not Found">Test failed: text expected to contain /Model de Qualitat de Solucions/</failure>
    </testcase>
    <testcase classname="testmeter.generalitat" name="Abril url i verificar capçalera_Fils:100;Rampup:65;Durada:20" time="0.026"/>
    <testcase classname="testmeter.generalitat" name="Abril url i verificar capçalera_Fils:100;Rampup:65;Durada:20" time="0.053"/>
    <testcase classname="testmeter.generalitat" name="TestNegatiu_Abril url i verificar capçalera_Fils:100;Rampup:65;Durada:20" time="0.023">
        <failure message="Not Found">Test failed: text expected to contain /Model de Qualitat de Solucions/</failure>
    </testcase>
    <testcase classname="testmeter.generalitat" name="TestNegatiu_Abril url i verificar capçalera_Fils:100;Rampup:65;Durada:20" time="0.024">
        <failure message="Not Found">Test failed: text expected to contain /Model de Qualitat de Solucions/</failure>
    </testcase>
    <testcase classname="testmeter.generalitat" name="TestNegatiu_Abril url i verificar capçalera_Fils:100;Rampup:65;Durada:20" time="0.029">
        <failure message="Not Found">Test failed: text expected to contain /Model de Qualitat de Solucions/</failure>
    </testcase>
    <testcase classname="testmeter.generalitat" name="TestNegatiu_Abril url i verificar capçalera_Fils:100;Rampup:65;Durada:20" time="0.025">
        <failure message="Not Found">Test failed: text expected to contain /Model de Qualitat de Solucions/</failure>
    </testcase>
    <testcase classname="testmeter.generalitat" name="Abril url i verificar capçalera_Fils:100;Rampup:65;Durada:20" time="0.033"/>
    <testcase classname="testmeter.generalitat" name="TestNegatiu_Abril url i verificar capçalera_Fils:100;Rampup:65;Durada:20" time="0.031">
        <failure message="Not Found">Test failed: text expected to contain /Model de Qualitat de Solucions/</failure>
    </testcase>
    <testcase classname="testmeter.generalitat" name="TestNegatiu_Abril url i verificar capçalera_Fils:100;Rampup:65;Durada:20" time="0.048">
        <failure message="Not Found">Test failed: text expected to contain /Model de Qualitat de Solucions/</failure>
    </testcase>
    <testcase classname="testmeter.generalitat" name="TestNegatiu_Abril url i verificar capçalera_Fils:100;Rampup:65;Durada:20" time="0.024">
        <failure message="Not Found">Test failed: text expected to contain /Model de Qualitat de Solucions/</failure>
    </testcase>
    <testcase classname="testmeter.generalitat" name="TestNegatiu_Abril url i verificar capçalera_Fils:100;Rampup:65;Durada:20" time="0.026">
        <failure message="Not Found">Test failed: text expected to contain /Model de Qualitat de Solucions/</failure>
    </testcase>
    <testcase classname="testmeter.generalitat" name="Abril url i verificar capçalera_Fils:100;Rampup:65;Durada:20" time="0.126"/>
    <testcase classname="testmeter.generalitat" name="Abril url i verificar capçalera_Fils:100;Rampup:65;Durada:20" time="0.026"/>
    <testcase classname="testmeter.generalitat" name="TestNegatiu_Abril url i verificar capçalera_Fils:100;Rampup:65;Durada:20" time="0.030">
        <failure message="Not Found">Test failed: text expected to contain /Model de Qualitat de Solucions/</failure>
    </testcase>
    <testcase classname="testmeter.generalitat" name="Abril url i verificar capçalera_Fils:100;Rampup:65;Durada:20" time="0.071"/>
    <testcase classname="testmeter.generalitat" name="Abril url i verificar capçalera_Fils:100;Rampup:65;Durada:20" time="0.050"/>
    <testcase classname="testmeter.generalitat" name="Abril url i verificar capçalera_Fils:100;Rampup:65;Durada:20" time="0.026"/>
    <testcase classname="testmeter.generalitat" name="Abril url i verificar capçalera_Fils:100;Rampup:65;Durada:20" time="0.067"/>
    <testcase classname="testmeter.generalitat" name="Abril url i verificar capçalera_Fils:100;Rampup:65;Durada:20" time="0.029"/>
    <testcase classname="testmeter.generalitat" name="Abril url i verificar capçalera_Fils:100;Rampup:65;Durada:20" time="1.056"/>
    <testcase classname="testmeter.generalitat" name="TestNegatiu_Abril url i verificar capçalera_Fils:100;Rampup:65;Durada:20" time="0.026">
        <failure message="Not Found">Test failed: text expected to contain /Model de Qualitat de Solucions/</failure>
    </testcase>
    <testcase classname="testmeter.generalitat" name="TestNegatiu_Abril url i verificar capçalera_Fils:100;Rampup:65;Durada:20" time="0.026">
        <failure message="Not Found">Test failed: text expected to contain /Model de Qualitat de Solucions/</failure>
    </testcase>
    <testcase classname="testmeter.generalitat" name="Abril url i verificar capçalera_Fils:100;Rampup:65;Durada:20" time="0.027"/>
    <testcase classname="testmeter.generalitat" name="Abril url i verificar capçalera_Fils:100;Rampup:65;Durada:20" time="0.024"/>
    <testcase classname="testmeter.generalitat" name="Abril url i verificar capçalera_Fils:100;Rampup:65;Durada:20" time="0.026"/>
    <testcase classname="testmeter.generalitat" name="TestNegatiu_Abril url i verificar capçalera_Fils:100;Rampup:65;Durada:20" time="0.025">
        <failure message="Not Found">Test failed: text expected to contain /Model de Qualitat de Solucions/</failure>
    </testcase>
    <testcase classname="testmeter.generalitat" name="Abril url i verificar capçalera_Fils:100;Rampup:65;Durada:20" time="0.113"/>
    <testcase classname="testmeter.generalitat" name="Abril url i verificar capçalera_Fils:100;Rampup:65;Durada:20" time="0.029"/>
    <testcase classname="testmeter.generalitat" name="Abril url i verificar capçalera_Fils:100;Rampup:65;Durada:20" time="0.026"/>
    <testcase classname="testmeter.generalitat" name="Abril url i verificar capçalera_Fils:100;Rampup:65;Durada:20" time="0.068"/>
    <testcase classname="testmeter.generalitat" name="Abril url i verificar capçalera_Fils:100;Rampup:65;Durada:20" time="0.068"/>
    <testcase classname="testmeter.generalitat" name="TestNegatiu_Abril url i verificar capçalera_Fils:100;Rampup:65;Durada:20" time="0.029">
        <failure message="Not Found">Test failed: text expected to contain /Model de Qualitat de Solucions/</failure>
    </testcase>
    <testcase classname="testmeter.generalitat" name="TestNegatiu_Abril url i verificar capçalera_Fils:100;Rampup:65;Durada:20" time="0.027">
        <failure message="Not Found">Test failed: text expected to contain /Model de Qualitat de Solucions/</failure>
    </testcase>
    <testcase classname="testmeter.generalitat" name="TestNegatiu_Abril url i verificar capçalera_Fils:100;Rampup:65;Durada:20" time="0.030">
        <failure message="Not Found">Test failed: text expected to contain /Model de Qualitat de Solucions/</failure>
    </testcase>
    <testcase classname="testmeter.generalitat" name="TestNegatiu_Abril url i verificar capçalera_Fils:100;Rampup:65;Durada:20" time="0.029">
        <failure message="Not Found">Test failed: text expected to contain /Model de Qualitat de Solucions/</failure>
    </testcase>
    <testcase classname="testmeter.generalitat" name="Abril url i verificar capçalera_Fils:100;Rampup:65;Durada:20" time="0.033"/>
    <testcase classname="testmeter.generalitat" name="Abril url i verificar capçalera_Fils:100;Rampup:65;Durada:20" time="0.025"/>
    <testcase classname="testmeter.generalitat" name="TestNegatiu_Abril url i verificar capçalera_Fils:100;Rampup:65;Durada:20" time="0.030">
        <failure message="Not Found">Test failed: text expected to contain /Model de Qualitat de Solucions/</failure>
    </testcase>
    <testcase classname="testmeter.generalitat" name="TestNegatiu_Abril url i verificar capçalera_Fils:100;Rampup:65;Durada:20" time="0.032">
        <failure message="Not Found">Test failed: text expected to contain /Model de Qualitat de Solucions/</failure>
    </testcase>
    <testcase classname="testmeter.generalitat" name="TestNegatiu_Abril url i verificar capçalera_Fils:100;Rampup:65;Durada:20" time="0.034">
        <failure message="Not Found">Test failed: text expected to contain /Model de Qualitat de Solucions/</failure>
    </testcase>
    <testcase classname="testmeter.generalitat" name="TestNegatiu_Abril url i verificar capçalera_Fils:100;Rampup:65;Durada:20" time="0.025">
        <failure message="Not Found">Test failed: text expected to contain /Model de Qualitat de Solucions/</failure>
    </testcase>
    <testcase classname="testmeter.generalitat" name="TestNegatiu_Abril url i verificar capçalera_Fils:100;Rampup:65;Durada:20" time="0.028">
        <failure message="Not Found">Test failed: text expected to contain /Model de Qualitat de Solucions/</failure>
    </testcase>
    <testcase classname="testmeter.generalitat" name="TestNegatiu_Abril url i verificar capçalera_Fils:100;Rampup:65;Durada:20" time="0.025">
        <failure message="Not Found">Test failed: text expected to contain /Model de Qualitat de Solucions/</failure>
    </testcase>
    <testcase classname="testmeter.generalitat" name="Abril url i verificar capçalera_Fils:100;Rampup:65;Durada:20" time="0.034"/>
    <testcase classname="testmeter.generalitat" name="TestNegatiu_Abril url i verificar capçalera_Fils:100;Rampup:65;Durada:20" time="0.023">
        <failure message="Not Found">Test failed: text expected to contain /Model de Qualitat de Solucions/</failure>
    </testcase>
    <testcase classname="testmeter.generalitat" name="Abril url i verificar capçalera_Fils:100;Rampup:65;Durada:20" time="0.031"/>
    <testcase classname="testmeter.generalitat" name="TestNegatiu_Abril url i verificar capçalera_Fils:100;Rampup:65;Durada:20" time="0.024">
        <failure message="Not Found">Test failed: text expected to contain /Model de Qualitat de Solucions/</failure>
    </testcase>
    <testcase classname="testmeter.generalitat" name="TestNegatiu_Abril url i verificar capçalera_Fils:100;Rampup:65;Durada:20" time="0.026">
        <failure message="Not Found">Test failed: text expected to contain /Model de Qualitat de Solucions/</failure>
    </testcase>
    <testcase classname="testmeter.generalitat" name="Abril url i verificar capçalera_Fils:100;Rampup:65;Durada:20" time="0.094"/>
    <testcase classname="testmeter.generalitat" name="Abril url i verificar capçalera_Fils:100;Rampup:65;Durada:20" time="0.056"/>
    <testcase classname="testmeter.generalitat" name="Abril url i verificar capçalera_Fils:100;Rampup:65;Durada:20" time="0.066"/>
    <testcase classname="testmeter.generalitat" name="TestNegatiu_Abril url i verificar capçalera_Fils:100;Rampup:65;Durada:20" time="0.026">
        <failure message="Not Found">Test failed: text expected to contain /Model de Qualitat de Solucions/</failure>
    </testcase>
    <testcase classname="testmeter.generalitat" name="Abril url i verificar capçalera_Fils:100;Rampup:65;Durada:20" time="0.053"/>
    <testcase classname="testmeter.generalitat" name="TestNegatiu_Abril url i verificar capçalera_Fils:100;Rampup:65;Durada:20" time="0.030">
        <failure message="Not Found">Test failed: text expected to contain /Model de Qualitat de Solucions/</failure>
    </testcase>
    <testcase classname="testmeter.generalitat" name="Abril url i verificar capçalera_Fils:100;Rampup:65;Durada:20" time="0.028"/>
    <testcase classname="testmeter.generalitat" name="Abril url i verificar capçalera_Fils:100;Rampup:65;Durada:20" time="0.106"/>
    <testcase classname="testmeter.generalitat" name="Abril url i verificar capçalera_Fils:100;Rampup:65;Durada:20" time="0.031"/>
    <testcase classname="testmeter.generalitat" name="Abril url i verificar capçalera_Fils:100;Rampup:65;Durada:20" time="0.030"/>
    <testcase classname="testmeter.generalitat" name="Abril url i verificar capçalera_Fils:100;Rampup:65;Durada:20" time="0.028"/>
    <testcase classname="testmeter.generalitat" name="TestNegatiu_Abril url i verificar capçalera_Fils:100;Rampup:65;Durada:20" time="0.033">
        <failure message="Not Found">Test failed: text expected to contain /Model de Qualitat de Solucions/</failure>
    </testcase>
    <testcase classname="testmeter.generalitat" name="TestNegatiu_Abril url i verificar capçalera_Fils:100;Rampup:65;Durada:20" time="0.048">
        <failure message="Not Found">Test failed: text expected to contain /Model de Qualitat de Solucions/</failure>
    </testcase>
    <testcase classname="testmeter.generalitat" name="Abril url i verificar capçalera_Fils:100;Rampup:65;Durada:20" time="0.035"/>
    <testcase classname="testmeter.generalitat" name="TestNegatiu_Abril url i verificar capçalera_Fils:100;Rampup:65;Durada:20" time="0.026">
        <failure message="Not Found">Test failed: text expected to contain /Model de Qualitat de Solucions/</failure>
    </testcase>
    <testcase classname="testmeter.generalitat" name="Abril url i verificar capçalera_Fils:100;Rampup:65;Durada:20" time="0.035"/>
    <testcase classname="testmeter.generalitat" name="Abril url i verificar capçalera_Fils:100;Rampup:65;Durada:20" time="0.026"/>
    <testcase classname="testmeter.generalitat" name="Abril url i verificar capçalera_Fils:100;Rampup:65;Durada:20" time="0.027"/>
    <testcase classname="testmeter.generalitat" name="TestNegatiu_Abril url i verificar capçalera_Fils:100;Rampup:65;Durada:20" time="0.028">
        <failure message="Not Found">Test failed: text expected to contain /Model de Qualitat de Solucions/</failure>
    </testcase>
    <testcase classname="testmeter.generalitat" name="TestNegatiu_Abril url i verificar capçalera_Fils:100;Rampup:65;Durada:20" time="0.027">
        <failure message="Not Found">Test failed: text expected to contain /Model de Qualitat de Solucions/</failure>
    </testcase>
    <testcase classname="testmeter.generalitat" name="Abril url i verificar capçalera_Fils:100;Rampup:65;Durada:20" time="0.024"/>
    <testcase classname="testmeter.generalitat" name="TestNegatiu_Abril url i verificar capçalera_Fils:100;Rampup:65;Durada:20" time="0.072">
        <failure message="Not Found">Test failed: text expected to contain /Model de Qualitat de Solucions/</failure>
    </testcase>
    <testcase classname="testmeter.generalitat" name="Abril url i verificar capçalera_Fils:100;Rampup:65;Durada:20" time="0.058"/>
    <testcase classname="testmeter.generalitat" name="Abril url i verificar capçalera_Fils:100;Rampup:65;Durada:20" time="0.061"/>
    <testcase classname="testmeter.generalitat" name="TestNegatiu_Abril url i verificar capçalera_Fils:100;Rampup:65;Durada:20" time="0.029">
        <failure message="Not Found">Test failed: text expected to contain /Model de Qualitat de Solucions/</failure>
    </testcase>
    <testcase classname="testmeter.generalitat" name="TestNegatiu_Abril url i verificar capçalera_Fils:100;Rampup:65;Durada:20" time="0.030">
        <failure message="Not Found">Test failed: text expected to contain /Model de Qualitat de Solucions/</failure>
    </testcase>
    <testcase classname="testmeter.generalitat" name="TestNegatiu_Abril url i verificar capçalera_Fils:100;Rampup:65;Durada:20" time="0.029">
        <failure message="Not Found">Test failed: text expected to contain /Model de Qualitat de Solucions/</failure>
    </testcase>
    <testcase classname="testmeter.generalitat" name="TestNegatiu_Abril url i verificar capçalera_Fils:100;Rampup:65;Durada:20" time="0.034">
        <failure message="Not Found">Test failed: text expected to contain /Model de Qualitat de Solucions/</failure>
    </testcase>
    <testcase classname="testmeter.generalitat" name="TestNegatiu_Abril url i verificar capçalera_Fils:100;Rampup:65;Durada:20" time="0.034">
        <failure message="Not Found">Test failed: text expected to contain /Model de Qualitat de Solucions/</failure>
    </testcase>
    <testcase classname="testmeter.generalitat" name="Abril url i verificar capçalera_Fils:100;Rampup:65;Durada:20" time="0.033"/>
    <testcase classname="testmeter.generalitat" name="TestNegatiu_Abril url i verificar capçalera_Fils:100;Rampup:65;Durada:20" time="0.023">
        <failure message="Not Found">Test failed: text expected to contain /Model de Qualitat de Solucions/</failure>
    </testcase>
    <testcase classname="testmeter.generalitat" name="Abril url i verificar capçalera_Fils:100;Rampup:65;Durada:20" time="0.102"/>
    <testcase classname="testmeter.generalitat" name="Abril url i verificar capçalera_Fils:100;Rampup:65;Durada:20" time="0.027"/>
    <testcase classname="testmeter.generalitat" name="TestNegatiu_Abril url i verificar capçalera_Fils:100;Rampup:65;Durada:20" time="0.027">
        <failure message="Not Found">Test failed: text expected to contain /Model de Qualitat de Solucions/</failure>
    </testcase>
    <testcase classname="testmeter.generalitat" name="TestNegatiu_Abril url i verificar capçalera_Fils:100;Rampup:65;Durada:20" time="0.036">
        <failure message="Not Found">Test failed: text expected to contain /Model de Qualitat de Solucions/</failure>
    </testcase>
    <testcase classname="testmeter.generalitat" name="TestNegatiu_Abril url i verificar capçalera_Fils:100;Rampup:65;Durada:20" time="0.051">
        <failure message="Not Found">Test failed: text expected to contain /Model de Qualitat de Solucions/</failure>
    </testcase>
    <testcase classname="testmeter.generalitat" name="TestNegatiu_Abril url i verificar capçalera_Fils:100;Rampup:65;Durada:20" time="0.029">
        <failure message="Not Found">Test failed: text expected to contain /Model de Qualitat de Solucions/</failure>
    </testcase>
    <testcase classname="testmeter.generalitat" name="TestNegatiu_Abril url i verificar capçalera_Fils:100;Rampup:65;Durada:20" time="0.100">
        <failure message="Not Found">Test failed: text expected to contain /Model de Qualitat de Solucions/</failure>
    </testcase>
    <testcase classname="testmeter.generalitat" name="TestNegatiu_Abril url i verificar capçalera_Fils:100;Rampup:65;Durada:20" time="0.031">
        <failure message="Not Found">Test failed: text expected to contain /Model de Qualitat de Solucions/</failure>
    </testcase>
    <testcase classname="testmeter.generalitat" name="TestNegatiu_Abril url i verificar capçalera_Fils:100;Rampup:65;Durada:20" time="0.023">
        <failure message="Not Found">Test failed: text expected to contain /Model de Qualitat de Solucions/</failure>
    </testcase>
    <testcase classname="testmeter.generalitat" name="Abril url i verificar capçalera_Fils:100;Rampup:65;Durada:20" time="0.031"/>
    <testcase classname="testmeter.generalitat" name="Abril url i verificar capçalera_Fils:100;Rampup:65;Durada:20" time="0.072"/>
    <testcase classname="testmeter.generalitat" name="TestNegatiu_Abril url i verificar capçalera_Fils:100;Rampup:65;Durada:20" time="0.023">
        <failure message="Not Found">Test failed: text expected to contain /Model de Qualitat de Solucions/</failure>
    </testcase>
    <testcase classname="testmeter.generalitat" name="TestNegatiu_Abril url i verificar capçalera_Fils:100;Rampup:65;Durada:20" time="0.031">
        <failure message="Not Found">Test failed: text expected to contain /Model de Qualitat de Solucions/</failure>
    </testcase>
    <testcase classname="testmeter.generalitat" name="Abril url i verificar capçalera_Fils:100;Rampup:65;Durada:20" time="0.026"/>
    <testcase classname="testmeter.generalitat" name="Abril url i verificar capçalera_Fils:100;Rampup:65;Durada:20" time="0.027"/>
    <testcase classname="testmeter.generalitat" name="Abril url i verificar capçalera_Fils:100;Rampup:65;Durada:20" time="0.026"/>
    <testcase classname="testmeter.generalitat" name="TestNegatiu_Abril url i verificar capçalera_Fils:100;Rampup:65;Durada:20" time="0.033">
        <failure message="Not Found">Test failed: text expected to contain /Model de Qualitat de Solucions/</failure>
    </testcase>
    <testcase classname="testmeter.generalitat" name="Abril url i verificar capçalera_Fils:100;Rampup:65;Durada:20" time="0.080"/>
    <testcase classname="testmeter.generalitat" name="TestNegatiu_Abril url i verificar capçalera_Fils:100;Rampup:65;Durada:20" time="0.028">
        <failure message="Not Found">Test failed: text expected to contain /Model de Qualitat de Solucions/</failure>
    </testcase>
    <testcase classname="testmeter.generalitat" name="TestNegatiu_Abril url i verificar capçalera_Fils:100;Rampup:65;Durada:20" time="0.040">
        <failure message="Not Found">Test failed: text expected to contain /Model de Qualitat de Solucions/</failure>
    </testcase>
    <testcase classname="testmeter.generalitat" name="Abril url i verificar capçalera_Fils:100;Rampup:65;Durada:20" time="0.030"/>
    <testcase classname="testmeter.generalitat" name="Abril url i verificar capçalera_Fils:100;Rampup:65;Durada:20" time="0.042"/>
    <testcase classname="testmeter.generalitat" name="Abril url i verificar capçalera_Fils:100;Rampup:65;Durada:20" time="0.036"/>
    <testcase classname="testmeter.generalitat" name="Abril url i verificar capçalera_Fils:100;Rampup:65;Durada:20" time="0.029"/>
    <testcase classname="testmeter.generalitat" name="Abril url i verificar capçalera_Fils:100;Rampup:65;Durada:20" time="0.051"/>
    <testcase classname="testmeter.generalitat" name="Abril url i verificar capçalera_Fils:100;Rampup:65;Durada:20" time="0.031"/>
    <testcase classname="testmeter.generalitat" name="Abril url i verificar capçalera_Fils:100;Rampup:65;Durada:20" time="0.041"/>
    <testcase classname="testmeter.generalitat" name="TestNegatiu_Abril url i verificar capçalera_Fils:100;Rampup:65;Durada:20" time="0.038">
        <failure message="Not Found">Test failed: text expected to contain /Model de Qualitat de Solucions/</failure>
    </testcase>
    <testcase classname="testmeter.generalitat" name="TestNegatiu_Abril url i verificar capçalera_Fils:100;Rampup:65;Durada:20" time="0.023">
        <failure message="Not Found">Test failed: text expected to contain /Model de Qualitat de Solucions/</failure>
    </testcase>
    <testcase classname="testmeter.generalitat" name="TestNegatiu_Abril url i verificar capçalera_Fils:100;Rampup:65;Durada:20" time="0.026">
        <failure message="Not Found">Test failed: text expected to contain /Model de Qualitat de Solucions/</failure>
    </testcase>
    <testcase classname="testmeter.generalitat" name="Abril url i verificar capçalera_Fils:100;Rampup:65;Durada:20" time="0.050"/>
    <testcase classname="testmeter.generalitat" name="Abril url i verificar capçalera_Fils:100;Rampup:65;Durada:20" time="0.069"/>
    <testcase classname="testmeter.generalitat" name="TestNegatiu_Abril url i verificar capçalera_Fils:100;Rampup:65;Durada:20" time="0.028">
        <failure message="Not Found">Test failed: text expected to contain /Model de Qualitat de Solucions/</failure>
    </testcase>
    <testcase classname="testmeter.generalitat" name="Abril url i verificar capçalera_Fils:100;Rampup:65;Durada:20" time="0.030"/>
    <testcase classname="testmeter.generalitat" name="TestNegatiu_Abril url i verificar capçalera_Fils:100;Rampup:65;Durada:20" time="0.065">
        <failure message="Not Found">Test failed: text expected to contain /Model de Qualitat de Solucions/</failure>
    </testcase>
    <testcase classname="testmeter.generalitat" name="TestNegatiu_Abril url i verificar capçalera_Fils:100;Rampup:65;Durada:20" time="0.030">
        <failure message="Not Found">Test failed: text expected to contain /Model de Qualitat de Solucions/</failure>
    </testcase>
    <testcase classname="testmeter.generalitat" name="TestNegatiu_Abril url i verificar capçalera_Fils:100;Rampup:65;Durada:20" time="0.027">
        <failure message="Not Found">Test failed: text expected to contain /Model de Qualitat de Solucions/</failure>
    </testcase>
    <testcase classname="testmeter.generalitat" name="TestNegatiu_Abril url i verificar capçalera_Fils:100;Rampup:65;Durada:20" time="0.023">
        <failure message="Not Found">Test failed: text expected to contain /Model de Qualitat de Solucions/</failure>
    </testcase>
    <testcase classname="testmeter.generalitat" name="Abril url i verificar capçalera_Fils:100;Rampup:65;Durada:20" time="0.132"/>
    <testcase classname="testmeter.generalitat" name="Abril url i verificar capçalera_Fils:100;Rampup:65;Durada:20" time="0.066"/>
    <testcase classname="testmeter.generalitat" name="Abril url i verificar capçalera_Fils:100;Rampup:65;Durada:20" time="0.031"/>
    <testcase classname="testmeter.generalitat" name="Abril url i verificar capçalera_Fils:100;Rampup:65;Durada:20" time="0.028"/>
    <testcase classname="testmeter.generalitat" name="TestNegatiu_Abril url i verificar capçalera_Fils:100;Rampup:65;Durada:20" time="0.026">
        <failure message="Not Found">Test failed: text expected to contain /Model de Qualitat de Solucions/</failure>
    </testcase>
    <testcase classname="testmeter.generalitat" name="TestNegatiu_Abril url i verificar capçalera_Fils:100;Rampup:65;Durada:20" time="0.026">
        <failure message="Not Found">Test failed: text expected to contain /Model de Qualitat de Solucions/</failure>
    </testcase>
    <testcase classname="testmeter.generalitat" name="Abril url i verificar capçalera_Fils:100;Rampup:65;Durada:20" time="0.088"/>
    <testcase classname="testmeter.generalitat" name="Abril url i verificar capçalera_Fils:100;Rampup:65;Durada:20" time="0.029"/>
    <testcase classname="testmeter.generalitat" name="TestNegatiu_Abril url i verificar capçalera_Fils:100;Rampup:65;Durada:20" time="0.030">
        <failure message="Not Found">Test failed: text expected to contain /Model de Qualitat de Solucions/</failure>
    </testcase>
    <testcase classname="testmeter.generalitat" name="TestNegatiu_Abril url i verificar capçalera_Fils:100;Rampup:65;Durada:20" time="0.030">
        <failure message="Not Found">Test failed: text expected to contain /Model de Qualitat de Solucions/</failure>
    </testcase>
    <testcase classname="testmeter.generalitat" name="TestNegatiu_Abril url i verificar capçalera_Fils:100;Rampup:65;Durada:20" time="0.031">
        <failure message="Not Found">Test failed: text expected to contain /Model de Qualitat de Solucions/</failure>
    </testcase>
    <testcase classname="testmeter.generalitat" name="TestNegatiu_Abril url i verificar capçalera_Fils:100;Rampup:65;Durada:20" time="0.024">
        <failure message="Not Found">Test failed: text expected to contain /Model de Qualitat de Solucions/</failure>
    </testcase>
    <testcase classname="testmeter.generalitat" name="Abril url i verificar capçalera_Fils:100;Rampup:65;Durada:20" time="0.026"/>
    <testcase classname="testmeter.generalitat" name="TestNegatiu_Abril url i verificar capçalera_Fils:100;Rampup:65;Durada:20" time="0.030">
        <failure message="Not Found">Test failed: text expected to contain /Model de Qualitat de Solucions/</failure>
    </testcase>
    <testcase classname="testmeter.generalitat" name="Abril url i verificar capçalera_Fils:100;Rampup:65;Durada:20" time="0.031"/>
    <testcase classname="testmeter.generalitat" name="Abril url i verificar capçalera_Fils:100;Rampup:65;Durada:20" time="0.029"/>
    <testcase classname="testmeter.generalitat" name="TestNegatiu_Abril url i verificar capçalera_Fils:100;Rampup:65;Durada:20" time="0.029">
        <failure message="Not Found">Test failed: text expected to contain /Model de Qualitat de Solucions/</failure>
    </testcase>
    <testcase classname="testmeter.generalitat" name="Abril url i verificar capçalera_Fils:100;Rampup:65;Durada:20" time="0.068"/>
    <testcase classname="testmeter.generalitat" name="Abril url i verificar capçalera_Fils:100;Rampup:65;Durada:20" time="0.080"/>
    <testcase classname="testmeter.generalitat" name="TestNegatiu_Abril url i verificar capçalera_Fils:100;Rampup:65;Durada:20" time="0.028">
        <failure message="Not Found">Test failed: text expected to contain /Model de Qualitat de Solucions/</failure>
    </testcase>
    <testcase classname="testmeter.generalitat" name="Abril url i verificar capçalera_Fils:100;Rampup:65;Durada:20" time="0.030"/>
    <testcase classname="testmeter.generalitat" name="Abril url i verificar capçalera_Fils:100;Rampup:65;Durada:20" time="0.028"/>
    <testcase classname="testmeter.generalitat" name="TestNegatiu_Abril url i verificar capçalera_Fils:100;Rampup:65;Durada:20" time="0.032">
        <failure message="Not Found">Test failed: text expected to contain /Model de Qualitat de Solucions/</failure>
    </testcase>
    <testcase classname="testmeter.generalitat" name="TestNegatiu_Abril url i verificar capçalera_Fils:100;Rampup:65;Durada:20" time="0.032">
        <failure message="Not Found">Test failed: text expected to contain /Model de Qualitat de Solucions/</failure>
    </testcase>
    <testcase classname="testmeter.generalitat" name="TestNegatiu_Abril url i verificar capçalera_Fils:100;Rampup:65;Durada:20" time="0.032">
        <failure message="Not Found">Test failed: text expected to contain /Model de Qualitat de Solucions/</failure>
    </testcase>
    <testcase classname="testmeter.generalitat" name="Abril url i verificar capçalera_Fils:100;Rampup:65;Durada:20" time="0.032"/>
    <testcase classname="testmeter.generalitat" name="TestNegatiu_Abril url i verificar capçalera_Fils:100;Rampup:65;Durada:20" time="0.039">
        <failure message="Not Found">Test failed: text expected to contain /Model de Qualitat de Solucions/</failure>
    </testcase>
    <testcase classname="testmeter.generalitat" name="TestNegatiu_Abril url i verificar capçalera_Fils:100;Rampup:65;Durada:20" time="0.036">
        <failure message="Not Found">Test failed: text expected to contain /Model de Qualitat de Solucions/</failure>
    </testcase>
    <testcase classname="testmeter.generalitat" name="TestNegatiu_Abril url i verificar capçalera_Fils:100;Rampup:65;Durada:20" time="0.031">
        <failure message="Not Found">Test failed: text expected to contain /Model de Qualitat de Solucions/</failure>
    </testcase>
    <testcase classname="testmeter.generalitat" name="TestNegatiu_Abril url i verificar capçalera_Fils:100;Rampup:65;Durada:20" time="0.031">
        <failure message="Not Found">Test failed: text expected to contain /Model de Qualitat de Solucions/</failure>
    </testcase>
    <testcase classname="testmeter.generalitat" name="Abril url i verificar capçalera_Fils:100;Rampup:65;Durada:20" time="0.107"/>
    <testcase classname="testmeter.generalitat" name="TestNegatiu_Abril url i verificar capçalera_Fils:100;Rampup:65;Durada:20" time="0.030">
        <failure message="Not Found">Test failed: text expected to contain /Model de Qualitat de Solucions/</failure>
    </testcase>
    <testcase classname="testmeter.generalitat" name="Abril url i verificar capçalera_Fils:100;Rampup:65;Durada:20" time="0.030"/>
    <testcase classname="testmeter.generalitat" name="Abril url i verificar capçalera_Fils:100;Rampup:65;Durada:20" time="0.038"/>
    <testcase classname="testmeter.generalitat" name="Abril url i verificar capçalera_Fils:100;Rampup:65;Durada:20" time="0.041"/>
    <testcase classname="testmeter.generalitat" name="Abril url i verificar capçalera_Fils:100;Rampup:65;Durada:20" time="0.038"/>
    <testcase classname="testmeter.generalitat" name="Abril url i verificar capçalera_Fils:100;Rampup:65;Durada:20" time="0.071"/>
    <testcase classname="testmeter.generalitat" name="Abril url i verificar capçalera_Fils:100;Rampup:65;Durada:20" time="0.050"/>
    <testcase classname="testmeter.generalitat" name="TestNegatiu_Abril url i verificar capçalera_Fils:100;Rampup:65;Durada:20" time="0.030">
        <failure message="Not Found">Test failed: text expected to contain /Model de Qualitat de Solucions/</failure>
    </testcase>
    <testcase classname="testmeter.generalitat" name="TestNegatiu_Abril url i verificar capçalera_Fils:100;Rampup:65;Durada:20" time="0.029">
        <failure message="Not Found">Test failed: text expected to contain /Model de Qualitat de Solucions/</failure>
    </testcase>
    <testcase classname="testmeter.generalitat" name="TestNegatiu_Abril url i verificar capçalera_Fils:100;Rampup:65;Durada:20" time="0.026">
        <failure message="Not Found">Test failed: text expected to contain /Model de Qualitat de Solucions/</failure>
    </testcase>
    <testcase classname="testmeter.generalitat" name="Abril url i verificar capçalera_Fils:100;Rampup:65;Durada:20" time="0.028"/>
    <testcase classname="testmeter.generalitat" name="TestNegatiu_Abril url i verificar capçalera_Fils:100;Rampup:65;Durada:20" time="0.061">
        <failure message="Not Found">Test failed: text expected to contain /Model de Qualitat de Solucions/</failure>
    </testcase>
    <testcase classname="testmeter.generalitat" name="Abril url i verificar capçalera_Fils:100;Rampup:65;Durada:20" time="0.050"/>
    <testcase classname="testmeter.generalitat" name="TestNegatiu_Abril url i verificar capçalera_Fils:100;Rampup:65;Durada:20" time="0.052">
        <failure message="Not Found">Test failed: text expected to contain /Model de Qualitat de Solucions/</failure>
    </testcase>
    <testcase classname="testmeter.generalitat" name="TestNegatiu_Abril url i verificar capçalera_Fils:100;Rampup:65;Durada:20" time="0.029">
        <failure message="Not Found">Test failed: text expected to contain /Model de Qualitat de Solucions/</failure>
    </testcase>
    <testcase classname="testmeter.generalitat" name="TestNegatiu_Abril url i verificar capçalera_Fils:100;Rampup:65;Durada:20" time="0.025">
        <failure message="Not Found">Test failed: text expected to contain /Model de Qualitat de Solucions/</failure>
    </testcase>
    <testcase classname="testmeter.generalitat" name="TestNegatiu_Abril url i verificar capçalera_Fils:100;Rampup:65;Durada:20" time="0.027">
        <failure message="Not Found">Test failed: text expected to contain /Model de Qualitat de Solucions/</failure>
    </testcase>
    <testcase classname="testmeter.generalitat" name="TestNegatiu_Abril url i verificar capçalera_Fils:100;Rampup:65;Durada:20" time="0.030">
        <failure message="Not Found">Test failed: text expected to contain /Model de Qualitat de Solucions/</failure>
    </testcase>
    <testcase classname="testmeter.generalitat" name="TestNegatiu_Abril url i verificar capçalera_Fils:100;Rampup:65;Durada:20" time="0.033">
        <failure message="Not Found">Test failed: text expected to contain /Model de Qualitat de Solucions/</failure>
    </testcase>
    <testcase classname="testmeter.generalitat" name="Abril url i verificar capçalera_Fils:100;Rampup:65;Durada:20" time="0.081"/>
    <testcase classname="testmeter.generalitat" name="Abril url i verificar capçalera_Fils:100;Rampup:65;Durada:20" time="0.033"/>
    <testcase classname="testmeter.generalitat" name="Abril url i verificar capçalera_Fils:100;Rampup:65;Durada:20" time="0.032"/>
    <testcase classname="testmeter.generalitat" name="Abril url i verificar capçalera_Fils:100;Rampup:65;Durada:20" time="0.079"/>
    <testcase classname="testmeter.generalitat" name="Abril url i verificar capçalera_Fils:100;Rampup:65;Durada:20" time="0.030"/>
    <testcase classname="testmeter.generalitat" name="Abril url i verificar capçalera_Fils:100;Rampup:65;Durada:20" time="0.034"/>
    <testcase classname="testmeter.generalitat" name="Abril url i verificar capçalera_Fils:100;Rampup:65;Durada:20" time="0.023"/>
    <testcase classname="testmeter.generalitat" name="Abril url i verificar capçalera_Fils:100;Rampup:65;Durada:20" time="0.072"/>
    <testcase classname="testmeter.generalitat" name="Abril url i verificar capçalera_Fils:100;Rampup:65;Durada:20" time="0.051"/>
    <testcase classname="testmeter.generalitat" name="TestNegatiu_Abril url i verificar capçalera_Fils:100;Rampup:65;Durada:20" time="0.030">
        <failure message="Not Found">Test failed: text expected to contain /Model de Qualitat de Solucions/</failure>
    </testcase>
    <testcase classname="testmeter.generalitat" name="TestNegatiu_Abril url i verificar capçalera_Fils:100;Rampup:65;Durada:20" time="0.026">
        <failure message="Not Found">Test failed: text expected to contain /Model de Qualitat de Solucions/</failure>
    </testcase>
    <testcase classname="testmeter.generalitat" name="Abril url i verificar capçalera_Fils:100;Rampup:65;Durada:20" time="0.049"/>
    <testcase classname="testmeter.generalitat" name="Abril url i verificar capçalera_Fils:100;Rampup:65;Durada:20" time="0.059"/>
    <testcase classname="testmeter.generalitat" name="Abril url i verificar capçalera_Fils:100;Rampup:65;Durada:20" time="0.032"/>
    <testcase classname="testmeter.generalitat" name="Abril url i verificar capçalera_Fils:100;Rampup:65;Durada:20" time="0.032"/>
    <testcase classname="testmeter.generalitat" name="TestNegatiu_Abril url i verificar capçalera_Fils:100;Rampup:65;Durada:20" time="0.065">
        <failure message="Not Found">Test failed: text expected to contain /Model de Qualitat de Solucions/</failure>
    </testcase>
    <testcase classname="testmeter.generalitat" name="TestNegatiu_Abril url i verificar capçalera_Fils:100;Rampup:65;Durada:20" time="0.061">
        <failure message="Not Found">Test failed: text expected to contain /Model de Qualitat de Solucions/</failure>
    </testcase>
    <testcase classname="testmeter.generalitat" name="TestNegatiu_Abril url i verificar capçalera_Fils:100;Rampup:65;Durada:20" time="0.029">
        <failure message="Not Found">Test failed: text expected to contain /Model de Qualitat de Solucions/</failure>
    </testcase>
    <testcase classname="testmeter.generalitat" name="TestNegatiu_Abril url i verificar capçalera_Fils:100;Rampup:65;Durada:20" time="0.030">
        <failure message="Not Found">Test failed: text expected to contain /Model de Qualitat de Solucions/</failure>
    </testcase>
    <testcase classname="testmeter.generalitat" name="Abril url i verificar capçalera_Fils:100;Rampup:65;Durada:20" time="0.034"/>
    <testcase classname="testmeter.generalitat" name="TestNegatiu_Abril url i verificar capçalera_Fils:100;Rampup:65;Durada:20" time="0.024">
        <failure message="Not Found">Test failed: text expected to contain /Model de Qualitat de Solucions/</failure>
    </testcase>
    <testcase classname="testmeter.generalitat" name="TestNegatiu_Abril url i verificar capçalera_Fils:100;Rampup:65;Durada:20" time="0.024">
        <failure message="Not Found">Test failed: text expected to contain /Model de Qualitat de Solucions/</failure>
    </testcase>
    <testcase classname="testmeter.generalitat" name="TestNegatiu_Abril url i verificar capçalera_Fils:100;Rampup:65;Durada:20" time="0.028">
        <failure message="Not Found">Test failed: text expected to contain /Model de Qualitat de Solucions/</failure>
    </testcase>
    <testcase classname="testmeter.generalitat" name="TestNegatiu_Abril url i verificar capçalera_Fils:100;Rampup:65;Durada:20" time="0.027">
        <failure message="Not Found">Test failed: text expected to contain /Model de Qualitat de Solucions/</failure>
    </testcase>
    <testcase classname="testmeter.generalitat" name="TestNegatiu_Abril url i verificar capçalera_Fils:100;Rampup:65;Durada:20" time="0.027">
        <failure message="Not Found">Test failed: text expected to contain /Model de Qualitat de Solucions/</failure>
    </testcase>
    <testcase classname="testmeter.generalitat" name="TestNegatiu_Abril url i verificar capçalera_Fils:100;Rampup:65;Durada:20" time="0.028">
        <failure message="Not Found">Test failed: text expected to contain /Model de Qualitat de Solucions/</failure>
    </testcase>
    <testcase classname="testmeter.generalitat" name="Abril url i verificar capçalera_Fils:100;Rampup:65;Durada:20" time="0.034"/>
    <testcase classname="testmeter.generalitat" name="Abril url i verificar capçalera_Fils:100;Rampup:65;Durada:20" time="0.033"/>
    <testcase classname="testmeter.generalitat" name="Abril url i verificar capçalera_Fils:100;Rampup:65;Durada:20" time="0.034"/>
    <testcase classname="testmeter.generalitat" name="TestNegatiu_Abril url i verificar capçalera_Fils:100;Rampup:65;Durada:20" time="0.027">
        <failure message="Not Found">Test failed: text expected to contain /Model de Qualitat de Solucions/</failure>
    </testcase>
    <testcase classname="testmeter.generalitat" name="TestNegatiu_Abril url i verificar capçalera_Fils:100;Rampup:65;Durada:20" time="0.026">
        <failure message="Not Found">Test failed: text expected to contain /Model de Qualitat de Solucions/</failure>
    </testcase>
    <testcase classname="testmeter.generalitat" name="TestNegatiu_Abril url i verificar capçalera_Fils:100;Rampup:65;Durada:20" time="0.026">
        <failure message="Not Found">Test failed: text expected to contain /Model de Qualitat de Solucions/</failure>
    </testcase>
    <testcase classname="testmeter.generalitat" name="TestNegatiu_Abril url i verificar capçalera_Fils:100;Rampup:65;Durada:20" time="0.028">
        <failure message="Not Found">Test failed: text expected to contain /Model de Qualitat de Solucions/</failure>
    </testcase>
    <testcase classname="testmeter.generalitat" name="Abril url i verificar capçalera_Fils:100;Rampup:65;Durada:20" time="0.028"/>
    <testcase classname="testmeter.generalitat" name="Abril url i verificar capçalera_Fils:100;Rampup:65;Durada:20" time="0.193"/>
    <testcase classname="testmeter.generalitat" name="Abril url i verificar capçalera_Fils:100;Rampup:65;Durada:20" time="0.081"/>
    <testcase classname="testmeter.generalitat" name="TestNegatiu_Abril url i verificar capçalera_Fils:100;Rampup:65;Durada:20" time="0.054">
        <failure message="Not Found">Test failed: text expected to contain /Model de Qualitat de Solucions/</failure>
    </testcase>
    <testcase classname="testmeter.generalitat" name="Abril url i verificar capçalera_Fils:100;Rampup:65;Durada:20" time="0.045"/>
    <testcase classname="testmeter.generalitat" name="Abril url i verificar capçalera_Fils:100;Rampup:65;Durada:20" time="0.073"/>
    <testcase classname="testmeter.generalitat" name="Abril url i verificar capçalera_Fils:100;Rampup:65;Durada:20" time="0.059"/>
    <testcase classname="testmeter.generalitat" name="TestNegatiu_Abril url i verificar capçalera_Fils:100;Rampup:65;Durada:20" time="0.041">
        <failure message="Not Found">Test failed: text expected to contain /Model de Qualitat de Solucions/</failure>
    </testcase>
    <testcase classname="testmeter.generalitat" name="Abril url i verificar capçalera_Fils:100;Rampup:65;Durada:20" time="0.040"/>
    <testcase classname="testmeter.generalitat" name="TestNegatiu_Abril url i verificar capçalera_Fils:100;Rampup:65;Durada:20" time="0.038">
        <failure message="Not Found">Test failed: text expected to contain /Model de Qualitat de Solucions/</failure>
    </testcase>
    <testcase classname="testmeter.generalitat" name="Abril url i verificar capçalera_Fils:100;Rampup:65;Durada:20" time="0.040"/>
    <testcase classname="testmeter.generalitat" name="TestNegatiu_Abril url i verificar capçalera_Fils:100;Rampup:65;Durada:20" time="0.038">
        <failure message="Not Found">Test failed: text expected to contain /Model de Qualitat de Solucions/</failure>
    </testcase>
    <testcase classname="testmeter.generalitat" name="TestNegatiu_Abril url i verificar capçalera_Fils:100;Rampup:65;Durada:20" time="0.039">
        <failure message="Not Found">Test failed: text expected to contain /Model de Qualitat de Solucions/</failure>
    </testcase>
    <testcase classname="testmeter.generalitat" name="TestNegatiu_Abril url i verificar capçalera_Fils:100;Rampup:65;Durada:20" time="0.036">
        <failure message="Not Found">Test failed: text expected to contain /Model de Qualitat de Solucions/</failure>
    </testcase>
    <testcase classname="testmeter.generalitat" name="TestNegatiu_Abril url i verificar capçalera_Fils:100;Rampup:65;Durada:20" time="0.032">
        <failure message="Not Found">Test failed: text expected to contain /Model de Qualitat de Solucions/</failure>
    </testcase>
    <testcase classname="testmeter.generalitat" name="Abril url i verificar capçalera_Fils:100;Rampup:65;Durada:20" time="0.040"/>
    <testcase classname="testmeter.generalitat" name="Abril url i verificar capçalera_Fils:100;Rampup:65;Durada:20" time="0.040"/>
    <testcase classname="testmeter.generalitat" name="TestNegatiu_Abril url i verificar capçalera_Fils:100;Rampup:65;Durada:20" time="0.023">
        <failure message="Not Found">Test failed: text expected to contain /Model de Qualitat de Solucions/</failure>
    </testcase>
    <testcase classname="testmeter.generalitat" name="TestNegatiu_Abril url i verificar capçalera_Fils:100;Rampup:65;Durada:20" time="0.024">
        <failure message="Not Found">Test failed: text expected to contain /Model de Qualitat de Solucions/</failure>
    </testcase>
    <testcase classname="testmeter.generalitat" name="Abril url i verificar capçalera_Fils:100;Rampup:65;Durada:20" time="0.044"/>
    <testcase classname="testmeter.generalitat" name="Abril url i verificar capçalera_Fils:100;Rampup:65;Durada:20" time="0.036"/>
    <testcase classname="testmeter.generalitat" name="Abril url i verificar capçalera_Fils:100;Rampup:65;Durada:20" time="0.093"/>
    <testcase classname="testmeter.generalitat" name="Abril url i verificar capçalera_Fils:100;Rampup:65;Durada:20" time="0.039"/>
    <testcase classname="testmeter.generalitat" name="Abril url i verificar capçalera_Fils:100;Rampup:65;Durada:20" time="0.040"/>
    <testcase classname="testmeter.generalitat" name="Abril url i verificar capçalera_Fils:100;Rampup:65;Durada:20" time="0.039"/>
    <testcase classname="testmeter.generalitat" name="TestNegatiu_Abril url i verificar capçalera_Fils:100;Rampup:65;Durada:20" time="0.031">
        <failure message="Not Found">Test failed: text expected to contain /Model de Qualitat de Solucions/</failure>
    </testcase>
    <testcase classname="testmeter.generalitat" name="TestNegatiu_Abril url i verificar capçalera_Fils:100;Rampup:65;Durada:20" time="0.027">
        <failure message="Not Found">Test failed: text expected to contain /Model de Qualitat de Solucions/</failure>
    </testcase>
    <testcase classname="testmeter.generalitat" name="TestNegatiu_Abril url i verificar capçalera_Fils:100;Rampup:65;Durada:20" time="0.029">
        <failure message="Not Found">Test failed: text expected to contain /Model de Qualitat de Solucions/</failure>
    </testcase>
    <testcase classname="testmeter.generalitat" name="Abril url i verificar capçalera_Fils:100;Rampup:65;Durada:20" time="0.027"/>
    <testcase classname="testmeter.generalitat" name="Abril url i verificar capçalera_Fils:100;Rampup:65;Durada:20" time="0.029"/>
    <testcase classname="testmeter.generalitat" name="Abril url i verificar capçalera_Fils:100;Rampup:65;Durada:20" time="0.075"/>
    <testcase classname="testmeter.generalitat" name="Abril url i verificar capçalera_Fils:100;Rampup:65;Durada:20" time="0.063"/>
    <testcase classname="testmeter.generalitat" name="Abril url i verificar capçalera_Fils:100;Rampup:65;Durada:20" time="0.028"/>
    <testcase classname="testmeter.generalitat" name="TestNegatiu_Abril url i verificar capçalera_Fils:100;Rampup:65;Durada:20" time="0.030">
        <failure message="Not Found">Test failed: text expected to contain /Model de Qualitat de Solucions/</failure>
    </testcase>
    <testcase classname="testmeter.generalitat" name="TestNegatiu_Abril url i verificar capçalera_Fils:100;Rampup:65;Durada:20" time="0.032">
        <failure message="Not Found">Test failed: text expected to contain /Model de Qualitat de Solucions/</failure>
    </testcase>
    <testcase classname="testmeter.generalitat" name="Abril url i verificar capçalera_Fils:100;Rampup:65;Durada:20" time="0.033"/>
    <testcase classname="testmeter.generalitat" name="Abril url i verificar capçalera_Fils:100;Rampup:65;Durada:20" time="0.078"/>
    <testcase classname="testmeter.generalitat" name="TestNegatiu_Abril url i verificar capçalera_Fils:100;Rampup:65;Durada:20" time="0.026">
        <failure message="Not Found">Test failed: text expected to contain /Model de Qualitat de Solucions/</failure>
    </testcase>
    <testcase classname="testmeter.generalitat" name="TestNegatiu_Abril url i verificar capçalera_Fils:100;Rampup:65;Durada:20" time="0.029">
        <failure message="Not Found">Test failed: text expected to contain /Model de Qualitat de Solucions/</failure>
    </testcase>
    <testcase classname="testmeter.generalitat" name="TestNegatiu_Abril url i verificar capçalera_Fils:100;Rampup:65;Durada:20" time="0.027">
        <failure message="Not Found">Test failed: text expected to contain /Model de Qualitat de Solucions/</failure>
    </testcase>
    <testcase classname="testmeter.generalitat" name="Abril url i verificar capçalera_Fils:100;Rampup:65;Durada:20" time="0.035"/>
    <testcase classname="testmeter.generalitat" name="Abril url i verificar capçalera_Fils:100;Rampup:65;Durada:20" time="0.082"/>
    <testcase classname="testmeter.generalitat" name="TestNegatiu_Abril url i verificar capçalera_Fils:100;Rampup:65;Durada:20" time="0.030">
        <failure message="Not Found">Test failed: text expected to contain /Model de Qualitat de Solucions/</failure>
    </testcase>
    <testcase classname="testmeter.generalitat" name="TestNegatiu_Abril url i verificar capçalera_Fils:100;Rampup:65;Durada:20" time="0.030">
        <failure message="Not Found">Test failed: text expected to contain /Model de Qualitat de Solucions/</failure>
    </testcase>
    <testcase classname="testmeter.generalitat" name="TestNegatiu_Abril url i verificar capçalera_Fils:100;Rampup:65;Durada:20" time="0.093">
        <failure message="Not Found">Test failed: text expected to contain /Model de Qualitat de Solucions/</failure>
    </testcase>
    <testcase classname="testmeter.generalitat" name="TestNegatiu_Abril url i verificar capçalera_Fils:100;Rampup:65;Durada:20" time="0.025">
        <failure message="Not Found">Test failed: text expected to contain /Model de Qualitat de Solucions/</failure>
    </testcase>
    <testcase classname="testmeter.generalitat" name="TestNegatiu_Abril url i verificar capçalera_Fils:100;Rampup:65;Durada:20" time="0.029">
        <failure message="Not Found">Test failed: text expected to contain /Model de Qualitat de Solucions/</failure>
    </testcase>
    <testcase classname="testmeter.generalitat" name="TestNegatiu_Abril url i verificar capçalera_Fils:100;Rampup:65;Durada:20" time="0.027">
        <failure message="Not Found">Test failed: text expected to contain /Model de Qualitat de Solucions/</failure>
    </testcase>
    <testcase classname="testmeter.generalitat" name="TestNegatiu_Abril url i verificar capçalera_Fils:100;Rampup:65;Durada:20" time="0.031">
        <failure message="Not Found">Test failed: text expected to contain /Model de Qualitat de Solucions/</failure>
    </testcase>
    <testcase classname="testmeter.generalitat" name="TestNegatiu_Abril url i verificar capçalera_Fils:100;Rampup:65;Durada:20" time="0.055">
        <failure message="Not Found">Test failed: text expected to contain /Model de Qualitat de Solucions/</failure>
    </testcase>
    <testcase classname="testmeter.generalitat" name="TestNegatiu_Abril url i verificar capçalera_Fils:100;Rampup:65;Durada:20" time="0.032">
        <failure message="Not Found">Test failed: text expected to contain /Model de Qualitat de Solucions/</failure>
    </testcase>
    <testcase classname="testmeter.generalitat" name="TestNegatiu_Abril url i verificar capçalera_Fils:100;Rampup:65;Durada:20" time="0.033">
        <failure message="Not Found">Test failed: text expected to contain /Model de Qualitat de Solucions/</failure>
    </testcase>
    <testcase classname="testmeter.generalitat" name="TestNegatiu_Abril url i verificar capçalera_Fils:100;Rampup:65;Durada:20" time="0.028">
        <failure message="Not Found">Test failed: text expected to contain /Model de Qualitat de Solucions/</failure>
    </testcase>
    <testcase classname="testmeter.generalitat" name="Abril url i verificar capçalera_Fils:100;Rampup:65;Durada:20" time="0.033"/>
    <testcase classname="testmeter.generalitat" name="TestNegatiu_Abril url i verificar capçalera_Fils:100;Rampup:65;Durada:20" time="0.033">
        <failure message="Not Found">Test failed: text expected to contain /Model de Qualitat de Solucions/</failure>
    </testcase>
    <testcase classname="testmeter.generalitat" name="TestNegatiu_Abril url i verificar capçalera_Fils:100;Rampup:65;Durada:20" time="0.030">
        <failure message="Not Found">Test failed: text expected to contain /Model de Qualitat de Solucions/</failure>
    </testcase>
    <testcase classname="testmeter.generalitat" name="Abril url i verificar capçalera_Fils:100;Rampup:65;Durada:20" time="0.049"/>
    <testcase classname="testmeter.generalitat" name="Abril url i verificar capçalera_Fils:100;Rampup:65;Durada:20" time="0.027"/>
    <testcase classname="testmeter.generalitat" name="Abril url i verificar capçalera_Fils:100;Rampup:65;Durada:20" time="0.026"/>
    <testcase classname="testmeter.generalitat" name="Abril url i verificar capçalera_Fils:100;Rampup:65;Durada:20" time="0.028"/>
    <testcase classname="testmeter.generalitat" name="Abril url i verificar capçalera_Fils:100;Rampup:65;Durada:20" time="0.029"/>
    <testcase classname="testmeter.generalitat" name="Abril url i verificar capçalera_Fils:100;Rampup:65;Durada:20" time="0.033"/>
    <testcase classname="testmeter.generalitat" name="Abril url i verificar capçalera_Fils:100;Rampup:65;Durada:20" time="0.055"/>
    <testcase classname="testmeter.generalitat" name="Abril url i verificar capçalera_Fils:100;Rampup:65;Durada:20" time="0.083"/>
    <testcase classname="testmeter.generalitat" name="Abril url i verificar capçalera_Fils:100;Rampup:65;Durada:20" time="0.031"/>
    <testcase classname="testmeter.generalitat" name="Abril url i verificar capçalera_Fils:100;Rampup:65;Durada:20" time="0.028"/>
    <testcase classname="testmeter.generalitat" name="Abril url i verificar capçalera_Fils:100;Rampup:65;Durada:20" time="0.029"/>
    <testcase classname="testmeter.generalitat" name="Abril url i verificar capçalera_Fils:100;Rampup:65;Durada:20" time="0.133"/>
    <testcase classname="testmeter.generalitat" name="Abril url i verificar capçalera_Fils:100;Rampup:65;Durada:20" time="0.083"/>
    <testcase classname="testmeter.generalitat" name="Abril url i verificar capçalera_Fils:100;Rampup:65;Durada:20" time="0.080"/>
    <testcase classname="testmeter.generalitat" name="TestNegatiu_Abril url i verificar capçalera_Fils:100;Rampup:65;Durada:20" time="0.039">
        <failure message="Not Found">Test failed: text expected to contain /Model de Qualitat de Solucions/</failure>
    </testcase>
    <testcase classname="testmeter.generalitat" name="TestNegatiu_Abril url i verificar capçalera_Fils:100;Rampup:65;Durada:20" time="0.030">
        <failure message="Not Found">Test failed: text expected to contain /Model de Qualitat de Solucions/</failure>
    </testcase>
    <testcase classname="testmeter.generalitat" name="TestNegatiu_Abril url i verificar capçalera_Fils:100;Rampup:65;Durada:20" time="0.028">
        <failure message="Not Found">Test failed: text expected to contain /Model de Qualitat de Solucions/</failure>
    </testcase>
    <testcase classname="testmeter.generalitat" name="TestNegatiu_Abril url i verificar capçalera_Fils:100;Rampup:65;Durada:20" time="0.031">
        <failure message="Not Found">Test failed: text expected to contain /Model de Qualitat de Solucions/</failure>
    </testcase>
    <testcase classname="testmeter.generalitat" name="TestNegatiu_Abril url i verificar capçalera_Fils:100;Rampup:65;Durada:20" time="0.027">
        <failure message="Not Found">Test failed: text expected to contain /Model de Qualitat de Solucions/</failure>
    </testcase>
    <testcase classname="testmeter.generalitat" name="TestNegatiu_Abril url i verificar capçalera_Fils:100;Rampup:65;Durada:20" time="0.028">
        <failure message="Not Found">Test failed: text expected to contain /Model de Qualitat de Solucions/</failure>
    </testcase>
    <testcase classname="testmeter.generalitat" name="TestNegatiu_Abril url i verificar capçalera_Fils:100;Rampup:65;Durada:20" time="0.027">
        <failure message="Not Found">Test failed: text expected to contain /Model de Qualitat de Solucions/</failure>
    </testcase>
    <testcase classname="testmeter.generalitat" name="TestNegatiu_Abril url i verificar capçalera_Fils:100;Rampup:65;Durada:20" time="0.028">
        <failure message="Not Found">Test failed: text expected to contain /Model de Qualitat de Solucions/</failure>
    </testcase>
    <testcase classname="testmeter.generalitat" name="TestNegatiu_Abril url i verificar capçalera_Fils:100;Rampup:65;Durada:20" time="0.026">
        <failure message="Not Found">Test failed: text expected to contain /Model de Qualitat de Solucions/</failure>
    </testcase>
    <testcase classname="testmeter.generalitat" name="TestNegatiu_Abril url i verificar capçalera_Fils:100;Rampup:65;Durada:20" time="0.030">
        <failure message="Not Found">Test failed: text expected to contain /Model de Qualitat de Solucions/</failure>
    </testcase>
    <testcase classname="testmeter.generalitat" name="TestNegatiu_Abril url i verificar capçalera_Fils:100;Rampup:65;Durada:20" time="0.029">
        <failure message="Not Found">Test failed: text expected to contain /Model de Qualitat de Solucions/</failure>
    </testcase>
    <testcase classname="testmeter.generalitat" name="TestNegatiu_Abril url i verificar capçalera_Fils:100;Rampup:65;Durada:20" time="0.024">
        <failure message="Not Found">Test failed: text expected to contain /Model de Qualitat de Solucions/</failure>
    </testcase>
    <testcase classname="testmeter.generalitat" name="Abril url i verificar capçalera_Fils:100;Rampup:65;Durada:20" time="0.040"/>
    <testcase classname="testmeter.generalitat" name="Abril url i verificar capçalera_Fils:100;Rampup:65;Durada:20" time="0.038"/>
    <testcase classname="testmeter.generalitat" name="Abril url i verificar capçalera_Fils:100;Rampup:65;Durada:20" time="0.039"/>
    <testcase classname="testmeter.generalitat" name="Abril url i verificar capçalera_Fils:100;Rampup:65;Durada:20" time="0.040"/>
    <testcase classname="testmeter.generalitat" name="Abril url i verificar capçalera_Fils:100;Rampup:65;Durada:20" time="0.040"/>
    <testcase classname="testmeter.generalitat" name="TestNegatiu_Abril url i verificar capçalera_Fils:100;Rampup:65;Durada:20" time="0.026">
        <failure message="Not Found">Test failed: text expected to contain /Model de Qualitat de Solucions/</failure>
    </testcase>
    <testcase classname="testmeter.generalitat" name="Abril url i verificar capçalera_Fils:100;Rampup:65;Durada:20" time="0.060"/>
    <testcase classname="testmeter.generalitat" name="Abril url i verificar capçalera_Fils:100;Rampup:65;Durada:20" time="0.062"/>
    <testcase classname="testmeter.generalitat" name="Abril url i verificar capçalera_Fils:100;Rampup:65;Durada:20" time="0.062"/>
    <testcase classname="testmeter.generalitat" name="Abril url i verificar capçalera_Fils:100;Rampup:65;Durada:20" time="0.027"/>
    <testcase classname="testmeter.generalitat" name="Abril url i verificar capçalera_Fils:100;Rampup:65;Durada:20" time="0.026"/>
    <testcase classname="testmeter.generalitat" name="TestNegatiu_Abril url i verificar capçalera_Fils:100;Rampup:65;Durada:20" time="0.062">
        <failure message="Not Found">Test failed: text expected to contain /Model de Qualitat de Solucions/</failure>
    </testcase>
    <testcase classname="testmeter.generalitat" name="TestNegatiu_Abril url i verificar capçalera_Fils:100;Rampup:65;Durada:20" time="0.055">
        <failure message="Not Found">Test failed: text expected to contain /Model de Qualitat de Solucions/</failure>
    </testcase>
    <testcase classname="testmeter.generalitat" name="TestNegatiu_Abril url i verificar capçalera_Fils:100;Rampup:65;Durada:20" time="0.031">
        <failure message="Not Found">Test failed: text expected to contain /Model de Qualitat de Solucions/</failure>
    </testcase>
    <testcase classname="testmeter.generalitat" name="TestNegatiu_Abril url i verificar capçalera_Fils:100;Rampup:65;Durada:20" time="0.032">
        <failure message="Not Found">Test failed: text expected to contain /Model de Qualitat de Solucions/</failure>
    </testcase>
    <testcase classname="testmeter.generalitat" name="TestNegatiu_Abril url i verificar capçalera_Fils:100;Rampup:65;Durada:20" time="0.032">
        <failure message="Not Found">Test failed: text expected to contain /Model de Qualitat de Solucions/</failure>
    </testcase>
    <testcase classname="testmeter.generalitat" name="TestNegatiu_Abril url i verificar capçalera_Fils:100;Rampup:65;Durada:20" time="0.034">
        <failure message="Not Found">Test failed: text expected to contain /Model de Qualitat de Solucions/</failure>
    </testcase>
    <testcase classname="testmeter.generalitat" name="TestNegatiu_Abril url i verificar capçalera_Fils:100;Rampup:65;Durada:20" time="0.035">
        <failure message="Not Found">Test failed: text expected to contain /Model de Qualitat de Solucions/</failure>
    </testcase>
    <testcase classname="testmeter.generalitat" name="TestNegatiu_Abril url i verificar capçalera_Fils:100;Rampup:65;Durada:20" time="0.026">
        <failure message="Not Found">Test failed: text expected to contain /Model de Qualitat de Solucions/</failure>
    </testcase>
    <testcase classname="testmeter.generalitat" name="Abril url i verificar capçalera_Fils:100;Rampup:65;Durada:20" time="0.036"/>
    <testcase classname="testmeter.generalitat" name="Abril url i verificar capçalera_Fils:100;Rampup:65;Durada:20" time="0.037"/>
    <testcase classname="testmeter.generalitat" name="Abril url i verificar capçalera_Fils:100;Rampup:65;Durada:20" time="0.036"/>
    <testcase classname="testmeter.generalitat" name="TestNegatiu_Abril url i verificar capçalera_Fils:100;Rampup:65;Durada:20" time="0.027">
        <failure message="Not Found">Test failed: text expected to contain /Model de Qualitat de Solucions/</failure>
    </testcase>
    <testcase classname="testmeter.generalitat" name="TestNegatiu_Abril url i verificar capçalera_Fils:100;Rampup:65;Durada:20" time="0.028">
        <failure message="Not Found">Test failed: text expected to contain /Model de Qualitat de Solucions/</failure>
    </testcase>
    <testcase classname="testmeter.generalitat" name="Abril url i verificar capçalera_Fils:100;Rampup:65;Durada:20" time="0.037"/>
    <testcase classname="testmeter.generalitat" name="Abril url i verificar capçalera_Fils:100;Rampup:65;Durada:20" time="0.034"/>
    <testcase classname="testmeter.generalitat" name="Abril url i verificar capçalera_Fils:100;Rampup:65;Durada:20" time="0.078"/>
    <testcase classname="testmeter.generalitat" name="Abril url i verificar capçalera_Fils:100;Rampup:65;Durada:20" time="0.037"/>
    <testcase classname="testmeter.generalitat" name="Abril url i verificar capçalera_Fils:100;Rampup:65;Durada:20" time="0.084"/>
    <testcase classname="testmeter.generalitat" name="TestNegatiu_Abril url i verificar capçalera_Fils:100;Rampup:65;Durada:20" time="0.023">
        <failure message="Not Found">Test failed: text expected to contain /Model de Qualitat de Solucions/</failure>
    </testcase>
    <testcase classname="testmeter.generalitat" name="Abril url i verificar capçalera_Fils:100;Rampup:65;Durada:20" time="0.035"/>
    <testcase classname="testmeter.generalitat" name="TestNegatiu_Abril url i verificar capçalera_Fils:100;Rampup:65;Durada:20" time="0.024">
        <failure message="Not Found">Test failed: text expected to contain /Model de Qualitat de Solucions/</failure>
    </testcase>
    <testcase classname="testmeter.generalitat" name="Abril url i verificar capçalera_Fils:100;Rampup:65;Durada:20" time="0.057"/>
    <testcase classname="testmeter.generalitat" name="Abril url i verificar capçalera_Fils:100;Rampup:65;Durada:20" time="0.025"/>
    <testcase classname="testmeter.generalitat" name="Abril url i verificar capçalera_Fils:100;Rampup:65;Durada:20" time="0.026"/>
    <testcase classname="testmeter.generalitat" name="Abril url i verificar capçalera_Fils:100;Rampup:65;Durada:20" time="0.027"/>
    <testcase classname="testmeter.generalitat" name="TestNegatiu_Abril url i verificar capçalera_Fils:100;Rampup:65;Durada:20" time="0.023">
        <failure message="Not Found">Test failed: text expected to contain /Model de Qualitat de Solucions/</failure>
    </testcase>
    <testcase classname="testmeter.generalitat" name="TestNegatiu_Abril url i verificar capçalera_Fils:100;Rampup:65;Durada:20" time="0.023">
        <failure message="Not Found">Test failed: text expected to contain /Model de Qualitat de Solucions/</failure>
    </testcase>
    <testcase classname="testmeter.generalitat" name="Abril url i verificar capçalera_Fils:100;Rampup:65;Durada:20" time="0.028"/>
    <testcase classname="testmeter.generalitat" name="Abril url i verificar capçalera_Fils:100;Rampup:65;Durada:20" time="0.029"/>
    <testcase classname="testmeter.generalitat" name="Abril url i verificar capçalera_Fils:100;Rampup:65;Durada:20" time="0.068"/>
    <testcase classname="testmeter.generalitat" name="TestNegatiu_Abril url i verificar capçalera_Fils:100;Rampup:65;Durada:20" time="0.030">
        <failure message="Not Found">Test failed: text expected to contain /Model de Qualitat de Solucions/</failure>
    </testcase>
    <testcase classname="testmeter.generalitat" name="TestNegatiu_Abril url i verificar capçalera_Fils:100;Rampup:65;Durada:20" time="0.030">
        <failure message="Not Found">Test failed: text expected to contain /Model de Qualitat de Solucions/</failure>
    </testcase>
    <testcase classname="testmeter.generalitat" name="TestNegatiu_Abril url i verificar capçalera_Fils:100;Rampup:65;Durada:20" time="0.030">
        <failure message="Not Found">Test failed: text expected to contain /Model de Qualitat de Solucions/</failure>
    </testcase>
    <testcase classname="testmeter.generalitat" name="TestNegatiu_Abril url i verificar capçalera_Fils:100;Rampup:65;Durada:20" time="0.025">
        <failure message="Not Found">Test failed: text expected to contain /Model de Qualitat de Solucions/</failure>
    </testcase>
    <testcase classname="testmeter.generalitat" name="Abril url i verificar capçalera_Fils:100;Rampup:65;Durada:20" time="0.026"/>
    <testcase classname="testmeter.generalitat" name="Abril url i verificar capçalera_Fils:100;Rampup:65;Durada:20" time="0.027"/>
    <testcase classname="testmeter.generalitat" name="Abril url i verificar capçalera_Fils:100;Rampup:65;Durada:20" time="0.075"/>
    <testcase classname="testmeter.generalitat" name="TestNegatiu_Abril url i verificar capçalera_Fils:100;Rampup:65;Durada:20" time="0.034">
        <failure message="Not Found">Test failed: text expected to contain /Model de Qualitat de Solucions/</failure>
    </testcase>
    <testcase classname="testmeter.generalitat" name="TestNegatiu_Abril url i verificar capçalera_Fils:100;Rampup:65;Durada:20" time="0.034">
        <failure message="Not Found">Test failed: text expected to contain /Model de Qualitat de Solucions/</failure>
    </testcase>
    <testcase classname="testmeter.generalitat" name="Abril url i verificar capçalera_Fils:100;Rampup:65;Durada:20" time="0.045"/>
    <testcase classname="testmeter.generalitat" name="TestNegatiu_Abril url i verificar capçalera_Fils:100;Rampup:65;Durada:20" time="0.040">
        <failure message="Not Found">Test failed: text expected to contain /Model de Qualitat de Solucions/</failure>
    </testcase>
    <testcase classname="testmeter.generalitat" name="TestNegatiu_Abril url i verificar capçalera_Fils:100;Rampup:65;Durada:20" time="0.026">
        <failure message="Not Found">Test failed: text expected to contain /Model de Qualitat de Solucions/</failure>
    </testcase>
    <testcase classname="testmeter.generalitat" name="TestNegatiu_Abril url i verificar capçalera_Fils:100;Rampup:65;Durada:20" time="0.030">
        <failure message="Not Found">Test failed: text expected to contain /Model de Qualitat de Solucions/</failure>
    </testcase>
    <testcase classname="testmeter.generalitat" name="TestNegatiu_Abril url i verificar capçalera_Fils:100;Rampup:65;Durada:20" time="0.047">
        <failure message="Not Found">Test failed: text expected to contain /Model de Qualitat de Solucions/</failure>
    </testcase>
    <testcase classname="testmeter.generalitat" name="TestNegatiu_Abril url i verificar capçalera_Fils:100;Rampup:65;Durada:20" time="0.029">
        <failure message="Not Found">Test failed: text expected to contain /Model de Qualitat de Solucions/</failure>
    </testcase>
    <testcase classname="testmeter.generalitat" name="TestNegatiu_Abril url i verificar capçalera_Fils:100;Rampup:65;Durada:20" time="0.025">
        <failure message="Not Found">Test failed: text expected to contain /Model de Qualitat de Solucions/</failure>
    </testcase>
    <testcase classname="testmeter.generalitat" name="TestNegatiu_Abril url i verificar capçalera_Fils:100;Rampup:65;Durada:20" time="0.028">
        <failure message="Not Found">Test failed: text expected to contain /Model de Qualitat de Solucions/</failure>
    </testcase>
    <testcase classname="testmeter.generalitat" name="Abril url i verificar capçalera_Fils:100;Rampup:65;Durada:20" time="0.028"/>
    <testcase classname="testmeter.generalitat" name="Abril url i verificar capçalera_Fils:100;Rampup:65;Durada:20" time="0.028"/>
    <testcase classname="testmeter.generalitat" name="TestNegatiu_Abril url i verificar capçalera_Fils:100;Rampup:65;Durada:20" time="0.031">
        <failure message="Not Found">Test failed: text expected to contain /Model de Qualitat de Solucions/</failure>
    </testcase>
    <testcase classname="testmeter.generalitat" name="TestNegatiu_Abril url i verificar capçalera_Fils:100;Rampup:65;Durada:20" time="0.023">
        <failure message="Not Found">Test failed: text expected to contain /Model de Qualitat de Solucions/</failure>
    </testcase>
    <testcase classname="testmeter.generalitat" name="Abril url i verificar capçalera_Fils:100;Rampup:65;Durada:20" time="0.069"/>
    <testcase classname="testmeter.generalitat" name="Abril url i verificar capçalera_Fils:100;Rampup:65;Durada:20" time="0.054"/>
    <testcase classname="testmeter.generalitat" name="Abril url i verificar capçalera_Fils:100;Rampup:65;Durada:20" time="0.028"/>
    <testcase classname="testmeter.generalitat" name="TestNegatiu_Abril url i verificar capçalera_Fils:100;Rampup:65;Durada:20" time="0.027">
        <failure message="Not Found">Test failed: text expected to contain /Model de Qualitat de Solucions/</failure>
    </testcase>
    <testcase classname="testmeter.generalitat" name="TestNegatiu_Abril url i verificar capçalera_Fils:100;Rampup:65;Durada:20" time="0.031">
        <failure message="Not Found">Test failed: text expected to contain /Model de Qualitat de Solucions/</failure>
    </testcase>
    <testcase classname="testmeter.generalitat" name="TestNegatiu_Abril url i verificar capçalera_Fils:100;Rampup:65;Durada:20" time="0.030">
        <failure message="Not Found">Test failed: text expected to contain /Model de Qualitat de Solucions/</failure>
    </testcase>
    <testcase classname="testmeter.generalitat" name="Abril url i verificar capçalera_Fils:100;Rampup:65;Durada:20" time="0.032"/>
    <testcase classname="testmeter.generalitat" name="Abril url i verificar capçalera_Fils:100;Rampup:65;Durada:20" time="0.032"/>
    <testcase classname="testmeter.generalitat" name="Abril url i verificar capçalera_Fils:100;Rampup:65;Durada:20" time="0.064"/>
    <testcase classname="testmeter.generalitat" name="Abril url i verificar capçalera_Fils:100;Rampup:65;Durada:20" time="0.162"/>
    <testcase classname="testmeter.generalitat" name="Abril url i verificar capçalera_Fils:100;Rampup:65;Durada:20" time="0.027"/>
    <testcase classname="testmeter.generalitat" name="Abril url i verificar capçalera_Fils:100;Rampup:65;Durada:20" time="0.033"/>
    <testcase classname="testmeter.generalitat" name="Abril url i verificar capçalera_Fils:100;Rampup:65;Durada:20" time="0.035"/>
    <testcase classname="testmeter.generalitat" name="Abril url i verificar capçalera_Fils:100;Rampup:65;Durada:20" time="0.125"/>
    <testcase classname="testmeter.generalitat" name="Abril url i verificar capçalera_Fils:100;Rampup:65;Durada:20" time="0.091"/>
    <testcase classname="testmeter.generalitat" name="Abril url i verificar capçalera_Fils:100;Rampup:65;Durada:20" time="0.029"/>
    <testcase classname="testmeter.generalitat" name="Abril url i verificar capçalera_Fils:100;Rampup:65;Durada:20" time="0.029"/>
    <testcase classname="testmeter.generalitat" name="TestNegatiu_Abril url i verificar capçalera_Fils:100;Rampup:65;Durada:20" time="0.028">
        <failure message="Not Found">Test failed: text expected to contain /Model de Qualitat de Solucions/</failure>
    </testcase>
    <testcase classname="testmeter.generalitat" name="TestNegatiu_Abril url i verificar capçalera_Fils:100;Rampup:65;Durada:20" time="0.027">
        <failure message="Not Found">Test failed: text expected to contain /Model de Qualitat de Solucions/</failure>
    </testcase>
    <testcase classname="testmeter.generalitat" name="Abril url i verificar capçalera_Fils:100;Rampup:65;Durada:20" time="0.051"/>
    <testcase classname="testmeter.generalitat" name="Abril url i verificar capçalera_Fils:100;Rampup:65;Durada:20" time="0.029"/>
    <testcase classname="testmeter.generalitat" name="TestNegatiu_Abril url i verificar capçalera_Fils:100;Rampup:65;Durada:20" time="0.026">
        <failure message="Not Found">Test failed: text expected to contain /Model de Qualitat de Solucions/</failure>
    </testcase>
    <testcase classname="testmeter.generalitat" name="Abril url i verificar capçalera_Fils:100;Rampup:65;Durada:20" time="0.028"/>
    <testcase classname="testmeter.generalitat" name="TestNegatiu_Abril url i verificar capçalera_Fils:100;Rampup:65;Durada:20" time="0.032">
        <failure message="Not Found">Test failed: text expected to contain /Model de Qualitat de Solucions/</failure>
    </testcase>
    <testcase classname="testmeter.generalitat" name="TestNegatiu_Abril url i verificar capçalera_Fils:100;Rampup:65;Durada:20" time="0.031">
        <failure message="Not Found">Test failed: text expected to contain /Model de Qualitat de Solucions/</failure>
    </testcase>
    <testcase classname="testmeter.generalitat" name="Abril url i verificar capçalera_Fils:100;Rampup:65;Durada:20" time="0.027"/>
    <testcase classname="testmeter.generalitat" name="TestNegatiu_Abril url i verificar capçalera_Fils:100;Rampup:65;Durada:20" time="0.027">
        <failure message="Not Found">Test failed: text expected to contain /Model de Qualitat de Solucions/</failure>
    </testcase>
    <testcase classname="testmeter.generalitat" name="TestNegatiu_Abril url i verificar capçalera_Fils:100;Rampup:65;Durada:20" time="0.025">
        <failure message="Not Found">Test failed: text expected to contain /Model de Qualitat de Solucions/</failure>
    </testcase>
    <testcase classname="testmeter.generalitat" name="TestNegatiu_Abril url i verificar capçalera_Fils:100;Rampup:65;Durada:20" time="0.027">
        <failure message="Not Found">Test failed: text expected to contain /Model de Qualitat de Solucions/</failure>
    </testcase>
    <testcase classname="testmeter.generalitat" name="Abril url i verificar capçalera_Fils:100;Rampup:65;Durada:20" time="0.045"/>
    <testcase classname="testmeter.generalitat" name="TestNegatiu_Abril url i verificar capçalera_Fils:100;Rampup:65;Durada:20" time="0.024">
        <failure message="Not Found">Test failed: text expected to contain /Model de Qualitat de Solucions/</failure>
    </testcase>
    <testcase classname="testmeter.generalitat" name="TestNegatiu_Abril url i verificar capçalera_Fils:100;Rampup:65;Durada:20" time="0.027">
        <failure message="Not Found">Test failed: text expected to contain /Model de Qualitat de Solucions/</failure>
    </testcase>
    <testcase classname="testmeter.generalitat" name="Abril url i verificar capçalera_Fils:100;Rampup:65;Durada:20" time="0.054"/>
    <testcase classname="testmeter.generalitat" name="TestNegatiu_Abril url i verificar capçalera_Fils:100;Rampup:65;Durada:20" time="0.031">
        <failure message="Not Found">Test failed: text expected to contain /Model de Qualitat de Solucions/</failure>
    </testcase>
    <testcase classname="testmeter.generalitat" name="TestNegatiu_Abril url i verificar capçalera_Fils:100;Rampup:65;Durada:20" time="0.031">
        <failure message="Not Found">Test failed: text expected to contain /Model de Qualitat de Solucions/</failure>
    </testcase>
    <testcase classname="testmeter.generalitat" name="Abril url i verificar capçalera_Fils:100;Rampup:65;Durada:20" time="0.026"/>
    <testcase classname="testmeter.generalitat" name="TestNegatiu_Abril url i verificar capçalera_Fils:100;Rampup:65;Durada:20" time="0.028">
        <failure message="Not Found">Test failed: text expected to contain /Model de Qualitat de Solucions/</failure>
    </testcase>
    <testcase classname="testmeter.generalitat" name="TestNegatiu_Abril url i verificar capçalera_Fils:100;Rampup:65;Durada:20" time="0.028">
        <failure message="Not Found">Test failed: text expected to contain /Model de Qualitat de Solucions/</failure>
    </testcase>
    <testcase classname="testmeter.generalitat" name="Abril url i verificar capçalera_Fils:100;Rampup:65;Durada:20" time="0.027"/>
    <testcase classname="testmeter.generalitat" name="Abril url i verificar capçalera_Fils:100;Rampup:65;Durada:20" time="0.045"/>
    <testcase classname="testmeter.generalitat" name="TestNegatiu_Abril url i verificar capçalera_Fils:100;Rampup:65;Durada:20" time="0.029">
        <failure message="Not Found">Test failed: text expected to contain /Model de Qualitat de Solucions/</failure>
    </testcase>
    <testcase classname="testmeter.generalitat" name="TestNegatiu_Abril url i verificar capçalera_Fils:100;Rampup:65;Durada:20" time="0.027">
        <failure message="Not Found">Test failed: text expected to contain /Model de Qualitat de Solucions/</failure>
    </testcase>
    <testcase classname="testmeter.generalitat" name="Abril url i verificar capçalera_Fils:100;Rampup:65;Durada:20" time="0.073"/>
    <testcase classname="testmeter.generalitat" name="Abril url i verificar capçalera_Fils:100;Rampup:65;Durada:20" time="0.028"/>
    <testcase classname="testmeter.generalitat" name="TestNegatiu_Abril url i verificar capçalera_Fils:100;Rampup:65;Durada:20" time="0.024">
        <failure message="Not Found">Test failed: text expected to contain /Model de Qualitat de Solucions/</failure>
    </testcase>
    <testcase classname="testmeter.generalitat" name="TestNegatiu_Abril url i verificar capçalera_Fils:100;Rampup:65;Durada:20" time="0.034">
        <failure message="Not Found">Test failed: text expected to contain /Model de Qualitat de Solucions/</failure>
    </testcase>
    <testcase classname="testmeter.generalitat" name="Abril url i verificar capçalera_Fils:100;Rampup:65;Durada:20" time="0.069"/>
    <testcase classname="testmeter.generalitat" name="Abril url i verificar capçalera_Fils:100;Rampup:65;Durada:20" time="0.026"/>
    <testcase classname="testmeter.generalitat" name="TestNegatiu_Abril url i verificar capçalera_Fils:100;Rampup:65;Durada:20" time="0.027">
        <failure message="Not Found">Test failed: text expected to contain /Model de Qualitat de Solucions/</failure>
    </testcase>
    <testcase classname="testmeter.generalitat" name="TestNegatiu_Abril url i verificar capçalera_Fils:100;Rampup:65;Durada:20" time="0.060">
        <failure message="Not Found">Test failed: text expected to contain /Model de Qualitat de Solucions/</failure>
    </testcase>
    <testcase classname="testmeter.generalitat" name="TestNegatiu_Abril url i verificar capçalera_Fils:100;Rampup:65;Durada:20" time="0.053">
        <failure message="Not Found">Test failed: text expected to contain /Model de Qualitat de Solucions/</failure>
    </testcase>
    <testcase classname="testmeter.generalitat" name="TestNegatiu_Abril url i verificar capçalera_Fils:100;Rampup:65;Durada:20" time="0.025">
        <failure message="Not Found">Test failed: text expected to contain /Model de Qualitat de Solucions/</failure>
    </testcase>
    <testcase classname="testmeter.generalitat" name="TestNegatiu_Abril url i verificar capçalera_Fils:100;Rampup:65;Durada:20" time="0.028">
        <failure message="Not Found">Test failed: text expected to contain /Model de Qualitat de Solucions/</failure>
    </testcase>
    <testcase classname="testmeter.generalitat" name="TestNegatiu_Abril url i verificar capçalera_Fils:100;Rampup:65;Durada:20" time="0.027">
        <failure message="Not Found">Test failed: text expected to contain /Model de Qualitat de Solucions/</failure>
    </testcase>
    <testcase classname="testmeter.generalitat" name="TestNegatiu_Abril url i verificar capçalera_Fils:100;Rampup:65;Durada:20" time="0.026">
        <failure message="Not Found">Test failed: text expected to contain /Model de Qualitat de Solucions/</failure>
    </testcase>
    <testcase classname="testmeter.generalitat" name="Abril url i verificar capçalera_Fils:100;Rampup:65;Durada:20" time="0.030"/>
    <testcase classname="testmeter.generalitat" name="Abril url i verificar capçalera_Fils:100;Rampup:65;Durada:20" time="0.071"/>
    <testcase classname="testmeter.generalitat" name="Abril url i verificar capçalera_Fils:100;Rampup:65;Durada:20" time="0.030"/>
    <testcase classname="testmeter.generalitat" name="TestNegatiu_Abril url i verificar capçalera_Fils:100;Rampup:65;Durada:20" time="0.028">
        <failure message="Not Found">Test failed: text expected to contain /Model de Qualitat de Solucions/</failure>
    </testcase>
    <testcase classname="testmeter.generalitat" name="TestNegatiu_Abril url i verificar capçalera_Fils:100;Rampup:65;Durada:20" time="0.025">
        <failure message="Not Found">Test failed: text expected to contain /Model de Qualitat de Solucions/</failure>
    </testcase>
    <testcase classname="testmeter.generalitat" name="Abril url i verificar capçalera_Fils:100;Rampup:65;Durada:20" time="0.029"/>
    <testcase classname="testmeter.generalitat" name="Abril url i verificar capçalera_Fils:100;Rampup:65;Durada:20" time="0.031"/>
    <testcase classname="testmeter.generalitat" name="Abril url i verificar capçalera_Fils:100;Rampup:65;Durada:20" time="0.029"/>
    <testcase classname="testmeter.generalitat" name="Abril url i verificar capçalera_Fils:100;Rampup:65;Durada:20" time="0.030"/>
    <testcase classname="testmeter.generalitat" name="Abril url i verificar capçalera_Fils:100;Rampup:65;Durada:20" time="0.047"/>
    <testcase classname="testmeter.generalitat" name="Abril url i verificar capçalera_Fils:100;Rampup:65;Durada:20" time="0.025"/>
    <testcase classname="testmeter.generalitat" name="Abril url i verificar capçalera_Fils:100;Rampup:65;Durada:20" time="0.053"/>
    <testcase classname="testmeter.generalitat" name="Abril url i verificar capçalera_Fils:100;Rampup:65;Durada:20" time="0.053"/>
    <testcase classname="testmeter.generalitat" name="Abril url i verificar capçalera_Fils:100;Rampup:65;Durada:20" time="0.795"/>
    <testcase classname="testmeter.generalitat" name="Abril url i verificar capçalera_Fils:100;Rampup:65;Durada:20" time="0.026"/>
    <testcase classname="testmeter.generalitat" name="Abril url i verificar capçalera_Fils:100;Rampup:65;Durada:20" time="0.027"/>
    <testcase classname="testmeter.generalitat" name="TestNegatiu_Abril url i verificar capçalera_Fils:100;Rampup:65;Durada:20" time="0.051">
        <failure message="Not Found">Test failed: text expected to contain /Model de Qualitat de Solucions/</failure>
    </testcase>
    <testcase classname="testmeter.generalitat" name="TestNegatiu_Abril url i verificar capçalera_Fils:100;Rampup:65;Durada:20" time="0.051">
        <failure message="Not Found">Test failed: text expected to contain /Model de Qualitat de Solucions/</failure>
    </testcase>
    <testcase classname="testmeter.generalitat" name="TestNegatiu_Abril url i verificar capçalera_Fils:100;Rampup:65;Durada:20" time="0.028">
        <failure message="Not Found">Test failed: text expected to contain /Model de Qualitat de Solucions/</failure>
    </testcase>
    <testcase classname="testmeter.generalitat" name="TestNegatiu_Abril url i verificar capçalera_Fils:100;Rampup:65;Durada:20" time="0.028">
        <failure message="Not Found">Test failed: text expected to contain /Model de Qualitat de Solucions/</failure>
    </testcase>
    <testcase classname="testmeter.generalitat" name="Abril url i verificar capçalera_Fils:100;Rampup:65;Durada:20" time="0.078"/>
    <testcase classname="testmeter.generalitat" name="TestNegatiu_Abril url i verificar capçalera_Fils:100;Rampup:65;Durada:20" time="0.025">
        <failure message="Not Found">Test failed: text expected to contain /Model de Qualitat de Solucions/</failure>
    </testcase>
    <testcase classname="testmeter.generalitat" name="Abril url i verificar capçalera_Fils:100;Rampup:65;Durada:20" time="0.050"/>
    <testcase classname="testmeter.generalitat" name="Abril url i verificar capçalera_Fils:100;Rampup:65;Durada:20" time="0.073"/>
    <testcase classname="testmeter.generalitat" name="Abril url i verificar capçalera_Fils:100;Rampup:65;Durada:20" time="0.046"/>
    <testcase classname="testmeter.generalitat" name="Abril url i verificar capçalera_Fils:100;Rampup:65;Durada:20" time="0.033"/>
    <testcase classname="testmeter.generalitat" name="TestNegatiu_Abril url i verificar capçalera_Fils:100;Rampup:65;Durada:20" time="0.028">
        <failure message="Not Found">Test failed: text expected to contain /Model de Qualitat de Solucions/</failure>
    </testcase>
    <testcase classname="testmeter.generalitat" name="TestNegatiu_Abril url i verificar capçalera_Fils:100;Rampup:65;Durada:20" time="0.029">
        <failure message="Not Found">Test failed: text expected to contain /Model de Qualitat de Solucions/</failure>
    </testcase>
    <testcase classname="testmeter.generalitat" name="TestNegatiu_Abril url i verificar capçalera_Fils:100;Rampup:65;Durada:20" time="0.031">
        <failure message="Not Found">Test failed: text expected to contain /Model de Qualitat de Solucions/</failure>
    </testcase>
    <testcase classname="testmeter.generalitat" name="TestNegatiu_Abril url i verificar capçalera_Fils:100;Rampup:65;Durada:20" time="0.025">
        <failure message="Not Found">Test failed: text expected to contain /Model de Qualitat de Solucions/</failure>
    </testcase>
    <testcase classname="testmeter.generalitat" name="TestNegatiu_Abril url i verificar capçalera_Fils:100;Rampup:65;Durada:20" time="0.026">
        <failure message="Not Found">Test failed: text expected to contain /Model de Qualitat de Solucions/</failure>
    </testcase>
    <testcase classname="testmeter.generalitat" name="Abril url i verificar capçalera_Fils:100;Rampup:65;Durada:20" time="0.032"/>
    <testcase classname="testmeter.generalitat" name="TestNegatiu_Abril url i verificar capçalera_Fils:100;Rampup:65;Durada:20" time="0.028">
        <failure message="Not Found">Test failed: text expected to contain /Model de Qualitat de Solucions/</failure>
    </testcase>
    <testcase classname="testmeter.generalitat" name="TestNegatiu_Abril url i verificar capçalera_Fils:100;Rampup:65;Durada:20" time="0.026">
        <failure message="Not Found">Test failed: text expected to contain /Model de Qualitat de Solucions/</failure>
    </testcase>
    <testcase classname="testmeter.generalitat" name="TestNegatiu_Abril url i verificar capçalera_Fils:100;Rampup:65;Durada:20" time="0.027">
        <failure message="Not Found">Test failed: text expected to contain /Model de Qualitat de Solucions/</failure>
    </testcase>
    <testcase classname="testmeter.generalitat" name="TestNegatiu_Abril url i verificar capçalera_Fils:100;Rampup:65;Durada:20" time="0.023">
        <failure message="Not Found">Test failed: text expected to contain /Model de Qualitat de Solucions/</failure>
    </testcase>
    <testcase classname="testmeter.generalitat" name="TestNegatiu_Abril url i verificar capçalera_Fils:100;Rampup:65;Durada:20" time="0.029">
        <failure message="Not Found">Test failed: text expected to contain /Model de Qualitat de Solucions/</failure>
    </testcase>
    <testcase classname="testmeter.generalitat" name="Abril url i verificar capçalera_Fils:100;Rampup:65;Durada:20" time="0.053"/>
    <testcase classname="testmeter.generalitat" name="Abril url i verificar capçalera_Fils:100;Rampup:65;Durada:20" time="0.025"/>
    <testcase classname="testmeter.generalitat" name="TestNegatiu_Abril url i verificar capçalera_Fils:100;Rampup:65;Durada:20" time="0.024">
        <failure message="Not Found">Test failed: text expected to contain /Model de Qualitat de Solucions/</failure>
    </testcase>
    <testcase classname="testmeter.generalitat" name="Abril url i verificar capçalera_Fils:100;Rampup:65;Durada:20" time="0.025"/>
    <testcase classname="testmeter.generalitat" name="TestNegatiu_Abril url i verificar capçalera_Fils:100;Rampup:65;Durada:20" time="0.027">
        <failure message="Not Found">Test failed: text expected to contain /Model de Qualitat de Solucions/</failure>
    </testcase>
    <testcase classname="testmeter.generalitat" name="Abril url i verificar capçalera_Fils:100;Rampup:65;Durada:20" time="0.029"/>
    <testcase classname="testmeter.generalitat" name="Abril url i verificar capçalera_Fils:100;Rampup:65;Durada:20" time="0.165"/>
    <testcase classname="testmeter.generalitat" name="TestNegatiu_Abril url i verificar capçalera_Fils:100;Rampup:65;Durada:20" time="0.031">
        <failure message="Not Found">Test failed: text expected to contain /Model de Qualitat de Solucions/</failure>
    </testcase>
    <testcase classname="testmeter.generalitat" name="TestNegatiu_Abril url i verificar capçalera_Fils:100;Rampup:65;Durada:20" time="0.030">
        <failure message="Not Found">Test failed: text expected to contain /Model de Qualitat de Solucions/</failure>
    </testcase>
    <testcase classname="testmeter.generalitat" name="TestNegatiu_Abril url i verificar capçalera_Fils:100;Rampup:65;Durada:20" time="0.031">
        <failure message="Not Found">Test failed: text expected to contain /Model de Qualitat de Solucions/</failure>
    </testcase>
    <testcase classname="testmeter.generalitat" name="TestNegatiu_Abril url i verificar capçalera_Fils:100;Rampup:65;Durada:20" time="0.025">
        <failure message="Not Found">Test failed: text expected to contain /Model de Qualitat de Solucions/</failure>
    </testcase>
    <testcase classname="testmeter.generalitat" name="Abril url i verificar capçalera_Fils:100;Rampup:65;Durada:20" time="0.115"/>
    <testcase classname="testmeter.generalitat" name="Abril url i verificar capçalera_Fils:100;Rampup:65;Durada:20" time="0.031"/>
    <testcase classname="testmeter.generalitat" name="TestNegatiu_Abril url i verificar capçalera_Fils:100;Rampup:65;Durada:20" time="0.026">
        <failure message="Not Found">Test failed: text expected to contain /Model de Qualitat de Solucions/</failure>
    </testcase>
    <testcase classname="testmeter.generalitat" name="TestNegatiu_Abril url i verificar capçalera_Fils:100;Rampup:65;Durada:20" time="0.047">
        <failure message="Not Found">Test failed: text expected to contain /Model de Qualitat de Solucions/</failure>
    </testcase>
    <testcase classname="testmeter.generalitat" name="Abril url i verificar capçalera_Fils:100;Rampup:65;Durada:20" time="0.030"/>
    <testcase classname="testmeter.generalitat" name="Abril url i verificar capçalera_Fils:100;Rampup:65;Durada:20" time="0.028"/>
    <testcase classname="testmeter.generalitat" name="Abril url i verificar capçalera_Fils:100;Rampup:65;Durada:20" time="0.031"/>
    <testcase classname="testmeter.generalitat" name="Abril url i verificar capçalera_Fils:100;Rampup:65;Durada:20" time="0.072"/>
    <testcase classname="testmeter.generalitat" name="Abril url i verificar capçalera_Fils:100;Rampup:65;Durada:20" time="0.027"/>
    <testcase classname="testmeter.generalitat" name="Abril url i verificar capçalera_Fils:100;Rampup:65;Durada:20" time="0.027"/>
    <testcase classname="testmeter.generalitat" name="Abril url i verificar capçalera_Fils:100;Rampup:65;Durada:20" time="0.093"/>
    <testcase classname="testmeter.generalitat" name="Abril url i verificar capçalera_Fils:100;Rampup:65;Durada:20" time="0.093"/>
    <testcase classname="testmeter.generalitat" name="TestNegatiu_Abril url i verificar capçalera_Fils:100;Rampup:65;Durada:20" time="0.027">
        <failure message="Not Found">Test failed: text expected to contain /Model de Qualitat de Solucions/</failure>
    </testcase>
    <testcase classname="testmeter.generalitat" name="TestNegatiu_Abril url i verificar capçalera_Fils:100;Rampup:65;Durada:20" time="0.027">
        <failure message="Not Found">Test failed: text expected to contain /Model de Qualitat de Solucions/</failure>
    </testcase>
    <testcase classname="testmeter.generalitat" name="Abril url i verificar capçalera_Fils:100;Rampup:65;Durada:20" time="0.048"/>
    <testcase classname="testmeter.generalitat" name="Abril url i verificar capçalera_Fils:100;Rampup:65;Durada:20" time="0.027"/>
    <testcase classname="testmeter.generalitat" name="Abril url i verificar capçalera_Fils:100;Rampup:65;Durada:20" time="0.053"/>
    <testcase classname="testmeter.generalitat" name="Abril url i verificar capçalera_Fils:100;Rampup:65;Durada:20" time="0.051"/>
    <testcase classname="testmeter.generalitat" name="Abril url i verificar capçalera_Fils:100;Rampup:65;Durada:20" time="0.053"/>
    <testcase classname="testmeter.generalitat" name="Abril url i verificar capçalera_Fils:100;Rampup:65;Durada:20" time="0.067"/>
    <testcase classname="testmeter.generalitat" name="TestNegatiu_Abril url i verificar capçalera_Fils:100;Rampup:65;Durada:20" time="0.126">
        <failure message="Not Found">Test failed: text expected to contain /Model de Qualitat de Solucions/</failure>
    </testcase>
    <testcase classname="testmeter.generalitat" name="TestNegatiu_Abril url i verificar capçalera_Fils:100;Rampup:65;Durada:20" time="0.051">
        <failure message="Not Found">Test failed: text expected to contain /Model de Qualitat de Solucions/</failure>
    </testcase>
    <testcase classname="testmeter.generalitat" name="TestNegatiu_Abril url i verificar capçalera_Fils:100;Rampup:65;Durada:20" time="0.051">
        <failure message="Not Found">Test failed: text expected to contain /Model de Qualitat de Solucions/</failure>
    </testcase>
    <testcase classname="testmeter.generalitat" name="TestNegatiu_Abril url i verificar capçalera_Fils:100;Rampup:65;Durada:20" time="0.051">
        <failure message="Not Found">Test failed: text expected to contain /Model de Qualitat de Solucions/</failure>
    </testcase>
    <testcase classname="testmeter.generalitat" name="TestNegatiu_Abril url i verificar capçalera_Fils:100;Rampup:65;Durada:20" time="0.050">
        <failure message="Not Found">Test failed: text expected to contain /Model de Qualitat de Solucions/</failure>
    </testcase>
    <testcase classname="testmeter.generalitat" name="TestNegatiu_Abril url i verificar capçalera_Fils:100;Rampup:65;Durada:20" time="0.049">
        <failure message="Not Found">Test failed: text expected to contain /Model de Qualitat de Solucions/</failure>
    </testcase>
    <testcase classname="testmeter.generalitat" name="TestNegatiu_Abril url i verificar capçalera_Fils:100;Rampup:65;Durada:20" time="0.051">
        <failure message="Not Found">Test failed: text expected to contain /Model de Qualitat de Solucions/</failure>
    </testcase>
    <testcase classname="testmeter.generalitat" name="TestNegatiu_Abril url i verificar capçalera_Fils:100;Rampup:65;Durada:20" time="0.071">
        <failure message="Not Found">Test failed: text expected to contain /Model de Qualitat de Solucions/</failure>
    </testcase>
    <testcase classname="testmeter.generalitat" name="TestNegatiu_Abril url i verificar capçalera_Fils:100;Rampup:65;Durada:20" time="0.049">
        <failure message="Not Found">Test failed: text expected to contain /Model de Qualitat de Solucions/</failure>
    </testcase>
    <testcase classname="testmeter.generalitat" name="TestNegatiu_Abril url i verificar capçalera_Fils:100;Rampup:65;Durada:20" time="0.049">
        <failure message="Not Found">Test failed: text expected to contain /Model de Qualitat de Solucions/</failure>
    </testcase>
    <testcase classname="testmeter.generalitat" name="TestNegatiu_Abril url i verificar capçalera_Fils:100;Rampup:65;Durada:20" time="0.043">
        <failure message="Not Found">Test failed: text expected to contain /Model de Qualitat de Solucions/</failure>
    </testcase>
    <testcase classname="testmeter.generalitat" name="TestNegatiu_Abril url i verificar capçalera_Fils:100;Rampup:65;Durada:20" time="0.043">
        <failure message="Not Found">Test failed: text expected to contain /Model de Qualitat de Solucions/</failure>
    </testcase>
    <testcase classname="testmeter.generalitat" name="Abril url i verificar capçalera_Fils:100;Rampup:65;Durada:20" time="0.047"/>
    <testcase classname="testmeter.generalitat" name="Abril url i verificar capçalera_Fils:100;Rampup:65;Durada:20" time="0.073"/>
    <testcase classname="testmeter.generalitat" name="Abril url i verificar capçalera_Fils:100;Rampup:65;Durada:20" time="0.110"/>
    <testcase classname="testmeter.generalitat" name="Abril url i verificar capçalera_Fils:100;Rampup:65;Durada:20" time="0.061"/>
    <testcase classname="testmeter.generalitat" name="Abril url i verificar capçalera_Fils:100;Rampup:65;Durada:20" time="0.047"/>
    <testcase classname="testmeter.generalitat" name="Abril url i verificar capçalera_Fils:100;Rampup:65;Durada:20" time="0.072"/>
    <testcase classname="testmeter.generalitat" name="Abril url i verificar capçalera_Fils:100;Rampup:65;Durada:20" time="0.053"/>
    <testcase classname="testmeter.generalitat" name="TestNegatiu_Abril url i verificar capçalera_Fils:100;Rampup:65;Durada:20" time="0.080">
        <failure message="Not Found">Test failed: text expected to contain /Model de Qualitat de Solucions/</failure>
    </testcase>
    <testcase classname="testmeter.generalitat" name="TestNegatiu_Abril url i verificar capçalera_Fils:100;Rampup:65;Durada:20" time="0.081">
        <failure message="Not Found">Test failed: text expected to contain /Model de Qualitat de Solucions/</failure>
    </testcase>
    <testcase classname="testmeter.generalitat" name="Abril url i verificar capçalera_Fils:100;Rampup:65;Durada:20" time="0.091"/>
    <testcase classname="testmeter.generalitat" name="TestNegatiu_Abril url i verificar capçalera_Fils:100;Rampup:65;Durada:20" time="0.025">
        <failure message="Not Found">Test failed: text expected to contain /Model de Qualitat de Solucions/</failure>
    </testcase>
    <testcase classname="testmeter.generalitat" name="TestNegatiu_Abril url i verificar capçalera_Fils:100;Rampup:65;Durada:20" time="0.070">
        <failure message="Not Found">Test failed: text expected to contain /Model de Qualitat de Solucions/</failure>
    </testcase>
    <testcase classname="testmeter.generalitat" name="TestNegatiu_Abril url i verificar capçalera_Fils:100;Rampup:65;Durada:20" time="0.025">
        <failure message="Not Found">Test failed: text expected to contain /Model de Qualitat de Solucions/</failure>
    </testcase>
    <testcase classname="testmeter.generalitat" name="TestNegatiu_Abril url i verificar capçalera_Fils:100;Rampup:65;Durada:20" time="0.076">
        <failure message="Not Found">Test failed: text expected to contain /Model de Qualitat de Solucions/</failure>
    </testcase>
    <testcase classname="testmeter.generalitat" name="TestNegatiu_Abril url i verificar capçalera_Fils:100;Rampup:65;Durada:20" time="0.031">
        <failure message="Not Found">Test failed: text expected to contain /Model de Qualitat de Solucions/</failure>
    </testcase>
    <testcase classname="testmeter.generalitat" name="TestNegatiu_Abril url i verificar capçalera_Fils:100;Rampup:65;Durada:20" time="0.082">
        <failure message="Not Found">Test failed: text expected to contain /Model de Qualitat de Solucions/</failure>
    </testcase>
    <testcase classname="testmeter.generalitat" name="TestNegatiu_Abril url i verificar capçalera_Fils:100;Rampup:65;Durada:20" time="0.081">
        <failure message="Not Found">Test failed: text expected to contain /Model de Qualitat de Solucions/</failure>
    </testcase>
    <testcase classname="testmeter.generalitat" name="TestNegatiu_Abril url i verificar capçalera_Fils:100;Rampup:65;Durada:20" time="0.032">
        <failure message="Not Found">Test failed: text expected to contain /Model de Qualitat de Solucions/</failure>
    </testcase>
    <testcase classname="testmeter.generalitat" name="TestNegatiu_Abril url i verificar capçalera_Fils:100;Rampup:65;Durada:20" time="0.032">
        <failure message="Not Found">Test failed: text expected to contain /Model de Qualitat de Solucions/</failure>
    </testcase>
    <testcase classname="testmeter.generalitat" name="TestNegatiu_Abril url i verificar capçalera_Fils:100;Rampup:65;Durada:20" time="0.033">
        <failure message="Not Found">Test failed: text expected to contain /Model de Qualitat de Solucions/</failure>
    </testcase>
    <testcase classname="testmeter.generalitat" name="TestNegatiu_Abril url i verificar capçalera_Fils:100;Rampup:65;Durada:20" time="0.024">
        <failure message="Not Found">Test failed: text expected to contain /Model de Qualitat de Solucions/</failure>
    </testcase>
    <testcase classname="testmeter.generalitat" name="Abril url i verificar capçalera_Fils:100;Rampup:65;Durada:20" time="0.104"/>
    <testcase classname="testmeter.generalitat" name="Abril url i verificar capçalera_Fils:100;Rampup:65;Durada:20" time="0.040"/>
    <testcase classname="testmeter.generalitat" name="Abril url i verificar capçalera_Fils:100;Rampup:65;Durada:20" time="0.040"/>
    <testcase classname="testmeter.generalitat" name="Abril url i verificar capçalera_Fils:100;Rampup:65;Durada:20" time="0.042"/>
    <testcase classname="testmeter.generalitat" name="Abril url i verificar capçalera_Fils:100;Rampup:65;Durada:20" time="0.042"/>
    <testcase classname="testmeter.generalitat" name="Abril url i verificar capçalera_Fils:100;Rampup:65;Durada:20" time="0.035"/>
    <testcase classname="testmeter.generalitat" name="Abril url i verificar capçalera_Fils:100;Rampup:65;Durada:20" time="0.039"/>
    <testcase classname="testmeter.generalitat" name="Abril url i verificar capçalera_Fils:100;Rampup:65;Durada:20" time="0.041"/>
    <testcase classname="testmeter.generalitat" name="Abril url i verificar capçalera_Fils:100;Rampup:65;Durada:20" time="0.050"/>
    <testcase classname="testmeter.generalitat" name="Abril url i verificar capçalera_Fils:100;Rampup:65;Durada:20" time="0.057"/>
    <testcase classname="testmeter.generalitat" name="Abril url i verificar capçalera_Fils:100;Rampup:65;Durada:20" time="0.023"/>
    <testcase classname="testmeter.generalitat" name="TestNegatiu_Abril url i verificar capçalera_Fils:100;Rampup:65;Durada:20" time="0.051">
        <failure message="Not Found">Test failed: text expected to contain /Model de Qualitat de Solucions/</failure>
    </testcase>
    <testcase classname="testmeter.generalitat" name="Abril url i verificar capçalera_Fils:100;Rampup:65;Durada:20" time="0.027"/>
    <testcase classname="testmeter.generalitat" name="Abril url i verificar capçalera_Fils:100;Rampup:65;Durada:20" time="0.029"/>
    <testcase classname="testmeter.generalitat" name="Abril url i verificar capçalera_Fils:100;Rampup:65;Durada:20" time="0.033"/>
    <testcase classname="testmeter.generalitat" name="Abril url i verificar capçalera_Fils:100;Rampup:65;Durada:20" time="0.032"/>
    <testcase classname="testmeter.generalitat" name="TestNegatiu_Abril url i verificar capçalera_Fils:100;Rampup:65;Durada:20" time="0.022">
        <failure message="Not Found">Test failed: text expected to contain /Model de Qualitat de Solucions/</failure>
    </testcase>
    <testcase classname="testmeter.generalitat" name="TestNegatiu_Abril url i verificar capçalera_Fils:100;Rampup:65;Durada:20" time="0.022">
        <failure message="Not Found">Test failed: text expected to contain /Model de Qualitat de Solucions/</failure>
    </testcase>
    <testcase classname="testmeter.generalitat" name="TestNegatiu_Abril url i verificar capçalera_Fils:100;Rampup:65;Durada:20" time="0.023">
        <failure message="Not Found">Test failed: text expected to contain /Model de Qualitat de Solucions/</failure>
    </testcase>
    <testcase classname="testmeter.generalitat" name="TestNegatiu_Abril url i verificar capçalera_Fils:100;Rampup:65;Durada:20" time="0.026">
        <failure message="Not Found">Test failed: text expected to contain /Model de Qualitat de Solucions/</failure>
    </testcase>
    <testcase classname="testmeter.generalitat" name="TestNegatiu_Abril url i verificar capçalera_Fils:100;Rampup:65;Durada:20" time="0.023">
        <failure message="Not Found">Test failed: text expected to contain /Model de Qualitat de Solucions/</failure>
    </testcase>
    <testcase classname="testmeter.generalitat" name="TestNegatiu_Abril url i verificar capçalera_Fils:100;Rampup:65;Durada:20" time="0.026">
        <failure message="Not Found">Test failed: text expected to contain /Model de Qualitat de Solucions/</failure>
    </testcase>
    <testcase classname="testmeter.generalitat" name="TestNegatiu_Abril url i verificar capçalera_Fils:100;Rampup:65;Durada:20" time="0.026">
        <failure message="Not Found">Test failed: text expected to contain /Model de Qualitat de Solucions/</failure>
    </testcase>
    <testcase classname="testmeter.generalitat" name="TestNegatiu_Abril url i verificar capçalera_Fils:100;Rampup:65;Durada:20" time="0.026">
        <failure message="Not Found">Test failed: text expected to contain /Model de Qualitat de Solucions/</failure>
    </testcase>
    <testcase classname="testmeter.generalitat" name="Abril url i verificar capçalera_Fils:100;Rampup:65;Durada:20" time="0.081"/>
    <testcase classname="testmeter.generalitat" name="TestNegatiu_Abril url i verificar capçalera_Fils:100;Rampup:65;Durada:20" time="0.027">
        <failure message="Not Found">Test failed: text expected to contain /Model de Qualitat de Solucions/</failure>
    </testcase>
    <testcase classname="testmeter.generalitat" name="Abril url i verificar capçalera_Fils:100;Rampup:65;Durada:20" time="0.045"/>
    <testcase classname="testmeter.generalitat" name="Abril url i verificar capçalera_Fils:100;Rampup:65;Durada:20" time="0.088"/>
    <testcase classname="testmeter.generalitat" name="TestNegatiu_Abril url i verificar capçalera_Fils:100;Rampup:65;Durada:20" time="0.029">
        <failure message="Not Found">Test failed: text expected to contain /Model de Qualitat de Solucions/</failure>
    </testcase>
    <testcase classname="testmeter.generalitat" name="TestNegatiu_Abril url i verificar capçalera_Fils:100;Rampup:65;Durada:20" time="0.032">
        <failure message="Not Found">Test failed: text expected to contain /Model de Qualitat de Solucions/</failure>
    </testcase>
    <testcase classname="testmeter.generalitat" name="Abril url i verificar capçalera_Fils:100;Rampup:65;Durada:20" time="0.053"/>
    <testcase classname="testmeter.generalitat" name="Abril url i verificar capçalera_Fils:100;Rampup:65;Durada:20" time="0.048"/>
    <testcase classname="testmeter.generalitat" name="Abril url i verificar capçalera_Fils:100;Rampup:65;Durada:20" time="0.050"/>
    <testcase classname="testmeter.generalitat" name="Abril url i verificar capçalera_Fils:100;Rampup:65;Durada:20" time="0.149"/>
    <testcase classname="testmeter.generalitat" name="TestNegatiu_Abril url i verificar capçalera_Fils:100;Rampup:65;Durada:20" time="0.030">
        <failure message="Not Found">Test failed: text expected to contain /Model de Qualitat de Solucions/</failure>
    </testcase>
    <testcase classname="testmeter.generalitat" name="TestNegatiu_Abril url i verificar capçalera_Fils:100;Rampup:65;Durada:20" time="0.026">
        <failure message="Not Found">Test failed: text expected to contain /Model de Qualitat de Solucions/</failure>
    </testcase>
    <testcase classname="testmeter.generalitat" name="Abril url i verificar capçalera_Fils:100;Rampup:65;Durada:20" time="0.044"/>
    <testcase classname="testmeter.generalitat" name="TestNegatiu_Abril url i verificar capçalera_Fils:100;Rampup:65;Durada:20" time="0.030">
        <failure message="Not Found">Test failed: text expected to contain /Model de Qualitat de Solucions/</failure>
    </testcase>
    <testcase classname="testmeter.generalitat" name="Abril url i verificar capçalera_Fils:100;Rampup:65;Durada:20" time="0.071"/>
    <testcase classname="testmeter.generalitat" name="Abril url i verificar capçalera_Fils:100;Rampup:65;Durada:20" time="0.025"/>
    <testcase classname="testmeter.generalitat" name="Abril url i verificar capçalera_Fils:100;Rampup:65;Durada:20" time="0.027"/>
    <testcase classname="testmeter.generalitat" name="TestNegatiu_Abril url i verificar capçalera_Fils:100;Rampup:65;Durada:20" time="0.035">
        <failure message="Not Found">Test failed: text expected to contain /Model de Qualitat de Solucions/</failure>
    </testcase>
    <testcase classname="testmeter.generalitat" name="TestNegatiu_Abril url i verificar capçalera_Fils:100;Rampup:65;Durada:20" time="0.027">
        <failure message="Not Found">Test failed: text expected to contain /Model de Qualitat de Solucions/</failure>
    </testcase>
    <testcase classname="testmeter.generalitat" name="TestNegatiu_Abril url i verificar capçalera_Fils:100;Rampup:65;Durada:20" time="0.030">
        <failure message="Not Found">Test failed: text expected to contain /Model de Qualitat de Solucions/</failure>
    </testcase>
    <testcase classname="testmeter.generalitat" name="TestNegatiu_Abril url i verificar capçalera_Fils:100;Rampup:65;Durada:20" time="0.030">
        <failure message="Not Found">Test failed: text expected to contain /Model de Qualitat de Solucions/</failure>
    </testcase>
    <testcase classname="testmeter.generalitat" name="Abril url i verificar capçalera_Fils:100;Rampup:65;Durada:20" time="0.028"/>
    <testcase classname="testmeter.generalitat" name="Abril url i verificar capçalera_Fils:100;Rampup:65;Durada:20" time="0.031"/>
    <testcase classname="testmeter.generalitat" name="TestNegatiu_Abril url i verificar capçalera_Fils:100;Rampup:65;Durada:20" time="0.025">
        <failure message="Not Found">Test failed: text expected to contain /Model de Qualitat de Solucions/</failure>
    </testcase>
    <testcase classname="testmeter.generalitat" name="TestNegatiu_Abril url i verificar capçalera_Fils:100;Rampup:65;Durada:20" time="0.026">
        <failure message="Not Found">Test failed: text expected to contain /Model de Qualitat de Solucions/</failure>
    </testcase>
    <testcase classname="testmeter.generalitat" name="Abril url i verificar capçalera_Fils:100;Rampup:65;Durada:20" time="0.031"/>
    <testcase classname="testmeter.generalitat" name="TestNegatiu_Abril url i verificar capçalera_Fils:100;Rampup:65;Durada:20" time="0.031">
        <failure message="Not Found">Test failed: text expected to contain /Model de Qualitat de Solucions/</failure>
    </testcase>
    <testcase classname="testmeter.generalitat" name="TestNegatiu_Abril url i verificar capçalera_Fils:100;Rampup:65;Durada:20" time="0.025">
        <failure message="Not Found">Test failed: text expected to contain /Model de Qualitat de Solucions/</failure>
    </testcase>
    <testcase classname="testmeter.generalitat" name="Abril url i verificar capçalera_Fils:100;Rampup:65;Durada:20" time="0.031"/>
    <testcase classname="testmeter.generalitat" name="Abril url i verificar capçalera_Fils:100;Rampup:65;Durada:20" time="0.027"/>
    <testcase classname="testmeter.generalitat" name="Abril url i verificar capçalera_Fils:100;Rampup:65;Durada:20" time="0.031"/>
    <testcase classname="testmeter.generalitat" name="TestNegatiu_Abril url i verificar capçalera_Fils:100;Rampup:65;Durada:20" time="0.022">
        <failure message="Not Found">Test failed: text expected to contain /Model de Qualitat de Solucions/</failure>
    </testcase>
    <testcase classname="testmeter.generalitat" name="TestNegatiu_Abril url i verificar capçalera_Fils:100;Rampup:65;Durada:20" time="0.023">
        <failure message="Not Found">Test failed: text expected to contain /Model de Qualitat de Solucions/</failure>
    </testcase>
    <testcase classname="testmeter.generalitat" name="Abril url i verificar capçalera_Fils:100;Rampup:65;Durada:20" time="0.131"/>
    <testcase classname="testmeter.generalitat" name="Abril url i verificar capçalera_Fils:100;Rampup:65;Durada:20" time="0.092"/>
    <testcase classname="testmeter.generalitat" name="Abril url i verificar capçalera_Fils:100;Rampup:65;Durada:20" time="0.031"/>
    <testcase classname="testmeter.generalitat" name="Abril url i verificar capçalera_Fils:100;Rampup:65;Durada:20" time="0.047"/>
    <testcase classname="testmeter.generalitat" name="Abril url i verificar capçalera_Fils:100;Rampup:65;Durada:20" time="0.094"/>
    <testcase classname="testmeter.generalitat" name="Abril url i verificar capçalera_Fils:100;Rampup:65;Durada:20" time="0.028"/>
    <testcase classname="testmeter.generalitat" name="TestNegatiu_Abril url i verificar capçalera_Fils:100;Rampup:65;Durada:20" time="0.026">
        <failure message="Not Found">Test failed: text expected to contain /Model de Qualitat de Solucions/</failure>
    </testcase>
    <testcase classname="testmeter.generalitat" name="Abril url i verificar capçalera_Fils:100;Rampup:65;Durada:20" time="0.047"/>
    <testcase classname="testmeter.generalitat" name="Abril url i verificar capçalera_Fils:100;Rampup:65;Durada:20" time="0.030"/>
    <testcase classname="testmeter.generalitat" name="Abril url i verificar capçalera_Fils:100;Rampup:65;Durada:20" time="0.028"/>
    <testcase classname="testmeter.generalitat" name="TestNegatiu_Abril url i verificar capçalera_Fils:100;Rampup:65;Durada:20" time="0.022">
        <failure message="Not Found">Test failed: text expected to contain /Model de Qualitat de Solucions/</failure>
    </testcase>
    <testcase classname="testmeter.generalitat" name="TestNegatiu_Abril url i verificar capçalera_Fils:100;Rampup:65;Durada:20" time="0.028">
        <failure message="Not Found">Test failed: text expected to contain /Model de Qualitat de Solucions/</failure>
    </testcase>
    <testcase classname="testmeter.generalitat" name="TestNegatiu_Abril url i verificar capçalera_Fils:100;Rampup:65;Durada:20" time="0.028">
        <failure message="Not Found">Test failed: text expected to contain /Model de Qualitat de Solucions/</failure>
    </testcase>
    <testcase classname="testmeter.generalitat" name="TestNegatiu_Abril url i verificar capçalera_Fils:100;Rampup:65;Durada:20" time="0.025">
        <failure message="Not Found">Test failed: text expected to contain /Model de Qualitat de Solucions/</failure>
    </testcase>
    <testcase classname="testmeter.generalitat" name="TestNegatiu_Abril url i verificar capçalera_Fils:100;Rampup:65;Durada:20" time="0.026">
        <failure message="Not Found">Test failed: text expected to contain /Model de Qualitat de Solucions/</failure>
    </testcase>
    <testcase classname="testmeter.generalitat" name="TestNegatiu_Abril url i verificar capçalera_Fils:100;Rampup:65;Durada:20" time="0.026">
        <failure message="Not Found">Test failed: text expected to contain /Model de Qualitat de Solucions/</failure>
    </testcase>
    <testcase classname="testmeter.generalitat" name="Abril url i verificar capçalera_Fils:100;Rampup:65;Durada:20" time="0.042"/>
    <testcase classname="testmeter.generalitat" name="Abril url i verificar capçalera_Fils:100;Rampup:65;Durada:20" time="0.029"/>
    <testcase classname="testmeter.generalitat" name="Abril url i verificar capçalera_Fils:100;Rampup:65;Durada:20" time="0.023"/>
    <testcase classname="testmeter.generalitat" name="TestNegatiu_Abril url i verificar capçalera_Fils:100;Rampup:65;Durada:20" time="0.027">
        <failure message="Not Found">Test failed: text expected to contain /Model de Qualitat de Solucions/</failure>
    </testcase>
    <testcase classname="testmeter.generalitat" name="TestNegatiu_Abril url i verificar capçalera_Fils:100;Rampup:65;Durada:20" time="0.026">
        <failure message="Not Found">Test failed: text expected to contain /Model de Qualitat de Solucions/</failure>
    </testcase>
    <testcase classname="testmeter.generalitat" name="TestNegatiu_Abril url i verificar capçalera_Fils:100;Rampup:65;Durada:20" time="0.030">
        <failure message="Not Found">Test failed: text expected to contain /Model de Qualitat de Solucions/</failure>
    </testcase>
    <testcase classname="testmeter.generalitat" name="TestNegatiu_Abril url i verificar capçalera_Fils:100;Rampup:65;Durada:20" time="0.025">
        <failure message="Not Found">Test failed: text expected to contain /Model de Qualitat de Solucions/</failure>
    </testcase>
    <testcase classname="testmeter.generalitat" name="Abril url i verificar capçalera_Fils:100;Rampup:65;Durada:20" time="0.074"/>
    <testcase classname="testmeter.generalitat" name="Abril url i verificar capçalera_Fils:100;Rampup:65;Durada:20" time="0.026"/>
    <testcase classname="testmeter.generalitat" name="Abril url i verificar capçalera_Fils:100;Rampup:65;Durada:20" time="0.099"/>
    <testcase classname="testmeter.generalitat" name="Abril url i verificar capçalera_Fils:100;Rampup:65;Durada:20" time="0.046"/>
    <testcase classname="testmeter.generalitat" name="TestNegatiu_Abril url i verificar capçalera_Fils:100;Rampup:65;Durada:20" time="0.025">
        <failure message="Not Found">Test failed: text expected to contain /Model de Qualitat de Solucions/</failure>
    </testcase>
    <testcase classname="testmeter.generalitat" name="TestNegatiu_Abril url i verificar capçalera_Fils:100;Rampup:65;Durada:20" time="0.027">
        <failure message="Not Found">Test failed: text expected to contain /Model de Qualitat de Solucions/</failure>
    </testcase>
    <testcase classname="testmeter.generalitat" name="TestNegatiu_Abril url i verificar capçalera_Fils:100;Rampup:65;Durada:20" time="0.071">
        <failure message="Not Found">Test failed: text expected to contain /Model de Qualitat de Solucions/</failure>
    </testcase>
    <testcase classname="testmeter.generalitat" name="Abril url i verificar capçalera_Fils:100;Rampup:65;Durada:20" time="0.026"/>
    <testcase classname="testmeter.generalitat" name="Abril url i verificar capçalera_Fils:100;Rampup:65;Durada:20" time="0.047"/>
    <testcase classname="testmeter.generalitat" name="Abril url i verificar capçalera_Fils:100;Rampup:65;Durada:20" time="0.044"/>
    <testcase classname="testmeter.generalitat" name="Abril url i verificar capçalera_Fils:100;Rampup:65;Durada:20" time="0.025"/>
    <testcase classname="testmeter.generalitat" name="Abril url i verificar capçalera_Fils:100;Rampup:65;Durada:20" time="0.024"/>
    <testcase classname="testmeter.generalitat" name="TestNegatiu_Abril url i verificar capçalera_Fils:100;Rampup:65;Durada:20" time="0.047">
        <failure message="Not Found">Test failed: text expected to contain /Model de Qualitat de Solucions/</failure>
    </testcase>
    <testcase classname="testmeter.generalitat" name="Abril url i verificar capçalera_Fils:100;Rampup:65;Durada:20" time="0.052"/>
    <testcase classname="testmeter.generalitat" name="Abril url i verificar capçalera_Fils:100;Rampup:65;Durada:20" time="0.026"/>
    <testcase classname="testmeter.generalitat" name="Abril url i verificar capçalera_Fils:100;Rampup:65;Durada:20" time="0.068"/>
    <testcase classname="testmeter.generalitat" name="Abril url i verificar capçalera_Fils:100;Rampup:65;Durada:20" time="0.028"/>
    <testcase classname="testmeter.generalitat" name="TestNegatiu_Abril url i verificar capçalera_Fils:100;Rampup:65;Durada:20" time="0.026">
        <failure message="Not Found">Test failed: text expected to contain /Model de Qualitat de Solucions/</failure>
    </testcase>
    <testcase classname="testmeter.generalitat" name="Abril url i verificar capçalera_Fils:100;Rampup:65;Durada:20" time="0.025"/>
    <testcase classname="testmeter.generalitat" name="Abril url i verificar capçalera_Fils:100;Rampup:65;Durada:20" time="0.037"/>
    <testcase classname="testmeter.generalitat" name="TestNegatiu_Abril url i verificar capçalera_Fils:100;Rampup:65;Durada:20" time="0.059">
        <failure message="Not Found">Test failed: text expected to contain /Model de Qualitat de Solucions/</failure>
    </testcase>
    <testcase classname="testmeter.generalitat" name="TestNegatiu_Abril url i verificar capçalera_Fils:100;Rampup:65;Durada:20" time="0.035">
        <failure message="Not Found">Test failed: text expected to contain /Model de Qualitat de Solucions/</failure>
    </testcase>
    <testcase classname="testmeter.generalitat" name="TestNegatiu_Abril url i verificar capçalera_Fils:100;Rampup:65;Durada:20" time="0.030">
        <failure message="Not Found">Test failed: text expected to contain /Model de Qualitat de Solucions/</failure>
    </testcase>
    <testcase classname="testmeter.generalitat" name="TestNegatiu_Abril url i verificar capçalera_Fils:100;Rampup:65;Durada:20" time="0.032">
        <failure message="Not Found">Test failed: text expected to contain /Model de Qualitat de Solucions/</failure>
    </testcase>
    <testcase classname="testmeter.generalitat" name="Abril url i verificar capçalera_Fils:100;Rampup:65;Durada:20" time="0.028"/>
    <testcase classname="testmeter.generalitat" name="Abril url i verificar capçalera_Fils:100;Rampup:65;Durada:20" time="0.056"/>
    <testcase classname="testmeter.generalitat" name="Abril url i verificar capçalera_Fils:100;Rampup:65;Durada:20" time="0.031"/>
    <testcase classname="testmeter.generalitat" name="Abril url i verificar capçalera_Fils:100;Rampup:65;Durada:20" time="0.027"/>
    <testcase classname="testmeter.generalitat" name="TestNegatiu_Abril url i verificar capçalera_Fils:100;Rampup:65;Durada:20" time="0.028">
        <failure message="Not Found">Test failed: text expected to contain /Model de Qualitat de Solucions/</failure>
    </testcase>
    <testcase classname="testmeter.generalitat" name="TestNegatiu_Abril url i verificar capçalera_Fils:100;Rampup:65;Durada:20" time="0.028">
        <failure message="Not Found">Test failed: text expected to contain /Model de Qualitat de Solucions/</failure>
    </testcase>
    <testcase classname="testmeter.generalitat" name="Abril url i verificar capçalera_Fils:100;Rampup:65;Durada:20" time="0.033"/>
    <testcase classname="testmeter.generalitat" name="TestNegatiu_Abril url i verificar capçalera_Fils:100;Rampup:65;Durada:20" time="0.040">
        <failure message="Not Found">Test failed: text expected to contain /Model de Qualitat de Solucions/</failure>
    </testcase>
    <testcase classname="testmeter.generalitat" name="TestNegatiu_Abril url i verificar capçalera_Fils:100;Rampup:65;Durada:20" time="0.025">
        <failure message="Not Found">Test failed: text expected to contain /Model de Qualitat de Solucions/</failure>
    </testcase>
    <testcase classname="testmeter.generalitat" name="TestNegatiu_Abril url i verificar capçalera_Fils:100;Rampup:65;Durada:20" time="0.026">
        <failure message="Not Found">Test failed: text expected to contain /Model de Qualitat de Solucions/</failure>
    </testcase>
    <testcase classname="testmeter.generalitat" name="TestNegatiu_Abril url i verificar capçalera_Fils:100;Rampup:65;Durada:20" time="0.036">
        <failure message="Not Found">Test failed: text expected to contain /Model de Qualitat de Solucions/</failure>
    </testcase>
    <testcase classname="testmeter.generalitat" name="TestNegatiu_Abril url i verificar capçalera_Fils:100;Rampup:65;Durada:20" time="0.066">
        <failure message="Not Found">Test failed: text expected to contain /Model de Qualitat de Solucions/</failure>
    </testcase>
    <testcase classname="testmeter.generalitat" name="TestNegatiu_Abril url i verificar capçalera_Fils:100;Rampup:65;Durada:20" time="0.022">
        <failure message="Not Found">Test failed: text expected to contain /Model de Qualitat de Solucions/</failure>
    </testcase>
    <testcase classname="testmeter.generalitat" name="Abril url i verificar capçalera_Fils:100;Rampup:65;Durada:20" time="0.041"/>
    <testcase classname="testmeter.generalitat" name="TestNegatiu_Abril url i verificar capçalera_Fils:100;Rampup:65;Durada:20" time="0.024">
        <failure message="Not Found">Test failed: text expected to contain /Model de Qualitat de Solucions/</failure>
    </testcase>
    <testcase classname="testmeter.generalitat" name="TestNegatiu_Abril url i verificar capçalera_Fils:100;Rampup:65;Durada:20" time="0.026">
        <failure message="Not Found">Test failed: text expected to contain /Model de Qualitat de Solucions/</failure>
    </testcase>
    <testcase classname="testmeter.generalitat" name="TestNegatiu_Abril url i verificar capçalera_Fils:100;Rampup:65;Durada:20" time="0.026">
        <failure message="Not Found">Test failed: text expected to contain /Model de Qualitat de Solucions/</failure>
    </testcase>
    <testcase classname="testmeter.generalitat" name="Abril url i verificar capçalera_Fils:100;Rampup:65;Durada:20" time="0.025"/>
    <testcase classname="testmeter.generalitat" name="TestNegatiu_Abril url i verificar capçalera_Fils:100;Rampup:65;Durada:20" time="0.023">
        <failure message="Not Found">Test failed: text expected to contain /Model de Qualitat de Solucions/</failure>
    </testcase>
    <testcase classname="testmeter.generalitat" name="TestNegatiu_Abril url i verificar capçalera_Fils:100;Rampup:65;Durada:20" time="0.052">
        <failure message="Not Found">Test failed: text expected to contain /Model de Qualitat de Solucions/</failure>
    </testcase>
    <testcase classname="testmeter.generalitat" name="TestNegatiu_Abril url i verificar capçalera_Fils:100;Rampup:65;Durada:20" time="0.026">
        <failure message="Not Found">Test failed: text expected to contain /Model de Qualitat de Solucions/</failure>
    </testcase>
    <testcase classname="testmeter.generalitat" name="TestNegatiu_Abril url i verificar capçalera_Fils:100;Rampup:65;Durada:20" time="0.026">
        <failure message="Not Found">Test failed: text expected to contain /Model de Qualitat de Solucions/</failure>
    </testcase>
    <testcase classname="testmeter.generalitat" name="TestNegatiu_Abril url i verificar capçalera_Fils:100;Rampup:65;Durada:20" time="0.026">
        <failure message="Not Found">Test failed: text expected to contain /Model de Qualitat de Solucions/</failure>
    </testcase>
    <testcase classname="testmeter.generalitat" name="Abril url i verificar capçalera_Fils:100;Rampup:65;Durada:20" time="0.026"/>
    <testcase classname="testmeter.generalitat" name="Abril url i verificar capçalera_Fils:100;Rampup:65;Durada:20" time="0.025"/>
    <testcase classname="testmeter.generalitat" name="TestNegatiu_Abril url i verificar capçalera_Fils:100;Rampup:65;Durada:20" time="0.026">
        <failure message="Not Found">Test failed: text expected to contain /Model de Qualitat de Solucions/</failure>
    </testcase>
    <testcase classname="testmeter.generalitat" name="TestNegatiu_Abril url i verificar capçalera_Fils:100;Rampup:65;Durada:20" time="0.035">
        <failure message="Not Found">Test failed: text expected to contain /Model de Qualitat de Solucions/</failure>
    </testcase>
    <testcase classname="testmeter.generalitat" name="TestNegatiu_Abril url i verificar capçalera_Fils:100;Rampup:65;Durada:20" time="0.037">
        <failure message="Not Found">Test failed: text expected to contain /Model de Qualitat de Solucions/</failure>
    </testcase>
    <testcase classname="testmeter.generalitat" name="TestNegatiu_Abril url i verificar capçalera_Fils:100;Rampup:65;Durada:20" time="0.038">
        <failure message="Not Found">Test failed: text expected to contain /Model de Qualitat de Solucions/</failure>
    </testcase>
    <testcase classname="testmeter.generalitat" name="TestNegatiu_Abril url i verificar capçalera_Fils:100;Rampup:65;Durada:20" time="0.024">
        <failure message="Not Found">Test failed: text expected to contain /Model de Qualitat de Solucions/</failure>
    </testcase>
    <testcase classname="testmeter.generalitat" name="Abril url i verificar capçalera_Fils:100;Rampup:65;Durada:20" time="0.031"/>
    <testcase classname="testmeter.generalitat" name="Abril url i verificar capçalera_Fils:100;Rampup:65;Durada:20" time="0.028"/>
    <testcase classname="testmeter.generalitat" name="Abril url i verificar capçalera_Fils:100;Rampup:65;Durada:20" time="0.034"/>
    <testcase classname="testmeter.generalitat" name="TestNegatiu_Abril url i verificar capçalera_Fils:100;Rampup:65;Durada:20" time="0.061">
        <failure message="Not Found">Test failed: text expected to contain /Model de Qualitat de Solucions/</failure>
    </testcase>
    <testcase classname="testmeter.generalitat" name="Abril url i verificar capçalera_Fils:100;Rampup:65;Durada:20" time="0.041"/>
    <testcase classname="testmeter.generalitat" name="Abril url i verificar capçalera_Fils:100;Rampup:65;Durada:20" time="0.025"/>
    <testcase classname="testmeter.generalitat" name="Abril url i verificar capçalera_Fils:100;Rampup:65;Durada:20" time="0.049"/>
    <testcase classname="testmeter.generalitat" name="Abril url i verificar capçalera_Fils:100;Rampup:65;Durada:20" time="0.027"/>
    <testcase classname="testmeter.generalitat" name="Abril url i verificar capçalera_Fils:100;Rampup:65;Durada:20" time="0.054"/>
    <testcase classname="testmeter.generalitat" name="TestNegatiu_Abril url i verificar capçalera_Fils:100;Rampup:65;Durada:20" time="0.027">
        <failure message="Not Found">Test failed: text expected to contain /Model de Qualitat de Solucions/</failure>
    </testcase>
    <testcase classname="testmeter.generalitat" name="TestNegatiu_Abril url i verificar capçalera_Fils:100;Rampup:65;Durada:20" time="0.028">
        <failure message="Not Found">Test failed: text expected to contain /Model de Qualitat de Solucions/</failure>
    </testcase>
    <testcase classname="testmeter.generalitat" name="Abril url i verificar capçalera_Fils:100;Rampup:65;Durada:20" time="0.029"/>
    <testcase classname="testmeter.generalitat" name="Abril url i verificar capçalera_Fils:100;Rampup:65;Durada:20" time="0.032"/>
    <testcase classname="testmeter.generalitat" name="Abril url i verificar capçalera_Fils:100;Rampup:65;Durada:20" time="0.055"/>
    <testcase classname="testmeter.generalitat" name="TestNegatiu_Abril url i verificar capçalera_Fils:100;Rampup:65;Durada:20" time="0.023">
        <failure message="Not Found">Test failed: text expected to contain /Model de Qualitat de Solucions/</failure>
    </testcase>
    <testcase classname="testmeter.generalitat" name="TestNegatiu_Abril url i verificar capçalera_Fils:100;Rampup:65;Durada:20" time="0.026">
        <failure message="Not Found">Test failed: text expected to contain /Model de Qualitat de Solucions/</failure>
    </testcase>
    <testcase classname="testmeter.generalitat" name="TestNegatiu_Abril url i verificar capçalera_Fils:100;Rampup:65;Durada:20" time="0.022">
        <failure message="Not Found">Test failed: text expected to contain /Model de Qualitat de Solucions/</failure>
    </testcase>
    <testcase classname="testmeter.generalitat" name="TestNegatiu_Abril url i verificar capçalera_Fils:100;Rampup:65;Durada:20" time="0.027">
        <failure message="Not Found">Test failed: text expected to contain /Model de Qualitat de Solucions/</failure>
    </testcase>
    <testcase classname="testmeter.generalitat" name="Abril url i verificar capçalera_Fils:100;Rampup:65;Durada:20" time="0.033"/>
    <testcase classname="testmeter.generalitat" name="Abril url i verificar capçalera_Fils:100;Rampup:65;Durada:20" time="0.034"/>
    <testcase classname="testmeter.generalitat" name="Abril url i verificar capçalera_Fils:100;Rampup:65;Durada:20" time="0.030"/>
    <testcase classname="testmeter.generalitat" name="Abril url i verificar capçalera_Fils:100;Rampup:65;Durada:20" time="0.073"/>
    <testcase classname="testmeter.generalitat" name="TestNegatiu_Abril url i verificar capçalera_Fils:100;Rampup:65;Durada:20" time="0.028">
        <failure message="Not Found">Test failed: text expected to contain /Model de Qualitat de Solucions/</failure>
    </testcase>
    <testcase classname="testmeter.generalitat" name="TestNegatiu_Abril url i verificar capçalera_Fils:100;Rampup:65;Durada:20" time="0.027">
        <failure message="Not Found">Test failed: text expected to contain /Model de Qualitat de Solucions/</failure>
    </testcase>
    <testcase classname="testmeter.generalitat" name="Abril url i verificar capçalera_Fils:100;Rampup:65;Durada:20" time="0.097"/>
    <testcase classname="testmeter.generalitat" name="TestNegatiu_Abril url i verificar capçalera_Fils:100;Rampup:65;Durada:20" time="0.032">
        <failure message="Not Found">Test failed: text expected to contain /Model de Qualitat de Solucions/</failure>
    </testcase>
    <testcase classname="testmeter.generalitat" name="TestNegatiu_Abril url i verificar capçalera_Fils:100;Rampup:65;Durada:20" time="0.032">
        <failure message="Not Found">Test failed: text expected to contain /Model de Qualitat de Solucions/</failure>
    </testcase>
    <testcase classname="testmeter.generalitat" name="TestNegatiu_Abril url i verificar capçalera_Fils:100;Rampup:65;Durada:20" time="0.023">
        <failure message="Not Found">Test failed: text expected to contain /Model de Qualitat de Solucions/</failure>
    </testcase>
    <testcase classname="testmeter.generalitat" name="Abril url i verificar capçalera_Fils:100;Rampup:65;Durada:20" time="0.053"/>
    <testcase classname="testmeter.generalitat" name="TestNegatiu_Abril url i verificar capçalera_Fils:100;Rampup:65;Durada:20" time="0.029">
        <failure message="Not Found">Test failed: text expected to contain /Model de Qualitat de Solucions/</failure>
    </testcase>
    <testcase classname="testmeter.generalitat" name="Abril url i verificar capçalera_Fils:100;Rampup:65;Durada:20" time="0.029"/>
    <testcase classname="testmeter.generalitat" name="Abril url i verificar capçalera_Fils:100;Rampup:65;Durada:20" time="0.025"/>
    <testcase classname="testmeter.generalitat" name="Abril url i verificar capçalera_Fils:100;Rampup:65;Durada:20" time="0.073"/>
    <testcase classname="testmeter.generalitat" name="Abril url i verificar capçalera_Fils:100;Rampup:65;Durada:20" time="0.057"/>
    <testcase classname="testmeter.generalitat" name="Abril url i verificar capçalera_Fils:100;Rampup:65;Durada:20" time="0.123"/>
    <testcase classname="testmeter.generalitat" name="Abril url i verificar capçalera_Fils:100;Rampup:65;Durada:20" time="0.102"/>
    <testcase classname="testmeter.generalitat" name="Abril url i verificar capçalera_Fils:100;Rampup:65;Durada:20" time="0.028"/>
    <testcase classname="testmeter.generalitat" name="Abril url i verificar capçalera_Fils:100;Rampup:65;Durada:20" time="0.031"/>
    <testcase classname="testmeter.generalitat" name="TestNegatiu_Abril url i verificar capçalera_Fils:100;Rampup:65;Durada:20" time="0.028">
        <failure message="Not Found">Test failed: text expected to contain /Model de Qualitat de Solucions/</failure>
    </testcase>
    <testcase classname="testmeter.generalitat" name="TestNegatiu_Abril url i verificar capçalera_Fils:100;Rampup:65;Durada:20" time="0.028">
        <failure message="Not Found">Test failed: text expected to contain /Model de Qualitat de Solucions/</failure>
    </testcase>
    <testcase classname="testmeter.generalitat" name="TestNegatiu_Abril url i verificar capçalera_Fils:100;Rampup:65;Durada:20" time="0.047">
        <failure message="Not Found">Test failed: text expected to contain /Model de Qualitat de Solucions/</failure>
    </testcase>
    <testcase classname="testmeter.generalitat" name="Abril url i verificar capçalera_Fils:100;Rampup:65;Durada:20" time="0.048"/>
    <testcase classname="testmeter.generalitat" name="TestNegatiu_Abril url i verificar capçalera_Fils:100;Rampup:65;Durada:20" time="0.028">
        <failure message="Not Found">Test failed: text expected to contain /Model de Qualitat de Solucions/</failure>
    </testcase>
    <testcase classname="testmeter.generalitat" name="TestNegatiu_Abril url i verificar capçalera_Fils:100;Rampup:65;Durada:20" time="0.029">
        <failure message="Not Found">Test failed: text expected to contain /Model de Qualitat de Solucions/</failure>
    </testcase>
    <testcase classname="testmeter.generalitat" name="Abril url i verificar capçalera_Fils:100;Rampup:65;Durada:20" time="0.027"/>
    <testcase classname="testmeter.generalitat" name="TestNegatiu_Abril url i verificar capçalera_Fils:100;Rampup:65;Durada:20" time="0.023">
        <failure message="Not Found">Test failed: text expected to contain /Model de Qualitat de Solucions/</failure>
    </testcase>
    <testcase classname="testmeter.generalitat" name="Abril url i verificar capçalera_Fils:100;Rampup:65;Durada:20" time="0.031"/>
    <testcase classname="testmeter.generalitat" name="TestNegatiu_Abril url i verificar capçalera_Fils:100;Rampup:65;Durada:20" time="0.026">
        <failure message="Not Found">Test failed: text expected to contain /Model de Qualitat de Solucions/</failure>
    </testcase>
    <testcase classname="testmeter.generalitat" name="TestNegatiu_Abril url i verificar capçalera_Fils:100;Rampup:65;Durada:20" time="0.024">
        <failure message="Not Found">Test failed: text expected to contain /Model de Qualitat de Solucions/</failure>
    </testcase>
    <testcase classname="testmeter.generalitat" name="Abril url i verificar capçalera_Fils:100;Rampup:65;Durada:20" time="0.027"/>
    <testcase classname="testmeter.generalitat" name="Abril url i verificar capçalera_Fils:100;Rampup:65;Durada:20" time="0.099"/>
    <testcase classname="testmeter.generalitat" name="Abril url i verificar capçalera_Fils:100;Rampup:65;Durada:20" time="0.033"/>
    <testcase classname="testmeter.generalitat" name="Abril url i verificar capçalera_Fils:100;Rampup:65;Durada:20" time="0.046"/>
    <testcase classname="testmeter.generalitat" name="TestNegatiu_Abril url i verificar capçalera_Fils:100;Rampup:65;Durada:20" time="0.028">
        <failure message="Not Found">Test failed: text expected to contain /Model de Qualitat de Solucions/</failure>
    </testcase>
    <testcase classname="testmeter.generalitat" name="TestNegatiu_Abril url i verificar capçalera_Fils:100;Rampup:65;Durada:20" time="0.027">
        <failure message="Not Found">Test failed: text expected to contain /Model de Qualitat de Solucions/</failure>
    </testcase>
    <testcase classname="testmeter.generalitat" name="TestNegatiu_Abril url i verificar capçalera_Fils:100;Rampup:65;Durada:20" time="0.024">
        <failure message="Not Found">Test failed: text expected to contain /Model de Qualitat de Solucions/</failure>
    </testcase>
    <testcase classname="testmeter.generalitat" name="Abril url i verificar capçalera_Fils:100;Rampup:65;Durada:20" time="0.049"/>
    <testcase classname="testmeter.generalitat" name="Abril url i verificar capçalera_Fils:100;Rampup:65;Durada:20" time="0.023"/>
    <testcase classname="testmeter.generalitat" name="TestNegatiu_Abril url i verificar capçalera_Fils:100;Rampup:65;Durada:20" time="0.037">
        <failure message="Not Found">Test failed: text expected to contain /Model de Qualitat de Solucions/</failure>
    </testcase>
    <testcase classname="testmeter.generalitat" name="TestNegatiu_Abril url i verificar capçalera_Fils:100;Rampup:65;Durada:20" time="0.027">
        <failure message="Not Found">Test failed: text expected to contain /Model de Qualitat de Solucions/</failure>
    </testcase>
    <testcase classname="testmeter.generalitat" name="TestNegatiu_Abril url i verificar capçalera_Fils:100;Rampup:65;Durada:20" time="0.056">
        <failure message="Not Found">Test failed: text expected to contain /Model de Qualitat de Solucions/</failure>
    </testcase>
    <testcase classname="testmeter.generalitat" name="TestNegatiu_Abril url i verificar capçalera_Fils:100;Rampup:65;Durada:20" time="0.033">
        <failure message="Not Found">Test failed: text expected to contain /Model de Qualitat de Solucions/</failure>
    </testcase>
    <testcase classname="testmeter.generalitat" name="Abril url i verificar capçalera_Fils:100;Rampup:65;Durada:20" time="0.029"/>
    <testcase classname="testmeter.generalitat" name="Abril url i verificar capçalera_Fils:100;Rampup:65;Durada:20" time="0.031"/>
    <testcase classname="testmeter.generalitat" name="Abril url i verificar capçalera_Fils:100;Rampup:65;Durada:20" time="0.052"/>
    <testcase classname="testmeter.generalitat" name="Abril url i verificar capçalera_Fils:100;Rampup:65;Durada:20" time="0.122"/>
    <testcase classname="testmeter.generalitat" name="TestNegatiu_Abril url i verificar capçalera_Fils:100;Rampup:65;Durada:20" time="0.029">
        <failure message="Not Found">Test failed: text expected to contain /Model de Qualitat de Solucions/</failure>
    </testcase>
    <testcase classname="testmeter.generalitat" name="TestNegatiu_Abril url i verificar capçalera_Fils:100;Rampup:65;Durada:20" time="0.047">
        <failure message="Not Found">Test failed: text expected to contain /Model de Qualitat de Solucions/</failure>
    </testcase>
    <testcase classname="testmeter.generalitat" name="TestNegatiu_Abril url i verificar capçalera_Fils:100;Rampup:65;Durada:20" time="0.024">
        <failure message="Not Found">Test failed: text expected to contain /Model de Qualitat de Solucions/</failure>
    </testcase>
    <testcase classname="testmeter.generalitat" name="TestNegatiu_Abril url i verificar capçalera_Fils:100;Rampup:65;Durada:20" time="0.025">
        <failure message="Not Found">Test failed: text expected to contain /Model de Qualitat de Solucions/</failure>
    </testcase>
    <testcase classname="testmeter.generalitat" name="TestNegatiu_Abril url i verificar capçalera_Fils:100;Rampup:65;Durada:20" time="0.025">
        <failure message="Not Found">Test failed: text expected to contain /Model de Qualitat de Solucions/</failure>
    </testcase>
    <testcase classname="testmeter.generalitat" name="Abril url i verificar capçalera_Fils:100;Rampup:65;Durada:20" time="0.136"/>
    <testcase classname="testmeter.generalitat" name="Abril url i verificar capçalera_Fils:100;Rampup:65;Durada:20" time="0.135"/>
    <testcase classname="testmeter.generalitat" name="Abril url i verificar capçalera_Fils:100;Rampup:65;Durada:20" time="0.026"/>
    <testcase classname="testmeter.generalitat" name="Abril url i verificar capçalera_Fils:100;Rampup:65;Durada:20" time="0.025"/>
    <testcase classname="testmeter.generalitat" name="TestNegatiu_Abril url i verificar capçalera_Fils:100;Rampup:65;Durada:20" time="0.052">
        <failure message="Not Found">Test failed: text expected to contain /Model de Qualitat de Solucions/</failure>
    </testcase>
    <testcase classname="testmeter.generalitat" name="TestNegatiu_Abril url i verificar capçalera_Fils:100;Rampup:65;Durada:20" time="0.025">
        <failure message="Not Found">Test failed: text expected to contain /Model de Qualitat de Solucions/</failure>
    </testcase>
    <testcase classname="testmeter.generalitat" name="TestNegatiu_Abril url i verificar capçalera_Fils:100;Rampup:65;Durada:20" time="0.025">
        <failure message="Not Found">Test failed: text expected to contain /Model de Qualitat de Solucions/</failure>
    </testcase>
    <testcase classname="testmeter.generalitat" name="Abril url i verificar capçalera_Fils:100;Rampup:65;Durada:20" time="0.028"/>
    <testcase classname="testmeter.generalitat" name="Abril url i verificar capçalera_Fils:100;Rampup:65;Durada:20" time="0.051"/>
    <testcase classname="testmeter.generalitat" name="Abril url i verificar capçalera_Fils:100;Rampup:65;Durada:20" time="0.110"/>
    <testcase classname="testmeter.generalitat" name="Abril url i verificar capçalera_Fils:100;Rampup:65;Durada:20" time="0.046"/>
    <testcase classname="testmeter.generalitat" name="Abril url i verificar capçalera_Fils:100;Rampup:65;Durada:20" time="0.025"/>
    <testcase classname="testmeter.generalitat" name="TestNegatiu_Abril url i verificar capçalera_Fils:100;Rampup:65;Durada:20" time="0.027">
        <failure message="Not Found">Test failed: text expected to contain /Model de Qualitat de Solucions/</failure>
    </testcase>
    <testcase classname="testmeter.generalitat" name="TestNegatiu_Abril url i verificar capçalera_Fils:100;Rampup:65;Durada:20" time="0.027">
        <failure message="Not Found">Test failed: text expected to contain /Model de Qualitat de Solucions/</failure>
    </testcase>
    <testcase classname="testmeter.generalitat" name="TestNegatiu_Abril url i verificar capçalera_Fils:100;Rampup:65;Durada:20" time="0.049">
        <failure message="Not Found">Test failed: text expected to contain /Model de Qualitat de Solucions/</failure>
    </testcase>
    <testcase classname="testmeter.generalitat" name="TestNegatiu_Abril url i verificar capçalera_Fils:100;Rampup:65;Durada:20" time="0.024">
        <failure message="Not Found">Test failed: text expected to contain /Model de Qualitat de Solucions/</failure>
    </testcase>
    <testcase classname="testmeter.generalitat" name="TestNegatiu_Abril url i verificar capçalera_Fils:100;Rampup:65;Durada:20" time="0.028">
        <failure message="Not Found">Test failed: text expected to contain /Model de Qualitat de Solucions/</failure>
    </testcase>
    <testcase classname="testmeter.generalitat" name="Abril url i verificar capçalera_Fils:100;Rampup:65;Durada:20" time="0.041"/>
    <testcase classname="testmeter.generalitat" name="TestNegatiu_Abril url i verificar capçalera_Fils:100;Rampup:65;Durada:20" time="0.026">
        <failure message="Not Found">Test failed: text expected to contain /Model de Qualitat de Solucions/</failure>
    </testcase>
    <testcase classname="testmeter.generalitat" name="TestNegatiu_Abril url i verificar capçalera_Fils:100;Rampup:65;Durada:20" time="0.031">
        <failure message="Not Found">Test failed: text expected to contain /Model de Qualitat de Solucions/</failure>
    </testcase>
    <testcase classname="testmeter.generalitat" name="Abril url i verificar capçalera_Fils:100;Rampup:65;Durada:20" time="0.030"/>
    <testcase classname="testmeter.generalitat" name="TestNegatiu_Abril url i verificar capçalera_Fils:100;Rampup:65;Durada:20" time="0.031">
        <failure message="Not Found">Test failed: text expected to contain /Model de Qualitat de Solucions/</failure>
    </testcase>
    <testcase classname="testmeter.generalitat" name="Abril url i verificar capçalera_Fils:100;Rampup:65;Durada:20" time="0.033"/>
    <testcase classname="testmeter.generalitat" name="Abril url i verificar capçalera_Fils:100;Rampup:65;Durada:20" time="0.072"/>
    <testcase classname="testmeter.generalitat" name="Abril url i verificar capçalera_Fils:100;Rampup:65;Durada:20" time="0.033"/>
    <testcase classname="testmeter.generalitat" name="Abril url i verificar capçalera_Fils:100;Rampup:65;Durada:20" time="0.023"/>
    <testcase classname="testmeter.generalitat" name="TestNegatiu_Abril url i verificar capçalera_Fils:100;Rampup:65;Durada:20" time="0.023">
        <failure message="Not Found">Test failed: text expected to contain /Model de Qualitat de Solucions/</failure>
    </testcase>
    <testcase classname="testmeter.generalitat" name="TestNegatiu_Abril url i verificar capçalera_Fils:100;Rampup:65;Durada:20" time="0.024">
        <failure message="Not Found">Test failed: text expected to contain /Model de Qualitat de Solucions/</failure>
    </testcase>
    <testcase classname="testmeter.generalitat" name="Abril url i verificar capçalera_Fils:100;Rampup:65;Durada:20" time="0.050"/>
    <testcase classname="testmeter.generalitat" name="TestNegatiu_Abril url i verificar capçalera_Fils:100;Rampup:65;Durada:20" time="0.023">
        <failure message="Not Found">Test failed: text expected to contain /Model de Qualitat de Solucions/</failure>
    </testcase>
    <testcase classname="testmeter.generalitat" name="TestNegatiu_Abril url i verificar capçalera_Fils:100;Rampup:65;Durada:20" time="0.028">
        <failure message="Not Found">Test failed: text expected to contain /Model de Qualitat de Solucions/</failure>
    </testcase>
    <testcase classname="testmeter.generalitat" name="Abril url i verificar capçalera_Fils:100;Rampup:65;Durada:20" time="0.067"/>
    <testcase classname="testmeter.generalitat" name="TestNegatiu_Abril url i verificar capçalera_Fils:100;Rampup:65;Durada:20" time="0.022">
        <failure message="Not Found">Test failed: text expected to contain /Model de Qualitat de Solucions/</failure>
    </testcase>
    <testcase classname="testmeter.generalitat" name="Abril url i verificar capçalera_Fils:100;Rampup:65;Durada:20" time="0.049"/>
    <testcase classname="testmeter.generalitat" name="Abril url i verificar capçalera_Fils:100;Rampup:65;Durada:20" time="0.029"/>
    <testcase classname="testmeter.generalitat" name="Abril url i verificar capçalera_Fils:100;Rampup:65;Durada:20" time="0.027"/>
    <testcase classname="testmeter.generalitat" name="Abril url i verificar capçalera_Fils:100;Rampup:65;Durada:20" time="0.025"/>
    <testcase classname="testmeter.generalitat" name="Abril url i verificar capçalera_Fils:100;Rampup:65;Durada:20" time="0.025"/>
    <testcase classname="testmeter.generalitat" name="TestNegatiu_Abril url i verificar capçalera_Fils:100;Rampup:65;Durada:20" time="0.022">
        <failure message="Not Found">Test failed: text expected to contain /Model de Qualitat de Solucions/</failure>
    </testcase>
    <testcase classname="testmeter.generalitat" name="TestNegatiu_Abril url i verificar capçalera_Fils:100;Rampup:65;Durada:20" time="0.025">
        <failure message="Not Found">Test failed: text expected to contain /Model de Qualitat de Solucions/</failure>
    </testcase>
    <testcase classname="testmeter.generalitat" name="Abril url i verificar capçalera_Fils:100;Rampup:65;Durada:20" time="0.045"/>
    <testcase classname="testmeter.generalitat" name="Abril url i verificar capçalera_Fils:100;Rampup:65;Durada:20" time="0.034"/>
    <testcase classname="testmeter.generalitat" name="TestNegatiu_Abril url i verificar capçalera_Fils:100;Rampup:65;Durada:20" time="0.029">
        <failure message="Not Found">Test failed: text expected to contain /Model de Qualitat de Solucions/</failure>
    </testcase>
    <testcase classname="testmeter.generalitat" name="TestNegatiu_Abril url i verificar capçalera_Fils:100;Rampup:65;Durada:20" time="0.027">
        <failure message="Not Found">Test failed: text expected to contain /Model de Qualitat de Solucions/</failure>
    </testcase>
    <testcase classname="testmeter.generalitat" name="TestNegatiu_Abril url i verificar capçalera_Fils:100;Rampup:65;Durada:20" time="0.048">
        <failure message="Not Found">Test failed: text expected to contain /Model de Qualitat de Solucions/</failure>
    </testcase>
    <testcase classname="testmeter.generalitat" name="Abril url i verificar capçalera_Fils:100;Rampup:65;Durada:20" time="0.026"/>
    <testcase classname="testmeter.generalitat" name="Abril url i verificar capçalera_Fils:100;Rampup:65;Durada:20" time="0.026"/>
    <testcase classname="testmeter.generalitat" name="Abril url i verificar capçalera_Fils:100;Rampup:65;Durada:20" time="0.037"/>
    <testcase classname="testmeter.generalitat" name="TestNegatiu_Abril url i verificar capçalera_Fils:100;Rampup:65;Durada:20" time="0.032">
        <failure message="Not Found">Test failed: text expected to contain /Model de Qualitat de Solucions/</failure>
    </testcase>
    <testcase classname="testmeter.generalitat" name="TestNegatiu_Abril url i verificar capçalera_Fils:100;Rampup:65;Durada:20" time="0.073">
        <failure message="Not Found">Test failed: text expected to contain /Model de Qualitat de Solucions/</failure>
    </testcase>
    <testcase classname="testmeter.generalitat" name="TestNegatiu_Abril url i verificar capçalera_Fils:100;Rampup:65;Durada:20" time="0.028">
        <failure message="Not Found">Test failed: text expected to contain /Model de Qualitat de Solucions/</failure>
    </testcase>
    <testcase classname="testmeter.generalitat" name="Abril url i verificar capçalera_Fils:100;Rampup:65;Durada:20" time="0.047"/>
    <testcase classname="testmeter.generalitat" name="TestNegatiu_Abril url i verificar capçalera_Fils:100;Rampup:65;Durada:20" time="0.022">
        <failure message="Not Found">Test failed: text expected to contain /Model de Qualitat de Solucions/</failure>
    </testcase>
    <testcase classname="testmeter.generalitat" name="TestNegatiu_Abril url i verificar capçalera_Fils:100;Rampup:65;Durada:20" time="0.023">
        <failure message="Not Found">Test failed: text expected to contain /Model de Qualitat de Solucions/</failure>
    </testcase>
    <testcase classname="testmeter.generalitat" name="TestNegatiu_Abril url i verificar capçalera_Fils:100;Rampup:65;Durada:20" time="0.029">
        <failure message="Not Found">Test failed: text expected to contain /Model de Qualitat de Solucions/</failure>
    </testcase>
    <testcase classname="testmeter.generalitat" name="Abril url i verificar capçalera_Fils:100;Rampup:65;Durada:20" time="0.090"/>
    <testcase classname="testmeter.generalitat" name="TestNegatiu_Abril url i verificar capçalera_Fils:100;Rampup:65;Durada:20" time="0.032">
        <failure message="Not Found">Test failed: text expected to contain /Model de Qualitat de Solucions/</failure>
    </testcase>
    <testcase classname="testmeter.generalitat" name="TestNegatiu_Abril url i verificar capçalera_Fils:100;Rampup:65;Durada:20" time="0.027">
        <failure message="Not Found">Test failed: text expected to contain /Model de Qualitat de Solucions/</failure>
    </testcase>
    <testcase classname="testmeter.generalitat" name="Abril url i verificar capçalera_Fils:100;Rampup:65;Durada:20" time="0.042"/>
    <testcase classname="testmeter.generalitat" name="TestNegatiu_Abril url i verificar capçalera_Fils:100;Rampup:65;Durada:20" time="0.024">
        <failure message="Not Found">Test failed: text expected to contain /Model de Qualitat de Solucions/</failure>
    </testcase>
    <testcase classname="testmeter.generalitat" name="Abril url i verificar capçalera_Fils:100;Rampup:65;Durada:20" time="0.024"/>
    <testcase classname="testmeter.generalitat" name="TestNegatiu_Abril url i verificar capçalera_Fils:100;Rampup:65;Durada:20" time="0.030">
        <failure message="Not Found">Test failed: text expected to contain /Model de Qualitat de Solucions/</failure>
    </testcase>
    <testcase classname="testmeter.generalitat" name="Abril url i verificar capçalera_Fils:100;Rampup:65;Durada:20" time="0.030"/>
    <testcase classname="testmeter.generalitat" name="TestNegatiu_Abril url i verificar capçalera_Fils:100;Rampup:65;Durada:20" time="0.025">
        <failure message="Not Found">Test failed: text expected to contain /Model de Qualitat de Solucions/</failure>
    </testcase>
    <testcase classname="testmeter.generalitat" name="Abril url i verificar capçalera_Fils:100;Rampup:65;Durada:20" time="0.043"/>
    <testcase classname="testmeter.generalitat" name="Abril url i verificar capçalera_Fils:100;Rampup:65;Durada:20" time="0.031"/>
    <testcase classname="testmeter.generalitat" name="TestNegatiu_Abril url i verificar capçalera_Fils:100;Rampup:65;Durada:20" time="0.026">
        <failure message="Not Found">Test failed: text expected to contain /Model de Qualitat de Solucions/</failure>
    </testcase>
    <testcase classname="testmeter.generalitat" name="TestNegatiu_Abril url i verificar capçalera_Fils:100;Rampup:65;Durada:20" time="0.026">
        <failure message="Not Found">Test failed: text expected to contain /Model de Qualitat de Solucions/</failure>
    </testcase>
    <testcase classname="testmeter.generalitat" name="Abril url i verificar capçalera_Fils:100;Rampup:65;Durada:20" time="0.052"/>
    <testcase classname="testmeter.generalitat" name="Abril url i verificar capçalera_Fils:100;Rampup:65;Durada:20" time="0.097"/>
    <testcase classname="testmeter.generalitat" name="Abril url i verificar capçalera_Fils:100;Rampup:65;Durada:20" time="0.090"/>
    <testcase classname="testmeter.generalitat" name="Abril url i verificar capçalera_Fils:100;Rampup:65;Durada:20" time="0.077"/>
    <testcase classname="testmeter.generalitat" name="TestNegatiu_Abril url i verificar capçalera_Fils:100;Rampup:65;Durada:20" time="0.026">
        <failure message="Not Found">Test failed: text expected to contain /Model de Qualitat de Solucions/</failure>
    </testcase>
    <testcase classname="testmeter.generalitat" name="TestNegatiu_Abril url i verificar capçalera_Fils:100;Rampup:65;Durada:20" time="0.023">
        <failure message="Not Found">Test failed: text expected to contain /Model de Qualitat de Solucions/</failure>
    </testcase>
    <testcase classname="testmeter.generalitat" name="TestNegatiu_Abril url i verificar capçalera_Fils:100;Rampup:65;Durada:20" time="0.024">
        <failure message="Not Found">Test failed: text expected to contain /Model de Qualitat de Solucions/</failure>
    </testcase>
    <testcase classname="testmeter.generalitat" name="Abril url i verificar capçalera_Fils:100;Rampup:65;Durada:20" time="0.027"/>
    <testcase classname="testmeter.generalitat" name="Abril url i verificar capçalera_Fils:100;Rampup:65;Durada:20" time="0.026"/>
    <testcase classname="testmeter.generalitat" name="Abril url i verificar capçalera_Fils:100;Rampup:65;Durada:20" time="0.025"/>
    <testcase classname="testmeter.generalitat" name="Abril url i verificar capçalera_Fils:100;Rampup:65;Durada:20" time="0.028"/>
    <testcase classname="testmeter.generalitat" name="TestNegatiu_Abril url i verificar capçalera_Fils:100;Rampup:65;Durada:20" time="0.025">
        <failure message="Not Found">Test failed: text expected to contain /Model de Qualitat de Solucions/</failure>
    </testcase>
    <testcase classname="testmeter.generalitat" name="TestNegatiu_Abril url i verificar capçalera_Fils:100;Rampup:65;Durada:20" time="0.028">
        <failure message="Not Found">Test failed: text expected to contain /Model de Qualitat de Solucions/</failure>
    </testcase>
    <testcase classname="testmeter.generalitat" name="TestNegatiu_Abril url i verificar capçalera_Fils:100;Rampup:65;Durada:20" time="0.026">
        <failure message="Not Found">Test failed: text expected to contain /Model de Qualitat de Solucions/</failure>
    </testcase>
    <testcase classname="testmeter.generalitat" name="TestNegatiu_Abril url i verificar capçalera_Fils:100;Rampup:65;Durada:20" time="0.088">
        <failure message="Not Found">Test failed: text expected to contain /Model de Qualitat de Solucions/</failure>
    </testcase>
    <testcase classname="testmeter.generalitat" name="Abril url i verificar capçalera_Fils:100;Rampup:65;Durada:20" time="0.030"/>
    <testcase classname="testmeter.generalitat" name="Abril url i verificar capçalera_Fils:100;Rampup:65;Durada:20" time="0.027"/>
    <testcase classname="testmeter.generalitat" name="Abril url i verificar capçalera_Fils:100;Rampup:65;Durada:20" time="0.050"/>
    <testcase classname="testmeter.generalitat" name="TestNegatiu_Abril url i verificar capçalera_Fils:100;Rampup:65;Durada:20" time="0.030">
        <failure message="Not Found">Test failed: text expected to contain /Model de Qualitat de Solucions/</failure>
    </testcase>
    <testcase classname="testmeter.generalitat" name="Abril url i verificar capçalera_Fils:100;Rampup:65;Durada:20" time="0.029"/>
    <testcase classname="testmeter.generalitat" name="Abril url i verificar capçalera_Fils:100;Rampup:65;Durada:20" time="0.068"/>
    <testcase classname="testmeter.generalitat" name="Abril url i verificar capçalera_Fils:100;Rampup:65;Durada:20" time="0.045"/>
    <testcase classname="testmeter.generalitat" name="Abril url i verificar capçalera_Fils:100;Rampup:65;Durada:20" time="0.045"/>
    <testcase classname="testmeter.generalitat" name="Abril url i verificar capçalera_Fils:100;Rampup:65;Durada:20" time="0.034"/>
    <testcase classname="testmeter.generalitat" name="Abril url i verificar capçalera_Fils:100;Rampup:65;Durada:20" time="0.025"/>
    <testcase classname="testmeter.generalitat" name="TestNegatiu_Abril url i verificar capçalera_Fils:100;Rampup:65;Durada:20" time="0.026">
        <failure message="Not Found">Test failed: text expected to contain /Model de Qualitat de Solucions/</failure>
    </testcase>
    <testcase classname="testmeter.generalitat" name="TestNegatiu_Abril url i verificar capçalera_Fils:100;Rampup:65;Durada:20" time="0.054">
        <failure message="Not Found">Test failed: text expected to contain /Model de Qualitat de Solucions/</failure>
    </testcase>
    <testcase classname="testmeter.generalitat" name="TestNegatiu_Abril url i verificar capçalera_Fils:100;Rampup:65;Durada:20" time="0.025">
        <failure message="Not Found">Test failed: text expected to contain /Model de Qualitat de Solucions/</failure>
    </testcase>
    <testcase classname="testmeter.generalitat" name="TestNegatiu_Abril url i verificar capçalera_Fils:100;Rampup:65;Durada:20" time="0.023">
        <failure message="Not Found">Test failed: text expected to contain /Model de Qualitat de Solucions/</failure>
    </testcase>
    <testcase classname="testmeter.generalitat" name="TestNegatiu_Abril url i verificar capçalera_Fils:100;Rampup:65;Durada:20" time="0.024">
        <failure message="Not Found">Test failed: text expected to contain /Model de Qualitat de Solucions/</failure>
    </testcase>
    <testcase classname="testmeter.generalitat" name="Abril url i verificar capçalera_Fils:100;Rampup:65;Durada:20" time="0.068"/>
    <testcase classname="testmeter.generalitat" name="TestNegatiu_Abril url i verificar capçalera_Fils:100;Rampup:65;Durada:20" time="0.054">
        <failure message="Not Found">Test failed: text expected to contain /Model de Qualitat de Solucions/</failure>
    </testcase>
    <testcase classname="testmeter.generalitat" name="TestNegatiu_Abril url i verificar capçalera_Fils:100;Rampup:65;Durada:20" time="0.056">
        <failure message="Not Found">Test failed: text expected to contain /Model de Qualitat de Solucions/</failure>
    </testcase>
    <testcase classname="testmeter.generalitat" name="TestNegatiu_Abril url i verificar capçalera_Fils:100;Rampup:65;Durada:20" time="0.056">
        <failure message="Not Found">Test failed: text expected to contain /Model de Qualitat de Solucions/</failure>
    </testcase>
    <testcase classname="testmeter.generalitat" name="TestNegatiu_Abril url i verificar capçalera_Fils:100;Rampup:65;Durada:20" time="0.031">
        <failure message="Not Found">Test failed: text expected to contain /Model de Qualitat de Solucions/</failure>
    </testcase>
    <testcase classname="testmeter.generalitat" name="TestNegatiu_Abril url i verificar capçalera_Fils:100;Rampup:65;Durada:20" time="0.034">
        <failure message="Not Found">Test failed: text expected to contain /Model de Qualitat de Solucions/</failure>
    </testcase>
    <testcase classname="testmeter.generalitat" name="TestNegatiu_Abril url i verificar capçalera_Fils:100;Rampup:65;Durada:20" time="0.027">
        <failure message="Not Found">Test failed: text expected to contain /Model de Qualitat de Solucions/</failure>
    </testcase>
    <testcase classname="testmeter.generalitat" name="TestNegatiu_Abril url i verificar capçalera_Fils:100;Rampup:65;Durada:20" time="0.029">
        <failure message="Not Found">Test failed: text expected to contain /Model de Qualitat de Solucions/</failure>
    </testcase>
    <testcase classname="testmeter.generalitat" name="TestNegatiu_Abril url i verificar capçalera_Fils:100;Rampup:65;Durada:20" time="0.030">
        <failure message="Not Found">Test failed: text expected to contain /Model de Qualitat de Solucions/</failure>
    </testcase>
    <testcase classname="testmeter.generalitat" name="Abril url i verificar capçalera_Fils:100;Rampup:65;Durada:20" time="0.035"/>
    <testcase classname="testmeter.generalitat" name="Abril url i verificar capçalera_Fils:100;Rampup:65;Durada:20" time="0.053"/>
    <testcase classname="testmeter.generalitat" name="TestNegatiu_Abril url i verificar capçalera_Fils:100;Rampup:65;Durada:20" time="0.027">
        <failure message="Not Found">Test failed: text expected to contain /Model de Qualitat de Solucions/</failure>
    </testcase>
    <testcase classname="testmeter.generalitat" name="TestNegatiu_Abril url i verificar capçalera_Fils:100;Rampup:65;Durada:20" time="0.032">
        <failure message="Not Found">Test failed: text expected to contain /Model de Qualitat de Solucions/</failure>
    </testcase>
    <testcase classname="testmeter.generalitat" name="TestNegatiu_Abril url i verificar capçalera_Fils:100;Rampup:65;Durada:20" time="0.038">
        <failure message="Not Found">Test failed: text expected to contain /Model de Qualitat de Solucions/</failure>
    </testcase>
    <testcase classname="testmeter.generalitat" name="Abril url i verificar capçalera_Fils:100;Rampup:65;Durada:20" time="0.036"/>
    <testcase classname="testmeter.generalitat" name="Abril url i verificar capçalera_Fils:100;Rampup:65;Durada:20" time="0.094"/>
    <testcase classname="testmeter.generalitat" name="Abril url i verificar capçalera_Fils:100;Rampup:65;Durada:20" time="0.026"/>
    <testcase classname="testmeter.generalitat" name="TestNegatiu_Abril url i verificar capçalera_Fils:100;Rampup:65;Durada:20" time="0.033">
        <failure message="Not Found">Test failed: text expected to contain /Model de Qualitat de Solucions/</failure>
    </testcase>
    <testcase classname="testmeter.generalitat" name="TestNegatiu_Abril url i verificar capçalera_Fils:100;Rampup:65;Durada:20" time="0.026">
        <failure message="Not Found">Test failed: text expected to contain /Model de Qualitat de Solucions/</failure>
    </testcase>
    <testcase classname="testmeter.generalitat" name="Abril url i verificar capçalera_Fils:100;Rampup:65;Durada:20" time="0.031"/>
    <testcase classname="testmeter.generalitat" name="Abril url i verificar capçalera_Fils:100;Rampup:65;Durada:20" time="0.032"/>
    <testcase classname="testmeter.generalitat" name="Abril url i verificar capçalera_Fils:100;Rampup:65;Durada:20" time="0.060"/>
    <testcase classname="testmeter.generalitat" name="Abril url i verificar capçalera_Fils:100;Rampup:65;Durada:20" time="0.031"/>
    <testcase classname="testmeter.generalitat" name="Abril url i verificar capçalera_Fils:100;Rampup:65;Durada:20" time="0.055"/>
    <testcase classname="testmeter.generalitat" name="Abril url i verificar capçalera_Fils:100;Rampup:65;Durada:20" time="0.049"/>
    <testcase classname="testmeter.generalitat" name="Abril url i verificar capçalera_Fils:100;Rampup:65;Durada:20" time="0.125"/>
    <testcase classname="testmeter.generalitat" name="TestNegatiu_Abril url i verificar capçalera_Fils:100;Rampup:65;Durada:20" time="0.028">
        <failure message="Not Found">Test failed: text expected to contain /Model de Qualitat de Solucions/</failure>
    </testcase>
    <testcase classname="testmeter.generalitat" name="TestNegatiu_Abril url i verificar capçalera_Fils:100;Rampup:65;Durada:20" time="0.029">
        <failure message="Not Found">Test failed: text expected to contain /Model de Qualitat de Solucions/</failure>
    </testcase>
    <testcase classname="testmeter.generalitat" name="TestNegatiu_Abril url i verificar capçalera_Fils:100;Rampup:65;Durada:20" time="0.024">
        <failure message="Not Found">Test failed: text expected to contain /Model de Qualitat de Solucions/</failure>
    </testcase>
    <testcase classname="testmeter.generalitat" name="Abril url i verificar capçalera_Fils:100;Rampup:65;Durada:20" time="0.031"/>
    <testcase classname="testmeter.generalitat" name="Abril url i verificar capçalera_Fils:100;Rampup:65;Durada:20" time="0.028"/>
    <testcase classname="testmeter.generalitat" name="TestNegatiu_Abril url i verificar capçalera_Fils:100;Rampup:65;Durada:20" time="0.025">
        <failure message="Not Found">Test failed: text expected to contain /Model de Qualitat de Solucions/</failure>
    </testcase>
    <testcase classname="testmeter.generalitat" name="TestNegatiu_Abril url i verificar capçalera_Fils:100;Rampup:65;Durada:20" time="0.033">
        <failure message="Not Found">Test failed: text expected to contain /Model de Qualitat de Solucions/</failure>
    </testcase>
    <testcase classname="testmeter.generalitat" name="Abril url i verificar capçalera_Fils:100;Rampup:65;Durada:20" time="0.067"/>
    <testcase classname="testmeter.generalitat" name="Abril url i verificar capçalera_Fils:100;Rampup:65;Durada:20" time="0.116"/>
    <testcase classname="testmeter.generalitat" name="Abril url i verificar capçalera_Fils:100;Rampup:65;Durada:20" time="0.032"/>
    <testcase classname="testmeter.generalitat" name="TestNegatiu_Abril url i verificar capçalera_Fils:100;Rampup:65;Durada:20" time="0.027">
        <failure message="Not Found">Test failed: text expected to contain /Model de Qualitat de Solucions/</failure>
    </testcase>
    <testcase classname="testmeter.generalitat" name="TestNegatiu_Abril url i verificar capçalera_Fils:100;Rampup:65;Durada:20" time="0.027">
        <failure message="Not Found">Test failed: text expected to contain /Model de Qualitat de Solucions/</failure>
    </testcase>
    <testcase classname="testmeter.generalitat" name="Abril url i verificar capçalera_Fils:100;Rampup:65;Durada:20" time="0.042"/>
    <testcase classname="testmeter.generalitat" name="TestNegatiu_Abril url i verificar capçalera_Fils:100;Rampup:65;Durada:20" time="0.023">
        <failure message="Not Found">Test failed: text expected to contain /Model de Qualitat de Solucions/</failure>
    </testcase>
    <testcase classname="testmeter.generalitat" name="TestNegatiu_Abril url i verificar capçalera_Fils:100;Rampup:65;Durada:20" time="0.026">
        <failure message="Not Found">Test failed: text expected to contain /Model de Qualitat de Solucions/</failure>
    </testcase>
    <testcase classname="testmeter.generalitat" name="Abril url i verificar capçalera_Fils:100;Rampup:65;Durada:20" time="0.051"/>
    <testcase classname="testmeter.generalitat" name="Abril url i verificar capçalera_Fils:100;Rampup:65;Durada:20" time="0.049"/>
    <testcase classname="testmeter.generalitat" name="TestNegatiu_Abril url i verificar capçalera_Fils:100;Rampup:65;Durada:20" time="0.041">
        <failure message="Not Found">Test failed: text expected to contain /Model de Qualitat de Solucions/</failure>
    </testcase>
    <testcase classname="testmeter.generalitat" name="TestNegatiu_Abril url i verificar capçalera_Fils:100;Rampup:65;Durada:20" time="0.035">
        <failure message="Not Found">Test failed: text expected to contain /Model de Qualitat de Solucions/</failure>
    </testcase>
    <testcase classname="testmeter.generalitat" name="Abril url i verificar capçalera_Fils:100;Rampup:65;Durada:20" time="0.046"/>
    <testcase classname="testmeter.generalitat" name="Abril url i verificar capçalera_Fils:100;Rampup:65;Durada:20" time="0.024"/>
    <testcase classname="testmeter.generalitat" name="Abril url i verificar capçalera_Fils:100;Rampup:65;Durada:20" time="0.026"/>
    <testcase classname="testmeter.generalitat" name="TestNegatiu_Abril url i verificar capçalera_Fils:100;Rampup:65;Durada:20" time="0.028">
        <failure message="Not Found">Test failed: text expected to contain /Model de Qualitat de Solucions/</failure>
    </testcase>
    <testcase classname="testmeter.generalitat" name="Abril url i verificar capçalera_Fils:100;Rampup:65;Durada:20" time="0.056"/>
    <testcase classname="testmeter.generalitat" name="TestNegatiu_Abril url i verificar capçalera_Fils:100;Rampup:65;Durada:20" time="0.024">
        <failure message="Not Found">Test failed: text expected to contain /Model de Qualitat de Solucions/</failure>
    </testcase>
    <testcase classname="testmeter.generalitat" name="TestNegatiu_Abril url i verificar capçalera_Fils:100;Rampup:65;Durada:20" time="0.024">
        <failure message="Not Found">Test failed: text expected to contain /Model de Qualitat de Solucions/</failure>
    </testcase>
    <testcase classname="testmeter.generalitat" name="TestNegatiu_Abril url i verificar capçalera_Fils:100;Rampup:65;Durada:20" time="0.022">
        <failure message="Not Found">Test failed: text expected to contain /Model de Qualitat de Solucions/</failure>
    </testcase>
    <testcase classname="testmeter.generalitat" name="Abril url i verificar capçalera_Fils:100;Rampup:65;Durada:20" time="0.025"/>
    <testcase classname="testmeter.generalitat" name="Abril url i verificar capçalera_Fils:100;Rampup:65;Durada:20" time="0.058"/>
    <testcase classname="testmeter.generalitat" name="Abril url i verificar capçalera_Fils:100;Rampup:65;Durada:20" time="0.028"/>
    <testcase classname="testmeter.generalitat" name="Abril url i verificar capçalera_Fils:100;Rampup:65;Durada:20" time="0.027"/>
    <testcase classname="testmeter.generalitat" name="Abril url i verificar capçalera_Fils:100;Rampup:65;Durada:20" time="0.028"/>
    <testcase classname="testmeter.generalitat" name="Abril url i verificar capçalera_Fils:100;Rampup:65;Durada:20" time="0.094"/>
    <testcase classname="testmeter.generalitat" name="Abril url i verificar capçalera_Fils:100;Rampup:65;Durada:20" time="0.075"/>
    <testcase classname="testmeter.generalitat" name="TestNegatiu_Abril url i verificar capçalera_Fils:100;Rampup:65;Durada:20" time="0.069">
        <failure message="Not Found">Test failed: text expected to contain /Model de Qualitat de Solucions/</failure>
    </testcase>
    <testcase classname="testmeter.generalitat" name="Abril url i verificar capçalera_Fils:100;Rampup:65;Durada:20" time="0.075"/>
    <testcase classname="testmeter.generalitat" name="TestNegatiu_Abril url i verificar capçalera_Fils:100;Rampup:65;Durada:20" time="0.042">
        <failure message="Not Found">Test failed: text expected to contain /Model de Qualitat de Solucions/</failure>
    </testcase>
    <testcase classname="testmeter.generalitat" name="TestNegatiu_Abril url i verificar capçalera_Fils:100;Rampup:65;Durada:20" time="0.025">
        <failure message="Not Found">Test failed: text expected to contain /Model de Qualitat de Solucions/</failure>
    </testcase>
    <testcase classname="testmeter.generalitat" name="TestNegatiu_Abril url i verificar capçalera_Fils:100;Rampup:65;Durada:20" time="0.026">
        <failure message="Not Found">Test failed: text expected to contain /Model de Qualitat de Solucions/</failure>
    </testcase>
    <testcase classname="testmeter.generalitat" name="TestNegatiu_Abril url i verificar capçalera_Fils:100;Rampup:65;Durada:20" time="0.024">
        <failure message="Not Found">Test failed: text expected to contain /Model de Qualitat de Solucions/</failure>
    </testcase>
    <testcase classname="testmeter.generalitat" name="TestNegatiu_Abril url i verificar capçalera_Fils:100;Rampup:65;Durada:20" time="0.029">
        <failure message="Not Found">Test failed: text expected to contain /Model de Qualitat de Solucions/</failure>
    </testcase>
    <testcase classname="testmeter.generalitat" name="Abril url i verificar capçalera_Fils:100;Rampup:65;Durada:20" time="0.070"/>
    <testcase classname="testmeter.generalitat" name="TestNegatiu_Abril url i verificar capçalera_Fils:100;Rampup:65;Durada:20" time="0.025">
        <failure message="Not Found">Test failed: text expected to contain /Model de Qualitat de Solucions/</failure>
    </testcase>
    <testcase classname="testmeter.generalitat" name="TestNegatiu_Abril url i verificar capçalera_Fils:100;Rampup:65;Durada:20" time="0.028">
        <failure message="Not Found">Test failed: text expected to contain /Model de Qualitat de Solucions/</failure>
    </testcase>
    <testcase classname="testmeter.generalitat" name="Abril url i verificar capçalera_Fils:100;Rampup:65;Durada:20" time="0.049"/>
    <testcase classname="testmeter.generalitat" name="Abril url i verificar capçalera_Fils:100;Rampup:65;Durada:20" time="0.044"/>
    <testcase classname="testmeter.generalitat" name="TestNegatiu_Abril url i verificar capçalera_Fils:100;Rampup:65;Durada:20" time="0.022">
        <failure message="Not Found">Test failed: text expected to contain /Model de Qualitat de Solucions/</failure>
    </testcase>
    <testcase classname="testmeter.generalitat" name="Abril url i verificar capçalera_Fils:100;Rampup:65;Durada:20" time="0.026"/>
    <testcase classname="testmeter.generalitat" name="Abril url i verificar capçalera_Fils:100;Rampup:65;Durada:20" time="0.027"/>
    <testcase classname="testmeter.generalitat" name="Abril url i verificar capçalera_Fils:100;Rampup:65;Durada:20" time="0.097"/>
    <testcase classname="testmeter.generalitat" name="TestNegatiu_Abril url i verificar capçalera_Fils:100;Rampup:65;Durada:20" time="0.027">
        <failure message="Not Found">Test failed: text expected to contain /Model de Qualitat de Solucions/</failure>
    </testcase>
    <testcase classname="testmeter.generalitat" name="TestNegatiu_Abril url i verificar capçalera_Fils:100;Rampup:65;Durada:20" time="0.025">
        <failure message="Not Found">Test failed: text expected to contain /Model de Qualitat de Solucions/</failure>
    </testcase>
    <testcase classname="testmeter.generalitat" name="TestNegatiu_Abril url i verificar capçalera_Fils:100;Rampup:65;Durada:20" time="0.026">
        <failure message="Not Found">Test failed: text expected to contain /Model de Qualitat de Solucions/</failure>
    </testcase>
    <testcase classname="testmeter.generalitat" name="TestNegatiu_Abril url i verificar capçalera_Fils:100;Rampup:65;Durada:20" time="0.029">
        <failure message="Not Found">Test failed: text expected to contain /Model de Qualitat de Solucions/</failure>
    </testcase>
    <testcase classname="testmeter.generalitat" name="Abril url i verificar capçalera_Fils:100;Rampup:65;Durada:20" time="0.052"/>
    <testcase classname="testmeter.generalitat" name="Abril url i verificar capçalera_Fils:100;Rampup:65;Durada:20" time="0.027"/>
    <testcase classname="testmeter.generalitat" name="Abril url i verificar capçalera_Fils:100;Rampup:65;Durada:20" time="0.025"/>
    <testcase classname="testmeter.generalitat" name="Abril url i verificar capçalera_Fils:100;Rampup:65;Durada:20" time="0.044"/>
    <testcase classname="testmeter.generalitat" name="Abril url i verificar capçalera_Fils:100;Rampup:65;Durada:20" time="0.045"/>
    <testcase classname="testmeter.generalitat" name="TestNegatiu_Abril url i verificar capçalera_Fils:100;Rampup:65;Durada:20" time="0.027">
        <failure message="Not Found">Test failed: text expected to contain /Model de Qualitat de Solucions/</failure>
    </testcase>
    <testcase classname="testmeter.generalitat" name="Abril url i verificar capçalera_Fils:100;Rampup:65;Durada:20" time="0.051"/>
    <testcase classname="testmeter.generalitat" name="TestNegatiu_Abril url i verificar capçalera_Fils:100;Rampup:65;Durada:20" time="0.024">
        <failure message="Not Found">Test failed: text expected to contain /Model de Qualitat de Solucions/</failure>
    </testcase>
    <testcase classname="testmeter.generalitat" name="Abril url i verificar capçalera_Fils:100;Rampup:65;Durada:20" time="0.027"/>
    <testcase classname="testmeter.generalitat" name="Abril url i verificar capçalera_Fils:100;Rampup:65;Durada:20" time="0.062"/>
    <testcase classname="testmeter.generalitat" name="Abril url i verificar capçalera_Fils:100;Rampup:65;Durada:20" time="0.024"/>
    <testcase classname="testmeter.generalitat" name="TestNegatiu_Abril url i verificar capçalera_Fils:100;Rampup:65;Durada:20" time="0.025">
        <failure message="Not Found">Test failed: text expected to contain /Model de Qualitat de Solucions/</failure>
    </testcase>
    <testcase classname="testmeter.generalitat" name="TestNegatiu_Abril url i verificar capçalera_Fils:100;Rampup:65;Durada:20" time="0.033">
        <failure message="Not Found">Test failed: text expected to contain /Model de Qualitat de Solucions/</failure>
    </testcase>
    <testcase classname="testmeter.generalitat" name="TestNegatiu_Abril url i verificar capçalera_Fils:100;Rampup:65;Durada:20" time="0.053">
        <failure message="Not Found">Test failed: text expected to contain /Model de Qualitat de Solucions/</failure>
    </testcase>
    <testcase classname="testmeter.generalitat" name="TestNegatiu_Abril url i verificar capçalera_Fils:100;Rampup:65;Durada:20" time="0.054">
        <failure message="Not Found">Test failed: text expected to contain /Model de Qualitat de Solucions/</failure>
    </testcase>
    <testcase classname="testmeter.generalitat" name="TestNegatiu_Abril url i verificar capçalera_Fils:100;Rampup:65;Durada:20" time="0.027">
        <failure message="Not Found">Test failed: text expected to contain /Model de Qualitat de Solucions/</failure>
    </testcase>
    <testcase classname="testmeter.generalitat" name="TestNegatiu_Abril url i verificar capçalera_Fils:100;Rampup:65;Durada:20" time="0.022">
        <failure message="Not Found">Test failed: text expected to contain /Model de Qualitat de Solucions/</failure>
    </testcase>
    <testcase classname="testmeter.generalitat" name="Abril url i verificar capçalera_Fils:100;Rampup:65;Durada:20" time="0.041"/>
    <testcase classname="testmeter.generalitat" name="TestNegatiu_Abril url i verificar capçalera_Fils:100;Rampup:65;Durada:20" time="0.024">
        <failure message="Not Found">Test failed: text expected to contain /Model de Qualitat de Solucions/</failure>
    </testcase>
    <testcase classname="testmeter.generalitat" name="TestNegatiu_Abril url i verificar capçalera_Fils:100;Rampup:65;Durada:20" time="0.024">
        <failure message="Not Found">Test failed: text expected to contain /Model de Qualitat de Solucions/</failure>
    </testcase>
    <testcase classname="testmeter.generalitat" name="TestNegatiu_Abril url i verificar capçalera_Fils:100;Rampup:65;Durada:20" time="0.024">
        <failure message="Not Found">Test failed: text expected to contain /Model de Qualitat de Solucions/</failure>
    </testcase>
    <testcase classname="testmeter.generalitat" name="TestNegatiu_Abril url i verificar capçalera_Fils:100;Rampup:65;Durada:20" time="0.025">
        <failure message="Not Found">Test failed: text expected to contain /Model de Qualitat de Solucions/</failure>
    </testcase>
    <testcase classname="testmeter.generalitat" name="Abril url i verificar capçalera_Fils:100;Rampup:65;Durada:20" time="0.031"/>
    <testcase classname="testmeter.generalitat" name="Abril url i verificar capçalera_Fils:100;Rampup:65;Durada:20" time="0.031"/>
    <testcase classname="testmeter.generalitat" name="Abril url i verificar capçalera_Fils:100;Rampup:65;Durada:20" time="0.052"/>
    <testcase classname="testmeter.generalitat" name="TestNegatiu_Abril url i verificar capçalera_Fils:100;Rampup:65;Durada:20" time="0.102">
        <failure message="Not Found">Test failed: text expected to contain /Model de Qualitat de Solucions/</failure>
    </testcase>
    <testcase classname="testmeter.generalitat" name="Abril url i verificar capçalera_Fils:100;Rampup:65;Durada:20" time="0.028"/>
    <testcase classname="testmeter.generalitat" name="TestNegatiu_Abril url i verificar capçalera_Fils:100;Rampup:65;Durada:20" time="0.022">
        <failure message="Not Found">Test failed: text expected to contain /Model de Qualitat de Solucions/</failure>
    </testcase>
    <testcase classname="testmeter.generalitat" name="Abril url i verificar capçalera_Fils:100;Rampup:65;Durada:20" time="0.043"/>
    <testcase classname="testmeter.generalitat" name="Abril url i verificar capçalera_Fils:100;Rampup:65;Durada:20" time="0.055"/>
    <testcase classname="testmeter.generalitat" name="TestNegatiu_Abril url i verificar capçalera_Fils:100;Rampup:65;Durada:20" time="0.029">
        <failure message="Not Found">Test failed: text expected to contain /Model de Qualitat de Solucions/</failure>
    </testcase>
    <testcase classname="testmeter.generalitat" name="Abril url i verificar capçalera_Fils:100;Rampup:65;Durada:20" time="0.025"/>
    <testcase classname="testmeter.generalitat" name="TestNegatiu_Abril url i verificar capçalera_Fils:100;Rampup:65;Durada:20" time="0.060">
        <failure message="Not Found">Test failed: text expected to contain /Model de Qualitat de Solucions/</failure>
    </testcase>
    <testcase classname="testmeter.generalitat" name="TestNegatiu_Abril url i verificar capçalera_Fils:100;Rampup:65;Durada:20" time="0.076">
        <failure message="Not Found">Test failed: text expected to contain /Model de Qualitat de Solucions/</failure>
    </testcase>
    <testcase classname="testmeter.generalitat" name="TestNegatiu_Abril url i verificar capçalera_Fils:100;Rampup:65;Durada:20" time="0.054">
        <failure message="Not Found">Test failed: text expected to contain /Model de Qualitat de Solucions/</failure>
    </testcase>
    <testcase classname="testmeter.generalitat" name="Abril url i verificar capçalera_Fils:100;Rampup:65;Durada:20" time="0.052"/>
    <testcase classname="testmeter.generalitat" name="Abril url i verificar capçalera_Fils:100;Rampup:65;Durada:20" time="0.029"/>
    <testcase classname="testmeter.generalitat" name="TestNegatiu_Abril url i verificar capçalera_Fils:100;Rampup:65;Durada:20" time="0.027">
        <failure message="Not Found">Test failed: text expected to contain /Model de Qualitat de Solucions/</failure>
    </testcase>
    <testcase classname="testmeter.generalitat" name="TestNegatiu_Abril url i verificar capçalera_Fils:100;Rampup:65;Durada:20" time="0.041">
        <failure message="Not Found">Test failed: text expected to contain /Model de Qualitat de Solucions/</failure>
    </testcase>
    <testcase classname="testmeter.generalitat" name="TestNegatiu_Abril url i verificar capçalera_Fils:100;Rampup:65;Durada:20" time="0.025">
        <failure message="Not Found">Test failed: text expected to contain /Model de Qualitat de Solucions/</failure>
    </testcase>
    <testcase classname="testmeter.generalitat" name="TestNegatiu_Abril url i verificar capçalera_Fils:100;Rampup:65;Durada:20" time="0.025">
        <failure message="Not Found">Test failed: text expected to contain /Model de Qualitat de Solucions/</failure>
    </testcase>
    <testcase classname="testmeter.generalitat" name="TestNegatiu_Abril url i verificar capçalera_Fils:100;Rampup:65;Durada:20" time="0.029">
        <failure message="Not Found">Test failed: text expected to contain /Model de Qualitat de Solucions/</failure>
    </testcase>
    <testcase classname="testmeter.generalitat" name="Abril url i verificar capçalera_Fils:100;Rampup:65;Durada:20" time="0.029"/>
    <testcase classname="testmeter.generalitat" name="TestNegatiu_Abril url i verificar capçalera_Fils:100;Rampup:65;Durada:20" time="0.023">
        <failure message="Not Found">Test failed: text expected to contain /Model de Qualitat de Solucions/</failure>
    </testcase>
    <testcase classname="testmeter.generalitat" name="Abril url i verificar capçalera_Fils:100;Rampup:65;Durada:20" time="0.049"/>
    <testcase classname="testmeter.generalitat" name="Abril url i verificar capçalera_Fils:100;Rampup:65;Durada:20" time="0.030"/>
    <testcase classname="testmeter.generalitat" name="Abril url i verificar capçalera_Fils:100;Rampup:65;Durada:20" time="0.026"/>
    <testcase classname="testmeter.generalitat" name="Abril url i verificar capçalera_Fils:100;Rampup:65;Durada:20" time="0.096"/>
    <testcase classname="testmeter.generalitat" name="TestNegatiu_Abril url i verificar capçalera_Fils:100;Rampup:65;Durada:20" time="0.035">
        <failure message="Not Found">Test failed: text expected to contain /Model de Qualitat de Solucions/</failure>
    </testcase>
    <testcase classname="testmeter.generalitat" name="Abril url i verificar capçalera_Fils:100;Rampup:65;Durada:20" time="0.041"/>
    <testcase classname="testmeter.generalitat" name="TestNegatiu_Abril url i verificar capçalera_Fils:100;Rampup:65;Durada:20" time="0.026">
        <failure message="Not Found">Test failed: text expected to contain /Model de Qualitat de Solucions/</failure>
    </testcase>
    <testcase classname="testmeter.generalitat" name="TestNegatiu_Abril url i verificar capçalera_Fils:100;Rampup:65;Durada:20" time="0.038">
        <failure message="Not Found">Test failed: text expected to contain /Model de Qualitat de Solucions/</failure>
    </testcase>
    <testcase classname="testmeter.generalitat" name="TestNegatiu_Abril url i verificar capçalera_Fils:100;Rampup:65;Durada:20" time="0.045">
        <failure message="Not Found">Test failed: text expected to contain /Model de Qualitat de Solucions/</failure>
    </testcase>
    <testcase classname="testmeter.generalitat" name="TestNegatiu_Abril url i verificar capçalera_Fils:100;Rampup:65;Durada:20" time="0.027">
        <failure message="Not Found">Test failed: text expected to contain /Model de Qualitat de Solucions/</failure>
    </testcase>
    <testcase classname="testmeter.generalitat" name="Abril url i verificar capçalera_Fils:100;Rampup:65;Durada:20" time="0.046"/>
    <testcase classname="testmeter.generalitat" name="Abril url i verificar capçalera_Fils:100;Rampup:65;Durada:20" time="0.050"/>
    <testcase classname="testmeter.generalitat" name="Abril url i verificar capçalera_Fils:100;Rampup:65;Durada:20" time="0.067"/>
    <testcase classname="testmeter.generalitat" name="Abril url i verificar capçalera_Fils:100;Rampup:65;Durada:20" time="0.049"/>
    <testcase classname="testmeter.generalitat" name="Abril url i verificar capçalera_Fils:100;Rampup:65;Durada:20" time="0.054"/>
    <testcase classname="testmeter.generalitat" name="TestNegatiu_Abril url i verificar capçalera_Fils:100;Rampup:65;Durada:20" time="0.027">
        <failure message="Not Found">Test failed: text expected to contain /Model de Qualitat de Solucions/</failure>
    </testcase>
    <testcase classname="testmeter.generalitat" name="Abril url i verificar capçalera_Fils:100;Rampup:65;Durada:20" time="0.030"/>
    <testcase classname="testmeter.generalitat" name="TestNegatiu_Abril url i verificar capçalera_Fils:100;Rampup:65;Durada:20" time="0.028">
        <failure message="Not Found">Test failed: text expected to contain /Model de Qualitat de Solucions/</failure>
    </testcase>
    <testcase classname="testmeter.generalitat" name="Abril url i verificar capçalera_Fils:100;Rampup:65;Durada:20" time="0.036"/>
    <testcase classname="testmeter.generalitat" name="TestNegatiu_Abril url i verificar capçalera_Fils:100;Rampup:65;Durada:20" time="0.025">
        <failure message="Not Found">Test failed: text expected to contain /Model de Qualitat de Solucions/</failure>
    </testcase>
    <testcase classname="testmeter.generalitat" name="TestNegatiu_Abril url i verificar capçalera_Fils:100;Rampup:65;Durada:20" time="0.024">
        <failure message="Not Found">Test failed: text expected to contain /Model de Qualitat de Solucions/</failure>
    </testcase>
    <testcase classname="testmeter.generalitat" name="Abril url i verificar capçalera_Fils:100;Rampup:65;Durada:20" time="0.028"/>
    <testcase classname="testmeter.generalitat" name="TestNegatiu_Abril url i verificar capçalera_Fils:100;Rampup:65;Durada:20" time="0.027">
        <failure message="Not Found">Test failed: text expected to contain /Model de Qualitat de Solucions/</failure>
    </testcase>
    <testcase classname="testmeter.generalitat" name="Abril url i verificar capçalera_Fils:100;Rampup:65;Durada:20" time="0.072"/>
    <testcase classname="testmeter.generalitat" name="Abril url i verificar capçalera_Fils:100;Rampup:65;Durada:20" time="0.031"/>
    <testcase classname="testmeter.generalitat" name="Abril url i verificar capçalera_Fils:100;Rampup:65;Durada:20" time="0.041"/>
    <testcase classname="testmeter.generalitat" name="TestNegatiu_Abril url i verificar capçalera_Fils:100;Rampup:65;Durada:20" time="0.026">
        <failure message="Not Found">Test failed: text expected to contain /Model de Qualitat de Solucions/</failure>
    </testcase>
    <testcase classname="testmeter.generalitat" name="TestNegatiu_Abril url i verificar capçalera_Fils:100;Rampup:65;Durada:20" time="0.026">
        <failure message="Not Found">Test failed: text expected to contain /Model de Qualitat de Solucions/</failure>
    </testcase>
    <testcase classname="testmeter.generalitat" name="Abril url i verificar capçalera_Fils:100;Rampup:65;Durada:20" time="0.027"/>
    <testcase classname="testmeter.generalitat" name="TestNegatiu_Abril url i verificar capçalera_Fils:100;Rampup:65;Durada:20" time="0.028">
        <failure message="Not Found">Test failed: text expected to contain /Model de Qualitat de Solucions/</failure>
    </testcase>
    <testcase classname="testmeter.generalitat" name="TestNegatiu_Abril url i verificar capçalera_Fils:100;Rampup:65;Durada:20" time="0.027">
        <failure message="Not Found">Test failed: text expected to contain /Model de Qualitat de Solucions/</failure>
    </testcase>
    <testcase classname="testmeter.generalitat" name="Abril url i verificar capçalera_Fils:100;Rampup:65;Durada:20" time="0.029"/>
    <testcase classname="testmeter.generalitat" name="TestNegatiu_Abril url i verificar capçalera_Fils:100;Rampup:65;Durada:20" time="0.023">
        <failure message="Not Found">Test failed: text expected to contain /Model de Qualitat de Solucions/</failure>
    </testcase>
    <testcase classname="testmeter.generalitat" name="Abril url i verificar capçalera_Fils:100;Rampup:65;Durada:20" time="0.059"/>
    <testcase classname="testmeter.generalitat" name="TestNegatiu_Abril url i verificar capçalera_Fils:100;Rampup:65;Durada:20" time="0.026">
        <failure message="Not Found">Test failed: text expected to contain /Model de Qualitat de Solucions/</failure>
    </testcase>
    <testcase classname="testmeter.generalitat" name="TestNegatiu_Abril url i verificar capçalera_Fils:100;Rampup:65;Durada:20" time="0.029">
        <failure message="Not Found">Test failed: text expected to contain /Model de Qualitat de Solucions/</failure>
    </testcase>
    <testcase classname="testmeter.generalitat" name="Abril url i verificar capçalera_Fils:100;Rampup:65;Durada:20" time="0.072"/>
    <testcase classname="testmeter.generalitat" name="TestNegatiu_Abril url i verificar capçalera_Fils:100;Rampup:65;Durada:20" time="0.026">
        <failure message="Not Found">Test failed: text expected to contain /Model de Qualitat de Solucions/</failure>
    </testcase>
    <testcase classname="testmeter.generalitat" name="Abril url i verificar capçalera_Fils:100;Rampup:65;Durada:20" time="0.028"/>
    <testcase classname="testmeter.generalitat" name="TestNegatiu_Abril url i verificar capçalera_Fils:100;Rampup:65;Durada:20" time="0.022">
        <failure message="Not Found">Test failed: text expected to contain /Model de Qualitat de Solucions/</failure>
    </testcase>
    <testcase classname="testmeter.generalitat" name="TestNegatiu_Abril url i verificar capçalera_Fils:100;Rampup:65;Durada:20" time="0.026">
        <failure message="Not Found">Test failed: text expected to contain /Model de Qualitat de Solucions/</failure>
    </testcase>
    <testcase classname="testmeter.generalitat" name="Abril url i verificar capçalera_Fils:100;Rampup:65;Durada:20" time="0.049"/>
    <testcase classname="testmeter.generalitat" name="Abril url i verificar capçalera_Fils:100;Rampup:65;Durada:20" time="0.078"/>
    <testcase classname="testmeter.generalitat" name="Abril url i verificar capçalera_Fils:100;Rampup:65;Durada:20" time="0.050"/>
    <testcase classname="testmeter.generalitat" name="Abril url i verificar capçalera_Fils:100;Rampup:65;Durada:20" time="0.049"/>
    <testcase classname="testmeter.generalitat" name="Abril url i verificar capçalera_Fils:100;Rampup:65;Durada:20" time="0.027"/>
    <testcase classname="testmeter.generalitat" name="Abril url i verificar capçalera_Fils:100;Rampup:65;Durada:20" time="0.028"/>
    <testcase classname="testmeter.generalitat" name="Abril url i verificar capçalera_Fils:100;Rampup:65;Durada:20" time="0.039"/>
    <testcase classname="testmeter.generalitat" name="TestNegatiu_Abril url i verificar capçalera_Fils:100;Rampup:65;Durada:20" time="0.025">
        <failure message="Not Found">Test failed: text expected to contain /Model de Qualitat de Solucions/</failure>
    </testcase>
    <testcase classname="testmeter.generalitat" name="TestNegatiu_Abril url i verificar capçalera_Fils:100;Rampup:65;Durada:20" time="0.068">
        <failure message="Not Found">Test failed: text expected to contain /Model de Qualitat de Solucions/</failure>
    </testcase>
    <testcase classname="testmeter.generalitat" name="Abril url i verificar capçalera_Fils:100;Rampup:65;Durada:20" time="0.029"/>
    <testcase classname="testmeter.generalitat" name="TestNegatiu_Abril url i verificar capçalera_Fils:100;Rampup:65;Durada:20" time="0.027">
        <failure message="Not Found">Test failed: text expected to contain /Model de Qualitat de Solucions/</failure>
    </testcase>
    <testcase classname="testmeter.generalitat" name="Abril url i verificar capçalera_Fils:100;Rampup:65;Durada:20" time="0.043"/>
    <testcase classname="testmeter.generalitat" name="TestNegatiu_Abril url i verificar capçalera_Fils:100;Rampup:65;Durada:20" time="0.026">
        <failure message="Not Found">Test failed: text expected to contain /Model de Qualitat de Solucions/</failure>
    </testcase>
    <testcase classname="testmeter.generalitat" name="TestNegatiu_Abril url i verificar capçalera_Fils:100;Rampup:65;Durada:20" time="0.046">
        <failure message="Not Found">Test failed: text expected to contain /Model de Qualitat de Solucions/</failure>
    </testcase>
    <testcase classname="testmeter.generalitat" name="Abril url i verificar capçalera_Fils:100;Rampup:65;Durada:20" time="0.030"/>
    <testcase classname="testmeter.generalitat" name="TestNegatiu_Abril url i verificar capçalera_Fils:100;Rampup:65;Durada:20" time="0.025">
        <failure message="Not Found">Test failed: text expected to contain /Model de Qualitat de Solucions/</failure>
    </testcase>
    <testcase classname="testmeter.generalitat" name="Abril url i verificar capçalera_Fils:100;Rampup:65;Durada:20" time="0.029"/>
    <testcase classname="testmeter.generalitat" name="TestNegatiu_Abril url i verificar capçalera_Fils:100;Rampup:65;Durada:20" time="0.027">
        <failure message="Not Found">Test failed: text expected to contain /Model de Qualitat de Solucions/</failure>
    </testcase>
    <testcase classname="testmeter.generalitat" name="TestNegatiu_Abril url i verificar capçalera_Fils:100;Rampup:65;Durada:20" time="0.024">
        <failure message="Not Found">Test failed: text expected to contain /Model de Qualitat de Solucions/</failure>
    </testcase>
    <testcase classname="testmeter.generalitat" name="Abril url i verificar capçalera_Fils:100;Rampup:65;Durada:20" time="0.043"/>
    <testcase classname="testmeter.generalitat" name="Abril url i verificar capçalera_Fils:100;Rampup:65;Durada:20" time="0.027"/>
    <testcase classname="testmeter.generalitat" name="TestNegatiu_Abril url i verificar capçalera_Fils:100;Rampup:65;Durada:20" time="0.025">
        <failure message="Not Found">Test failed: text expected to contain /Model de Qualitat de Solucions/</failure>
    </testcase>
    <testcase classname="testmeter.generalitat" name="TestNegatiu_Abril url i verificar capçalera_Fils:100;Rampup:65;Durada:20" time="0.026">
        <failure message="Not Found">Test failed: text expected to contain /Model de Qualitat de Solucions/</failure>
    </testcase>
    <testcase classname="testmeter.generalitat" name="TestNegatiu_Abril url i verificar capçalera_Fils:100;Rampup:65;Durada:20" time="0.025">
        <failure message="Not Found">Test failed: text expected to contain /Model de Qualitat de Solucions/</failure>
    </testcase>
    <testcase classname="testmeter.generalitat" name="TestNegatiu_Abril url i verificar capçalera_Fils:100;Rampup:65;Durada:20" time="0.022">
        <failure message="Not Found">Test failed: text expected to contain /Model de Qualitat de Solucions/</failure>
    </testcase>
    <testcase classname="testmeter.generalitat" name="Abril url i verificar capçalera_Fils:100;Rampup:65;Durada:20" time="0.049"/>
    <testcase classname="testmeter.generalitat" name="Abril url i verificar capçalera_Fils:100;Rampup:65;Durada:20" time="0.050"/>
    <testcase classname="testmeter.generalitat" name="TestNegatiu_Abril url i verificar capçalera_Fils:100;Rampup:65;Durada:20" time="0.029">
        <failure message="Not Found">Test failed: text expected to contain /Model de Qualitat de Solucions/</failure>
    </testcase>
    <testcase classname="testmeter.generalitat" name="TestNegatiu_Abril url i verificar capçalera_Fils:100;Rampup:65;Durada:20" time="0.046">
        <failure message="Not Found">Test failed: text expected to contain /Model de Qualitat de Solucions/</failure>
    </testcase>
    <testcase classname="testmeter.generalitat" name="Abril url i verificar capçalera_Fils:100;Rampup:65;Durada:20" time="0.027"/>
    <testcase classname="testmeter.generalitat" name="TestNegatiu_Abril url i verificar capçalera_Fils:100;Rampup:65;Durada:20" time="0.025">
        <failure message="Not Found">Test failed: text expected to contain /Model de Qualitat de Solucions/</failure>
    </testcase>
    <testcase classname="testmeter.generalitat" name="Abril url i verificar capçalera_Fils:100;Rampup:65;Durada:20" time="0.047"/>
    <testcase classname="testmeter.generalitat" name="Abril url i verificar capçalera_Fils:100;Rampup:65;Durada:20" time="0.041"/>
    <testcase classname="testmeter.generalitat" name="TestNegatiu_Abril url i verificar capçalera_Fils:100;Rampup:65;Durada:20" time="0.028">
        <failure message="Not Found">Test failed: text expected to contain /Model de Qualitat de Solucions/</failure>
    </testcase>
    <testcase classname="testmeter.generalitat" name="TestNegatiu_Abril url i verificar capçalera_Fils:100;Rampup:65;Durada:20" time="0.025">
        <failure message="Not Found">Test failed: text expected to contain /Model de Qualitat de Solucions/</failure>
    </testcase>
    <testcase classname="testmeter.generalitat" name="TestNegatiu_Abril url i verificar capçalera_Fils:100;Rampup:65;Durada:20" time="0.045">
        <failure message="Not Found">Test failed: text expected to contain /Model de Qualitat de Solucions/</failure>
    </testcase>
    <testcase classname="testmeter.generalitat" name="TestNegatiu_Abril url i verificar capçalera_Fils:100;Rampup:65;Durada:20" time="0.021">
        <failure message="Not Found">Test failed: text expected to contain /Model de Qualitat de Solucions/</failure>
    </testcase>
    <testcase classname="testmeter.generalitat" name="Abril url i verificar capçalera_Fils:100;Rampup:65;Durada:20" time="0.027"/>
    <testcase classname="testmeter.generalitat" name="Abril url i verificar capçalera_Fils:100;Rampup:65;Durada:20" time="0.052"/>
    <testcase classname="testmeter.generalitat" name="TestNegatiu_Abril url i verificar capçalera_Fils:100;Rampup:65;Durada:20" time="0.029">
        <failure message="Not Found">Test failed: text expected to contain /Model de Qualitat de Solucions/</failure>
    </testcase>
    <testcase classname="testmeter.generalitat" name="Abril url i verificar capçalera_Fils:100;Rampup:65;Durada:20" time="0.025"/>
    <testcase classname="testmeter.generalitat" name="Abril url i verificar capçalera_Fils:100;Rampup:65;Durada:20" time="0.028"/>
    <testcase classname="testmeter.generalitat" name="TestNegatiu_Abril url i verificar capçalera_Fils:100;Rampup:65;Durada:20" time="0.027">
        <failure message="Not Found">Test failed: text expected to contain /Model de Qualitat de Solucions/</failure>
    </testcase>
    <testcase classname="testmeter.generalitat" name="TestNegatiu_Abril url i verificar capçalera_Fils:100;Rampup:65;Durada:20" time="0.027">
        <failure message="Not Found">Test failed: text expected to contain /Model de Qualitat de Solucions/</failure>
    </testcase>
    <testcase classname="testmeter.generalitat" name="TestNegatiu_Abril url i verificar capçalera_Fils:100;Rampup:65;Durada:20" time="0.027">
        <failure message="Not Found">Test failed: text expected to contain /Model de Qualitat de Solucions/</failure>
    </testcase>
    <testcase classname="testmeter.generalitat" name="TestNegatiu_Abril url i verificar capçalera_Fils:100;Rampup:65;Durada:20" time="0.022">
        <failure message="Not Found">Test failed: text expected to contain /Model de Qualitat de Solucions/</failure>
    </testcase>
    <testcase classname="testmeter.generalitat" name="Abril url i verificar capçalera_Fils:100;Rampup:65;Durada:20" time="0.028"/>
    <testcase classname="testmeter.generalitat" name="Abril url i verificar capçalera_Fils:100;Rampup:65;Durada:20" time="0.467"/>
    <testcase classname="testmeter.generalitat" name="Abril url i verificar capçalera_Fils:100;Rampup:65;Durada:20" time="0.156"/>
    <testcase classname="testmeter.generalitat" name="TestNegatiu_Abril url i verificar capçalera_Fils:100;Rampup:65;Durada:20" time="0.027">
        <failure message="Not Found">Test failed: text expected to contain /Model de Qualitat de Solucions/</failure>
    </testcase>
    <testcase classname="testmeter.generalitat" name="TestNegatiu_Abril url i verificar capçalera_Fils:100;Rampup:65;Durada:20" time="0.024">
        <failure message="Not Found">Test failed: text expected to contain /Model de Qualitat de Solucions/</failure>
    </testcase>
    <testcase classname="testmeter.generalitat" name="Abril url i verificar capçalera_Fils:100;Rampup:65;Durada:20" time="0.026"/>
    <testcase classname="testmeter.generalitat" name="TestNegatiu_Abril url i verificar capçalera_Fils:100;Rampup:65;Durada:20" time="0.025">
        <failure message="Not Found">Test failed: text expected to contain /Model de Qualitat de Solucions/</failure>
    </testcase>
    <testcase classname="testmeter.generalitat" name="Abril url i verificar capçalera_Fils:100;Rampup:65;Durada:20" time="0.029"/>
    <testcase classname="testmeter.generalitat" name="Abril url i verificar capçalera_Fils:100;Rampup:65;Durada:20" time="0.047"/>
    <testcase classname="testmeter.generalitat" name="Abril url i verificar capçalera_Fils:100;Rampup:65;Durada:20" time="0.048"/>
    <testcase classname="testmeter.generalitat" name="TestNegatiu_Abril url i verificar capçalera_Fils:100;Rampup:65;Durada:20" time="0.026">
        <failure message="Not Found">Test failed: text expected to contain /Model de Qualitat de Solucions/</failure>
    </testcase>
    <testcase classname="testmeter.generalitat" name="TestNegatiu_Abril url i verificar capçalera_Fils:100;Rampup:65;Durada:20" time="0.029">
        <failure message="Not Found">Test failed: text expected to contain /Model de Qualitat de Solucions/</failure>
    </testcase>
    <testcase classname="testmeter.generalitat" name="Abril url i verificar capçalera_Fils:100;Rampup:65;Durada:20" time="0.067"/>
    <testcase classname="testmeter.generalitat" name="Abril url i verificar capçalera_Fils:100;Rampup:65;Durada:20" time="0.044"/>
    <testcase classname="testmeter.generalitat" name="Abril url i verificar capçalera_Fils:100;Rampup:65;Durada:20" time="0.052"/>
    <testcase classname="testmeter.generalitat" name="Abril url i verificar capçalera_Fils:100;Rampup:65;Durada:20" time="0.044"/>
    <testcase classname="testmeter.generalitat" name="Abril url i verificar capçalera_Fils:100;Rampup:65;Durada:20" time="0.030"/>
    <testcase classname="testmeter.generalitat" name="TestNegatiu_Abril url i verificar capçalera_Fils:100;Rampup:65;Durada:20" time="0.025">
        <failure message="Not Found">Test failed: text expected to contain /Model de Qualitat de Solucions/</failure>
    </testcase>
    <testcase classname="testmeter.generalitat" name="Abril url i verificar capçalera_Fils:100;Rampup:65;Durada:20" time="0.074"/>
    <testcase classname="testmeter.generalitat" name="Abril url i verificar capçalera_Fils:100;Rampup:65;Durada:20" time="0.030"/>
    <testcase classname="testmeter.generalitat" name="TestNegatiu_Abril url i verificar capçalera_Fils:100;Rampup:65;Durada:20" time="0.028">
        <failure message="Not Found">Test failed: text expected to contain /Model de Qualitat de Solucions/</failure>
    </testcase>
    <testcase classname="testmeter.generalitat" name="TestNegatiu_Abril url i verificar capçalera_Fils:100;Rampup:65;Durada:20" time="0.029">
        <failure message="Not Found">Test failed: text expected to contain /Model de Qualitat de Solucions/</failure>
    </testcase>
    <testcase classname="testmeter.generalitat" name="TestNegatiu_Abril url i verificar capçalera_Fils:100;Rampup:65;Durada:20" time="0.029">
        <failure message="Not Found">Test failed: text expected to contain /Model de Qualitat de Solucions/</failure>
    </testcase>
    <testcase classname="testmeter.generalitat" name="TestNegatiu_Abril url i verificar capçalera_Fils:100;Rampup:65;Durada:20" time="0.024">
        <failure message="Not Found">Test failed: text expected to contain /Model de Qualitat de Solucions/</failure>
    </testcase>
    <testcase classname="testmeter.generalitat" name="Abril url i verificar capçalera_Fils:100;Rampup:65;Durada:20" time="0.036"/>
    <testcase classname="testmeter.generalitat" name="Abril url i verificar capçalera_Fils:100;Rampup:65;Durada:20" time="0.050"/>
    <testcase classname="testmeter.generalitat" name="Abril url i verificar capçalera_Fils:100;Rampup:65;Durada:20" time="0.025"/>
    <testcase classname="testmeter.generalitat" name="Abril url i verificar capçalera_Fils:100;Rampup:65;Durada:20" time="0.025"/>
    <testcase classname="testmeter.generalitat" name="TestNegatiu_Abril url i verificar capçalera_Fils:100;Rampup:65;Durada:20" time="0.025">
        <failure message="Not Found">Test failed: text expected to contain /Model de Qualitat de Solucions/</failure>
    </testcase>
    <testcase classname="testmeter.generalitat" name="TestNegatiu_Abril url i verificar capçalera_Fils:100;Rampup:65;Durada:20" time="0.022">
        <failure message="Not Found">Test failed: text expected to contain /Model de Qualitat de Solucions/</failure>
    </testcase>
    <testcase classname="testmeter.generalitat" name="TestNegatiu_Abril url i verificar capçalera_Fils:100;Rampup:65;Durada:20" time="0.022">
        <failure message="Not Found">Test failed: text expected to contain /Model de Qualitat de Solucions/</failure>
    </testcase>
    <testcase classname="testmeter.generalitat" name="TestNegatiu_Abril url i verificar capçalera_Fils:100;Rampup:65;Durada:20" time="0.027">
        <failure message="Not Found">Test failed: text expected to contain /Model de Qualitat de Solucions/</failure>
    </testcase>
    <testcase classname="testmeter.generalitat" name="TestNegatiu_Abril url i verificar capçalera_Fils:100;Rampup:65;Durada:20" time="0.023">
        <failure message="Not Found">Test failed: text expected to contain /Model de Qualitat de Solucions/</failure>
    </testcase>
    <testcase classname="testmeter.generalitat" name="Abril url i verificar capçalera_Fils:100;Rampup:65;Durada:20" time="0.046"/>
    <testcase classname="testmeter.generalitat" name="TestNegatiu_Abril url i verificar capçalera_Fils:100;Rampup:65;Durada:20" time="0.025">
        <failure message="Not Found">Test failed: text expected to contain /Model de Qualitat de Solucions/</failure>
    </testcase>
    <testcase classname="testmeter.generalitat" name="TestNegatiu_Abril url i verificar capçalera_Fils:100;Rampup:65;Durada:20" time="0.025">
        <failure message="Not Found">Test failed: text expected to contain /Model de Qualitat de Solucions/</failure>
    </testcase>
    <testcase classname="testmeter.generalitat" name="Abril url i verificar capçalera_Fils:100;Rampup:65;Durada:20" time="0.025"/>
    <testcase classname="testmeter.generalitat" name="TestNegatiu_Abril url i verificar capçalera_Fils:100;Rampup:65;Durada:20" time="0.026">
        <failure message="Not Found">Test failed: text expected to contain /Model de Qualitat de Solucions/</failure>
    </testcase>
    <testcase classname="testmeter.generalitat" name="Abril url i verificar capçalera_Fils:100;Rampup:65;Durada:20" time="0.027"/>
    <testcase classname="testmeter.generalitat" name="Abril url i verificar capçalera_Fils:100;Rampup:65;Durada:20" time="0.081"/>
    <testcase classname="testmeter.generalitat" name="TestNegatiu_Abril url i verificar capçalera_Fils:100;Rampup:65;Durada:20" time="0.027">
        <failure message="Not Found">Test failed: text expected to contain /Model de Qualitat de Solucions/</failure>
    </testcase>
    <testcase classname="testmeter.generalitat" name="Abril url i verificar capçalera_Fils:100;Rampup:65;Durada:20" time="0.052"/>
    <testcase classname="testmeter.generalitat" name="Abril url i verificar capçalera_Fils:100;Rampup:65;Durada:20" time="0.048"/>
    <testcase classname="testmeter.generalitat" name="Abril url i verificar capçalera_Fils:100;Rampup:65;Durada:20" time="0.074"/>
    <testcase classname="testmeter.generalitat" name="Abril url i verificar capçalera_Fils:100;Rampup:65;Durada:20" time="0.024"/>
    <testcase classname="testmeter.generalitat" name="TestNegatiu_Abril url i verificar capçalera_Fils:100;Rampup:65;Durada:20" time="0.023">
        <failure message="Not Found">Test failed: text expected to contain /Model de Qualitat de Solucions/</failure>
    </testcase>
    <testcase classname="testmeter.generalitat" name="TestNegatiu_Abril url i verificar capçalera_Fils:100;Rampup:65;Durada:20" time="0.023">
        <failure message="Not Found">Test failed: text expected to contain /Model de Qualitat de Solucions/</failure>
    </testcase>
    <testcase classname="testmeter.generalitat" name="Abril url i verificar capçalera_Fils:100;Rampup:65;Durada:20" time="0.025"/>
    <testcase classname="testmeter.generalitat" name="TestNegatiu_Abril url i verificar capçalera_Fils:100;Rampup:65;Durada:20" time="0.026">
        <failure message="Not Found">Test failed: text expected to contain /Model de Qualitat de Solucions/</failure>
    </testcase>
    <testcase classname="testmeter.generalitat" name="Abril url i verificar capçalera_Fils:100;Rampup:65;Durada:20" time="0.027"/>
    <testcase classname="testmeter.generalitat" name="TestNegatiu_Abril url i verificar capçalera_Fils:100;Rampup:65;Durada:20" time="0.028">
        <failure message="Not Found">Test failed: text expected to contain /Model de Qualitat de Solucions/</failure>
    </testcase>
    <testcase classname="testmeter.generalitat" name="TestNegatiu_Abril url i verificar capçalera_Fils:100;Rampup:65;Durada:20" time="0.025">
        <failure message="Not Found">Test failed: text expected to contain /Model de Qualitat de Solucions/</failure>
    </testcase>
    <testcase classname="testmeter.generalitat" name="Abril url i verificar capçalera_Fils:100;Rampup:65;Durada:20" time="0.046"/>
    <testcase classname="testmeter.generalitat" name="TestNegatiu_Abril url i verificar capçalera_Fils:100;Rampup:65;Durada:20" time="0.025">
        <failure message="Not Found">Test failed: text expected to contain /Model de Qualitat de Solucions/</failure>
    </testcase>
    <testcase classname="testmeter.generalitat" name="Abril url i verificar capçalera_Fils:100;Rampup:65;Durada:20" time="0.132"/>
    <testcase classname="testmeter.generalitat" name="Abril url i verificar capçalera_Fils:100;Rampup:65;Durada:20" time="0.047"/>
    <testcase classname="testmeter.generalitat" name="TestNegatiu_Abril url i verificar capçalera_Fils:100;Rampup:65;Durada:20" time="0.025">
        <failure message="Not Found">Test failed: text expected to contain /Model de Qualitat de Solucions/</failure>
    </testcase>
    <testcase classname="testmeter.generalitat" name="TestNegatiu_Abril url i verificar capçalera_Fils:100;Rampup:65;Durada:20" time="0.025">
        <failure message="Not Found">Test failed: text expected to contain /Model de Qualitat de Solucions/</failure>
    </testcase>
    <testcase classname="testmeter.generalitat" name="Abril url i verificar capçalera_Fils:100;Rampup:65;Durada:20" time="0.029"/>
    <testcase classname="testmeter.generalitat" name="TestNegatiu_Abril url i verificar capçalera_Fils:100;Rampup:65;Durada:20" time="0.037">
        <failure message="Not Found">Test failed: text expected to contain /Model de Qualitat de Solucions/</failure>
    </testcase>
    <testcase classname="testmeter.generalitat" name="TestNegatiu_Abril url i verificar capçalera_Fils:100;Rampup:65;Durada:20" time="0.030">
        <failure message="Not Found">Test failed: text expected to contain /Model de Qualitat de Solucions/</failure>
    </testcase>
    <testcase classname="testmeter.generalitat" name="TestNegatiu_Abril url i verificar capçalera_Fils:100;Rampup:65;Durada:20" time="0.036">
        <failure message="Not Found">Test failed: text expected to contain /Model de Qualitat de Solucions/</failure>
    </testcase>
    <testcase classname="testmeter.generalitat" name="Abril url i verificar capçalera_Fils:100;Rampup:65;Durada:20" time="0.024"/>
    <testcase classname="testmeter.generalitat" name="Abril url i verificar capçalera_Fils:100;Rampup:65;Durada:20" time="0.050"/>
    <testcase classname="testmeter.generalitat" name="Abril url i verificar capçalera_Fils:100;Rampup:65;Durada:20" time="0.045"/>
    <testcase classname="testmeter.generalitat" name="Abril url i verificar capçalera_Fils:100;Rampup:65;Durada:20" time="0.047"/>
    <testcase classname="testmeter.generalitat" name="Abril url i verificar capçalera_Fils:100;Rampup:65;Durada:20" time="0.052"/>
    <testcase classname="testmeter.generalitat" name="Abril url i verificar capçalera_Fils:100;Rampup:65;Durada:20" time="0.027"/>
    <testcase classname="testmeter.generalitat" name="Abril url i verificar capçalera_Fils:100;Rampup:65;Durada:20" time="0.047"/>
    <testcase classname="testmeter.generalitat" name="TestNegatiu_Abril url i verificar capçalera_Fils:100;Rampup:65;Durada:20" time="0.033">
        <failure message="Not Found">Test failed: text expected to contain /Model de Qualitat de Solucions/</failure>
    </testcase>
    <testcase classname="testmeter.generalitat" name="Abril url i verificar capçalera_Fils:100;Rampup:65;Durada:20" time="0.033"/>
    <testcase classname="testmeter.generalitat" name="TestNegatiu_Abril url i verificar capçalera_Fils:100;Rampup:65;Durada:20" time="0.050">
        <failure message="Not Found">Test failed: text expected to contain /Model de Qualitat de Solucions/</failure>
    </testcase>
    <testcase classname="testmeter.generalitat" name="Abril url i verificar capçalera_Fils:100;Rampup:65;Durada:20" time="0.056"/>
    <testcase classname="testmeter.generalitat" name="TestNegatiu_Abril url i verificar capçalera_Fils:100;Rampup:65;Durada:20" time="0.032">
        <failure message="Not Found">Test failed: text expected to contain /Model de Qualitat de Solucions/</failure>
    </testcase>
    <testcase classname="testmeter.generalitat" name="Abril url i verificar capçalera_Fils:100;Rampup:65;Durada:20" time="0.035"/>
    <testcase classname="testmeter.generalitat" name="Abril url i verificar capçalera_Fils:100;Rampup:65;Durada:20" time="0.067"/>
    <testcase classname="testmeter.generalitat" name="TestNegatiu_Abril url i verificar capçalera_Fils:100;Rampup:65;Durada:20" time="0.026">
        <failure message="Not Found">Test failed: text expected to contain /Model de Qualitat de Solucions/</failure>
    </testcase>
    <testcase classname="testmeter.generalitat" name="Abril url i verificar capçalera_Fils:100;Rampup:65;Durada:20" time="0.031"/>
    <testcase classname="testmeter.generalitat" name="Abril url i verificar capçalera_Fils:100;Rampup:65;Durada:20" time="0.049"/>
    <testcase classname="testmeter.generalitat" name="TestNegatiu_Abril url i verificar capçalera_Fils:100;Rampup:65;Durada:20" time="0.039">
        <failure message="Not Found">Test failed: text expected to contain /Model de Qualitat de Solucions/</failure>
    </testcase>
    <testcase classname="testmeter.generalitat" name="TestNegatiu_Abril url i verificar capçalera_Fils:100;Rampup:65;Durada:20" time="0.056">
        <failure message="Not Found">Test failed: text expected to contain /Model de Qualitat de Solucions/</failure>
    </testcase>
    <testcase classname="testmeter.generalitat" name="Abril url i verificar capçalera_Fils:100;Rampup:65;Durada:20" time="0.042"/>
    <testcase classname="testmeter.generalitat" name="TestNegatiu_Abril url i verificar capçalera_Fils:100;Rampup:65;Durada:20" time="0.024">
        <failure message="Not Found">Test failed: text expected to contain /Model de Qualitat de Solucions/</failure>
    </testcase>
    <testcase classname="testmeter.generalitat" name="TestNegatiu_Abril url i verificar capçalera_Fils:100;Rampup:65;Durada:20" time="0.026">
        <failure message="Not Found">Test failed: text expected to contain /Model de Qualitat de Solucions/</failure>
    </testcase>
    <testcase classname="testmeter.generalitat" name="TestNegatiu_Abril url i verificar capçalera_Fils:100;Rampup:65;Durada:20" time="0.026">
        <failure message="Not Found">Test failed: text expected to contain /Model de Qualitat de Solucions/</failure>
    </testcase>
    <testcase classname="testmeter.generalitat" name="TestNegatiu_Abril url i verificar capçalera_Fils:100;Rampup:65;Durada:20" time="0.026">
        <failure message="Not Found">Test failed: text expected to contain /Model de Qualitat de Solucions/</failure>
    </testcase>
    <testcase classname="testmeter.generalitat" name="TestNegatiu_Abril url i verificar capçalera_Fils:100;Rampup:65;Durada:20" time="0.026">
        <failure message="Not Found">Test failed: text expected to contain /Model de Qualitat de Solucions/</failure>
    </testcase>
    <testcase classname="testmeter.generalitat" name="TestNegatiu_Abril url i verificar capçalera_Fils:100;Rampup:65;Durada:20" time="0.049">
        <failure message="Not Found">Test failed: text expected to contain /Model de Qualitat de Solucions/</failure>
    </testcase>
    <testcase classname="testmeter.generalitat" name="Abril url i verificar capçalera_Fils:100;Rampup:65;Durada:20" time="0.028"/>
    <testcase classname="testmeter.generalitat" name="TestNegatiu_Abril url i verificar capçalera_Fils:100;Rampup:65;Durada:20" time="0.027">
        <failure message="Not Found">Test failed: text expected to contain /Model de Qualitat de Solucions/</failure>
    </testcase>
    <testcase classname="testmeter.generalitat" name="Abril url i verificar capçalera_Fils:100;Rampup:65;Durada:20" time="0.071"/>
    <testcase classname="testmeter.generalitat" name="Abril url i verificar capçalera_Fils:100;Rampup:65;Durada:20" time="0.028"/>
    <testcase classname="testmeter.generalitat" name="TestNegatiu_Abril url i verificar capçalera_Fils:100;Rampup:65;Durada:20" time="0.033">
        <failure message="Not Found">Test failed: text expected to contain /Model de Qualitat de Solucions/</failure>
    </testcase>
    <testcase classname="testmeter.generalitat" name="TestNegatiu_Abril url i verificar capçalera_Fils:100;Rampup:65;Durada:20" time="0.031">
        <failure message="Not Found">Test failed: text expected to contain /Model de Qualitat de Solucions/</failure>
    </testcase>
    <testcase classname="testmeter.generalitat" name="TestNegatiu_Abril url i verificar capçalera_Fils:100;Rampup:65;Durada:20" time="0.022">
        <failure message="Not Found">Test failed: text expected to contain /Model de Qualitat de Solucions/</failure>
    </testcase>
    <testcase classname="testmeter.generalitat" name="TestNegatiu_Abril url i verificar capçalera_Fils:100;Rampup:65;Durada:20" time="0.030">
        <failure message="Not Found">Test failed: text expected to contain /Model de Qualitat de Solucions/</failure>
    </testcase>
    <testcase classname="testmeter.generalitat" name="Abril url i verificar capçalera_Fils:100;Rampup:65;Durada:20" time="0.051"/>
    <testcase classname="testmeter.generalitat" name="Abril url i verificar capçalera_Fils:100;Rampup:65;Durada:20" time="0.032"/>
    <testcase classname="testmeter.generalitat" name="TestNegatiu_Abril url i verificar capçalera_Fils:100;Rampup:65;Durada:20" time="0.026">
        <failure message="Not Found">Test failed: text expected to contain /Model de Qualitat de Solucions/</failure>
    </testcase>
    <testcase classname="testmeter.generalitat" name="TestNegatiu_Abril url i verificar capçalera_Fils:100;Rampup:65;Durada:20" time="0.025">
        <failure message="Not Found">Test failed: text expected to contain /Model de Qualitat de Solucions/</failure>
    </testcase>
    <testcase classname="testmeter.generalitat" name="Abril url i verificar capçalera_Fils:100;Rampup:65;Durada:20" time="0.308"/>
    <testcase classname="testmeter.generalitat" name="TestNegatiu_Abril url i verificar capçalera_Fils:100;Rampup:65;Durada:20" time="0.025">
        <failure message="Not Found">Test failed: text expected to contain /Model de Qualitat de Solucions/</failure>
    </testcase>
    <testcase classname="testmeter.generalitat" name="TestNegatiu_Abril url i verificar capçalera_Fils:100;Rampup:65;Durada:20" time="0.025">
        <failure message="Not Found">Test failed: text expected to contain /Model de Qualitat de Solucions/</failure>
    </testcase>
    <testcase classname="testmeter.generalitat" name="Abril url i verificar capçalera_Fils:100;Rampup:65;Durada:20" time="0.031"/>
    <testcase classname="testmeter.generalitat" name="TestNegatiu_Abril url i verificar capçalera_Fils:100;Rampup:65;Durada:20" time="0.025">
        <failure message="Not Found">Test failed: text expected to contain /Model de Qualitat de Solucions/</failure>
    </testcase>
    <testcase classname="testmeter.generalitat" name="Abril url i verificar capçalera_Fils:100;Rampup:65;Durada:20" time="0.029"/>
    <testcase classname="testmeter.generalitat" name="Abril url i verificar capçalera_Fils:100;Rampup:65;Durada:20" time="0.027"/>
    <testcase classname="testmeter.generalitat" name="Abril url i verificar capçalera_Fils:100;Rampup:65;Durada:20" time="0.027"/>
    <testcase classname="testmeter.generalitat" name="TestNegatiu_Abril url i verificar capçalera_Fils:100;Rampup:65;Durada:20" time="0.031">
        <failure message="Not Found">Test failed: text expected to contain /Model de Qualitat de Solucions/</failure>
    </testcase>
    <testcase classname="testmeter.generalitat" name="TestNegatiu_Abril url i verificar capçalera_Fils:100;Rampup:65;Durada:20" time="0.034">
        <failure message="Not Found">Test failed: text expected to contain /Model de Qualitat de Solucions/</failure>
    </testcase>
    <testcase classname="testmeter.generalitat" name="Abril url i verificar capçalera_Fils:100;Rampup:65;Durada:20" time="0.046"/>
    <testcase classname="testmeter.generalitat" name="TestNegatiu_Abril url i verificar capçalera_Fils:100;Rampup:65;Durada:20" time="0.028">
        <failure message="Not Found">Test failed: text expected to contain /Model de Qualitat de Solucions/</failure>
    </testcase>
    <testcase classname="testmeter.generalitat" name="TestNegatiu_Abril url i verificar capçalera_Fils:100;Rampup:65;Durada:20" time="0.030">
        <failure message="Not Found">Test failed: text expected to contain /Model de Qualitat de Solucions/</failure>
    </testcase>
    <testcase classname="testmeter.generalitat" name="TestNegatiu_Abril url i verificar capçalera_Fils:100;Rampup:65;Durada:20" time="0.033">
        <failure message="Not Found">Test failed: text expected to contain /Model de Qualitat de Solucions/</failure>
    </testcase>
    <testcase classname="testmeter.generalitat" name="Abril url i verificar capçalera_Fils:100;Rampup:65;Durada:20" time="0.027"/>
    <testcase classname="testmeter.generalitat" name="Abril url i verificar capçalera_Fils:100;Rampup:65;Durada:20" time="0.053"/>
    <testcase classname="testmeter.generalitat" name="TestNegatiu_Abril url i verificar capçalera_Fils:100;Rampup:65;Durada:20" time="0.025">
        <failure message="Not Found">Test failed: text expected to contain /Model de Qualitat de Solucions/</failure>
    </testcase>
    <testcase classname="testmeter.generalitat" name="Abril url i verificar capçalera_Fils:100;Rampup:65;Durada:20" time="0.036"/>
    <testcase classname="testmeter.generalitat" name="TestNegatiu_Abril url i verificar capçalera_Fils:100;Rampup:65;Durada:20" time="0.022">
        <failure message="Not Found">Test failed: text expected to contain /Model de Qualitat de Solucions/</failure>
    </testcase>
    <testcase classname="testmeter.generalitat" name="Abril url i verificar capçalera_Fils:100;Rampup:65;Durada:20" time="0.072"/>
    <testcase classname="testmeter.generalitat" name="Abril url i verificar capçalera_Fils:100;Rampup:65;Durada:20" time="0.028"/>
    <testcase classname="testmeter.generalitat" name="Abril url i verificar capçalera_Fils:100;Rampup:65;Durada:20" time="0.046"/>
    <testcase classname="testmeter.generalitat" name="Abril url i verificar capçalera_Fils:100;Rampup:65;Durada:20" time="0.069"/>
    <testcase classname="testmeter.generalitat" name="Abril url i verificar capçalera_Fils:100;Rampup:65;Durada:20" time="0.050"/>
    <testcase classname="testmeter.generalitat" name="Abril url i verificar capçalera_Fils:100;Rampup:65;Durada:20" time="0.231"/>
    <testcase classname="testmeter.generalitat" name="TestNegatiu_Abril url i verificar capçalera_Fils:100;Rampup:65;Durada:20" time="0.027">
        <failure message="Not Found">Test failed: text expected to contain /Model de Qualitat de Solucions/</failure>
    </testcase>
    <testcase classname="testmeter.generalitat" name="TestNegatiu_Abril url i verificar capçalera_Fils:100;Rampup:65;Durada:20" time="0.026">
        <failure message="Not Found">Test failed: text expected to contain /Model de Qualitat de Solucions/</failure>
    </testcase>
    <testcase classname="testmeter.generalitat" name="Abril url i verificar capçalera_Fils:100;Rampup:65;Durada:20" time="0.072"/>
    <testcase classname="testmeter.generalitat" name="Abril url i verificar capçalera_Fils:100;Rampup:65;Durada:20" time="0.045"/>
    <testcase classname="testmeter.generalitat" name="Abril url i verificar capçalera_Fils:100;Rampup:65;Durada:20" time="0.026"/>
    <testcase classname="testmeter.generalitat" name="TestNegatiu_Abril url i verificar capçalera_Fils:100;Rampup:65;Durada:20" time="0.029">
        <failure message="Not Found">Test failed: text expected to contain /Model de Qualitat de Solucions/</failure>
    </testcase>
    <testcase classname="testmeter.generalitat" name="TestNegatiu_Abril url i verificar capçalera_Fils:100;Rampup:65;Durada:20" time="0.026">
        <failure message="Not Found">Test failed: text expected to contain /Model de Qualitat de Solucions/</failure>
    </testcase>
    <testcase classname="testmeter.generalitat" name="TestNegatiu_Abril url i verificar capçalera_Fils:100;Rampup:65;Durada:20" time="0.025">
        <failure message="Not Found">Test failed: text expected to contain /Model de Qualitat de Solucions/</failure>
    </testcase>
    <testcase classname="testmeter.generalitat" name="TestNegatiu_Abril url i verificar capçalera_Fils:100;Rampup:65;Durada:20" time="0.029">
        <failure message="Not Found">Test failed: text expected to contain /Model de Qualitat de Solucions/</failure>
    </testcase>
    <testcase classname="testmeter.generalitat" name="TestNegatiu_Abril url i verificar capçalera_Fils:100;Rampup:65;Durada:20" time="0.025">
        <failure message="Not Found">Test failed: text expected to contain /Model de Qualitat de Solucions/</failure>
    </testcase>
    <testcase classname="testmeter.generalitat" name="Abril url i verificar capçalera_Fils:100;Rampup:65;Durada:20" time="0.067"/>
    <testcase classname="testmeter.generalitat" name="Abril url i verificar capçalera_Fils:100;Rampup:65;Durada:20" time="0.053"/>
    <testcase classname="testmeter.generalitat" name="TestNegatiu_Abril url i verificar capçalera_Fils:100;Rampup:65;Durada:20" time="0.030">
        <failure message="Not Found">Test failed: text expected to contain /Model de Qualitat de Solucions/</failure>
    </testcase>
    <testcase classname="testmeter.generalitat" name="TestNegatiu_Abril url i verificar capçalera_Fils:100;Rampup:65;Durada:20" time="0.029">
        <failure message="Not Found">Test failed: text expected to contain /Model de Qualitat de Solucions/</failure>
    </testcase>
    <testcase classname="testmeter.generalitat" name="TestNegatiu_Abril url i verificar capçalera_Fils:100;Rampup:65;Durada:20" time="0.027">
        <failure message="Not Found">Test failed: text expected to contain /Model de Qualitat de Solucions/</failure>
    </testcase>
    <testcase classname="testmeter.generalitat" name="Abril url i verificar capçalera_Fils:100;Rampup:65;Durada:20" time="0.056"/>
    <testcase classname="testmeter.generalitat" name="TestNegatiu_Abril url i verificar capçalera_Fils:100;Rampup:65;Durada:20" time="0.027">
        <failure message="Not Found">Test failed: text expected to contain /Model de Qualitat de Solucions/</failure>
    </testcase>
    <testcase classname="testmeter.generalitat" name="TestNegatiu_Abril url i verificar capçalera_Fils:100;Rampup:65;Durada:20" time="0.028">
        <failure message="Not Found">Test failed: text expected to contain /Model de Qualitat de Solucions/</failure>
    </testcase>
    <testcase classname="testmeter.generalitat" name="Abril url i verificar capçalera_Fils:100;Rampup:65;Durada:20" time="0.032"/>
    <testcase classname="testmeter.generalitat" name="Abril url i verificar capçalera_Fils:100;Rampup:65;Durada:20" time="0.027"/>
    <testcase classname="testmeter.generalitat" name="Abril url i verificar capçalera_Fils:100;Rampup:65;Durada:20" time="0.060"/>
    <testcase classname="testmeter.generalitat" name="TestNegatiu_Abril url i verificar capçalera_Fils:100;Rampup:65;Durada:20" time="0.024">
        <failure message="Not Found">Test failed: text expected to contain /Model de Qualitat de Solucions/</failure>
    </testcase>
    <testcase classname="testmeter.generalitat" name="TestNegatiu_Abril url i verificar capçalera_Fils:100;Rampup:65;Durada:20" time="0.022">
        <failure message="Not Found">Test failed: text expected to contain /Model de Qualitat de Solucions/</failure>
    </testcase>
    <testcase classname="testmeter.generalitat" name="Abril url i verificar capçalera_Fils:100;Rampup:65;Durada:20" time="0.030"/>
    <testcase classname="testmeter.generalitat" name="Abril url i verificar capçalera_Fils:100;Rampup:65;Durada:20" time="0.060"/>
    <testcase classname="testmeter.generalitat" name="Abril url i verificar capçalera_Fils:100;Rampup:65;Durada:20" time="0.025"/>
    <testcase classname="testmeter.generalitat" name="Abril url i verificar capçalera_Fils:100;Rampup:65;Durada:20" time="0.030"/>
    <testcase classname="testmeter.generalitat" name="Abril url i verificar capçalera_Fils:100;Rampup:65;Durada:20" time="0.049"/>
    <testcase classname="testmeter.generalitat" name="Abril url i verificar capçalera_Fils:100;Rampup:65;Durada:20" time="0.030"/>
    <testcase classname="testmeter.generalitat" name="Abril url i verificar capçalera_Fils:100;Rampup:65;Durada:20" time="0.026"/>
    <testcase classname="testmeter.generalitat" name="Abril url i verificar capçalera_Fils:100;Rampup:65;Durada:20" time="0.030"/>
    <testcase classname="testmeter.generalitat" name="Abril url i verificar capçalera_Fils:100;Rampup:65;Durada:20" time="0.028"/>
    <testcase classname="testmeter.generalitat" name="Abril url i verificar capçalera_Fils:100;Rampup:65;Durada:20" time="0.074"/>
    <testcase classname="testmeter.generalitat" name="TestNegatiu_Abril url i verificar capçalera_Fils:100;Rampup:65;Durada:20" time="0.027">
        <failure message="Not Found">Test failed: text expected to contain /Model de Qualitat de Solucions/</failure>
    </testcase>
    <testcase classname="testmeter.generalitat" name="Abril url i verificar capçalera_Fils:100;Rampup:65;Durada:20" time="0.034"/>
    <testcase classname="testmeter.generalitat" name="TestNegatiu_Abril url i verificar capçalera_Fils:100;Rampup:65;Durada:20" time="0.028">
        <failure message="Not Found">Test failed: text expected to contain /Model de Qualitat de Solucions/</failure>
    </testcase>
    <testcase classname="testmeter.generalitat" name="Abril url i verificar capçalera_Fils:100;Rampup:65;Durada:20" time="0.030"/>
    <testcase classname="testmeter.generalitat" name="TestNegatiu_Abril url i verificar capçalera_Fils:100;Rampup:65;Durada:20" time="0.027">
        <failure message="Not Found">Test failed: text expected to contain /Model de Qualitat de Solucions/</failure>
    </testcase>
    <testcase classname="testmeter.generalitat" name="TestNegatiu_Abril url i verificar capçalera_Fils:100;Rampup:65;Durada:20" time="0.051">
        <failure message="Not Found">Test failed: text expected to contain /Model de Qualitat de Solucions/</failure>
    </testcase>
    <testcase classname="testmeter.generalitat" name="TestNegatiu_Abril url i verificar capçalera_Fils:100;Rampup:65;Durada:20" time="0.025">
        <failure message="Not Found">Test failed: text expected to contain /Model de Qualitat de Solucions/</failure>
    </testcase>
    <testcase classname="testmeter.generalitat" name="TestNegatiu_Abril url i verificar capçalera_Fils:100;Rampup:65;Durada:20" time="0.028">
        <failure message="Not Found">Test failed: text expected to contain /Model de Qualitat de Solucions/</failure>
    </testcase>
    <testcase classname="testmeter.generalitat" name="TestNegatiu_Abril url i verificar capçalera_Fils:100;Rampup:65;Durada:20" time="0.028">
        <failure message="Not Found">Test failed: text expected to contain /Model de Qualitat de Solucions/</failure>
    </testcase>
    <testcase classname="testmeter.generalitat" name="TestNegatiu_Abril url i verificar capçalera_Fils:100;Rampup:65;Durada:20" time="0.025">
        <failure message="Not Found">Test failed: text expected to contain /Model de Qualitat de Solucions/</failure>
    </testcase>
    <testcase classname="testmeter.generalitat" name="TestNegatiu_Abril url i verificar capçalera_Fils:100;Rampup:65;Durada:20" time="0.027">
        <failure message="Not Found">Test failed: text expected to contain /Model de Qualitat de Solucions/</failure>
    </testcase>
    <testcase classname="testmeter.generalitat" name="Abril url i verificar capçalera_Fils:100;Rampup:65;Durada:20" time="0.114"/>
    <testcase classname="testmeter.generalitat" name="TestNegatiu_Abril url i verificar capçalera_Fils:100;Rampup:65;Durada:20" time="0.024">
        <failure message="Not Found">Test failed: text expected to contain /Model de Qualitat de Solucions/</failure>
    </testcase>
    <testcase classname="testmeter.generalitat" name="Abril url i verificar capçalera_Fils:100;Rampup:65;Durada:20" time="0.029"/>
    <testcase classname="testmeter.generalitat" name="TestNegatiu_Abril url i verificar capçalera_Fils:100;Rampup:65;Durada:20" time="0.041">
        <failure message="Not Found">Test failed: text expected to contain /Model de Qualitat de Solucions/</failure>
    </testcase>
    <testcase classname="testmeter.generalitat" name="Abril url i verificar capçalera_Fils:100;Rampup:65;Durada:20" time="0.041"/>
    <testcase classname="testmeter.generalitat" name="TestNegatiu_Abril url i verificar capçalera_Fils:100;Rampup:65;Durada:20" time="0.022">
        <failure message="Not Found">Test failed: text expected to contain /Model de Qualitat de Solucions/</failure>
    </testcase>
    <testcase classname="testmeter.generalitat" name="TestNegatiu_Abril url i verificar capçalera_Fils:100;Rampup:65;Durada:20" time="0.032">
        <failure message="Not Found">Test failed: text expected to contain /Model de Qualitat de Solucions/</failure>
    </testcase>
    <testcase classname="testmeter.generalitat" name="TestNegatiu_Abril url i verificar capçalera_Fils:100;Rampup:65;Durada:20" time="0.027">
        <failure message="Not Found">Test failed: text expected to contain /Model de Qualitat de Solucions/</failure>
    </testcase>
    <testcase classname="testmeter.generalitat" name="TestNegatiu_Abril url i verificar capçalera_Fils:100;Rampup:65;Durada:20" time="0.032">
        <failure message="Not Found">Test failed: text expected to contain /Model de Qualitat de Solucions/</failure>
    </testcase>
    <testcase classname="testmeter.generalitat" name="TestNegatiu_Abril url i verificar capçalera_Fils:100;Rampup:65;Durada:20" time="0.032">
        <failure message="Not Found">Test failed: text expected to contain /Model de Qualitat de Solucions/</failure>
    </testcase>
    <testcase classname="testmeter.generalitat" name="TestNegatiu_Abril url i verificar capçalera_Fils:100;Rampup:65;Durada:20" time="0.029">
        <failure message="Not Found">Test failed: text expected to contain /Model de Qualitat de Solucions/</failure>
    </testcase>
    <testcase classname="testmeter.generalitat" name="TestNegatiu_Abril url i verificar capçalera_Fils:100;Rampup:65;Durada:20" time="0.032">
        <failure message="Not Found">Test failed: text expected to contain /Model de Qualitat de Solucions/</failure>
    </testcase>
    <testcase classname="testmeter.generalitat" name="Abril url i verificar capçalera_Fils:100;Rampup:65;Durada:20" time="0.055"/>
    <testcase classname="testmeter.generalitat" name="Abril url i verificar capçalera_Fils:100;Rampup:65;Durada:20" time="0.055"/>
    <testcase classname="testmeter.generalitat" name="TestNegatiu_Abril url i verificar capçalera_Fils:100;Rampup:65;Durada:20" time="0.024">
        <failure message="Not Found">Test failed: text expected to contain /Model de Qualitat de Solucions/</failure>
    </testcase>
    <testcase classname="testmeter.generalitat" name="TestNegatiu_Abril url i verificar capçalera_Fils:100;Rampup:65;Durada:20" time="0.030">
        <failure message="Not Found">Test failed: text expected to contain /Model de Qualitat de Solucions/</failure>
    </testcase>
    <testcase classname="testmeter.generalitat" name="Abril url i verificar capçalera_Fils:100;Rampup:65;Durada:20" time="0.058"/>
    <testcase classname="testmeter.generalitat" name="Abril url i verificar capçalera_Fils:100;Rampup:65;Durada:20" time="0.053"/>
    <testcase classname="testmeter.generalitat" name="Abril url i verificar capçalera_Fils:100;Rampup:65;Durada:20" time="0.030"/>
    <testcase classname="testmeter.generalitat" name="Abril url i verificar capçalera_Fils:100;Rampup:65;Durada:20" time="0.030"/>
    <testcase classname="testmeter.generalitat" name="Abril url i verificar capçalera_Fils:100;Rampup:65;Durada:20" time="0.030"/>
    <testcase classname="testmeter.generalitat" name="Abril url i verificar capçalera_Fils:100;Rampup:65;Durada:20" time="0.032"/>
    <testcase classname="testmeter.generalitat" name="Abril url i verificar capçalera_Fils:100;Rampup:65;Durada:20" time="0.034"/>
    <testcase classname="testmeter.generalitat" name="Abril url i verificar capçalera_Fils:100;Rampup:65;Durada:20" time="0.029"/>
    <testcase classname="testmeter.generalitat" name="Abril url i verificar capçalera_Fils:100;Rampup:65;Durada:20" time="0.078"/>
    <testcase classname="testmeter.generalitat" name="Abril url i verificar capçalera_Fils:100;Rampup:65;Durada:20" time="0.049"/>
    <testcase classname="testmeter.generalitat" name="Abril url i verificar capçalera_Fils:100;Rampup:65;Durada:20" time="0.052"/>
    <testcase classname="testmeter.generalitat" name="TestNegatiu_Abril url i verificar capçalera_Fils:100;Rampup:65;Durada:20" time="0.052">
        <failure message="Not Found">Test failed: text expected to contain /Model de Qualitat de Solucions/</failure>
    </testcase>
    <testcase classname="testmeter.generalitat" name="Abril url i verificar capçalera_Fils:100;Rampup:65;Durada:20" time="0.044"/>
    <testcase classname="testmeter.generalitat" name="TestNegatiu_Abril url i verificar capçalera_Fils:100;Rampup:65;Durada:20" time="0.025">
        <failure message="Not Found">Test failed: text expected to contain /Model de Qualitat de Solucions/</failure>
    </testcase>
    <testcase classname="testmeter.generalitat" name="Abril url i verificar capçalera_Fils:100;Rampup:65;Durada:20" time="0.054"/>
    <testcase classname="testmeter.generalitat" name="Abril url i verificar capçalera_Fils:100;Rampup:65;Durada:20" time="0.053"/>
    <testcase classname="testmeter.generalitat" name="Abril url i verificar capçalera_Fils:100;Rampup:65;Durada:20" time="0.127"/>
    <testcase classname="testmeter.generalitat" name="TestNegatiu_Abril url i verificar capçalera_Fils:100;Rampup:65;Durada:20" time="0.031">
        <failure message="Not Found">Test failed: text expected to contain /Model de Qualitat de Solucions/</failure>
    </testcase>
    <testcase classname="testmeter.generalitat" name="TestNegatiu_Abril url i verificar capçalera_Fils:100;Rampup:65;Durada:20" time="0.027">
        <failure message="Not Found">Test failed: text expected to contain /Model de Qualitat de Solucions/</failure>
    </testcase>
    <testcase classname="testmeter.generalitat" name="TestNegatiu_Abril url i verificar capçalera_Fils:100;Rampup:65;Durada:20" time="0.030">
        <failure message="Not Found">Test failed: text expected to contain /Model de Qualitat de Solucions/</failure>
    </testcase>
    <testcase classname="testmeter.generalitat" name="TestNegatiu_Abril url i verificar capçalera_Fils:100;Rampup:65;Durada:20" time="0.027">
        <failure message="Not Found">Test failed: text expected to contain /Model de Qualitat de Solucions/</failure>
    </testcase>
    <testcase classname="testmeter.generalitat" name="TestNegatiu_Abril url i verificar capçalera_Fils:100;Rampup:65;Durada:20" time="0.030">
        <failure message="Not Found">Test failed: text expected to contain /Model de Qualitat de Solucions/</failure>
    </testcase>
    <testcase classname="testmeter.generalitat" name="Abril url i verificar capçalera_Fils:100;Rampup:65;Durada:20" time="0.034"/>
    <testcase classname="testmeter.generalitat" name="TestNegatiu_Abril url i verificar capçalera_Fils:100;Rampup:65;Durada:20" time="0.030">
        <failure message="Not Found">Test failed: text expected to contain /Model de Qualitat de Solucions/</failure>
    </testcase>
    <testcase classname="testmeter.generalitat" name="TestNegatiu_Abril url i verificar capçalera_Fils:100;Rampup:65;Durada:20" time="0.031">
        <failure message="Not Found">Test failed: text expected to contain /Model de Qualitat de Solucions/</failure>
    </testcase>
    <testcase classname="testmeter.generalitat" name="Abril url i verificar capçalera_Fils:100;Rampup:65;Durada:20" time="0.028"/>
    <testcase classname="testmeter.generalitat" name="Abril url i verificar capçalera_Fils:100;Rampup:65;Durada:20" time="0.033"/>
    <testcase classname="testmeter.generalitat" name="Abril url i verificar capçalera_Fils:100;Rampup:65;Durada:20" time="0.064"/>
    <testcase classname="testmeter.generalitat" name="Abril url i verificar capçalera_Fils:100;Rampup:65;Durada:20" time="0.043"/>
    <testcase classname="testmeter.generalitat" name="Abril url i verificar capçalera_Fils:100;Rampup:65;Durada:20" time="0.066"/>
    <testcase classname="testmeter.generalitat" name="TestNegatiu_Abril url i verificar capçalera_Fils:100;Rampup:65;Durada:20" time="0.030">
        <failure message="Not Found">Test failed: text expected to contain /Model de Qualitat de Solucions/</failure>
    </testcase>
    <testcase classname="testmeter.generalitat" name="TestNegatiu_Abril url i verificar capçalera_Fils:100;Rampup:65;Durada:20" time="0.111">
        <failure message="Not Found">Test failed: text expected to contain /Model de Qualitat de Solucions/</failure>
    </testcase>
    <testcase classname="testmeter.generalitat" name="TestNegatiu_Abril url i verificar capçalera_Fils:100;Rampup:65;Durada:20" time="0.031">
        <failure message="Not Found">Test failed: text expected to contain /Model de Qualitat de Solucions/</failure>
    </testcase>
    <testcase classname="testmeter.generalitat" name="TestNegatiu_Abril url i verificar capçalera_Fils:100;Rampup:65;Durada:20" time="0.029">
        <failure message="Not Found">Test failed: text expected to contain /Model de Qualitat de Solucions/</failure>
    </testcase>
    <testcase classname="testmeter.generalitat" name="TestNegatiu_Abril url i verificar capçalera_Fils:100;Rampup:65;Durada:20" time="0.033">
        <failure message="Not Found">Test failed: text expected to contain /Model de Qualitat de Solucions/</failure>
    </testcase>
    <testcase classname="testmeter.generalitat" name="TestNegatiu_Abril url i verificar capçalera_Fils:100;Rampup:65;Durada:20" time="0.030">
        <failure message="Not Found">Test failed: text expected to contain /Model de Qualitat de Solucions/</failure>
    </testcase>
    <testcase classname="testmeter.generalitat" name="Abril url i verificar capçalera_Fils:100;Rampup:65;Durada:20" time="0.081"/>
    <testcase classname="testmeter.generalitat" name="Abril url i verificar capçalera_Fils:100;Rampup:65;Durada:20" time="0.048"/>
    <testcase classname="testmeter.generalitat" name="TestNegatiu_Abril url i verificar capçalera_Fils:100;Rampup:65;Durada:20" time="0.026">
        <failure message="Not Found">Test failed: text expected to contain /Model de Qualitat de Solucions/</failure>
    </testcase>
    <testcase classname="testmeter.generalitat" name="Abril url i verificar capçalera_Fils:100;Rampup:65;Durada:20" time="0.026"/>
    <testcase classname="testmeter.generalitat" name="TestNegatiu_Abril url i verificar capçalera_Fils:100;Rampup:65;Durada:20" time="0.029">
        <failure message="Not Found">Test failed: text expected to contain /Model de Qualitat de Solucions/</failure>
    </testcase>
    <testcase classname="testmeter.generalitat" name="TestNegatiu_Abril url i verificar capçalera_Fils:100;Rampup:65;Durada:20" time="0.023">
        <failure message="Not Found">Test failed: text expected to contain /Model de Qualitat de Solucions/</failure>
    </testcase>
    <testcase classname="testmeter.generalitat" name="TestNegatiu_Abril url i verificar capçalera_Fils:100;Rampup:65;Durada:20" time="0.026">
        <failure message="Not Found">Test failed: text expected to contain /Model de Qualitat de Solucions/</failure>
    </testcase>
    <testcase classname="testmeter.generalitat" name="TestNegatiu_Abril url i verificar capçalera_Fils:100;Rampup:65;Durada:20" time="0.025">
        <failure message="Not Found">Test failed: text expected to contain /Model de Qualitat de Solucions/</failure>
    </testcase>
    <testcase classname="testmeter.generalitat" name="TestNegatiu_Abril url i verificar capçalera_Fils:100;Rampup:65;Durada:20" time="0.034">
        <failure message="Not Found">Test failed: text expected to contain /Model de Qualitat de Solucions/</failure>
    </testcase>
    <testcase classname="testmeter.generalitat" name="TestNegatiu_Abril url i verificar capçalera_Fils:100;Rampup:65;Durada:20" time="0.026">
        <failure message="Not Found">Test failed: text expected to contain /Model de Qualitat de Solucions/</failure>
    </testcase>
    <testcase classname="testmeter.generalitat" name="Abril url i verificar capçalera_Fils:100;Rampup:65;Durada:20" time="0.027"/>
    <testcase classname="testmeter.generalitat" name="Abril url i verificar capçalera_Fils:100;Rampup:65;Durada:20" time="0.033"/>
    <testcase classname="testmeter.generalitat" name="Abril url i verificar capçalera_Fils:100;Rampup:65;Durada:20" time="0.074"/>
    <testcase classname="testmeter.generalitat" name="TestNegatiu_Abril url i verificar capçalera_Fils:100;Rampup:65;Durada:20" time="0.045">
        <failure message="Not Found">Test failed: text expected to contain /Model de Qualitat de Solucions/</failure>
    </testcase>
    <testcase classname="testmeter.generalitat" name="Abril url i verificar capçalera_Fils:100;Rampup:65;Durada:20" time="0.042"/>
    <testcase classname="testmeter.generalitat" name="Abril url i verificar capçalera_Fils:100;Rampup:65;Durada:20" time="0.043"/>
    <testcase classname="testmeter.generalitat" name="Abril url i verificar capçalera_Fils:100;Rampup:65;Durada:20" time="0.027"/>
    <testcase classname="testmeter.generalitat" name="TestNegatiu_Abril url i verificar capçalera_Fils:100;Rampup:65;Durada:20" time="0.026">
        <failure message="Not Found">Test failed: text expected to contain /Model de Qualitat de Solucions/</failure>
    </testcase>
    <testcase classname="testmeter.generalitat" name="TestNegatiu_Abril url i verificar capçalera_Fils:100;Rampup:65;Durada:20" time="0.036">
        <failure message="Not Found">Test failed: text expected to contain /Model de Qualitat de Solucions/</failure>
    </testcase>
    <testcase classname="testmeter.generalitat" name="TestNegatiu_Abril url i verificar capçalera_Fils:100;Rampup:65;Durada:20" time="0.027">
        <failure message="Not Found">Test failed: text expected to contain /Model de Qualitat de Solucions/</failure>
    </testcase>
    <testcase classname="testmeter.generalitat" name="TestNegatiu_Abril url i verificar capçalera_Fils:100;Rampup:65;Durada:20" time="0.023">
        <failure message="Not Found">Test failed: text expected to contain /Model de Qualitat de Solucions/</failure>
    </testcase>
    <testcase classname="testmeter.generalitat" name="Abril url i verificar capçalera_Fils:100;Rampup:65;Durada:20" time="0.050"/>
    <testcase classname="testmeter.generalitat" name="Abril url i verificar capçalera_Fils:100;Rampup:65;Durada:20" time="0.050"/>
    <testcase classname="testmeter.generalitat" name="TestNegatiu_Abril url i verificar capçalera_Fils:100;Rampup:65;Durada:20" time="0.042">
        <failure message="Not Found">Test failed: text expected to contain /Model de Qualitat de Solucions/</failure>
    </testcase>
    <testcase classname="testmeter.generalitat" name="Abril url i verificar capçalera_Fils:100;Rampup:65;Durada:20" time="0.034"/>
    <testcase classname="testmeter.generalitat" name="TestNegatiu_Abril url i verificar capçalera_Fils:100;Rampup:65;Durada:20" time="0.025">
        <failure message="Not Found">Test failed: text expected to contain /Model de Qualitat de Solucions/</failure>
    </testcase>
    <testcase classname="testmeter.generalitat" name="Abril url i verificar capçalera_Fils:100;Rampup:65;Durada:20" time="0.027"/>
    <testcase classname="testmeter.generalitat" name="Abril url i verificar capçalera_Fils:100;Rampup:65;Durada:20" time="0.054"/>
    <testcase classname="testmeter.generalitat" name="Abril url i verificar capçalera_Fils:100;Rampup:65;Durada:20" time="0.028"/>
    <testcase classname="testmeter.generalitat" name="Abril url i verificar capçalera_Fils:100;Rampup:65;Durada:20" time="0.029"/>
    <testcase classname="testmeter.generalitat" name="Abril url i verificar capçalera_Fils:100;Rampup:65;Durada:20" time="0.026"/>
    <testcase classname="testmeter.generalitat" name="TestNegatiu_Abril url i verificar capçalera_Fils:100;Rampup:65;Durada:20" time="0.027">
        <failure message="Not Found">Test failed: text expected to contain /Model de Qualitat de Solucions/</failure>
    </testcase>
    <testcase classname="testmeter.generalitat" name="Abril url i verificar capçalera_Fils:100;Rampup:65;Durada:20" time="0.047"/>
    <testcase classname="testmeter.generalitat" name="TestNegatiu_Abril url i verificar capçalera_Fils:100;Rampup:65;Durada:20" time="0.026">
        <failure message="Not Found">Test failed: text expected to contain /Model de Qualitat de Solucions/</failure>
    </testcase>
    <testcase classname="testmeter.generalitat" name="TestNegatiu_Abril url i verificar capçalera_Fils:100;Rampup:65;Durada:20" time="0.025">
        <failure message="Not Found">Test failed: text expected to contain /Model de Qualitat de Solucions/</failure>
    </testcase>
    <testcase classname="testmeter.generalitat" name="TestNegatiu_Abril url i verificar capçalera_Fils:100;Rampup:65;Durada:20" time="0.027">
        <failure message="Not Found">Test failed: text expected to contain /Model de Qualitat de Solucions/</failure>
    </testcase>
    <testcase classname="testmeter.generalitat" name="TestNegatiu_Abril url i verificar capçalera_Fils:100;Rampup:65;Durada:20" time="0.025">
        <failure message="Not Found">Test failed: text expected to contain /Model de Qualitat de Solucions/</failure>
    </testcase>
    <testcase classname="testmeter.generalitat" name="TestNegatiu_Abril url i verificar capçalera_Fils:100;Rampup:65;Durada:20" time="0.024">
        <failure message="Not Found">Test failed: text expected to contain /Model de Qualitat de Solucions/</failure>
    </testcase>
    <testcase classname="testmeter.generalitat" name="Abril url i verificar capçalera_Fils:100;Rampup:65;Durada:20" time="0.048"/>
    <testcase classname="testmeter.generalitat" name="Abril url i verificar capçalera_Fils:100;Rampup:65;Durada:20" time="0.054"/>
    <testcase classname="testmeter.generalitat" name="Abril url i verificar capçalera_Fils:100;Rampup:65;Durada:20" time="0.139"/>
    <testcase classname="testmeter.generalitat" name="TestNegatiu_Abril url i verificar capçalera_Fils:100;Rampup:65;Durada:20" time="0.028">
        <failure message="Not Found">Test failed: text expected to contain /Model de Qualitat de Solucions/</failure>
    </testcase>
    <testcase classname="testmeter.generalitat" name="TestNegatiu_Abril url i verificar capçalera_Fils:100;Rampup:65;Durada:20" time="0.025">
        <failure message="Not Found">Test failed: text expected to contain /Model de Qualitat de Solucions/</failure>
    </testcase>
    <testcase classname="testmeter.generalitat" name="Abril url i verificar capçalera_Fils:100;Rampup:65;Durada:20" time="0.031"/>
    <testcase classname="testmeter.generalitat" name="TestNegatiu_Abril url i verificar capçalera_Fils:100;Rampup:65;Durada:20" time="0.025">
        <failure message="Not Found">Test failed: text expected to contain /Model de Qualitat de Solucions/</failure>
    </testcase>
    <testcase classname="testmeter.generalitat" name="TestNegatiu_Abril url i verificar capçalera_Fils:100;Rampup:65;Durada:20" time="0.028">
        <failure message="Not Found">Test failed: text expected to contain /Model de Qualitat de Solucions/</failure>
    </testcase>
    <testcase classname="testmeter.generalitat" name="TestNegatiu_Abril url i verificar capçalera_Fils:100;Rampup:65;Durada:20" time="0.028">
        <failure message="Not Found">Test failed: text expected to contain /Model de Qualitat de Solucions/</failure>
    </testcase>
    <testcase classname="testmeter.generalitat" name="Abril url i verificar capçalera_Fils:100;Rampup:65;Durada:20" time="0.069"/>
    <testcase classname="testmeter.generalitat" name="TestNegatiu_Abril url i verificar capçalera_Fils:100;Rampup:65;Durada:20" time="0.030">
        <failure message="Not Found">Test failed: text expected to contain /Model de Qualitat de Solucions/</failure>
    </testcase>
    <testcase classname="testmeter.generalitat" name="TestNegatiu_Abril url i verificar capçalera_Fils:100;Rampup:65;Durada:20" time="0.031">
        <failure message="Not Found">Test failed: text expected to contain /Model de Qualitat de Solucions/</failure>
    </testcase>
    <testcase classname="testmeter.generalitat" name="Abril url i verificar capçalera_Fils:100;Rampup:65;Durada:20" time="0.095"/>
    <testcase classname="testmeter.generalitat" name="Abril url i verificar capçalera_Fils:100;Rampup:65;Durada:20" time="0.044"/>
    <testcase classname="testmeter.generalitat" name="Abril url i verificar capçalera_Fils:100;Rampup:65;Durada:20" time="0.049"/>
    <testcase classname="testmeter.generalitat" name="Abril url i verificar capçalera_Fils:100;Rampup:65;Durada:20" time="0.061"/>
    <testcase classname="testmeter.generalitat" name="TestNegatiu_Abril url i verificar capçalera_Fils:100;Rampup:65;Durada:20" time="0.031">
        <failure message="Not Found">Test failed: text expected to contain /Model de Qualitat de Solucions/</failure>
    </testcase>
    <testcase classname="testmeter.generalitat" name="Abril url i verificar capçalera_Fils:100;Rampup:65;Durada:20" time="0.031"/>
    <testcase classname="testmeter.generalitat" name="Abril url i verificar capçalera_Fils:100;Rampup:65;Durada:20" time="0.027"/>
    <testcase classname="testmeter.generalitat" name="Abril url i verificar capçalera_Fils:100;Rampup:65;Durada:20" time="0.027"/>
    <testcase classname="testmeter.generalitat" name="TestNegatiu_Abril url i verificar capçalera_Fils:100;Rampup:65;Durada:20" time="0.029">
        <failure message="Not Found">Test failed: text expected to contain /Model de Qualitat de Solucions/</failure>
    </testcase>
    <testcase classname="testmeter.generalitat" name="TestNegatiu_Abril url i verificar capçalera_Fils:100;Rampup:65;Durada:20" time="0.029">
        <failure message="Not Found">Test failed: text expected to contain /Model de Qualitat de Solucions/</failure>
    </testcase>
    <testcase classname="testmeter.generalitat" name="TestNegatiu_Abril url i verificar capçalera_Fils:100;Rampup:65;Durada:20" time="0.030">
        <failure message="Not Found">Test failed: text expected to contain /Model de Qualitat de Solucions/</failure>
    </testcase>
    <testcase classname="testmeter.generalitat" name="Abril url i verificar capçalera_Fils:100;Rampup:65;Durada:20" time="0.030"/>
    <testcase classname="testmeter.generalitat" name="TestNegatiu_Abril url i verificar capçalera_Fils:100;Rampup:65;Durada:20" time="0.031">
        <failure message="Not Found">Test failed: text expected to contain /Model de Qualitat de Solucions/</failure>
    </testcase>
    <testcase classname="testmeter.generalitat" name="Abril url i verificar capçalera_Fils:100;Rampup:65;Durada:20" time="0.045"/>
    <testcase classname="testmeter.generalitat" name="TestNegatiu_Abril url i verificar capçalera_Fils:100;Rampup:65;Durada:20" time="0.026">
        <failure message="Not Found">Test failed: text expected to contain /Model de Qualitat de Solucions/</failure>
    </testcase>
    <testcase classname="testmeter.generalitat" name="TestNegatiu_Abril url i verificar capçalera_Fils:100;Rampup:65;Durada:20" time="0.023">
        <failure message="Not Found">Test failed: text expected to contain /Model de Qualitat de Solucions/</failure>
    </testcase>
    <testcase classname="testmeter.generalitat" name="TestNegatiu_Abril url i verificar capçalera_Fils:100;Rampup:65;Durada:20" time="0.030">
        <failure message="Not Found">Test failed: text expected to contain /Model de Qualitat de Solucions/</failure>
    </testcase>
    <testcase classname="testmeter.generalitat" name="TestNegatiu_Abril url i verificar capçalera_Fils:100;Rampup:65;Durada:20" time="0.029">
        <failure message="Not Found">Test failed: text expected to contain /Model de Qualitat de Solucions/</failure>
    </testcase>
    <testcase classname="testmeter.generalitat" name="TestNegatiu_Abril url i verificar capçalera_Fils:100;Rampup:65;Durada:20" time="0.026">
        <failure message="Not Found">Test failed: text expected to contain /Model de Qualitat de Solucions/</failure>
    </testcase>
    <testcase classname="testmeter.generalitat" name="TestNegatiu_Abril url i verificar capçalera_Fils:100;Rampup:65;Durada:20" time="0.023">
        <failure message="Not Found">Test failed: text expected to contain /Model de Qualitat de Solucions/</failure>
    </testcase>
    <testcase classname="testmeter.generalitat" name="TestNegatiu_Abril url i verificar capçalera_Fils:100;Rampup:65;Durada:20" time="0.028">
        <failure message="Not Found">Test failed: text expected to contain /Model de Qualitat de Solucions/</failure>
    </testcase>
    <testcase classname="testmeter.generalitat" name="Abril url i verificar capçalera_Fils:100;Rampup:65;Durada:20" time="0.066"/>
    <testcase classname="testmeter.generalitat" name="Abril url i verificar capçalera_Fils:100;Rampup:65;Durada:20" time="0.031"/>
    <testcase classname="testmeter.generalitat" name="Abril url i verificar capçalera_Fils:100;Rampup:65;Durada:20" time="0.046"/>
    <testcase classname="testmeter.generalitat" name="Abril url i verificar capçalera_Fils:100;Rampup:65;Durada:20" time="0.028"/>
    <testcase classname="testmeter.generalitat" name="Abril url i verificar capçalera_Fils:100;Rampup:65;Durada:20" time="0.028"/>
    <testcase classname="testmeter.generalitat" name="Abril url i verificar capçalera_Fils:100;Rampup:65;Durada:20" time="0.052"/>
    <testcase classname="testmeter.generalitat" name="TestNegatiu_Abril url i verificar capçalera_Fils:100;Rampup:65;Durada:20" time="0.024">
        <failure message="Not Found">Test failed: text expected to contain /Model de Qualitat de Solucions/</failure>
    </testcase>
    <testcase classname="testmeter.generalitat" name="Abril url i verificar capçalera_Fils:100;Rampup:65;Durada:20" time="0.078"/>
    <testcase classname="testmeter.generalitat" name="Abril url i verificar capçalera_Fils:100;Rampup:65;Durada:20" time="0.038"/>
    <testcase classname="testmeter.generalitat" name="Abril url i verificar capçalera_Fils:100;Rampup:65;Durada:20" time="0.070"/>
    <testcase classname="testmeter.generalitat" name="Abril url i verificar capçalera_Fils:100;Rampup:65;Durada:20" time="0.048"/>
    <testcase classname="testmeter.generalitat" name="TestNegatiu_Abril url i verificar capçalera_Fils:100;Rampup:65;Durada:20" time="0.050">
        <failure message="Not Found">Test failed: text expected to contain /Model de Qualitat de Solucions/</failure>
    </testcase>
    <testcase classname="testmeter.generalitat" name="TestNegatiu_Abril url i verificar capçalera_Fils:100;Rampup:65;Durada:20" time="0.025">
        <failure message="Not Found">Test failed: text expected to contain /Model de Qualitat de Solucions/</failure>
    </testcase>
    <testcase classname="testmeter.generalitat" name="Abril url i verificar capçalera_Fils:100;Rampup:65;Durada:20" time="0.023"/>
    <testcase classname="testmeter.generalitat" name="Abril url i verificar capçalera_Fils:100;Rampup:65;Durada:20" time="0.052"/>
    <testcase classname="testmeter.generalitat" name="Abril url i verificar capçalera_Fils:100;Rampup:65;Durada:20" time="0.046"/>
    <testcase classname="testmeter.generalitat" name="Abril url i verificar capçalera_Fils:100;Rampup:65;Durada:20" time="0.029"/>
    <testcase classname="testmeter.generalitat" name="TestNegatiu_Abril url i verificar capçalera_Fils:100;Rampup:65;Durada:20" time="0.024">
        <failure message="Not Found">Test failed: text expected to contain /Model de Qualitat de Solucions/</failure>
    </testcase>
    <testcase classname="testmeter.generalitat" name="TestNegatiu_Abril url i verificar capçalera_Fils:100;Rampup:65;Durada:20" time="0.025">
        <failure message="Not Found">Test failed: text expected to contain /Model de Qualitat de Solucions/</failure>
    </testcase>
    <testcase classname="testmeter.generalitat" name="Abril url i verificar capçalera_Fils:100;Rampup:65;Durada:20" time="0.048"/>
    <testcase classname="testmeter.generalitat" name="TestNegatiu_Abril url i verificar capçalera_Fils:100;Rampup:65;Durada:20" time="0.026">
        <failure message="Not Found">Test failed: text expected to contain /Model de Qualitat de Solucions/</failure>
    </testcase>
    <testcase classname="testmeter.generalitat" name="Abril url i verificar capçalera_Fils:100;Rampup:65;Durada:20" time="0.129"/>
    <testcase classname="testmeter.generalitat" name="TestNegatiu_Abril url i verificar capçalera_Fils:100;Rampup:65;Durada:20" time="0.028">
        <failure message="Not Found">Test failed: text expected to contain /Model de Qualitat de Solucions/</failure>
    </testcase>
    <testcase classname="testmeter.generalitat" name="TestNegatiu_Abril url i verificar capçalera_Fils:100;Rampup:65;Durada:20" time="0.027">
        <failure message="Not Found">Test failed: text expected to contain /Model de Qualitat de Solucions/</failure>
    </testcase>
    <testcase classname="testmeter.generalitat" name="Abril url i verificar capçalera_Fils:100;Rampup:65;Durada:20" time="0.029"/>
    <testcase classname="testmeter.generalitat" name="Abril url i verificar capçalera_Fils:100;Rampup:65;Durada:20" time="0.051"/>
    <testcase classname="testmeter.generalitat" name="Abril url i verificar capçalera_Fils:100;Rampup:65;Durada:20" time="0.043"/>
    <testcase classname="testmeter.generalitat" name="TestNegatiu_Abril url i verificar capçalera_Fils:100;Rampup:65;Durada:20" time="0.027">
        <failure message="Not Found">Test failed: text expected to contain /Model de Qualitat de Solucions/</failure>
    </testcase>
    <testcase classname="testmeter.generalitat" name="Abril url i verificar capçalera_Fils:100;Rampup:65;Durada:20" time="0.026"/>
    <testcase classname="testmeter.generalitat" name="TestNegatiu_Abril url i verificar capçalera_Fils:100;Rampup:65;Durada:20" time="0.024">
        <failure message="Not Found">Test failed: text expected to contain /Model de Qualitat de Solucions/</failure>
    </testcase>
    <testcase classname="testmeter.generalitat" name="TestNegatiu_Abril url i verificar capçalera_Fils:100;Rampup:65;Durada:20" time="0.027">
        <failure message="Not Found">Test failed: text expected to contain /Model de Qualitat de Solucions/</failure>
    </testcase>
    <testcase classname="testmeter.generalitat" name="Abril url i verificar capçalera_Fils:100;Rampup:65;Durada:20" time="0.152"/>
    <testcase classname="testmeter.generalitat" name="TestNegatiu_Abril url i verificar capçalera_Fils:100;Rampup:65;Durada:20" time="0.021">
        <failure message="Not Found">Test failed: text expected to contain /Model de Qualitat de Solucions/</failure>
    </testcase>
    <testcase classname="testmeter.generalitat" name="Abril url i verificar capçalera_Fils:100;Rampup:65;Durada:20" time="0.049"/>
    <testcase classname="testmeter.generalitat" name="Abril url i verificar capçalera_Fils:100;Rampup:65;Durada:20" time="0.049"/>
    <testcase classname="testmeter.generalitat" name="TestNegatiu_Abril url i verificar capçalera_Fils:100;Rampup:65;Durada:20" time="0.027">
        <failure message="Not Found">Test failed: text expected to contain /Model de Qualitat de Solucions/</failure>
    </testcase>
    <testcase classname="testmeter.generalitat" name="TestNegatiu_Abril url i verificar capçalera_Fils:100;Rampup:65;Durada:20" time="0.029">
        <failure message="Not Found">Test failed: text expected to contain /Model de Qualitat de Solucions/</failure>
    </testcase>
    <testcase classname="testmeter.generalitat" name="TestNegatiu_Abril url i verificar capçalera_Fils:100;Rampup:65;Durada:20" time="0.029">
        <failure message="Not Found">Test failed: text expected to contain /Model de Qualitat de Solucions/</failure>
    </testcase>
    <testcase classname="testmeter.generalitat" name="TestNegatiu_Abril url i verificar capçalera_Fils:100;Rampup:65;Durada:20" time="0.033">
        <failure message="Not Found">Test failed: text expected to contain /Model de Qualitat de Solucions/</failure>
    </testcase>
    <testcase classname="testmeter.generalitat" name="TestNegatiu_Abril url i verificar capçalera_Fils:100;Rampup:65;Durada:20" time="0.030">
        <failure message="Not Found">Test failed: text expected to contain /Model de Qualitat de Solucions/</failure>
    </testcase>
    <testcase classname="testmeter.generalitat" name="TestNegatiu_Abril url i verificar capçalera_Fils:100;Rampup:65;Durada:20" time="0.025">
        <failure message="Not Found">Test failed: text expected to contain /Model de Qualitat de Solucions/</failure>
    </testcase>
    <testcase classname="testmeter.generalitat" name="TestNegatiu_Abril url i verificar capçalera_Fils:100;Rampup:65;Durada:20" time="0.030">
        <failure message="Not Found">Test failed: text expected to contain /Model de Qualitat de Solucions/</failure>
    </testcase>
    <testcase classname="testmeter.generalitat" name="TestNegatiu_Abril url i verificar capçalera_Fils:100;Rampup:65;Durada:20" time="0.027">
        <failure message="Not Found">Test failed: text expected to contain /Model de Qualitat de Solucions/</failure>
    </testcase>
    <testcase classname="testmeter.generalitat" name="TestNegatiu_Abril url i verificar capçalera_Fils:100;Rampup:65;Durada:20" time="0.028">
        <failure message="Not Found">Test failed: text expected to contain /Model de Qualitat de Solucions/</failure>
    </testcase>
    <testcase classname="testmeter.generalitat" name="TestNegatiu_Abril url i verificar capçalera_Fils:100;Rampup:65;Durada:20" time="0.023">
        <failure message="Not Found">Test failed: text expected to contain /Model de Qualitat de Solucions/</failure>
    </testcase>
    <testcase classname="testmeter.generalitat" name="TestNegatiu_Abril url i verificar capçalera_Fils:100;Rampup:65;Durada:20" time="0.026">
        <failure message="Not Found">Test failed: text expected to contain /Model de Qualitat de Solucions/</failure>
    </testcase>
    <testcase classname="testmeter.generalitat" name="Abril url i verificar capçalera_Fils:100;Rampup:65;Durada:20" time="0.032"/>
    <testcase classname="testmeter.generalitat" name="TestNegatiu_Abril url i verificar capçalera_Fils:100;Rampup:65;Durada:20" time="0.026">
        <failure message="Not Found">Test failed: text expected to contain /Model de Qualitat de Solucions/</failure>
    </testcase>
    <testcase classname="testmeter.generalitat" name="Abril url i verificar capçalera_Fils:100;Rampup:65;Durada:20" time="0.030"/>
    <testcase classname="testmeter.generalitat" name="Abril url i verificar capçalera_Fils:100;Rampup:65;Durada:20" time="0.074"/>
    <testcase classname="testmeter.generalitat" name="Abril url i verificar capçalera_Fils:100;Rampup:65;Durada:20" time="0.023"/>
    <testcase classname="testmeter.generalitat" name="Abril url i verificar capçalera_Fils:100;Rampup:65;Durada:20" time="0.029"/>
    <testcase classname="testmeter.generalitat" name="Abril url i verificar capçalera_Fils:100;Rampup:65;Durada:20" time="0.030"/>
    <testcase classname="testmeter.generalitat" name="Abril url i verificar capçalera_Fils:100;Rampup:65;Durada:20" time="0.029"/>
    <testcase classname="testmeter.generalitat" name="Abril url i verificar capçalera_Fils:100;Rampup:65;Durada:20" time="0.048"/>
    <testcase classname="testmeter.generalitat" name="Abril url i verificar capçalera_Fils:100;Rampup:65;Durada:20" time="0.140"/>
    <testcase classname="testmeter.generalitat" name="Abril url i verificar capçalera_Fils:100;Rampup:65;Durada:20" time="0.047"/>
    <testcase classname="testmeter.generalitat" name="Abril url i verificar capçalera_Fils:100;Rampup:65;Durada:20" time="0.046"/>
    <testcase classname="testmeter.generalitat" name="Abril url i verificar capçalera_Fils:100;Rampup:65;Durada:20" time="0.045"/>
    <testcase classname="testmeter.generalitat" name="Abril url i verificar capçalera_Fils:100;Rampup:65;Durada:20" time="0.046"/>
    <testcase classname="testmeter.generalitat" name="TestNegatiu_Abril url i verificar capçalera_Fils:100;Rampup:65;Durada:20" time="0.041">
        <failure message="Not Found">Test failed: text expected to contain /Model de Qualitat de Solucions/</failure>
    </testcase>
    <testcase classname="testmeter.generalitat" name="TestNegatiu_Abril url i verificar capçalera_Fils:100;Rampup:65;Durada:20" time="0.107">
        <failure message="Not Found">Test failed: text expected to contain /Model de Qualitat de Solucions/</failure>
    </testcase>
    <testcase classname="testmeter.generalitat" name="TestNegatiu_Abril url i verificar capçalera_Fils:100;Rampup:65;Durada:20" time="0.037">
        <failure message="Not Found">Test failed: text expected to contain /Model de Qualitat de Solucions/</failure>
    </testcase>
    <testcase classname="testmeter.generalitat" name="TestNegatiu_Abril url i verificar capçalera_Fils:100;Rampup:65;Durada:20" time="0.038">
        <failure message="Not Found">Test failed: text expected to contain /Model de Qualitat de Solucions/</failure>
    </testcase>
    <testcase classname="testmeter.generalitat" name="TestNegatiu_Abril url i verificar capçalera_Fils:100;Rampup:65;Durada:20" time="0.038">
        <failure message="Not Found">Test failed: text expected to contain /Model de Qualitat de Solucions/</failure>
    </testcase>
    <testcase classname="testmeter.generalitat" name="Abril url i verificar capçalera_Fils:100;Rampup:65;Durada:20" time="0.082"/>
    <testcase classname="testmeter.generalitat" name="TestNegatiu_Abril url i verificar capçalera_Fils:100;Rampup:65;Durada:20" time="0.038">
        <failure message="Not Found">Test failed: text expected to contain /Model de Qualitat de Solucions/</failure>
    </testcase>
    <testcase classname="testmeter.generalitat" name="TestNegatiu_Abril url i verificar capçalera_Fils:100;Rampup:65;Durada:20" time="0.038">
        <failure message="Not Found">Test failed: text expected to contain /Model de Qualitat de Solucions/</failure>
    </testcase>
    <testcase classname="testmeter.generalitat" name="TestNegatiu_Abril url i verificar capçalera_Fils:100;Rampup:65;Durada:20" time="0.038">
        <failure message="Not Found">Test failed: text expected to contain /Model de Qualitat de Solucions/</failure>
    </testcase>
    <testcase classname="testmeter.generalitat" name="Abril url i verificar capçalera_Fils:100;Rampup:65;Durada:20" time="0.059"/>
    <testcase classname="testmeter.generalitat" name="Abril url i verificar capçalera_Fils:100;Rampup:65;Durada:20" time="0.061"/>
    <testcase classname="testmeter.generalitat" name="Abril url i verificar capçalera_Fils:100;Rampup:65;Durada:20" time="0.101"/>
    <testcase classname="testmeter.generalitat" name="Abril url i verificar capçalera_Fils:100;Rampup:65;Durada:20" time="0.132"/>
    <testcase classname="testmeter.generalitat" name="TestNegatiu_Abril url i verificar capçalera_Fils:100;Rampup:65;Durada:20" time="0.124">
        <failure message="Not Found">Test failed: text expected to contain /Model de Qualitat de Solucions/</failure>
    </testcase>
    <testcase classname="testmeter.generalitat" name="TestNegatiu_Abril url i verificar capçalera_Fils:100;Rampup:65;Durada:20" time="0.025">
        <failure message="Not Found">Test failed: text expected to contain /Model de Qualitat de Solucions/</failure>
    </testcase>
    <testcase classname="testmeter.generalitat" name="TestNegatiu_Abril url i verificar capçalera_Fils:100;Rampup:65;Durada:20" time="0.027">
        <failure message="Not Found">Test failed: text expected to contain /Model de Qualitat de Solucions/</failure>
    </testcase>
    <testcase classname="testmeter.generalitat" name="TestNegatiu_Abril url i verificar capçalera_Fils:100;Rampup:65;Durada:20" time="0.053">
        <failure message="Not Found">Test failed: text expected to contain /Model de Qualitat de Solucions/</failure>
    </testcase>
    <testcase classname="testmeter.generalitat" name="TestNegatiu_Abril url i verificar capçalera_Fils:100;Rampup:65;Durada:20" time="0.028">
        <failure message="Not Found">Test failed: text expected to contain /Model de Qualitat de Solucions/</failure>
    </testcase>
    <testcase classname="testmeter.generalitat" name="TestNegatiu_Abril url i verificar capçalera_Fils:100;Rampup:65;Durada:20" time="0.030">
        <failure message="Not Found">Test failed: text expected to contain /Model de Qualitat de Solucions/</failure>
    </testcase>
    <testcase classname="testmeter.generalitat" name="TestNegatiu_Abril url i verificar capçalera_Fils:100;Rampup:65;Durada:20" time="0.025">
        <failure message="Not Found">Test failed: text expected to contain /Model de Qualitat de Solucions/</failure>
    </testcase>
    <testcase classname="testmeter.generalitat" name="TestNegatiu_Abril url i verificar capçalera_Fils:100;Rampup:65;Durada:20" time="0.028">
        <failure message="Not Found">Test failed: text expected to contain /Model de Qualitat de Solucions/</failure>
    </testcase>
    <testcase classname="testmeter.generalitat" name="TestNegatiu_Abril url i verificar capçalera_Fils:100;Rampup:65;Durada:20" time="0.031">
        <failure message="Not Found">Test failed: text expected to contain /Model de Qualitat de Solucions/</failure>
    </testcase>
    <testcase classname="testmeter.generalitat" name="Abril url i verificar capçalera_Fils:100;Rampup:65;Durada:20" time="0.068"/>
    <testcase classname="testmeter.generalitat" name="Abril url i verificar capçalera_Fils:100;Rampup:65;Durada:20" time="0.060"/>
    <testcase classname="testmeter.generalitat" name="Abril url i verificar capçalera_Fils:100;Rampup:65;Durada:20" time="0.072"/>
    <testcase classname="testmeter.generalitat" name="Abril url i verificar capçalera_Fils:100;Rampup:65;Durada:20" time="0.094"/>
    <testcase classname="testmeter.generalitat" name="Abril url i verificar capçalera_Fils:100;Rampup:65;Durada:20" time="0.062"/>
    <testcase classname="testmeter.generalitat" name="Abril url i verificar capçalera_Fils:100;Rampup:65;Durada:20" time="0.069"/>
    <testcase classname="testmeter.generalitat" name="TestNegatiu_Abril url i verificar capçalera_Fils:100;Rampup:65;Durada:20" time="0.073">
        <failure message="Not Found">Test failed: text expected to contain /Model de Qualitat de Solucions/</failure>
    </testcase>
    <testcase classname="testmeter.generalitat" name="Abril url i verificar capçalera_Fils:100;Rampup:65;Durada:20" time="0.072"/>
    <testcase classname="testmeter.generalitat" name="Abril url i verificar capçalera_Fils:100;Rampup:65;Durada:20" time="0.028"/>
    <testcase classname="testmeter.generalitat" name="Abril url i verificar capçalera_Fils:100;Rampup:65;Durada:20" time="0.061"/>
    <testcase classname="testmeter.generalitat" name="Abril url i verificar capçalera_Fils:100;Rampup:65;Durada:20" time="0.026"/>
    <testcase classname="testmeter.generalitat" name="Abril url i verificar capçalera_Fils:100;Rampup:65;Durada:20" time="0.031"/>
    <testcase classname="testmeter.generalitat" name="Abril url i verificar capçalera_Fils:100;Rampup:65;Durada:20" time="0.030"/>
    <testcase classname="testmeter.generalitat" name="Abril url i verificar capçalera_Fils:100;Rampup:65;Durada:20" time="0.033"/>
    <testcase classname="testmeter.generalitat" name="Abril url i verificar capçalera_Fils:100;Rampup:65;Durada:20" time="0.032"/>
    <testcase classname="testmeter.generalitat" name="Abril url i verificar capçalera_Fils:100;Rampup:65;Durada:20" time="0.025"/>
    <testcase classname="testmeter.generalitat" name="TestNegatiu_Abril url i verificar capçalera_Fils:100;Rampup:65;Durada:20" time="0.052">
        <failure message="Not Found">Test failed: text expected to contain /Model de Qualitat de Solucions/</failure>
    </testcase>
    <testcase classname="testmeter.generalitat" name="TestNegatiu_Abril url i verificar capçalera_Fils:100;Rampup:65;Durada:20" time="0.023">
        <failure message="Not Found">Test failed: text expected to contain /Model de Qualitat de Solucions/</failure>
    </testcase>
    <testcase classname="testmeter.generalitat" name="TestNegatiu_Abril url i verificar capçalera_Fils:100;Rampup:65;Durada:20" time="0.024">
        <failure message="Not Found">Test failed: text expected to contain /Model de Qualitat de Solucions/</failure>
    </testcase>
    <testcase classname="testmeter.generalitat" name="TestNegatiu_Abril url i verificar capçalera_Fils:100;Rampup:65;Durada:20" time="0.025">
        <failure message="Not Found">Test failed: text expected to contain /Model de Qualitat de Solucions/</failure>
    </testcase>
    <testcase classname="testmeter.generalitat" name="TestNegatiu_Abril url i verificar capçalera_Fils:100;Rampup:65;Durada:20" time="0.025">
        <failure message="Not Found">Test failed: text expected to contain /Model de Qualitat de Solucions/</failure>
    </testcase>
    <testcase classname="testmeter.generalitat" name="TestNegatiu_Abril url i verificar capçalera_Fils:100;Rampup:65;Durada:20" time="0.026">
        <failure message="Not Found">Test failed: text expected to contain /Model de Qualitat de Solucions/</failure>
    </testcase>
    <testcase classname="testmeter.generalitat" name="Abril url i verificar capçalera_Fils:100;Rampup:65;Durada:20" time="0.031"/>
    <testcase classname="testmeter.generalitat" name="TestNegatiu_Abril url i verificar capçalera_Fils:100;Rampup:65;Durada:20" time="0.027">
        <failure message="Not Found">Test failed: text expected to contain /Model de Qualitat de Solucions/</failure>
    </testcase>
    <testcase classname="testmeter.generalitat" name="Abril url i verificar capçalera_Fils:100;Rampup:65;Durada:20" time="0.035"/>
    <testcase classname="testmeter.generalitat" name="Abril url i verificar capçalera_Fils:100;Rampup:65;Durada:20" time="0.032"/>
    <testcase classname="testmeter.generalitat" name="TestNegatiu_Abril url i verificar capçalera_Fils:100;Rampup:65;Durada:20" time="0.026">
        <failure message="Not Found">Test failed: text expected to contain /Model de Qualitat de Solucions/</failure>
    </testcase>
    <testcase classname="testmeter.generalitat" name="TestNegatiu_Abril url i verificar capçalera_Fils:100;Rampup:65;Durada:20" time="0.026">
        <failure message="Not Found">Test failed: text expected to contain /Model de Qualitat de Solucions/</failure>
    </testcase>
    <testcase classname="testmeter.generalitat" name="TestNegatiu_Abril url i verificar capçalera_Fils:100;Rampup:65;Durada:20" time="0.024">
        <failure message="Not Found">Test failed: text expected to contain /Model de Qualitat de Solucions/</failure>
    </testcase>
    <testcase classname="testmeter.generalitat" name="TestNegatiu_Abril url i verificar capçalera_Fils:100;Rampup:65;Durada:20" time="0.028">
        <failure message="Not Found">Test failed: text expected to contain /Model de Qualitat de Solucions/</failure>
    </testcase>
    <testcase classname="testmeter.generalitat" name="TestNegatiu_Abril url i verificar capçalera_Fils:100;Rampup:65;Durada:20" time="0.025">
        <failure message="Not Found">Test failed: text expected to contain /Model de Qualitat de Solucions/</failure>
    </testcase>
    <testcase classname="testmeter.generalitat" name="TestNegatiu_Abril url i verificar capçalera_Fils:100;Rampup:65;Durada:20" time="0.029">
        <failure message="Not Found">Test failed: text expected to contain /Model de Qualitat de Solucions/</failure>
    </testcase>
    <testcase classname="testmeter.generalitat" name="TestNegatiu_Abril url i verificar capçalera_Fils:100;Rampup:65;Durada:20" time="0.030">
        <failure message="Not Found">Test failed: text expected to contain /Model de Qualitat de Solucions/</failure>
    </testcase>
    <testcase classname="testmeter.generalitat" name="TestNegatiu_Abril url i verificar capçalera_Fils:100;Rampup:65;Durada:20" time="0.030">
        <failure message="Not Found">Test failed: text expected to contain /Model de Qualitat de Solucions/</failure>
    </testcase>
    <testcase classname="testmeter.generalitat" name="Abril url i verificar capçalera_Fils:100;Rampup:65;Durada:20" time="0.046"/>
    <testcase classname="testmeter.generalitat" name="TestNegatiu_Abril url i verificar capçalera_Fils:100;Rampup:65;Durada:20" time="0.112">
        <failure message="Not Found">Test failed: text expected to contain /Model de Qualitat de Solucions/</failure>
    </testcase>
    <testcase classname="testmeter.generalitat" name="Abril url i verificar capçalera_Fils:100;Rampup:65;Durada:20" time="0.046"/>
    <testcase classname="testmeter.generalitat" name="Abril url i verificar capçalera_Fils:100;Rampup:65;Durada:20" time="0.072"/>
    <testcase classname="testmeter.generalitat" name="TestNegatiu_Abril url i verificar capçalera_Fils:100;Rampup:65;Durada:20" time="0.031">
        <failure message="Not Found">Test failed: text expected to contain /Model de Qualitat de Solucions/</failure>
    </testcase>
    <testcase classname="testmeter.generalitat" name="TestNegatiu_Abril url i verificar capçalera_Fils:100;Rampup:65;Durada:20" time="0.027">
        <failure message="Not Found">Test failed: text expected to contain /Model de Qualitat de Solucions/</failure>
    </testcase>
    <testcase classname="testmeter.generalitat" name="Abril url i verificar capçalera_Fils:100;Rampup:65;Durada:20" time="0.053"/>
    <testcase classname="testmeter.generalitat" name="Abril url i verificar capçalera_Fils:100;Rampup:65;Durada:20" time="0.061"/>
    <testcase classname="testmeter.generalitat" name="TestNegatiu_Abril url i verificar capçalera_Fils:100;Rampup:65;Durada:20" time="0.033">
        <failure message="Not Found">Test failed: text expected to contain /Model de Qualitat de Solucions/</failure>
    </testcase>
    <testcase classname="testmeter.generalitat" name="TestNegatiu_Abril url i verificar capçalera_Fils:100;Rampup:65;Durada:20" time="0.035">
        <failure message="Not Found">Test failed: text expected to contain /Model de Qualitat de Solucions/</failure>
    </testcase>
    <testcase classname="testmeter.generalitat" name="Abril url i verificar capçalera_Fils:100;Rampup:65;Durada:20" time="0.029"/>
    <testcase classname="testmeter.generalitat" name="Abril url i verificar capçalera_Fils:100;Rampup:65;Durada:20" time="0.028"/>
    <testcase classname="testmeter.generalitat" name="Abril url i verificar capçalera_Fils:100;Rampup:65;Durada:20" time="0.031"/>
    <testcase classname="testmeter.generalitat" name="TestNegatiu_Abril url i verificar capçalera_Fils:100;Rampup:65;Durada:20" time="0.026">
        <failure message="Not Found">Test failed: text expected to contain /Model de Qualitat de Solucions/</failure>
    </testcase>
    <testcase classname="testmeter.generalitat" name="Abril url i verificar capçalera_Fils:100;Rampup:65;Durada:20" time="0.028"/>
    <testcase classname="testmeter.generalitat" name="Abril url i verificar capçalera_Fils:100;Rampup:65;Durada:20" time="0.033"/>
    <testcase classname="testmeter.generalitat" name="TestNegatiu_Abril url i verificar capçalera_Fils:100;Rampup:65;Durada:20" time="0.026">
        <failure message="Not Found">Test failed: text expected to contain /Model de Qualitat de Solucions/</failure>
    </testcase>
    <testcase classname="testmeter.generalitat" name="Abril url i verificar capçalera_Fils:100;Rampup:65;Durada:20" time="0.045"/>
    <testcase classname="testmeter.generalitat" name="Abril url i verificar capçalera_Fils:100;Rampup:65;Durada:20" time="0.045"/>
    <testcase classname="testmeter.generalitat" name="TestNegatiu_Abril url i verificar capçalera_Fils:100;Rampup:65;Durada:20" time="0.027">
        <failure message="Not Found">Test failed: text expected to contain /Model de Qualitat de Solucions/</failure>
    </testcase>
    <testcase classname="testmeter.generalitat" name="Abril url i verificar capçalera_Fils:100;Rampup:65;Durada:20" time="0.031"/>
    <testcase classname="testmeter.generalitat" name="Abril url i verificar capçalera_Fils:100;Rampup:65;Durada:20" time="0.033"/>
    <testcase classname="testmeter.generalitat" name="Abril url i verificar capçalera_Fils:100;Rampup:65;Durada:20" time="0.047"/>
    <testcase classname="testmeter.generalitat" name="TestNegatiu_Abril url i verificar capçalera_Fils:100;Rampup:65;Durada:20" time="0.020">
        <failure message="Not Found">Test failed: text expected to contain /Model de Qualitat de Solucions/</failure>
    </testcase>
    <testcase classname="testmeter.generalitat" name="Abril url i verificar capçalera_Fils:100;Rampup:65;Durada:20" time="0.047"/>
    <testcase classname="testmeter.generalitat" name="Abril url i verificar capçalera_Fils:100;Rampup:65;Durada:20" time="0.050"/>
    <testcase classname="testmeter.generalitat" name="TestNegatiu_Abril url i verificar capçalera_Fils:100;Rampup:65;Durada:20" time="0.028">
        <failure message="Not Found">Test failed: text expected to contain /Model de Qualitat de Solucions/</failure>
    </testcase>
    <testcase classname="testmeter.generalitat" name="Abril url i verificar capçalera_Fils:100;Rampup:65;Durada:20" time="0.028"/>
    <testcase classname="testmeter.generalitat" name="Abril url i verificar capçalera_Fils:100;Rampup:65;Durada:20" time="0.054"/>
    <testcase classname="testmeter.generalitat" name="Abril url i verificar capçalera_Fils:100;Rampup:65;Durada:20" time="0.027"/>
    <testcase classname="testmeter.generalitat" name="Abril url i verificar capçalera_Fils:100;Rampup:65;Durada:20" time="0.050"/>
    <testcase classname="testmeter.generalitat" name="TestNegatiu_Abril url i verificar capçalera_Fils:100;Rampup:65;Durada:20" time="0.023">
        <failure message="Not Found">Test failed: text expected to contain /Model de Qualitat de Solucions/</failure>
    </testcase>
    <testcase classname="testmeter.generalitat" name="TestNegatiu_Abril url i verificar capçalera_Fils:100;Rampup:65;Durada:20" time="0.023">
        <failure message="Not Found">Test failed: text expected to contain /Model de Qualitat de Solucions/</failure>
    </testcase>
    <testcase classname="testmeter.generalitat" name="Abril url i verificar capçalera_Fils:100;Rampup:65;Durada:20" time="0.027"/>
    <testcase classname="testmeter.generalitat" name="TestNegatiu_Abril url i verificar capçalera_Fils:100;Rampup:65;Durada:20" time="0.024">
        <failure message="Not Found">Test failed: text expected to contain /Model de Qualitat de Solucions/</failure>
    </testcase>
    <testcase classname="testmeter.generalitat" name="TestNegatiu_Abril url i verificar capçalera_Fils:100;Rampup:65;Durada:20" time="0.027">
        <failure message="Not Found">Test failed: text expected to contain /Model de Qualitat de Solucions/</failure>
    </testcase>
    <testcase classname="testmeter.generalitat" name="TestNegatiu_Abril url i verificar capçalera_Fils:100;Rampup:65;Durada:20" time="0.025">
        <failure message="Not Found">Test failed: text expected to contain /Model de Qualitat de Solucions/</failure>
    </testcase>
    <testcase classname="testmeter.generalitat" name="TestNegatiu_Abril url i verificar capçalera_Fils:100;Rampup:65;Durada:20" time="0.024">
        <failure message="Not Found">Test failed: text expected to contain /Model de Qualitat de Solucions/</failure>
    </testcase>
    <testcase classname="testmeter.generalitat" name="Abril url i verificar capçalera_Fils:100;Rampup:65;Durada:20" time="0.072"/>
    <testcase classname="testmeter.generalitat" name="TestNegatiu_Abril url i verificar capçalera_Fils:100;Rampup:65;Durada:20" time="0.027">
        <failure message="Not Found">Test failed: text expected to contain /Model de Qualitat de Solucions/</failure>
    </testcase>
    <testcase classname="testmeter.generalitat" name="Abril url i verificar capçalera_Fils:100;Rampup:65;Durada:20" time="0.030"/>
    <testcase classname="testmeter.generalitat" name="TestNegatiu_Abril url i verificar capçalera_Fils:100;Rampup:65;Durada:20" time="0.026">
        <failure message="Not Found">Test failed: text expected to contain /Model de Qualitat de Solucions/</failure>
    </testcase>
    <testcase classname="testmeter.generalitat" name="TestNegatiu_Abril url i verificar capçalera_Fils:100;Rampup:65;Durada:20" time="0.026">
        <failure message="Not Found">Test failed: text expected to contain /Model de Qualitat de Solucions/</failure>
    </testcase>
    <testcase classname="testmeter.generalitat" name="TestNegatiu_Abril url i verificar capçalera_Fils:100;Rampup:65;Durada:20" time="0.023">
        <failure message="Not Found">Test failed: text expected to contain /Model de Qualitat de Solucions/</failure>
    </testcase>
    <testcase classname="testmeter.generalitat" name="TestNegatiu_Abril url i verificar capçalera_Fils:100;Rampup:65;Durada:20" time="0.029">
        <failure message="Not Found">Test failed: text expected to contain /Model de Qualitat de Solucions/</failure>
    </testcase>
    <testcase classname="testmeter.generalitat" name="TestNegatiu_Abril url i verificar capçalera_Fils:100;Rampup:65;Durada:20" time="0.028">
        <failure message="Not Found">Test failed: text expected to contain /Model de Qualitat de Solucions/</failure>
    </testcase>
    <testcase classname="testmeter.generalitat" name="TestNegatiu_Abril url i verificar capçalera_Fils:100;Rampup:65;Durada:20" time="0.023">
        <failure message="Not Found">Test failed: text expected to contain /Model de Qualitat de Solucions/</failure>
    </testcase>
    <testcase classname="testmeter.generalitat" name="TestNegatiu_Abril url i verificar capçalera_Fils:100;Rampup:65;Durada:20" time="0.024">
        <failure message="Not Found">Test failed: text expected to contain /Model de Qualitat de Solucions/</failure>
    </testcase>
    <testcase classname="testmeter.generalitat" name="Abril url i verificar capçalera_Fils:100;Rampup:65;Durada:20" time="0.142"/>
    <testcase classname="testmeter.generalitat" name="TestNegatiu_Abril url i verificar capçalera_Fils:100;Rampup:65;Durada:20" time="0.027">
        <failure message="Not Found">Test failed: text expected to contain /Model de Qualitat de Solucions/</failure>
    </testcase>
    <testcase classname="testmeter.generalitat" name="TestNegatiu_Abril url i verificar capçalera_Fils:100;Rampup:65;Durada:20" time="0.026">
        <failure message="Not Found">Test failed: text expected to contain /Model de Qualitat de Solucions/</failure>
    </testcase>
    <testcase classname="testmeter.generalitat" name="TestNegatiu_Abril url i verificar capçalera_Fils:100;Rampup:65;Durada:20" time="0.028">
        <failure message="Not Found">Test failed: text expected to contain /Model de Qualitat de Solucions/</failure>
    </testcase>
    <testcase classname="testmeter.generalitat" name="TestNegatiu_Abril url i verificar capçalera_Fils:100;Rampup:65;Durada:20" time="0.025">
        <failure message="Not Found">Test failed: text expected to contain /Model de Qualitat de Solucions/</failure>
    </testcase>
    <testcase classname="testmeter.generalitat" name="Abril url i verificar capçalera_Fils:100;Rampup:65;Durada:20" time="0.028"/>
    <testcase classname="testmeter.generalitat" name="Abril url i verificar capçalera_Fils:100;Rampup:65;Durada:20" time="0.114"/>
    <testcase classname="testmeter.generalitat" name="Abril url i verificar capçalera_Fils:100;Rampup:65;Durada:20" time="0.050"/>
    <testcase classname="testmeter.generalitat" name="Abril url i verificar capçalera_Fils:100;Rampup:65;Durada:20" time="0.048"/>
    <testcase classname="testmeter.generalitat" name="Abril url i verificar capçalera_Fils:100;Rampup:65;Durada:20" time="0.026"/>
    <testcase classname="testmeter.generalitat" name="Abril url i verificar capçalera_Fils:100;Rampup:65;Durada:20" time="0.031"/>
    <testcase classname="testmeter.generalitat" name="Abril url i verificar capçalera_Fils:100;Rampup:65;Durada:20" time="0.030"/>
    <testcase classname="testmeter.generalitat" name="Abril url i verificar capçalera_Fils:100;Rampup:65;Durada:20" time="0.028"/>
    <testcase classname="testmeter.generalitat" name="Abril url i verificar capçalera_Fils:100;Rampup:65;Durada:20" time="0.026"/>
    <testcase classname="testmeter.generalitat" name="Abril url i verificar capçalera_Fils:100;Rampup:65;Durada:20" time="0.027"/>
    <testcase classname="testmeter.generalitat" name="Abril url i verificar capçalera_Fils:100;Rampup:65;Durada:20" time="0.042"/>
    <testcase classname="testmeter.generalitat" name="Abril url i verificar capçalera_Fils:100;Rampup:65;Durada:20" time="0.147"/>
    <testcase classname="testmeter.generalitat" name="Abril url i verificar capçalera_Fils:100;Rampup:65;Durada:20" time="0.053"/>
    <testcase classname="testmeter.generalitat" name="TestNegatiu_Abril url i verificar capçalera_Fils:100;Rampup:65;Durada:20" time="0.029">
        <failure message="Not Found">Test failed: text expected to contain /Model de Qualitat de Solucions/</failure>
    </testcase>
    <testcase classname="testmeter.generalitat" name="Abril url i verificar capçalera_Fils:100;Rampup:65;Durada:20" time="0.044"/>
    <testcase classname="testmeter.generalitat" name="Abril url i verificar capçalera_Fils:100;Rampup:65;Durada:20" time="0.063"/>
    <testcase classname="testmeter.generalitat" name="TestNegatiu_Abril url i verificar capçalera_Fils:100;Rampup:65;Durada:20" time="0.046">
        <failure message="Not Found">Test failed: text expected to contain /Model de Qualitat de Solucions/</failure>
    </testcase>
    <testcase classname="testmeter.generalitat" name="Abril url i verificar capçalera_Fils:100;Rampup:65;Durada:20" time="0.044"/>
    <testcase classname="testmeter.generalitat" name="TestNegatiu_Abril url i verificar capçalera_Fils:100;Rampup:65;Durada:20" time="0.022">
        <failure message="Not Found">Test failed: text expected to contain /Model de Qualitat de Solucions/</failure>
    </testcase>
    <testcase classname="testmeter.generalitat" name="Abril url i verificar capçalera_Fils:100;Rampup:65;Durada:20" time="0.031"/>
    <testcase classname="testmeter.generalitat" name="Abril url i verificar capçalera_Fils:100;Rampup:65;Durada:20" time="0.070"/>
    <testcase classname="testmeter.generalitat" name="Abril url i verificar capçalera_Fils:100;Rampup:65;Durada:20" time="0.032"/>
    <testcase classname="testmeter.generalitat" name="Abril url i verificar capçalera_Fils:100;Rampup:65;Durada:20" time="0.026"/>
    <testcase classname="testmeter.generalitat" name="TestNegatiu_Abril url i verificar capçalera_Fils:100;Rampup:65;Durada:20" time="0.026">
        <failure message="Not Found">Test failed: text expected to contain /Model de Qualitat de Solucions/</failure>
    </testcase>
    <testcase classname="testmeter.generalitat" name="Abril url i verificar capçalera_Fils:100;Rampup:65;Durada:20" time="0.048"/>
    <testcase classname="testmeter.generalitat" name="TestNegatiu_Abril url i verificar capçalera_Fils:100;Rampup:65;Durada:20" time="0.027">
        <failure message="Not Found">Test failed: text expected to contain /Model de Qualitat de Solucions/</failure>
    </testcase>
    <testcase classname="testmeter.generalitat" name="TestNegatiu_Abril url i verificar capçalera_Fils:100;Rampup:65;Durada:20" time="0.027">
        <failure message="Not Found">Test failed: text expected to contain /Model de Qualitat de Solucions/</failure>
    </testcase>
    <testcase classname="testmeter.generalitat" name="Abril url i verificar capçalera_Fils:100;Rampup:65;Durada:20" time="0.027"/>
    <testcase classname="testmeter.generalitat" name="TestNegatiu_Abril url i verificar capçalera_Fils:100;Rampup:65;Durada:20" time="0.026">
        <failure message="Not Found">Test failed: text expected to contain /Model de Qualitat de Solucions/</failure>
    </testcase>
    <testcase classname="testmeter.generalitat" name="TestNegatiu_Abril url i verificar capçalera_Fils:100;Rampup:65;Durada:20" time="0.026">
        <failure message="Not Found">Test failed: text expected to contain /Model de Qualitat de Solucions/</failure>
    </testcase>
    <testcase classname="testmeter.generalitat" name="TestNegatiu_Abril url i verificar capçalera_Fils:100;Rampup:65;Durada:20" time="0.025">
        <failure message="Not Found">Test failed: text expected to contain /Model de Qualitat de Solucions/</failure>
    </testcase>
    <testcase classname="testmeter.generalitat" name="Abril url i verificar capçalera_Fils:100;Rampup:65;Durada:20" time="0.045"/>
    <testcase classname="testmeter.generalitat" name="TestNegatiu_Abril url i verificar capçalera_Fils:100;Rampup:65;Durada:20" time="0.027">
        <failure message="Not Found">Test failed: text expected to contain /Model de Qualitat de Solucions/</failure>
    </testcase>
    <testcase classname="testmeter.generalitat" name="TestNegatiu_Abril url i verificar capçalera_Fils:100;Rampup:65;Durada:20" time="0.027">
        <failure message="Not Found">Test failed: text expected to contain /Model de Qualitat de Solucions/</failure>
    </testcase>
    <testcase classname="testmeter.generalitat" name="TestNegatiu_Abril url i verificar capçalera_Fils:100;Rampup:65;Durada:20" time="0.022">
        <failure message="Not Found">Test failed: text expected to contain /Model de Qualitat de Solucions/</failure>
    </testcase>
    <testcase classname="testmeter.generalitat" name="TestNegatiu_Abril url i verificar capçalera_Fils:100;Rampup:65;Durada:20" time="0.025">
        <failure message="Not Found">Test failed: text expected to contain /Model de Qualitat de Solucions/</failure>
    </testcase>
    <testcase classname="testmeter.generalitat" name="TestNegatiu_Abril url i verificar capçalera_Fils:100;Rampup:65;Durada:20" time="0.024">
        <failure message="Not Found">Test failed: text expected to contain /Model de Qualitat de Solucions/</failure>
    </testcase>
    <testcase classname="testmeter.generalitat" name="TestNegatiu_Abril url i verificar capçalera_Fils:100;Rampup:65;Durada:20" time="0.041">
        <failure message="Not Found">Test failed: text expected to contain /Model de Qualitat de Solucions/</failure>
    </testcase>
    <testcase classname="testmeter.generalitat" name="TestNegatiu_Abril url i verificar capçalera_Fils:100;Rampup:65;Durada:20" time="0.026">
        <failure message="Not Found">Test failed: text expected to contain /Model de Qualitat de Solucions/</failure>
    </testcase>
    <testcase classname="testmeter.generalitat" name="Abril url i verificar capçalera_Fils:100;Rampup:65;Durada:20" time="0.050"/>
    <testcase classname="testmeter.generalitat" name="Abril url i verificar capçalera_Fils:100;Rampup:65;Durada:20" time="0.051"/>
    <testcase classname="testmeter.generalitat" name="TestNegatiu_Abril url i verificar capçalera_Fils:100;Rampup:65;Durada:20" time="0.020">
        <failure message="Not Found">Test failed: text expected to contain /Model de Qualitat de Solucions/</failure>
    </testcase>
    <testcase classname="testmeter.generalitat" name="TestNegatiu_Abril url i verificar capçalera_Fils:100;Rampup:65;Durada:20" time="0.030">
        <failure message="Not Found">Test failed: text expected to contain /Model de Qualitat de Solucions/</failure>
    </testcase>
    <testcase classname="testmeter.generalitat" name="Abril url i verificar capçalera_Fils:100;Rampup:65;Durada:20" time="0.026"/>
    <testcase classname="testmeter.generalitat" name="TestNegatiu_Abril url i verificar capçalera_Fils:100;Rampup:65;Durada:20" time="0.026">
        <failure message="Not Found">Test failed: text expected to contain /Model de Qualitat de Solucions/</failure>
    </testcase>
    <testcase classname="testmeter.generalitat" name="TestNegatiu_Abril url i verificar capçalera_Fils:100;Rampup:65;Durada:20" time="0.026">
        <failure message="Not Found">Test failed: text expected to contain /Model de Qualitat de Solucions/</failure>
    </testcase>
    <testcase classname="testmeter.generalitat" name="TestNegatiu_Abril url i verificar capçalera_Fils:100;Rampup:65;Durada:20" time="0.028">
        <failure message="Not Found">Test failed: text expected to contain /Model de Qualitat de Solucions/</failure>
    </testcase>
    <testcase classname="testmeter.generalitat" name="TestNegatiu_Abril url i verificar capçalera_Fils:100;Rampup:65;Durada:20" time="0.031">
        <failure message="Not Found">Test failed: text expected to contain /Model de Qualitat de Solucions/</failure>
    </testcase>
    <testcase classname="testmeter.generalitat" name="TestNegatiu_Abril url i verificar capçalera_Fils:100;Rampup:65;Durada:20" time="0.028">
        <failure message="Not Found">Test failed: text expected to contain /Model de Qualitat de Solucions/</failure>
    </testcase>
    <testcase classname="testmeter.generalitat" name="TestNegatiu_Abril url i verificar capçalera_Fils:100;Rampup:65;Durada:20" time="0.031">
        <failure message="Not Found">Test failed: text expected to contain /Model de Qualitat de Solucions/</failure>
    </testcase>
    <testcase classname="testmeter.generalitat" name="TestNegatiu_Abril url i verificar capçalera_Fils:100;Rampup:65;Durada:20" time="0.046">
        <failure message="Not Found">Test failed: text expected to contain /Model de Qualitat de Solucions/</failure>
    </testcase>
    <testcase classname="testmeter.generalitat" name="Abril url i verificar capçalera_Fils:100;Rampup:65;Durada:20" time="0.030"/>
    <testcase classname="testmeter.generalitat" name="Abril url i verificar capçalera_Fils:100;Rampup:65;Durada:20" time="0.029"/>
    <testcase classname="testmeter.generalitat" name="Abril url i verificar capçalera_Fils:100;Rampup:65;Durada:20" time="0.031"/>
    <testcase classname="testmeter.generalitat" name="Abril url i verificar capçalera_Fils:100;Rampup:65;Durada:20" time="0.031"/>
    <testcase classname="testmeter.generalitat" name="Abril url i verificar capçalera_Fils:100;Rampup:65;Durada:20" time="0.044"/>
    <testcase classname="testmeter.generalitat" name="TestNegatiu_Abril url i verificar capçalera_Fils:100;Rampup:65;Durada:20" time="0.026">
        <failure message="Not Found">Test failed: text expected to contain /Model de Qualitat de Solucions/</failure>
    </testcase>
    <testcase classname="testmeter.generalitat" name="Abril url i verificar capçalera_Fils:100;Rampup:65;Durada:20" time="0.028"/>
    <testcase classname="testmeter.generalitat" name="Abril url i verificar capçalera_Fils:100;Rampup:65;Durada:20" time="0.031"/>
    <testcase classname="testmeter.generalitat" name="TestNegatiu_Abril url i verificar capçalera_Fils:100;Rampup:65;Durada:20" time="0.030">
        <failure message="Not Found">Test failed: text expected to contain /Model de Qualitat de Solucions/</failure>
    </testcase>
    <testcase classname="testmeter.generalitat" name="Abril url i verificar capçalera_Fils:100;Rampup:65;Durada:20" time="0.036"/>
    <testcase classname="testmeter.generalitat" name="TestNegatiu_Abril url i verificar capçalera_Fils:100;Rampup:65;Durada:20" time="0.026">
        <failure message="Not Found">Test failed: text expected to contain /Model de Qualitat de Solucions/</failure>
    </testcase>
    <testcase classname="testmeter.generalitat" name="Abril url i verificar capçalera_Fils:100;Rampup:65;Durada:20" time="0.029"/>
    <testcase classname="testmeter.generalitat" name="Abril url i verificar capçalera_Fils:100;Rampup:65;Durada:20" time="0.151"/>
    <testcase classname="testmeter.generalitat" name="Abril url i verificar capçalera_Fils:100;Rampup:65;Durada:20" time="0.049"/>
    <testcase classname="testmeter.generalitat" name="Abril url i verificar capçalera_Fils:100;Rampup:65;Durada:20" time="0.053"/>
    <testcase classname="testmeter.generalitat" name="Abril url i verificar capçalera_Fils:100;Rampup:65;Durada:20" time="0.027"/>
    <testcase classname="testmeter.generalitat" name="Abril url i verificar capçalera_Fils:100;Rampup:65;Durada:20" time="0.042"/>
    <testcase classname="testmeter.generalitat" name="Abril url i verificar capçalera_Fils:100;Rampup:65;Durada:20" time="0.066"/>
    <testcase classname="testmeter.generalitat" name="Abril url i verificar capçalera_Fils:100;Rampup:65;Durada:20" time="0.028"/>
    <testcase classname="testmeter.generalitat" name="TestNegatiu_Abril url i verificar capçalera_Fils:100;Rampup:65;Durada:20" time="0.025">
        <failure message="Not Found">Test failed: text expected to contain /Model de Qualitat de Solucions/</failure>
    </testcase>
    <testcase classname="testmeter.generalitat" name="TestNegatiu_Abril url i verificar capçalera_Fils:100;Rampup:65;Durada:20" time="0.026">
        <failure message="Not Found">Test failed: text expected to contain /Model de Qualitat de Solucions/</failure>
    </testcase>
    <testcase classname="testmeter.generalitat" name="TestNegatiu_Abril url i verificar capçalera_Fils:100;Rampup:65;Durada:20" time="0.026">
        <failure message="Not Found">Test failed: text expected to contain /Model de Qualitat de Solucions/</failure>
    </testcase>
    <testcase classname="testmeter.generalitat" name="Abril url i verificar capçalera_Fils:100;Rampup:65;Durada:20" time="0.031"/>
    <testcase classname="testmeter.generalitat" name="Abril url i verificar capçalera_Fils:100;Rampup:65;Durada:20" time="0.052"/>
    <testcase classname="testmeter.generalitat" name="TestNegatiu_Abril url i verificar capçalera_Fils:100;Rampup:65;Durada:20" time="0.027">
        <failure message="Not Found">Test failed: text expected to contain /Model de Qualitat de Solucions/</failure>
    </testcase>
    <testcase classname="testmeter.generalitat" name="Abril url i verificar capçalera_Fils:100;Rampup:65;Durada:20" time="0.030"/>
    <testcase classname="testmeter.generalitat" name="TestNegatiu_Abril url i verificar capçalera_Fils:100;Rampup:65;Durada:20" time="0.026">
        <failure message="Not Found">Test failed: text expected to contain /Model de Qualitat de Solucions/</failure>
    </testcase>
    <testcase classname="testmeter.generalitat" name="TestNegatiu_Abril url i verificar capçalera_Fils:100;Rampup:65;Durada:20" time="0.028">
        <failure message="Not Found">Test failed: text expected to contain /Model de Qualitat de Solucions/</failure>
    </testcase>
    <testcase classname="testmeter.generalitat" name="Abril url i verificar capçalera_Fils:100;Rampup:65;Durada:20" time="0.042"/>
    <testcase classname="testmeter.generalitat" name="Abril url i verificar capçalera_Fils:100;Rampup:65;Durada:20" time="0.051"/>
    <testcase classname="testmeter.generalitat" name="TestNegatiu_Abril url i verificar capçalera_Fils:100;Rampup:65;Durada:20" time="0.027">
        <failure message="Not Found">Test failed: text expected to contain /Model de Qualitat de Solucions/</failure>
    </testcase>
    <testcase classname="testmeter.generalitat" name="TestNegatiu_Abril url i verificar capçalera_Fils:100;Rampup:65;Durada:20" time="0.024">
        <failure message="Not Found">Test failed: text expected to contain /Model de Qualitat de Solucions/</failure>
    </testcase>
    <testcase classname="testmeter.generalitat" name="TestNegatiu_Abril url i verificar capçalera_Fils:100;Rampup:65;Durada:20" time="0.027">
        <failure message="Not Found">Test failed: text expected to contain /Model de Qualitat de Solucions/</failure>
    </testcase>
    <testcase classname="testmeter.generalitat" name="TestNegatiu_Abril url i verificar capçalera_Fils:100;Rampup:65;Durada:20" time="0.027">
        <failure message="Not Found">Test failed: text expected to contain /Model de Qualitat de Solucions/</failure>
    </testcase>
    <testcase classname="testmeter.generalitat" name="TestNegatiu_Abril url i verificar capçalera_Fils:100;Rampup:65;Durada:20" time="0.026">
        <failure message="Not Found">Test failed: text expected to contain /Model de Qualitat de Solucions/</failure>
    </testcase>
    <testcase classname="testmeter.generalitat" name="Abril url i verificar capçalera_Fils:100;Rampup:65;Durada:20" time="0.027"/>
    <testcase classname="testmeter.generalitat" name="TestNegatiu_Abril url i verificar capçalera_Fils:100;Rampup:65;Durada:20" time="0.025">
        <failure message="Not Found">Test failed: text expected to contain /Model de Qualitat de Solucions/</failure>
    </testcase>
    <testcase classname="testmeter.generalitat" name="TestNegatiu_Abril url i verificar capçalera_Fils:100;Rampup:65;Durada:20" time="0.026">
        <failure message="Not Found">Test failed: text expected to contain /Model de Qualitat de Solucions/</failure>
    </testcase>
    <testcase classname="testmeter.generalitat" name="Abril url i verificar capçalera_Fils:100;Rampup:65;Durada:20" time="0.049"/>
    <testcase classname="testmeter.generalitat" name="Abril url i verificar capçalera_Fils:100;Rampup:65;Durada:20" time="0.052"/>
    <testcase classname="testmeter.generalitat" name="TestNegatiu_Abril url i verificar capçalera_Fils:100;Rampup:65;Durada:20" time="0.024">
        <failure message="Not Found">Test failed: text expected to contain /Model de Qualitat de Solucions/</failure>
    </testcase>
    <testcase classname="testmeter.generalitat" name="TestNegatiu_Abril url i verificar capçalera_Fils:100;Rampup:65;Durada:20" time="0.029">
        <failure message="Not Found">Test failed: text expected to contain /Model de Qualitat de Solucions/</failure>
    </testcase>
    <testcase classname="testmeter.generalitat" name="TestNegatiu_Abril url i verificar capçalera_Fils:100;Rampup:65;Durada:20" time="0.037">
        <failure message="Not Found">Test failed: text expected to contain /Model de Qualitat de Solucions/</failure>
    </testcase>
    <testcase classname="testmeter.generalitat" name="TestNegatiu_Abril url i verificar capçalera_Fils:100;Rampup:65;Durada:20" time="0.031">
        <failure message="Not Found">Test failed: text expected to contain /Model de Qualitat de Solucions/</failure>
    </testcase>
    <testcase classname="testmeter.generalitat" name="Abril url i verificar capçalera_Fils:100;Rampup:65;Durada:20" time="0.054"/>
    <testcase classname="testmeter.generalitat" name="TestNegatiu_Abril url i verificar capçalera_Fils:100;Rampup:65;Durada:20" time="0.033">
        <failure message="Not Found">Test failed: text expected to contain /Model de Qualitat de Solucions/</failure>
    </testcase>
    <testcase classname="testmeter.generalitat" name="TestNegatiu_Abril url i verificar capçalera_Fils:100;Rampup:65;Durada:20" time="0.033">
        <failure message="Not Found">Test failed: text expected to contain /Model de Qualitat de Solucions/</failure>
    </testcase>
    <testcase classname="testmeter.generalitat" name="TestNegatiu_Abril url i verificar capçalera_Fils:100;Rampup:65;Durada:20" time="0.032">
        <failure message="Not Found">Test failed: text expected to contain /Model de Qualitat de Solucions/</failure>
    </testcase>
    <testcase classname="testmeter.generalitat" name="TestNegatiu_Abril url i verificar capçalera_Fils:100;Rampup:65;Durada:20" time="0.034">
        <failure message="Not Found">Test failed: text expected to contain /Model de Qualitat de Solucions/</failure>
    </testcase>
    <testcase classname="testmeter.generalitat" name="Abril url i verificar capçalera_Fils:100;Rampup:65;Durada:20" time="0.029"/>
    <testcase classname="testmeter.generalitat" name="TestNegatiu_Abril url i verificar capçalera_Fils:100;Rampup:65;Durada:20" time="0.028">
        <failure message="Not Found">Test failed: text expected to contain /Model de Qualitat de Solucions/</failure>
    </testcase>
    <testcase classname="testmeter.generalitat" name="TestNegatiu_Abril url i verificar capçalera_Fils:100;Rampup:65;Durada:20" time="0.026">
        <failure message="Not Found">Test failed: text expected to contain /Model de Qualitat de Solucions/</failure>
    </testcase>
    <testcase classname="testmeter.generalitat" name="TestNegatiu_Abril url i verificar capçalera_Fils:100;Rampup:65;Durada:20" time="0.026">
        <failure message="Not Found">Test failed: text expected to contain /Model de Qualitat de Solucions/</failure>
    </testcase>
    <testcase classname="testmeter.generalitat" name="Abril url i verificar capçalera_Fils:100;Rampup:65;Durada:20" time="0.034"/>
    <testcase classname="testmeter.generalitat" name="Abril url i verificar capçalera_Fils:100;Rampup:65;Durada:20" time="0.034"/>
    <testcase classname="testmeter.generalitat" name="Abril url i verificar capçalera_Fils:100;Rampup:65;Durada:20" time="0.038"/>
    <testcase classname="testmeter.generalitat" name="Abril url i verificar capçalera_Fils:100;Rampup:65;Durada:20" time="0.034"/>
    <testcase classname="testmeter.generalitat" name="Abril url i verificar capçalera_Fils:100;Rampup:65;Durada:20" time="0.053"/>
    <testcase classname="testmeter.generalitat" name="Abril url i verificar capçalera_Fils:100;Rampup:65;Durada:20" time="0.029"/>
    <testcase classname="testmeter.generalitat" name="Abril url i verificar capçalera_Fils:100;Rampup:65;Durada:20" time="0.087"/>
    <testcase classname="testmeter.generalitat" name="Abril url i verificar capçalera_Fils:100;Rampup:65;Durada:20" time="0.034"/>
    <testcase classname="testmeter.generalitat" name="Abril url i verificar capçalera_Fils:100;Rampup:65;Durada:20" time="0.030"/>
    <testcase classname="testmeter.generalitat" name="Abril url i verificar capçalera_Fils:100;Rampup:65;Durada:20" time="0.029"/>
    <testcase classname="testmeter.generalitat" name="Abril url i verificar capçalera_Fils:100;Rampup:65;Durada:20" time="0.049"/>
    <testcase classname="testmeter.generalitat" name="Abril url i verificar capçalera_Fils:100;Rampup:65;Durada:20" time="0.044"/>
    <testcase classname="testmeter.generalitat" name="Abril url i verificar capçalera_Fils:100;Rampup:65;Durada:20" time="0.084"/>
    <testcase classname="testmeter.generalitat" name="Abril url i verificar capçalera_Fils:100;Rampup:65;Durada:20" time="0.041"/>
    <testcase classname="testmeter.generalitat" name="TestNegatiu_Abril url i verificar capçalera_Fils:100;Rampup:65;Durada:20" time="0.029">
        <failure message="Not Found">Test failed: text expected to contain /Model de Qualitat de Solucions/</failure>
    </testcase>
    <testcase classname="testmeter.generalitat" name="Abril url i verificar capçalera_Fils:100;Rampup:65;Durada:20" time="0.051"/>
    <testcase classname="testmeter.generalitat" name="Abril url i verificar capçalera_Fils:100;Rampup:65;Durada:20" time="0.034"/>
    <testcase classname="testmeter.generalitat" name="Abril url i verificar capçalera_Fils:100;Rampup:65;Durada:20" time="0.050"/>
    <testcase classname="testmeter.generalitat" name="TestNegatiu_Abril url i verificar capçalera_Fils:100;Rampup:65;Durada:20" time="0.029">
        <failure message="Not Found">Test failed: text expected to contain /Model de Qualitat de Solucions/</failure>
    </testcase>
    <testcase classname="testmeter.generalitat" name="Abril url i verificar capçalera_Fils:100;Rampup:65;Durada:20" time="0.031"/>
    <testcase classname="testmeter.generalitat" name="TestNegatiu_Abril url i verificar capçalera_Fils:100;Rampup:65;Durada:20" time="0.022">
        <failure message="Not Found">Test failed: text expected to contain /Model de Qualitat de Solucions/</failure>
    </testcase>
    <testcase classname="testmeter.generalitat" name="Abril url i verificar capçalera_Fils:100;Rampup:65;Durada:20" time="0.027"/>
    <testcase classname="testmeter.generalitat" name="Abril url i verificar capçalera_Fils:100;Rampup:65;Durada:20" time="0.030"/>
    <testcase classname="testmeter.generalitat" name="TestNegatiu_Abril url i verificar capçalera_Fils:100;Rampup:65;Durada:20" time="0.027">
        <failure message="Not Found">Test failed: text expected to contain /Model de Qualitat de Solucions/</failure>
    </testcase>
    <testcase classname="testmeter.generalitat" name="TestNegatiu_Abril url i verificar capçalera_Fils:100;Rampup:65;Durada:20" time="0.025">
        <failure message="Not Found">Test failed: text expected to contain /Model de Qualitat de Solucions/</failure>
    </testcase>
    <testcase classname="testmeter.generalitat" name="TestNegatiu_Abril url i verificar capçalera_Fils:100;Rampup:65;Durada:20" time="0.027">
        <failure message="Not Found">Test failed: text expected to contain /Model de Qualitat de Solucions/</failure>
    </testcase>
    <testcase classname="testmeter.generalitat" name="TestNegatiu_Abril url i verificar capçalera_Fils:100;Rampup:65;Durada:20" time="0.023">
        <failure message="Not Found">Test failed: text expected to contain /Model de Qualitat de Solucions/</failure>
    </testcase>
    <testcase classname="testmeter.generalitat" name="TestNegatiu_Abril url i verificar capçalera_Fils:100;Rampup:65;Durada:20" time="0.027">
        <failure message="Not Found">Test failed: text expected to contain /Model de Qualitat de Solucions/</failure>
    </testcase>
    <testcase classname="testmeter.generalitat" name="TestNegatiu_Abril url i verificar capçalera_Fils:100;Rampup:65;Durada:20" time="0.027">
        <failure message="Not Found">Test failed: text expected to contain /Model de Qualitat de Solucions/</failure>
    </testcase>
    <testcase classname="testmeter.generalitat" name="TestNegatiu_Abril url i verificar capçalera_Fils:100;Rampup:65;Durada:20" time="0.025">
        <failure message="Not Found">Test failed: text expected to contain /Model de Qualitat de Solucions/</failure>
    </testcase>
    <testcase classname="testmeter.generalitat" name="TestNegatiu_Abril url i verificar capçalera_Fils:100;Rampup:65;Durada:20" time="0.027">
        <failure message="Not Found">Test failed: text expected to contain /Model de Qualitat de Solucions/</failure>
    </testcase>
    <testcase classname="testmeter.generalitat" name="TestNegatiu_Abril url i verificar capçalera_Fils:100;Rampup:65;Durada:20" time="0.027">
        <failure message="Not Found">Test failed: text expected to contain /Model de Qualitat de Solucions/</failure>
    </testcase>
    <testcase classname="testmeter.generalitat" name="TestNegatiu_Abril url i verificar capçalera_Fils:100;Rampup:65;Durada:20" time="0.021">
        <failure message="Not Found">Test failed: text expected to contain /Model de Qualitat de Solucions/</failure>
    </testcase>
    <testcase classname="testmeter.generalitat" name="TestNegatiu_Abril url i verificar capçalera_Fils:100;Rampup:65;Durada:20" time="0.022">
        <failure message="Not Found">Test failed: text expected to contain /Model de Qualitat de Solucions/</failure>
    </testcase>
    <testcase classname="testmeter.generalitat" name="Abril url i verificar capçalera_Fils:100;Rampup:65;Durada:20" time="0.046"/>
    <testcase classname="testmeter.generalitat" name="Abril url i verificar capçalera_Fils:100;Rampup:65;Durada:20" time="0.044"/>
    <testcase classname="testmeter.generalitat" name="Abril url i verificar capçalera_Fils:100;Rampup:65;Durada:20" time="0.054"/>
    <testcase classname="testmeter.generalitat" name="TestNegatiu_Abril url i verificar capçalera_Fils:100;Rampup:65;Durada:20" time="0.030">
        <failure message="Not Found">Test failed: text expected to contain /Model de Qualitat de Solucions/</failure>
    </testcase>
    <testcase classname="testmeter.generalitat" name="TestNegatiu_Abril url i verificar capçalera_Fils:100;Rampup:65;Durada:20" time="0.026">
        <failure message="Not Found">Test failed: text expected to contain /Model de Qualitat de Solucions/</failure>
    </testcase>
    <testcase classname="testmeter.generalitat" name="TestNegatiu_Abril url i verificar capçalera_Fils:100;Rampup:65;Durada:20" time="0.042">
        <failure message="Not Found">Test failed: text expected to contain /Model de Qualitat de Solucions/</failure>
    </testcase>
    <testcase classname="testmeter.generalitat" name="TestNegatiu_Abril url i verificar capçalera_Fils:100;Rampup:65;Durada:20" time="0.028">
        <failure message="Not Found">Test failed: text expected to contain /Model de Qualitat de Solucions/</failure>
    </testcase>
    <testcase classname="testmeter.generalitat" name="TestNegatiu_Abril url i verificar capçalera_Fils:100;Rampup:65;Durada:20" time="0.024">
        <failure message="Not Found">Test failed: text expected to contain /Model de Qualitat de Solucions/</failure>
    </testcase>
    <testcase classname="testmeter.generalitat" name="Abril url i verificar capçalera_Fils:100;Rampup:65;Durada:20" time="0.068"/>
    <testcase classname="testmeter.generalitat" name="Abril url i verificar capçalera_Fils:100;Rampup:65;Durada:20" time="0.049"/>
    <testcase classname="testmeter.generalitat" name="TestNegatiu_Abril url i verificar capçalera_Fils:100;Rampup:65;Durada:20" time="0.025">
        <failure message="Not Found">Test failed: text expected to contain /Model de Qualitat de Solucions/</failure>
    </testcase>
    <testcase classname="testmeter.generalitat" name="TestNegatiu_Abril url i verificar capçalera_Fils:100;Rampup:65;Durada:20" time="0.033">
        <failure message="Not Found">Test failed: text expected to contain /Model de Qualitat de Solucions/</failure>
    </testcase>
    <testcase classname="testmeter.generalitat" name="Abril url i verificar capçalera_Fils:100;Rampup:65;Durada:20" time="0.049"/>
    <testcase classname="testmeter.generalitat" name="Abril url i verificar capçalera_Fils:100;Rampup:65;Durada:20" time="0.024"/>
    <testcase classname="testmeter.generalitat" name="Abril url i verificar capçalera_Fils:100;Rampup:65;Durada:20" time="0.027"/>
    <testcase classname="testmeter.generalitat" name="Abril url i verificar capçalera_Fils:100;Rampup:65;Durada:20" time="0.026"/>
    <testcase classname="testmeter.generalitat" name="TestNegatiu_Abril url i verificar capçalera_Fils:100;Rampup:65;Durada:20" time="0.054">
        <failure message="Not Found">Test failed: text expected to contain /Model de Qualitat de Solucions/</failure>
    </testcase>
    <testcase classname="testmeter.generalitat" name="TestNegatiu_Abril url i verificar capçalera_Fils:100;Rampup:65;Durada:20" time="0.029">
        <failure message="Not Found">Test failed: text expected to contain /Model de Qualitat de Solucions/</failure>
    </testcase>
    <testcase classname="testmeter.generalitat" name="TestNegatiu_Abril url i verificar capçalera_Fils:100;Rampup:65;Durada:20" time="0.030">
        <failure message="Not Found">Test failed: text expected to contain /Model de Qualitat de Solucions/</failure>
    </testcase>
    <testcase classname="testmeter.generalitat" name="Abril url i verificar capçalera_Fils:100;Rampup:65;Durada:20" time="0.031"/>
    <testcase classname="testmeter.generalitat" name="Abril url i verificar capçalera_Fils:100;Rampup:65;Durada:20" time="0.029"/>
    <testcase classname="testmeter.generalitat" name="Abril url i verificar capçalera_Fils:100;Rampup:65;Durada:20" time="0.031"/>
    <testcase classname="testmeter.generalitat" name="TestNegatiu_Abril url i verificar capçalera_Fils:100;Rampup:65;Durada:20" time="0.026">
        <failure message="Not Found">Test failed: text expected to contain /Model de Qualitat de Solucions/</failure>
    </testcase>
    <testcase classname="testmeter.generalitat" name="Abril url i verificar capçalera_Fils:100;Rampup:65;Durada:20" time="0.033"/>
    <testcase classname="testmeter.generalitat" name="Abril url i verificar capçalera_Fils:100;Rampup:65;Durada:20" time="0.034"/>
    <testcase classname="testmeter.generalitat" name="Abril url i verificar capçalera_Fils:100;Rampup:65;Durada:20" time="0.055"/>
    <testcase classname="testmeter.generalitat" name="Abril url i verificar capçalera_Fils:100;Rampup:65;Durada:20" time="0.033"/>
    <testcase classname="testmeter.generalitat" name="Abril url i verificar capçalera_Fils:100;Rampup:65;Durada:20" time="0.035"/>
    <testcase classname="testmeter.generalitat" name="TestNegatiu_Abril url i verificar capçalera_Fils:100;Rampup:65;Durada:20" time="0.023">
        <failure message="Not Found">Test failed: text expected to contain /Model de Qualitat de Solucions/</failure>
    </testcase>
    <testcase classname="testmeter.generalitat" name="TestNegatiu_Abril url i verificar capçalera_Fils:100;Rampup:65;Durada:20" time="0.026">
        <failure message="Not Found">Test failed: text expected to contain /Model de Qualitat de Solucions/</failure>
    </testcase>
    <testcase classname="testmeter.generalitat" name="TestNegatiu_Abril url i verificar capçalera_Fils:100;Rampup:65;Durada:20" time="0.026">
        <failure message="Not Found">Test failed: text expected to contain /Model de Qualitat de Solucions/</failure>
    </testcase>
    <testcase classname="testmeter.generalitat" name="TestNegatiu_Abril url i verificar capçalera_Fils:100;Rampup:65;Durada:20" time="0.030">
        <failure message="Not Found">Test failed: text expected to contain /Model de Qualitat de Solucions/</failure>
    </testcase>
    <testcase classname="testmeter.generalitat" name="TestNegatiu_Abril url i verificar capçalera_Fils:100;Rampup:65;Durada:20" time="0.025">
        <failure message="Not Found">Test failed: text expected to contain /Model de Qualitat de Solucions/</failure>
    </testcase>
    <testcase classname="testmeter.generalitat" name="TestNegatiu_Abril url i verificar capçalera_Fils:100;Rampup:65;Durada:20" time="0.032">
        <failure message="Not Found">Test failed: text expected to contain /Model de Qualitat de Solucions/</failure>
    </testcase>
    <testcase classname="testmeter.generalitat" name="Abril url i verificar capçalera_Fils:100;Rampup:65;Durada:20" time="0.030"/>
    <testcase classname="testmeter.generalitat" name="Abril url i verificar capçalera_Fils:100;Rampup:65;Durada:20" time="0.050"/>
    <testcase classname="testmeter.generalitat" name="Abril url i verificar capçalera_Fils:100;Rampup:65;Durada:20" time="0.044"/>
    <testcase classname="testmeter.generalitat" name="Abril url i verificar capçalera_Fils:100;Rampup:65;Durada:20" time="0.030"/>
    <testcase classname="testmeter.generalitat" name="Abril url i verificar capçalera_Fils:100;Rampup:65;Durada:20" time="0.032"/>
    <testcase classname="testmeter.generalitat" name="Abril url i verificar capçalera_Fils:100;Rampup:65;Durada:20" time="0.051"/>
    <testcase classname="testmeter.generalitat" name="Abril url i verificar capçalera_Fils:100;Rampup:65;Durada:20" time="0.029"/>
    <testcase classname="testmeter.generalitat" name="Abril url i verificar capçalera_Fils:100;Rampup:65;Durada:20" time="0.028"/>
    <testcase classname="testmeter.generalitat" name="Abril url i verificar capçalera_Fils:100;Rampup:65;Durada:20" time="0.047"/>
    <testcase classname="testmeter.generalitat" name="TestNegatiu_Abril url i verificar capçalera_Fils:100;Rampup:65;Durada:20" time="0.029">
        <failure message="Not Found">Test failed: text expected to contain /Model de Qualitat de Solucions/</failure>
    </testcase>
    <testcase classname="testmeter.generalitat" name="TestNegatiu_Abril url i verificar capçalera_Fils:100;Rampup:65;Durada:20" time="0.026">
        <failure message="Not Found">Test failed: text expected to contain /Model de Qualitat de Solucions/</failure>
    </testcase>
    <testcase classname="testmeter.generalitat" name="TestNegatiu_Abril url i verificar capçalera_Fils:100;Rampup:65;Durada:20" time="0.030">
        <failure message="Not Found">Test failed: text expected to contain /Model de Qualitat de Solucions/</failure>
    </testcase>
    <testcase classname="testmeter.generalitat" name="TestNegatiu_Abril url i verificar capçalera_Fils:100;Rampup:65;Durada:20" time="0.030">
        <failure message="Not Found">Test failed: text expected to contain /Model de Qualitat de Solucions/</failure>
    </testcase>
    <testcase classname="testmeter.generalitat" name="Abril url i verificar capçalera_Fils:100;Rampup:65;Durada:20" time="0.050"/>
    <testcase classname="testmeter.generalitat" name="TestNegatiu_Abril url i verificar capçalera_Fils:100;Rampup:65;Durada:20" time="0.030">
        <failure message="Not Found">Test failed: text expected to contain /Model de Qualitat de Solucions/</failure>
    </testcase>
    <testcase classname="testmeter.generalitat" name="Abril url i verificar capçalera_Fils:100;Rampup:65;Durada:20" time="0.026"/>
    <testcase classname="testmeter.generalitat" name="TestNegatiu_Abril url i verificar capçalera_Fils:100;Rampup:65;Durada:20" time="0.034">
        <failure message="Not Found">Test failed: text expected to contain /Model de Qualitat de Solucions/</failure>
    </testcase>
    <testcase classname="testmeter.generalitat" name="TestNegatiu_Abril url i verificar capçalera_Fils:100;Rampup:65;Durada:20" time="0.035">
        <failure message="Not Found">Test failed: text expected to contain /Model de Qualitat de Solucions/</failure>
    </testcase>
    <testcase classname="testmeter.generalitat" name="TestNegatiu_Abril url i verificar capçalera_Fils:100;Rampup:65;Durada:20" time="0.037">
        <failure message="Not Found">Test failed: text expected to contain /Model de Qualitat de Solucions/</failure>
    </testcase>
    <testcase classname="testmeter.generalitat" name="TestNegatiu_Abril url i verificar capçalera_Fils:100;Rampup:65;Durada:20" time="0.026">
        <failure message="Not Found">Test failed: text expected to contain /Model de Qualitat de Solucions/</failure>
    </testcase>
    <testcase classname="testmeter.generalitat" name="TestNegatiu_Abril url i verificar capçalera_Fils:100;Rampup:65;Durada:20" time="0.027">
        <failure message="Not Found">Test failed: text expected to contain /Model de Qualitat de Solucions/</failure>
    </testcase>
    <testcase classname="testmeter.generalitat" name="TestNegatiu_Abril url i verificar capçalera_Fils:100;Rampup:65;Durada:20" time="0.026">
        <failure message="Not Found">Test failed: text expected to contain /Model de Qualitat de Solucions/</failure>
    </testcase>
    <testcase classname="testmeter.generalitat" name="TestNegatiu_Abril url i verificar capçalera_Fils:100;Rampup:65;Durada:20" time="0.027">
        <failure message="Not Found">Test failed: text expected to contain /Model de Qualitat de Solucions/</failure>
    </testcase>
    <testcase classname="testmeter.generalitat" name="TestNegatiu_Abril url i verificar capçalera_Fils:100;Rampup:65;Durada:20" time="0.027">
        <failure message="Not Found">Test failed: text expected to contain /Model de Qualitat de Solucions/</failure>
    </testcase>
    <testcase classname="testmeter.generalitat" name="Abril url i verificar capçalera_Fils:100;Rampup:65;Durada:20" time="0.029"/>
    <testcase classname="testmeter.generalitat" name="Abril url i verificar capçalera_Fils:100;Rampup:65;Durada:20" time="0.033"/>
    <testcase classname="testmeter.generalitat" name="Abril url i verificar capçalera_Fils:100;Rampup:65;Durada:20" time="0.046"/>
    <testcase classname="testmeter.generalitat" name="TestNegatiu_Abril url i verificar capçalera_Fils:100;Rampup:65;Durada:20" time="0.033">
        <failure message="Not Found">Test failed: text expected to contain /Model de Qualitat de Solucions/</failure>
    </testcase>
    <testcase classname="testmeter.generalitat" name="TestNegatiu_Abril url i verificar capçalera_Fils:100;Rampup:65;Durada:20" time="0.034">
        <failure message="Not Found">Test failed: text expected to contain /Model de Qualitat de Solucions/</failure>
    </testcase>
    <testcase classname="testmeter.generalitat" name="Abril url i verificar capçalera_Fils:100;Rampup:65;Durada:20" time="0.052"/>
    <testcase classname="testmeter.generalitat" name="TestNegatiu_Abril url i verificar capçalera_Fils:100;Rampup:65;Durada:20" time="0.032">
        <failure message="Not Found">Test failed: text expected to contain /Model de Qualitat de Solucions/</failure>
    </testcase>
    <testcase classname="testmeter.generalitat" name="TestNegatiu_Abril url i verificar capçalera_Fils:100;Rampup:65;Durada:20" time="0.032">
        <failure message="Not Found">Test failed: text expected to contain /Model de Qualitat de Solucions/</failure>
    </testcase>
    <testcase classname="testmeter.generalitat" name="TestNegatiu_Abril url i verificar capçalera_Fils:100;Rampup:65;Durada:20" time="0.023">
        <failure message="Not Found">Test failed: text expected to contain /Model de Qualitat de Solucions/</failure>
    </testcase>
    <testcase classname="testmeter.generalitat" name="Abril url i verificar capçalera_Fils:100;Rampup:65;Durada:20" time="0.029"/>
    <testcase classname="testmeter.generalitat" name="Abril url i verificar capçalera_Fils:100;Rampup:65;Durada:20" time="0.032"/>
    <testcase classname="testmeter.generalitat" name="Abril url i verificar capçalera_Fils:100;Rampup:65;Durada:20" time="0.051"/>
    <testcase classname="testmeter.generalitat" name="TestNegatiu_Abril url i verificar capçalera_Fils:100;Rampup:65;Durada:20" time="0.033">
        <failure message="Not Found">Test failed: text expected to contain /Model de Qualitat de Solucions/</failure>
    </testcase>
    <testcase classname="testmeter.generalitat" name="Abril url i verificar capçalera_Fils:100;Rampup:65;Durada:20" time="0.030"/>
    <testcase classname="testmeter.generalitat" name="Abril url i verificar capçalera_Fils:100;Rampup:65;Durada:20" time="0.026"/>
    <testcase classname="testmeter.generalitat" name="Abril url i verificar capçalera_Fils:100;Rampup:65;Durada:20" time="0.084"/>
    <testcase classname="testmeter.generalitat" name="Abril url i verificar capçalera_Fils:100;Rampup:65;Durada:20" time="0.032"/>
    <testcase classname="testmeter.generalitat" name="TestNegatiu_Abril url i verificar capçalera_Fils:100;Rampup:65;Durada:20" time="0.027">
        <failure message="Not Found">Test failed: text expected to contain /Model de Qualitat de Solucions/</failure>
    </testcase>
    <testcase classname="testmeter.generalitat" name="TestNegatiu_Abril url i verificar capçalera_Fils:100;Rampup:65;Durada:20" time="0.028">
        <failure message="Not Found">Test failed: text expected to contain /Model de Qualitat de Solucions/</failure>
    </testcase>
    <testcase classname="testmeter.generalitat" name="TestNegatiu_Abril url i verificar capçalera_Fils:100;Rampup:65;Durada:20" time="0.027">
        <failure message="Not Found">Test failed: text expected to contain /Model de Qualitat de Solucions/</failure>
    </testcase>
    <testcase classname="testmeter.generalitat" name="Abril url i verificar capçalera_Fils:100;Rampup:65;Durada:20" time="0.051"/>
    <testcase classname="testmeter.generalitat" name="Abril url i verificar capçalera_Fils:100;Rampup:65;Durada:20" time="0.030"/>
    <testcase classname="testmeter.generalitat" name="TestNegatiu_Abril url i verificar capçalera_Fils:100;Rampup:65;Durada:20" time="0.027">
        <failure message="Not Found">Test failed: text expected to contain /Model de Qualitat de Solucions/</failure>
    </testcase>
    <testcase classname="testmeter.generalitat" name="Abril url i verificar capçalera_Fils:100;Rampup:65;Durada:20" time="0.034"/>
    <testcase classname="testmeter.generalitat" name="Abril url i verificar capçalera_Fils:100;Rampup:65;Durada:20" time="0.029"/>
    <testcase classname="testmeter.generalitat" name="Abril url i verificar capçalera_Fils:100;Rampup:65;Durada:20" time="0.086"/>
    <testcase classname="testmeter.generalitat" name="Abril url i verificar capçalera_Fils:100;Rampup:65;Durada:20" time="0.030"/>
    <testcase classname="testmeter.generalitat" name="Abril url i verificar capçalera_Fils:100;Rampup:65;Durada:20" time="0.029"/>
    <testcase classname="testmeter.generalitat" name="Abril url i verificar capçalera_Fils:100;Rampup:65;Durada:20" time="0.032"/>
    <testcase classname="testmeter.generalitat" name="Abril url i verificar capçalera_Fils:100;Rampup:65;Durada:20" time="0.071"/>
    <testcase classname="testmeter.generalitat" name="TestNegatiu_Abril url i verificar capçalera_Fils:100;Rampup:65;Durada:20" time="0.023">
        <failure message="Not Found">Test failed: text expected to contain /Model de Qualitat de Solucions/</failure>
    </testcase>
    <testcase classname="testmeter.generalitat" name="TestNegatiu_Abril url i verificar capçalera_Fils:100;Rampup:65;Durada:20" time="0.025">
        <failure message="Not Found">Test failed: text expected to contain /Model de Qualitat de Solucions/</failure>
    </testcase>
    <testcase classname="testmeter.generalitat" name="TestNegatiu_Abril url i verificar capçalera_Fils:100;Rampup:65;Durada:20" time="0.026">
        <failure message="Not Found">Test failed: text expected to contain /Model de Qualitat de Solucions/</failure>
    </testcase>
    <testcase classname="testmeter.generalitat" name="Abril url i verificar capçalera_Fils:100;Rampup:65;Durada:20" time="0.024"/>
    <testcase classname="testmeter.generalitat" name="TestNegatiu_Abril url i verificar capçalera_Fils:100;Rampup:65;Durada:20" time="0.028">
        <failure message="Not Found">Test failed: text expected to contain /Model de Qualitat de Solucions/</failure>
    </testcase>
    <testcase classname="testmeter.generalitat" name="TestNegatiu_Abril url i verificar capçalera_Fils:100;Rampup:65;Durada:20" time="0.027">
        <failure message="Not Found">Test failed: text expected to contain /Model de Qualitat de Solucions/</failure>
    </testcase>
    <testcase classname="testmeter.generalitat" name="Abril url i verificar capçalera_Fils:100;Rampup:65;Durada:20" time="0.046"/>
    <testcase classname="testmeter.generalitat" name="Abril url i verificar capçalera_Fils:100;Rampup:65;Durada:20" time="0.031"/>
    <testcase classname="testmeter.generalitat" name="Abril url i verificar capçalera_Fils:100;Rampup:65;Durada:20" time="0.048"/>
    <testcase classname="testmeter.generalitat" name="Abril url i verificar capçalera_Fils:100;Rampup:65;Durada:20" time="0.029"/>
    <testcase classname="testmeter.generalitat" name="Abril url i verificar capçalera_Fils:100;Rampup:65;Durada:20" time="0.052"/>
    <testcase classname="testmeter.generalitat" name="TestNegatiu_Abril url i verificar capçalera_Fils:100;Rampup:65;Durada:20" time="0.028">
        <failure message="Not Found">Test failed: text expected to contain /Model de Qualitat de Solucions/</failure>
    </testcase>
    <testcase classname="testmeter.generalitat" name="TestNegatiu_Abril url i verificar capçalera_Fils:100;Rampup:65;Durada:20" time="0.024">
        <failure message="Not Found">Test failed: text expected to contain /Model de Qualitat de Solucions/</failure>
    </testcase>
    <testcase classname="testmeter.generalitat" name="Abril url i verificar capçalera_Fils:100;Rampup:65;Durada:20" time="0.023"/>
    <testcase classname="testmeter.generalitat" name="Abril url i verificar capçalera_Fils:100;Rampup:65;Durada:20" time="0.121"/>
    <testcase classname="testmeter.generalitat" name="Abril url i verificar capçalera_Fils:100;Rampup:65;Durada:20" time="0.026"/>
    <testcase classname="testmeter.generalitat" name="TestNegatiu_Abril url i verificar capçalera_Fils:100;Rampup:65;Durada:20" time="0.023">
        <failure message="Not Found">Test failed: text expected to contain /Model de Qualitat de Solucions/</failure>
    </testcase>
    <testcase classname="testmeter.generalitat" name="TestNegatiu_Abril url i verificar capçalera_Fils:100;Rampup:65;Durada:20" time="0.028">
        <failure message="Not Found">Test failed: text expected to contain /Model de Qualitat de Solucions/</failure>
    </testcase>
    <testcase classname="testmeter.generalitat" name="TestNegatiu_Abril url i verificar capçalera_Fils:100;Rampup:65;Durada:20" time="0.026">
        <failure message="Not Found">Test failed: text expected to contain /Model de Qualitat de Solucions/</failure>
    </testcase>
    <testcase classname="testmeter.generalitat" name="Abril url i verificar capçalera_Fils:100;Rampup:65;Durada:20" time="0.056"/>
    <testcase classname="testmeter.generalitat" name="TestNegatiu_Abril url i verificar capçalera_Fils:100;Rampup:65;Durada:20" time="0.041">
        <failure message="Not Found">Test failed: text expected to contain /Model de Qualitat de Solucions/</failure>
    </testcase>
    <testcase classname="testmeter.generalitat" name="Abril url i verificar capçalera_Fils:100;Rampup:65;Durada:20" time="1.167"/>
    <testcase classname="testmeter.generalitat" name="Abril url i verificar capçalera_Fils:100;Rampup:65;Durada:20" time="0.024"/>
    <testcase classname="testmeter.generalitat" name="TestNegatiu_Abril url i verificar capçalera_Fils:100;Rampup:65;Durada:20" time="0.031">
        <failure message="Not Found">Test failed: text expected to contain /Model de Qualitat de Solucions/</failure>
    </testcase>
    <testcase classname="testmeter.generalitat" name="Abril url i verificar capçalera_Fils:100;Rampup:65;Durada:20" time="0.050"/>
    <testcase classname="testmeter.generalitat" name="TestNegatiu_Abril url i verificar capçalera_Fils:100;Rampup:65;Durada:20" time="0.039">
        <failure message="Not Found">Test failed: text expected to contain /Model de Qualitat de Solucions/</failure>
    </testcase>
    <testcase classname="testmeter.generalitat" name="TestNegatiu_Abril url i verificar capçalera_Fils:100;Rampup:65;Durada:20" time="0.036">
        <failure message="Not Found">Test failed: text expected to contain /Model de Qualitat de Solucions/</failure>
    </testcase>
    <testcase classname="testmeter.generalitat" name="Abril url i verificar capçalera_Fils:100;Rampup:65;Durada:20" time="0.044"/>
    <testcase classname="testmeter.generalitat" name="TestNegatiu_Abril url i verificar capçalera_Fils:100;Rampup:65;Durada:20" time="0.028">
        <failure message="Not Found">Test failed: text expected to contain /Model de Qualitat de Solucions/</failure>
    </testcase>
    <testcase classname="testmeter.generalitat" name="Abril url i verificar capçalera_Fils:100;Rampup:65;Durada:20" time="0.029"/>
    <testcase classname="testmeter.generalitat" name="Abril url i verificar capçalera_Fils:100;Rampup:65;Durada:20" time="0.026"/>
    <testcase classname="testmeter.generalitat" name="TestNegatiu_Abril url i verificar capçalera_Fils:100;Rampup:65;Durada:20" time="0.025">
        <failure message="Not Found">Test failed: text expected to contain /Model de Qualitat de Solucions/</failure>
    </testcase>
    <testcase classname="testmeter.generalitat" name="TestNegatiu_Abril url i verificar capçalera_Fils:100;Rampup:65;Durada:20" time="0.025">
        <failure message="Not Found">Test failed: text expected to contain /Model de Qualitat de Solucions/</failure>
    </testcase>
    <testcase classname="testmeter.generalitat" name="TestNegatiu_Abril url i verificar capçalera_Fils:100;Rampup:65;Durada:20" time="0.026">
        <failure message="Not Found">Test failed: text expected to contain /Model de Qualitat de Solucions/</failure>
    </testcase>
    <testcase classname="testmeter.generalitat" name="TestNegatiu_Abril url i verificar capçalera_Fils:100;Rampup:65;Durada:20" time="0.026">
        <failure message="Not Found">Test failed: text expected to contain /Model de Qualitat de Solucions/</failure>
    </testcase>
    <testcase classname="testmeter.generalitat" name="TestNegatiu_Abril url i verificar capçalera_Fils:100;Rampup:65;Durada:20" time="0.026">
        <failure message="Not Found">Test failed: text expected to contain /Model de Qualitat de Solucions/</failure>
    </testcase>
    <testcase classname="testmeter.generalitat" name="Abril url i verificar capçalera_Fils:100;Rampup:65;Durada:20" time="0.027"/>
    <testcase classname="testmeter.generalitat" name="TestNegatiu_Abril url i verificar capçalera_Fils:100;Rampup:65;Durada:20" time="0.044">
        <failure message="Not Found">Test failed: text expected to contain /Model de Qualitat de Solucions/</failure>
    </testcase>
    <testcase classname="testmeter.generalitat" name="TestNegatiu_Abril url i verificar capçalera_Fils:100;Rampup:65;Durada:20" time="0.027">
        <failure message="Not Found">Test failed: text expected to contain /Model de Qualitat de Solucions/</failure>
    </testcase>
    <testcase classname="testmeter.generalitat" name="Abril url i verificar capçalera_Fils:100;Rampup:65;Durada:20" time="0.032"/>
    <testcase classname="testmeter.generalitat" name="TestNegatiu_Abril url i verificar capçalera_Fils:100;Rampup:65;Durada:20" time="0.029">
        <failure message="Not Found">Test failed: text expected to contain /Model de Qualitat de Solucions/</failure>
    </testcase>
    <testcase classname="testmeter.generalitat" name="TestNegatiu_Abril url i verificar capçalera_Fils:100;Rampup:65;Durada:20" time="0.026">
        <failure message="Not Found">Test failed: text expected to contain /Model de Qualitat de Solucions/</failure>
    </testcase>
    <testcase classname="testmeter.generalitat" name="Abril url i verificar capçalera_Fils:100;Rampup:65;Durada:20" time="0.054"/>
    <testcase classname="testmeter.generalitat" name="Abril url i verificar capçalera_Fils:100;Rampup:65;Durada:20" time="0.025"/>
    <testcase classname="testmeter.generalitat" name="TestNegatiu_Abril url i verificar capçalera_Fils:100;Rampup:65;Durada:20" time="0.023">
        <failure message="Not Found">Test failed: text expected to contain /Model de Qualitat de Solucions/</failure>
    </testcase>
    <testcase classname="testmeter.generalitat" name="TestNegatiu_Abril url i verificar capçalera_Fils:100;Rampup:65;Durada:20" time="0.028">
        <failure message="Not Found">Test failed: text expected to contain /Model de Qualitat de Solucions/</failure>
    </testcase>
    <testcase classname="testmeter.generalitat" name="Abril url i verificar capçalera_Fils:100;Rampup:65;Durada:20" time="0.030"/>
    <testcase classname="testmeter.generalitat" name="TestNegatiu_Abril url i verificar capçalera_Fils:100;Rampup:65;Durada:20" time="0.027">
        <failure message="Not Found">Test failed: text expected to contain /Model de Qualitat de Solucions/</failure>
    </testcase>
    <testcase classname="testmeter.generalitat" name="TestNegatiu_Abril url i verificar capçalera_Fils:100;Rampup:65;Durada:20" time="0.025">
        <failure message="Not Found">Test failed: text expected to contain /Model de Qualitat de Solucions/</failure>
    </testcase>
    <testcase classname="testmeter.generalitat" name="Abril url i verificar capçalera_Fils:100;Rampup:65;Durada:20" time="0.031"/>
    <testcase classname="testmeter.generalitat" name="Abril url i verificar capçalera_Fils:100;Rampup:65;Durada:20" time="0.051"/>
    <testcase classname="testmeter.generalitat" name="TestNegatiu_Abril url i verificar capçalera_Fils:100;Rampup:65;Durada:20" time="0.027">
        <failure message="Not Found">Test failed: text expected to contain /Model de Qualitat de Solucions/</failure>
    </testcase>
    <testcase classname="testmeter.generalitat" name="Abril url i verificar capçalera_Fils:100;Rampup:65;Durada:20" time="0.029"/>
    <testcase classname="testmeter.generalitat" name="Abril url i verificar capçalera_Fils:100;Rampup:65;Durada:20" time="0.045"/>
    <testcase classname="testmeter.generalitat" name="Abril url i verificar capçalera_Fils:100;Rampup:65;Durada:20" time="0.029"/>
    <testcase classname="testmeter.generalitat" name="TestNegatiu_Abril url i verificar capçalera_Fils:100;Rampup:65;Durada:20" time="0.029">
        <failure message="Not Found">Test failed: text expected to contain /Model de Qualitat de Solucions/</failure>
    </testcase>
    <testcase classname="testmeter.generalitat" name="Abril url i verificar capçalera_Fils:100;Rampup:65;Durada:20" time="0.033"/>
    <testcase classname="testmeter.generalitat" name="TestNegatiu_Abril url i verificar capçalera_Fils:100;Rampup:65;Durada:20" time="0.029">
        <failure message="Not Found">Test failed: text expected to contain /Model de Qualitat de Solucions/</failure>
    </testcase>
    <testcase classname="testmeter.generalitat" name="Abril url i verificar capçalera_Fils:100;Rampup:65;Durada:20" time="0.029"/>
    <testcase classname="testmeter.generalitat" name="Abril url i verificar capçalera_Fils:100;Rampup:65;Durada:20" time="0.030"/>
    <testcase classname="testmeter.generalitat" name="Abril url i verificar capçalera_Fils:100;Rampup:65;Durada:20" time="0.033"/>
    <testcase classname="testmeter.generalitat" name="TestNegatiu_Abril url i verificar capçalera_Fils:100;Rampup:65;Durada:20" time="0.024">
        <failure message="Not Found">Test failed: text expected to contain /Model de Qualitat de Solucions/</failure>
    </testcase>
    <testcase classname="testmeter.generalitat" name="Abril url i verificar capçalera_Fils:100;Rampup:65;Durada:20" time="0.025"/>
    <testcase classname="testmeter.generalitat" name="Abril url i verificar capçalera_Fils:100;Rampup:65;Durada:20" time="0.025"/>
    <testcase classname="testmeter.generalitat" name="TestNegatiu_Abril url i verificar capçalera_Fils:100;Rampup:65;Durada:20" time="0.028">
        <failure message="Not Found">Test failed: text expected to contain /Model de Qualitat de Solucions/</failure>
    </testcase>
    <testcase classname="testmeter.generalitat" name="TestNegatiu_Abril url i verificar capçalera_Fils:100;Rampup:65;Durada:20" time="0.028">
        <failure message="Not Found">Test failed: text expected to contain /Model de Qualitat de Solucions/</failure>
    </testcase>
    <testcase classname="testmeter.generalitat" name="TestNegatiu_Abril url i verificar capçalera_Fils:100;Rampup:65;Durada:20" time="0.027">
        <failure message="Not Found">Test failed: text expected to contain /Model de Qualitat de Solucions/</failure>
    </testcase>
    <testcase classname="testmeter.generalitat" name="Abril url i verificar capçalera_Fils:100;Rampup:65;Durada:20" time="0.028"/>
    <testcase classname="testmeter.generalitat" name="Abril url i verificar capçalera_Fils:100;Rampup:65;Durada:20" time="0.042"/>
    <testcase classname="testmeter.generalitat" name="Abril url i verificar capçalera_Fils:100;Rampup:65;Durada:20" time="0.045"/>
    <testcase classname="testmeter.generalitat" name="TestNegatiu_Abril url i verificar capçalera_Fils:100;Rampup:65;Durada:20" time="0.026">
        <failure message="Not Found">Test failed: text expected to contain /Model de Qualitat de Solucions/</failure>
    </testcase>
    <testcase classname="testmeter.generalitat" name="TestNegatiu_Abril url i verificar capçalera_Fils:100;Rampup:65;Durada:20" time="0.027">
        <failure message="Not Found">Test failed: text expected to contain /Model de Qualitat de Solucions/</failure>
    </testcase>
    <testcase classname="testmeter.generalitat" name="Abril url i verificar capçalera_Fils:100;Rampup:65;Durada:20" time="0.050"/>
    <testcase classname="testmeter.generalitat" name="TestNegatiu_Abril url i verificar capçalera_Fils:100;Rampup:65;Durada:20" time="0.028">
        <failure message="Not Found">Test failed: text expected to contain /Model de Qualitat de Solucions/</failure>
    </testcase>
    <testcase classname="testmeter.generalitat" name="Abril url i verificar capçalera_Fils:100;Rampup:65;Durada:20" time="0.027"/>
    <testcase classname="testmeter.generalitat" name="TestNegatiu_Abril url i verificar capçalera_Fils:100;Rampup:65;Durada:20" time="0.030">
        <failure message="Not Found">Test failed: text expected to contain /Model de Qualitat de Solucions/</failure>
    </testcase>
    <testcase classname="testmeter.generalitat" name="Abril url i verificar capçalera_Fils:100;Rampup:65;Durada:20" time="0.032"/>
    <testcase classname="testmeter.generalitat" name="TestNegatiu_Abril url i verificar capçalera_Fils:100;Rampup:65;Durada:20" time="0.026">
        <failure message="Not Found">Test failed: text expected to contain /Model de Qualitat de Solucions/</failure>
    </testcase>
    <testcase classname="testmeter.generalitat" name="TestNegatiu_Abril url i verificar capçalera_Fils:100;Rampup:65;Durada:20" time="0.100">
        <failure message="Not Found">Test failed: text expected to contain /Model de Qualitat de Solucions/</failure>
    </testcase>
    <testcase classname="testmeter.generalitat" name="TestNegatiu_Abril url i verificar capçalera_Fils:100;Rampup:65;Durada:20" time="0.024">
        <failure message="Not Found">Test failed: text expected to contain /Model de Qualitat de Solucions/</failure>
    </testcase>
    <testcase classname="testmeter.generalitat" name="TestNegatiu_Abril url i verificar capçalera_Fils:100;Rampup:65;Durada:20" time="0.027">
        <failure message="Not Found">Test failed: text expected to contain /Model de Qualitat de Solucions/</failure>
    </testcase>
    <testcase classname="testmeter.generalitat" name="Abril url i verificar capçalera_Fils:100;Rampup:65;Durada:20" time="0.027"/>
    <testcase classname="testmeter.generalitat" name="Abril url i verificar capçalera_Fils:100;Rampup:65;Durada:20" time="0.048"/>
    <testcase classname="testmeter.generalitat" name="TestNegatiu_Abril url i verificar capçalera_Fils:100;Rampup:65;Durada:20" time="0.037">
        <failure message="Not Found">Test failed: text expected to contain /Model de Qualitat de Solucions/</failure>
    </testcase>
    <testcase classname="testmeter.generalitat" name="Abril url i verificar capçalera_Fils:100;Rampup:65;Durada:20" time="0.049"/>
    <testcase classname="testmeter.generalitat" name="Abril url i verificar capçalera_Fils:100;Rampup:65;Durada:20" time="0.076"/>
    <testcase classname="testmeter.generalitat" name="Abril url i verificar capçalera_Fils:100;Rampup:65;Durada:20" time="0.026"/>
    <testcase classname="testmeter.generalitat" name="TestNegatiu_Abril url i verificar capçalera_Fils:100;Rampup:65;Durada:20" time="0.033">
        <failure message="Not Found">Test failed: text expected to contain /Model de Qualitat de Solucions/</failure>
    </testcase>
    <testcase classname="testmeter.generalitat" name="TestNegatiu_Abril url i verificar capçalera_Fils:100;Rampup:65;Durada:20" time="0.040">
        <failure message="Not Found">Test failed: text expected to contain /Model de Qualitat de Solucions/</failure>
    </testcase>
    <testcase classname="testmeter.generalitat" name="Abril url i verificar capçalera_Fils:100;Rampup:65;Durada:20" time="0.044"/>
    <testcase classname="testmeter.generalitat" name="TestNegatiu_Abril url i verificar capçalera_Fils:100;Rampup:65;Durada:20" time="0.023">
        <failure message="Not Found">Test failed: text expected to contain /Model de Qualitat de Solucions/</failure>
    </testcase>
    <testcase classname="testmeter.generalitat" name="TestNegatiu_Abril url i verificar capçalera_Fils:100;Rampup:65;Durada:20" time="0.036">
        <failure message="Not Found">Test failed: text expected to contain /Model de Qualitat de Solucions/</failure>
    </testcase>
    <testcase classname="testmeter.generalitat" name="TestNegatiu_Abril url i verificar capçalera_Fils:100;Rampup:65;Durada:20" time="0.027">
        <failure message="Not Found">Test failed: text expected to contain /Model de Qualitat de Solucions/</failure>
    </testcase>
    <testcase classname="testmeter.generalitat" name="TestNegatiu_Abril url i verificar capçalera_Fils:100;Rampup:65;Durada:20" time="0.025">
        <failure message="Not Found">Test failed: text expected to contain /Model de Qualitat de Solucions/</failure>
    </testcase>
    <testcase classname="testmeter.generalitat" name="Abril url i verificar capçalera_Fils:100;Rampup:65;Durada:20" time="0.050"/>
    <testcase classname="testmeter.generalitat" name="Abril url i verificar capçalera_Fils:100;Rampup:65;Durada:20" time="0.032"/>
    <testcase classname="testmeter.generalitat" name="TestNegatiu_Abril url i verificar capçalera_Fils:100;Rampup:65;Durada:20" time="0.026">
        <failure message="Not Found">Test failed: text expected to contain /Model de Qualitat de Solucions/</failure>
    </testcase>
    <testcase classname="testmeter.generalitat" name="Abril url i verificar capçalera_Fils:100;Rampup:65;Durada:20" time="0.030"/>
    <testcase classname="testmeter.generalitat" name="Abril url i verificar capçalera_Fils:100;Rampup:65;Durada:20" time="0.079"/>
    <testcase classname="testmeter.generalitat" name="Abril url i verificar capçalera_Fils:100;Rampup:65;Durada:20" time="0.025"/>
    <testcase classname="testmeter.generalitat" name="TestNegatiu_Abril url i verificar capçalera_Fils:100;Rampup:65;Durada:20" time="0.038">
        <failure message="Not Found">Test failed: text expected to contain /Model de Qualitat de Solucions/</failure>
    </testcase>
    <testcase classname="testmeter.generalitat" name="TestNegatiu_Abril url i verificar capçalera_Fils:100;Rampup:65;Durada:20" time="0.034">
        <failure message="Not Found">Test failed: text expected to contain /Model de Qualitat de Solucions/</failure>
    </testcase>
    <testcase classname="testmeter.generalitat" name="TestNegatiu_Abril url i verificar capçalera_Fils:100;Rampup:65;Durada:20" time="0.038">
        <failure message="Not Found">Test failed: text expected to contain /Model de Qualitat de Solucions/</failure>
    </testcase>
    <testcase classname="testmeter.generalitat" name="TestNegatiu_Abril url i verificar capçalera_Fils:100;Rampup:65;Durada:20" time="0.029">
        <failure message="Not Found">Test failed: text expected to contain /Model de Qualitat de Solucions/</failure>
    </testcase>
    <testcase classname="testmeter.generalitat" name="TestNegatiu_Abril url i verificar capçalera_Fils:100;Rampup:65;Durada:20" time="0.037">
        <failure message="Not Found">Test failed: text expected to contain /Model de Qualitat de Solucions/</failure>
    </testcase>
    <testcase classname="testmeter.generalitat" name="Abril url i verificar capçalera_Fils:100;Rampup:65;Durada:20" time="0.056"/>
    <testcase classname="testmeter.generalitat" name="TestNegatiu_Abril url i verificar capçalera_Fils:100;Rampup:65;Durada:20" time="0.033">
        <failure message="Not Found">Test failed: text expected to contain /Model de Qualitat de Solucions/</failure>
    </testcase>
    <testcase classname="testmeter.generalitat" name="TestNegatiu_Abril url i verificar capçalera_Fils:100;Rampup:65;Durada:20" time="0.034">
        <failure message="Not Found">Test failed: text expected to contain /Model de Qualitat de Solucions/</failure>
    </testcase>
    <testcase classname="testmeter.generalitat" name="TestNegatiu_Abril url i verificar capçalera_Fils:100;Rampup:65;Durada:20" time="0.030">
        <failure message="Not Found">Test failed: text expected to contain /Model de Qualitat de Solucions/</failure>
    </testcase>
    <testcase classname="testmeter.generalitat" name="TestNegatiu_Abril url i verificar capçalera_Fils:100;Rampup:65;Durada:20" time="0.030">
        <failure message="Not Found">Test failed: text expected to contain /Model de Qualitat de Solucions/</failure>
    </testcase>
    <testcase classname="testmeter.generalitat" name="TestNegatiu_Abril url i verificar capçalera_Fils:100;Rampup:65;Durada:20" time="0.116">
        <failure message="Not Found">Test failed: text expected to contain /Model de Qualitat de Solucions/</failure>
    </testcase>
    <testcase classname="testmeter.generalitat" name="TestNegatiu_Abril url i verificar capçalera_Fils:100;Rampup:65;Durada:20" time="0.027">
        <failure message="Not Found">Test failed: text expected to contain /Model de Qualitat de Solucions/</failure>
    </testcase>
    <testcase classname="testmeter.generalitat" name="TestNegatiu_Abril url i verificar capçalera_Fils:100;Rampup:65;Durada:20" time="0.023">
        <failure message="Not Found">Test failed: text expected to contain /Model de Qualitat de Solucions/</failure>
    </testcase>
    <testcase classname="testmeter.generalitat" name="Abril url i verificar capçalera_Fils:100;Rampup:65;Durada:20" time="0.040"/>
    <testcase classname="testmeter.generalitat" name="Abril url i verificar capçalera_Fils:100;Rampup:65;Durada:20" time="0.052"/>
    <testcase classname="testmeter.generalitat" name="Abril url i verificar capçalera_Fils:100;Rampup:65;Durada:20" time="0.033"/>
    <testcase classname="testmeter.generalitat" name="Abril url i verificar capçalera_Fils:100;Rampup:65;Durada:20" time="0.053"/>
    <testcase classname="testmeter.generalitat" name="Abril url i verificar capçalera_Fils:100;Rampup:65;Durada:20" time="0.028"/>
    <testcase classname="testmeter.generalitat" name="Abril url i verificar capçalera_Fils:100;Rampup:65;Durada:20" time="0.033"/>
    <testcase classname="testmeter.generalitat" name="Abril url i verificar capçalera_Fils:100;Rampup:65;Durada:20" time="0.039"/>
    <testcase classname="testmeter.generalitat" name="Abril url i verificar capçalera_Fils:100;Rampup:65;Durada:20" time="0.049"/>
    <testcase classname="testmeter.generalitat" name="Abril url i verificar capçalera_Fils:100;Rampup:65;Durada:20" time="0.033"/>
    <testcase classname="testmeter.generalitat" name="Abril url i verificar capçalera_Fils:100;Rampup:65;Durada:20" time="0.034"/>
    <testcase classname="testmeter.generalitat" name="Abril url i verificar capçalera_Fils:100;Rampup:65;Durada:20" time="0.040"/>
    <testcase classname="testmeter.generalitat" name="TestNegatiu_Abril url i verificar capçalera_Fils:100;Rampup:65;Durada:20" time="0.054">
        <failure message="Not Found">Test failed: text expected to contain /Model de Qualitat de Solucions/</failure>
    </testcase>
    <testcase classname="testmeter.generalitat" name="TestNegatiu_Abril url i verificar capçalera_Fils:100;Rampup:65;Durada:20" time="0.043">
        <failure message="Not Found">Test failed: text expected to contain /Model de Qualitat de Solucions/</failure>
    </testcase>
    <testcase classname="testmeter.generalitat" name="Abril url i verificar capçalera_Fils:100;Rampup:65;Durada:20" time="0.050"/>
    <testcase classname="testmeter.generalitat" name="Abril url i verificar capçalera_Fils:100;Rampup:65;Durada:20" time="0.053"/>
    <testcase classname="testmeter.generalitat" name="Abril url i verificar capçalera_Fils:100;Rampup:65;Durada:20" time="0.049"/>
    <testcase classname="testmeter.generalitat" name="TestNegatiu_Abril url i verificar capçalera_Fils:100;Rampup:65;Durada:20" time="0.034">
        <failure message="Not Found">Test failed: text expected to contain /Model de Qualitat de Solucions/</failure>
    </testcase>
    <testcase classname="testmeter.generalitat" name="Abril url i verificar capçalera_Fils:100;Rampup:65;Durada:20" time="0.028"/>
    <testcase classname="testmeter.generalitat" name="Abril url i verificar capçalera_Fils:100;Rampup:65;Durada:20" time="0.029"/>
    <testcase classname="testmeter.generalitat" name="TestNegatiu_Abril url i verificar capçalera_Fils:100;Rampup:65;Durada:20" time="0.022">
        <failure message="Not Found">Test failed: text expected to contain /Model de Qualitat de Solucions/</failure>
    </testcase>
    <testcase classname="testmeter.generalitat" name="Abril url i verificar capçalera_Fils:100;Rampup:65;Durada:20" time="0.029"/>
    <testcase classname="testmeter.generalitat" name="TestNegatiu_Abril url i verificar capçalera_Fils:100;Rampup:65;Durada:20" time="0.025">
        <failure message="Not Found">Test failed: text expected to contain /Model de Qualitat de Solucions/</failure>
    </testcase>
    <testcase classname="testmeter.generalitat" name="TestNegatiu_Abril url i verificar capçalera_Fils:100;Rampup:65;Durada:20" time="0.025">
        <failure message="Not Found">Test failed: text expected to contain /Model de Qualitat de Solucions/</failure>
    </testcase>
    <testcase classname="testmeter.generalitat" name="Abril url i verificar capçalera_Fils:100;Rampup:65;Durada:20" time="0.034"/>
    <testcase classname="testmeter.generalitat" name="Abril url i verificar capçalera_Fils:100;Rampup:65;Durada:20" time="0.031"/>
    <testcase classname="testmeter.generalitat" name="TestNegatiu_Abril url i verificar capçalera_Fils:100;Rampup:65;Durada:20" time="0.027">
        <failure message="Not Found">Test failed: text expected to contain /Model de Qualitat de Solucions/</failure>
    </testcase>
    <testcase classname="testmeter.generalitat" name="TestNegatiu_Abril url i verificar capçalera_Fils:100;Rampup:65;Durada:20" time="0.026">
        <failure message="Not Found">Test failed: text expected to contain /Model de Qualitat de Solucions/</failure>
    </testcase>
    <testcase classname="testmeter.generalitat" name="TestNegatiu_Abril url i verificar capçalera_Fils:100;Rampup:65;Durada:20" time="0.027">
        <failure message="Not Found">Test failed: text expected to contain /Model de Qualitat de Solucions/</failure>
    </testcase>
    <testcase classname="testmeter.generalitat" name="Abril url i verificar capçalera_Fils:100;Rampup:65;Durada:20" time="0.027"/>
    <testcase classname="testmeter.generalitat" name="Abril url i verificar capçalera_Fils:100;Rampup:65;Durada:20" time="0.030"/>
    <testcase classname="testmeter.generalitat" name="TestNegatiu_Abril url i verificar capçalera_Fils:100;Rampup:65;Durada:20" time="0.026">
        <failure message="Not Found">Test failed: text expected to contain /Model de Qualitat de Solucions/</failure>
    </testcase>
    <testcase classname="testmeter.generalitat" name="TestNegatiu_Abril url i verificar capçalera_Fils:100;Rampup:65;Durada:20" time="0.027">
        <failure message="Not Found">Test failed: text expected to contain /Model de Qualitat de Solucions/</failure>
    </testcase>
    <testcase classname="testmeter.generalitat" name="TestNegatiu_Abril url i verificar capçalera_Fils:100;Rampup:65;Durada:20" time="0.028">
        <failure message="Not Found">Test failed: text expected to contain /Model de Qualitat de Solucions/</failure>
    </testcase>
    <testcase classname="testmeter.generalitat" name="TestNegatiu_Abril url i verificar capçalera_Fils:100;Rampup:65;Durada:20" time="0.028">
        <failure message="Not Found">Test failed: text expected to contain /Model de Qualitat de Solucions/</failure>
    </testcase>
    <testcase classname="testmeter.generalitat" name="TestNegatiu_Abril url i verificar capçalera_Fils:100;Rampup:65;Durada:20" time="0.028">
        <failure message="Not Found">Test failed: text expected to contain /Model de Qualitat de Solucions/</failure>
    </testcase>
    <testcase classname="testmeter.generalitat" name="TestNegatiu_Abril url i verificar capçalera_Fils:100;Rampup:65;Durada:20" time="0.021">
        <failure message="Not Found">Test failed: text expected to contain /Model de Qualitat de Solucions/</failure>
    </testcase>
    <testcase classname="testmeter.generalitat" name="Abril url i verificar capçalera_Fils:100;Rampup:65;Durada:20" time="0.053"/>
    <testcase classname="testmeter.generalitat" name="Abril url i verificar capçalera_Fils:100;Rampup:65;Durada:20" time="0.052"/>
    <testcase classname="testmeter.generalitat" name="Abril url i verificar capçalera_Fils:100;Rampup:65;Durada:20" time="0.051"/>
    <testcase classname="testmeter.generalitat" name="Abril url i verificar capçalera_Fils:100;Rampup:65;Durada:20" time="0.050"/>
    <testcase classname="testmeter.generalitat" name="TestNegatiu_Abril url i verificar capçalera_Fils:100;Rampup:65;Durada:20" time="0.024">
        <failure message="Not Found">Test failed: text expected to contain /Model de Qualitat de Solucions/</failure>
    </testcase>
    <testcase classname="testmeter.generalitat" name="TestNegatiu_Abril url i verificar capçalera_Fils:100;Rampup:65;Durada:20" time="0.022">
        <failure message="Not Found">Test failed: text expected to contain /Model de Qualitat de Solucions/</failure>
    </testcase>
    <testcase classname="testmeter.generalitat" name="TestNegatiu_Abril url i verificar capçalera_Fils:100;Rampup:65;Durada:20" time="0.031">
        <failure message="Not Found">Test failed: text expected to contain /Model de Qualitat de Solucions/</failure>
    </testcase>
    <testcase classname="testmeter.generalitat" name="TestNegatiu_Abril url i verificar capçalera_Fils:100;Rampup:65;Durada:20" time="0.029">
        <failure message="Not Found">Test failed: text expected to contain /Model de Qualitat de Solucions/</failure>
    </testcase>
    <testcase classname="testmeter.generalitat" name="Abril url i verificar capçalera_Fils:100;Rampup:65;Durada:20" time="0.024"/>
    <testcase classname="testmeter.generalitat" name="TestNegatiu_Abril url i verificar capçalera_Fils:100;Rampup:65;Durada:20" time="0.027">
        <failure message="Not Found">Test failed: text expected to contain /Model de Qualitat de Solucions/</failure>
    </testcase>
    <testcase classname="testmeter.generalitat" name="TestNegatiu_Abril url i verificar capçalera_Fils:100;Rampup:65;Durada:20" time="0.027">
        <failure message="Not Found">Test failed: text expected to contain /Model de Qualitat de Solucions/</failure>
    </testcase>
    <testcase classname="testmeter.generalitat" name="Abril url i verificar capçalera_Fils:100;Rampup:65;Durada:20" time="0.023"/>
    <testcase classname="testmeter.generalitat" name="TestNegatiu_Abril url i verificar capçalera_Fils:100;Rampup:65;Durada:20" time="0.027">
        <failure message="Not Found">Test failed: text expected to contain /Model de Qualitat de Solucions/</failure>
    </testcase>
    <testcase classname="testmeter.generalitat" name="Abril url i verificar capçalera_Fils:100;Rampup:65;Durada:20" time="0.026"/>
    <testcase classname="testmeter.generalitat" name="TestNegatiu_Abril url i verificar capçalera_Fils:100;Rampup:65;Durada:20" time="0.030">
        <failure message="Not Found">Test failed: text expected to contain /Model de Qualitat de Solucions/</failure>
    </testcase>
    <testcase classname="testmeter.generalitat" name="Abril url i verificar capçalera_Fils:100;Rampup:65;Durada:20" time="0.030"/>
    <testcase classname="testmeter.generalitat" name="Abril url i verificar capçalera_Fils:100;Rampup:65;Durada:20" time="0.033"/>
    <testcase classname="testmeter.generalitat" name="TestNegatiu_Abril url i verificar capçalera_Fils:100;Rampup:65;Durada:20" time="0.022">
        <failure message="Not Found">Test failed: text expected to contain /Model de Qualitat de Solucions/</failure>
    </testcase>
    <testcase classname="testmeter.generalitat" name="Abril url i verificar capçalera_Fils:100;Rampup:65;Durada:20" time="0.032"/>
    <testcase classname="testmeter.generalitat" name="Abril url i verificar capçalera_Fils:100;Rampup:65;Durada:20" time="0.035"/>
    <testcase classname="testmeter.generalitat" name="Abril url i verificar capçalera_Fils:100;Rampup:65;Durada:20" time="0.035"/>
    <testcase classname="testmeter.generalitat" name="TestNegatiu_Abril url i verificar capçalera_Fils:100;Rampup:65;Durada:20" time="0.024">
        <failure message="Not Found">Test failed: text expected to contain /Model de Qualitat de Solucions/</failure>
    </testcase>
    <testcase classname="testmeter.generalitat" name="TestNegatiu_Abril url i verificar capçalera_Fils:100;Rampup:65;Durada:20" time="0.027">
        <failure message="Not Found">Test failed: text expected to contain /Model de Qualitat de Solucions/</failure>
    </testcase>
    <testcase classname="testmeter.generalitat" name="TestNegatiu_Abril url i verificar capçalera_Fils:100;Rampup:65;Durada:20" time="0.027">
        <failure message="Not Found">Test failed: text expected to contain /Model de Qualitat de Solucions/</failure>
    </testcase>
    <testcase classname="testmeter.generalitat" name="TestNegatiu_Abril url i verificar capçalera_Fils:100;Rampup:65;Durada:20" time="0.023">
        <failure message="Not Found">Test failed: text expected to contain /Model de Qualitat de Solucions/</failure>
    </testcase>
    <testcase classname="testmeter.generalitat" name="Abril url i verificar capçalera_Fils:100;Rampup:65;Durada:20" time="0.060"/>
    <testcase classname="testmeter.generalitat" name="Abril url i verificar capçalera_Fils:100;Rampup:65;Durada:20" time="0.052"/>
    <testcase classname="testmeter.generalitat" name="Abril url i verificar capçalera_Fils:100;Rampup:65;Durada:20" time="0.027"/>
    <testcase classname="testmeter.generalitat" name="Abril url i verificar capçalera_Fils:100;Rampup:65;Durada:20" time="0.031"/>
    <testcase classname="testmeter.generalitat" name="TestNegatiu_Abril url i verificar capçalera_Fils:100;Rampup:65;Durada:20" time="0.024">
        <failure message="Not Found">Test failed: text expected to contain /Model de Qualitat de Solucions/</failure>
    </testcase>
    <testcase classname="testmeter.generalitat" name="TestNegatiu_Abril url i verificar capçalera_Fils:100;Rampup:65;Durada:20" time="0.029">
        <failure message="Not Found">Test failed: text expected to contain /Model de Qualitat de Solucions/</failure>
    </testcase>
    <testcase classname="testmeter.generalitat" name="Abril url i verificar capçalera_Fils:100;Rampup:65;Durada:20" time="0.029"/>
    <testcase classname="testmeter.generalitat" name="TestNegatiu_Abril url i verificar capçalera_Fils:100;Rampup:65;Durada:20" time="0.025">
        <failure message="Not Found">Test failed: text expected to contain /Model de Qualitat de Solucions/</failure>
    </testcase>
    <testcase classname="testmeter.generalitat" name="TestNegatiu_Abril url i verificar capçalera_Fils:100;Rampup:65;Durada:20" time="0.029">
        <failure message="Not Found">Test failed: text expected to contain /Model de Qualitat de Solucions/</failure>
    </testcase>
    <testcase classname="testmeter.generalitat" name="Abril url i verificar capçalera_Fils:100;Rampup:65;Durada:20" time="0.030"/>
    <testcase classname="testmeter.generalitat" name="Abril url i verificar capçalera_Fils:100;Rampup:65;Durada:20" time="0.027"/>
    <testcase classname="testmeter.generalitat" name="Abril url i verificar capçalera_Fils:100;Rampup:65;Durada:20" time="0.046"/>
    <testcase classname="testmeter.generalitat" name="Abril url i verificar capçalera_Fils:100;Rampup:65;Durada:20" time="0.055"/>
    <testcase classname="testmeter.generalitat" name="Abril url i verificar capçalera_Fils:100;Rampup:65;Durada:20" time="0.030"/>
    <testcase classname="testmeter.generalitat" name="Abril url i verificar capçalera_Fils:100;Rampup:65;Durada:20" time="0.054"/>
    <testcase classname="testmeter.generalitat" name="Abril url i verificar capçalera_Fils:100;Rampup:65;Durada:20" time="0.027"/>
    <testcase classname="testmeter.generalitat" name="TestNegatiu_Abril url i verificar capçalera_Fils:100;Rampup:65;Durada:20" time="0.028">
        <failure message="Not Found">Test failed: text expected to contain /Model de Qualitat de Solucions/</failure>
    </testcase>
    <testcase classname="testmeter.generalitat" name="TestNegatiu_Abril url i verificar capçalera_Fils:100;Rampup:65;Durada:20" time="0.027">
        <failure message="Not Found">Test failed: text expected to contain /Model de Qualitat de Solucions/</failure>
    </testcase>
    <testcase classname="testmeter.generalitat" name="TestNegatiu_Abril url i verificar capçalera_Fils:100;Rampup:65;Durada:20" time="0.029">
        <failure message="Not Found">Test failed: text expected to contain /Model de Qualitat de Solucions/</failure>
    </testcase>
    <testcase classname="testmeter.generalitat" name="TestNegatiu_Abril url i verificar capçalera_Fils:100;Rampup:65;Durada:20" time="0.028">
        <failure message="Not Found">Test failed: text expected to contain /Model de Qualitat de Solucions/</failure>
    </testcase>
    <testcase classname="testmeter.generalitat" name="TestNegatiu_Abril url i verificar capçalera_Fils:100;Rampup:65;Durada:20" time="0.026">
        <failure message="Not Found">Test failed: text expected to contain /Model de Qualitat de Solucions/</failure>
    </testcase>
    <testcase classname="testmeter.generalitat" name="Abril url i verificar capçalera_Fils:100;Rampup:65;Durada:20" time="0.027"/>
    <testcase classname="testmeter.generalitat" name="TestNegatiu_Abril url i verificar capçalera_Fils:100;Rampup:65;Durada:20" time="0.026">
        <failure message="Not Found">Test failed: text expected to contain /Model de Qualitat de Solucions/</failure>
    </testcase>
    <testcase classname="testmeter.generalitat" name="Abril url i verificar capçalera_Fils:100;Rampup:65;Durada:20" time="0.051"/>
    <testcase classname="testmeter.generalitat" name="Abril url i verificar capçalera_Fils:100;Rampup:65;Durada:20" time="0.031"/>
    <testcase classname="testmeter.generalitat" name="TestNegatiu_Abril url i verificar capçalera_Fils:100;Rampup:65;Durada:20" time="0.028">
        <failure message="Not Found">Test failed: text expected to contain /Model de Qualitat de Solucions/</failure>
    </testcase>
    <testcase classname="testmeter.generalitat" name="Abril url i verificar capçalera_Fils:100;Rampup:65;Durada:20" time="0.043"/>
    <testcase classname="testmeter.generalitat" name="TestNegatiu_Abril url i verificar capçalera_Fils:100;Rampup:65;Durada:20" time="0.039">
        <failure message="Not Found">Test failed: text expected to contain /Model de Qualitat de Solucions/</failure>
    </testcase>
    <testcase classname="testmeter.generalitat" name="TestNegatiu_Abril url i verificar capçalera_Fils:100;Rampup:65;Durada:20" time="0.025">
        <failure message="Not Found">Test failed: text expected to contain /Model de Qualitat de Solucions/</failure>
    </testcase>
    <testcase classname="testmeter.generalitat" name="TestNegatiu_Abril url i verificar capçalera_Fils:100;Rampup:65;Durada:20" time="0.024">
        <failure message="Not Found">Test failed: text expected to contain /Model de Qualitat de Solucions/</failure>
    </testcase>
    <testcase classname="testmeter.generalitat" name="Abril url i verificar capçalera_Fils:100;Rampup:65;Durada:20" time="0.154"/>
    <testcase classname="testmeter.generalitat" name="Abril url i verificar capçalera_Fils:100;Rampup:65;Durada:20" time="0.027"/>
    <testcase classname="testmeter.generalitat" name="TestNegatiu_Abril url i verificar capçalera_Fils:100;Rampup:65;Durada:20" time="0.027">
        <failure message="Not Found">Test failed: text expected to contain /Model de Qualitat de Solucions/</failure>
    </testcase>
    <testcase classname="testmeter.generalitat" name="TestNegatiu_Abril url i verificar capçalera_Fils:100;Rampup:65;Durada:20" time="0.102">
        <failure message="Not Found">Test failed: text expected to contain /Model de Qualitat de Solucions/</failure>
    </testcase>
    <testcase classname="testmeter.generalitat" name="Abril url i verificar capçalera_Fils:100;Rampup:65;Durada:20" time="0.028"/>
    <testcase classname="testmeter.generalitat" name="TestNegatiu_Abril url i verificar capçalera_Fils:100;Rampup:65;Durada:20" time="0.028">
        <failure message="Not Found">Test failed: text expected to contain /Model de Qualitat de Solucions/</failure>
    </testcase>
    <testcase classname="testmeter.generalitat" name="TestNegatiu_Abril url i verificar capçalera_Fils:100;Rampup:65;Durada:20" time="0.028">
        <failure message="Not Found">Test failed: text expected to contain /Model de Qualitat de Solucions/</failure>
    </testcase>
    <testcase classname="testmeter.generalitat" name="TestNegatiu_Abril url i verificar capçalera_Fils:100;Rampup:65;Durada:20" time="0.029">
        <failure message="Not Found">Test failed: text expected to contain /Model de Qualitat de Solucions/</failure>
    </testcase>
    <testcase classname="testmeter.generalitat" name="Abril url i verificar capçalera_Fils:100;Rampup:65;Durada:20" time="0.047"/>
    <testcase classname="testmeter.generalitat" name="TestNegatiu_Abril url i verificar capçalera_Fils:100;Rampup:65;Durada:20" time="0.029">
        <failure message="Not Found">Test failed: text expected to contain /Model de Qualitat de Solucions/</failure>
    </testcase>
    <testcase classname="testmeter.generalitat" name="Abril url i verificar capçalera_Fils:100;Rampup:65;Durada:20" time="0.029"/>
    <testcase classname="testmeter.generalitat" name="Abril url i verificar capçalera_Fils:100;Rampup:65;Durada:20" time="0.049"/>
    <testcase classname="testmeter.generalitat" name="Abril url i verificar capçalera_Fils:100;Rampup:65;Durada:20" time="0.029"/>
    <testcase classname="testmeter.generalitat" name="Abril url i verificar capçalera_Fils:100;Rampup:65;Durada:20" time="0.028"/>
    <testcase classname="testmeter.generalitat" name="TestNegatiu_Abril url i verificar capçalera_Fils:100;Rampup:65;Durada:20" time="0.024">
        <failure message="Not Found">Test failed: text expected to contain /Model de Qualitat de Solucions/</failure>
    </testcase>
    <testcase classname="testmeter.generalitat" name="Abril url i verificar capçalera_Fils:100;Rampup:65;Durada:20" time="0.024"/>
    <testcase classname="testmeter.generalitat" name="Abril url i verificar capçalera_Fils:100;Rampup:65;Durada:20" time="0.034"/>
    <testcase classname="testmeter.generalitat" name="Abril url i verificar capçalera_Fils:100;Rampup:65;Durada:20" time="0.026"/>
    <testcase classname="testmeter.generalitat" name="TestNegatiu_Abril url i verificar capçalera_Fils:100;Rampup:65;Durada:20" time="0.026">
        <failure message="Not Found">Test failed: text expected to contain /Model de Qualitat de Solucions/</failure>
    </testcase>
    <testcase classname="testmeter.generalitat" name="TestNegatiu_Abril url i verificar capçalera_Fils:100;Rampup:65;Durada:20" time="0.026">
        <failure message="Not Found">Test failed: text expected to contain /Model de Qualitat de Solucions/</failure>
    </testcase>
    <testcase classname="testmeter.generalitat" name="TestNegatiu_Abril url i verificar capçalera_Fils:100;Rampup:65;Durada:20" time="0.025">
        <failure message="Not Found">Test failed: text expected to contain /Model de Qualitat de Solucions/</failure>
    </testcase>
    <testcase classname="testmeter.generalitat" name="Abril url i verificar capçalera_Fils:100;Rampup:65;Durada:20" time="0.026"/>
    <testcase classname="testmeter.generalitat" name="TestNegatiu_Abril url i verificar capçalera_Fils:100;Rampup:65;Durada:20" time="0.025">
        <failure message="Not Found">Test failed: text expected to contain /Model de Qualitat de Solucions/</failure>
    </testcase>
    <testcase classname="testmeter.generalitat" name="TestNegatiu_Abril url i verificar capçalera_Fils:100;Rampup:65;Durada:20" time="0.026">
        <failure message="Not Found">Test failed: text expected to contain /Model de Qualitat de Solucions/</failure>
    </testcase>
    <testcase classname="testmeter.generalitat" name="Abril url i verificar capçalera_Fils:100;Rampup:65;Durada:20" time="0.050"/>
    <testcase classname="testmeter.generalitat" name="TestNegatiu_Abril url i verificar capçalera_Fils:100;Rampup:65;Durada:20" time="0.024">
        <failure message="Not Found">Test failed: text expected to contain /Model de Qualitat de Solucions/</failure>
    </testcase>
    <testcase classname="testmeter.generalitat" name="Abril url i verificar capçalera_Fils:100;Rampup:65;Durada:20" time="0.134"/>
    <testcase classname="testmeter.generalitat" name="TestNegatiu_Abril url i verificar capçalera_Fils:100;Rampup:65;Durada:20" time="0.028">
        <failure message="Not Found">Test failed: text expected to contain /Model de Qualitat de Solucions/</failure>
    </testcase>
    <testcase classname="testmeter.generalitat" name="TestNegatiu_Abril url i verificar capçalera_Fils:100;Rampup:65;Durada:20" time="0.028">
        <failure message="Not Found">Test failed: text expected to contain /Model de Qualitat de Solucions/</failure>
    </testcase>
    <testcase classname="testmeter.generalitat" name="TestNegatiu_Abril url i verificar capçalera_Fils:100;Rampup:65;Durada:20" time="0.026">
        <failure message="Not Found">Test failed: text expected to contain /Model de Qualitat de Solucions/</failure>
    </testcase>
    <testcase classname="testmeter.generalitat" name="TestNegatiu_Abril url i verificar capçalera_Fils:100;Rampup:65;Durada:20" time="0.026">
        <failure message="Not Found">Test failed: text expected to contain /Model de Qualitat de Solucions/</failure>
    </testcase>
    <testcase classname="testmeter.generalitat" name="TestNegatiu_Abril url i verificar capçalera_Fils:100;Rampup:65;Durada:20" time="0.032">
        <failure message="Not Found">Test failed: text expected to contain /Model de Qualitat de Solucions/</failure>
    </testcase>
    <testcase classname="testmeter.generalitat" name="TestNegatiu_Abril url i verificar capçalera_Fils:100;Rampup:65;Durada:20" time="0.022">
        <failure message="Not Found">Test failed: text expected to contain /Model de Qualitat de Solucions/</failure>
    </testcase>
    <testcase classname="testmeter.generalitat" name="Abril url i verificar capçalera_Fils:100;Rampup:65;Durada:20" time="0.050"/>
    <testcase classname="testmeter.generalitat" name="Abril url i verificar capçalera_Fils:100;Rampup:65;Durada:20" time="0.030"/>
    <testcase classname="testmeter.generalitat" name="Abril url i verificar capçalera_Fils:100;Rampup:65;Durada:20" time="0.033"/>
    <testcase classname="testmeter.generalitat" name="Abril url i verificar capçalera_Fils:100;Rampup:65;Durada:20" time="0.033"/>
    <testcase classname="testmeter.generalitat" name="TestNegatiu_Abril url i verificar capçalera_Fils:100;Rampup:65;Durada:20" time="0.026">
        <failure message="Not Found">Test failed: text expected to contain /Model de Qualitat de Solucions/</failure>
    </testcase>
    <testcase classname="testmeter.generalitat" name="Abril url i verificar capçalera_Fils:100;Rampup:65;Durada:20" time="0.032"/>
    <testcase classname="testmeter.generalitat" name="Abril url i verificar capçalera_Fils:100;Rampup:65;Durada:20" time="0.040"/>
    <testcase classname="testmeter.generalitat" name="Abril url i verificar capçalera_Fils:100;Rampup:65;Durada:20" time="0.122"/>
    <testcase classname="testmeter.generalitat" name="Abril url i verificar capçalera_Fils:100;Rampup:65;Durada:20" time="0.024"/>
    <testcase classname="testmeter.generalitat" name="Abril url i verificar capçalera_Fils:100;Rampup:65;Durada:20" time="0.159">
        <failure message="duration: 159; failureCount= 5">failureCount:5; maxErrors:5; threshold:150 ms; S'aconsegueix el nombre màxim d'errors en el qual se supera el temps màxim permès</failure>
    </testcase>
    <testcase classname="testmeter.generalitat" name="Abril url i verificar capçalera_Fils:100;Rampup:65;Durada:20" time="0.026"/>
    <testcase classname="testmeter.generalitat" name="TestNegatiu_Abril url i verificar capçalera_Fils:100;Rampup:65;Durada:20" time="0.034">
        <failure message="Not Found">Test failed: text expected to contain /Model de Qualitat de Solucions/</failure>
    </testcase>
    <testcase classname="testmeter.generalitat" name="TestNegatiu_Abril url i verificar capçalera_Fils:100;Rampup:65;Durada:20" time="0.027">
        <failure message="Not Found">Test failed: text expected to contain /Model de Qualitat de Solucions/</failure>
    </testcase>
    <testcase classname="testmeter.generalitat" name="Abril url i verificar capçalera_Fils:100;Rampup:65;Durada:20" time="0.024"/>
    <testcase classname="testmeter.generalitat" name="Abril url i verificar capçalera_Fils:100;Rampup:65;Durada:20" time="0.025"/>
    <testcase classname="testmeter.generalitat" name="Abril url i verificar capçalera_Fils:100;Rampup:65;Durada:20" time="0.060"/>
    <testcase classname="testmeter.generalitat" name="Abril url i verificar capçalera_Fils:100;Rampup:65;Durada:20" time="0.057"/>
    <testcase classname="testmeter.generalitat" name="TestNegatiu_Abril url i verificar capçalera_Fils:100;Rampup:65;Durada:20" time="0.037">
        <failure message="Not Found">Test failed: text expected to contain /Model de Qualitat de Solucions/</failure>
    </testcase>
    <testcase classname="testmeter.generalitat" name="Abril url i verificar capçalera_Fils:100;Rampup:65;Durada:20" time="0.057"/>
    <testcase classname="testmeter.generalitat" name="TestNegatiu_Abril url i verificar capçalera_Fils:100;Rampup:65;Durada:20" time="0.024">
        <failure message="Not Found">Test failed: text expected to contain /Model de Qualitat de Solucions/</failure>
    </testcase>
    <testcase classname="testmeter.generalitat" name="TestNegatiu_Abril url i verificar capçalera_Fils:100;Rampup:65;Durada:20" time="0.025">
        <failure message="Not Found">Test failed: text expected to contain /Model de Qualitat de Solucions/</failure>
    </testcase>
    <testcase classname="testmeter.generalitat" name="TestNegatiu_Abril url i verificar capçalera_Fils:100;Rampup:65;Durada:20" time="0.025">
        <failure message="Not Found">Test failed: text expected to contain /Model de Qualitat de Solucions/</failure>
    </testcase>
    <testcase classname="testmeter.generalitat" name="TestNegatiu_Abril url i verificar capçalera_Fils:100;Rampup:65;Durada:20" time="0.025">
        <failure message="Not Found">Test failed: text expected to contain /Model de Qualitat de Solucions/</failure>
    </testcase>
    <testcase classname="testmeter.generalitat" name="TestNegatiu_Abril url i verificar capçalera_Fils:100;Rampup:65;Durada:20" time="0.027">
        <failure message="Not Found">Test failed: text expected to contain /Model de Qualitat de Solucions/</failure>
    </testcase>
    <testcase classname="testmeter.generalitat" name="Abril url i verificar capçalera_Fils:100;Rampup:65;Durada:20" time="0.044"/>
    <testcase classname="testmeter.generalitat" name="TestNegatiu_Abril url i verificar capçalera_Fils:100;Rampup:65;Durada:20" time="0.026">
        <failure message="Not Found">Test failed: text expected to contain /Model de Qualitat de Solucions/</failure>
    </testcase>
    <testcase classname="testmeter.generalitat" name="Abril url i verificar capçalera_Fils:100;Rampup:65;Durada:20" time="0.026"/>
    <testcase classname="testmeter.generalitat" name="TestNegatiu_Abril url i verificar capçalera_Fils:100;Rampup:65;Durada:20" time="0.031">
        <failure message="Not Found">Test failed: text expected to contain /Model de Qualitat de Solucions/</failure>
    </testcase>
    <testcase classname="testmeter.generalitat" name="TestNegatiu_Abril url i verificar capçalera_Fils:100;Rampup:65;Durada:20" time="0.023">
        <failure message="Not Found">Test failed: text expected to contain /Model de Qualitat de Solucions/</failure>
    </testcase>
    <testcase classname="testmeter.generalitat" name="TestNegatiu_Abril url i verificar capçalera_Fils:100;Rampup:65;Durada:20" time="0.031">
        <failure message="Not Found">Test failed: text expected to contain /Model de Qualitat de Solucions/</failure>
    </testcase>
    <testcase classname="testmeter.generalitat" name="TestNegatiu_Abril url i verificar capçalera_Fils:100;Rampup:65;Durada:20" time="0.032">
        <failure message="Not Found">Test failed: text expected to contain /Model de Qualitat de Solucions/</failure>
    </testcase>
    <testcase classname="testmeter.generalitat" name="TestNegatiu_Abril url i verificar capçalera_Fils:100;Rampup:65;Durada:20" time="0.023">
        <failure message="Not Found">Test failed: text expected to contain /Model de Qualitat de Solucions/</failure>
    </testcase>
    <testcase classname="testmeter.generalitat" name="Abril url i verificar capçalera_Fils:100;Rampup:65;Durada:20" time="0.035"/>
    <testcase classname="testmeter.generalitat" name="Abril url i verificar capçalera_Fils:100;Rampup:65;Durada:20" time="0.030"/>
    <testcase classname="testmeter.generalitat" name="TestNegatiu_Abril url i verificar capçalera_Fils:100;Rampup:65;Durada:20" time="0.050">
        <failure message="Not Found">Test failed: text expected to contain /Model de Qualitat de Solucions/</failure>
    </testcase>
    <testcase classname="testmeter.generalitat" name="Abril url i verificar capçalera_Fils:100;Rampup:65;Durada:20" time="0.051"/>
    <testcase classname="testmeter.generalitat" name="Abril url i verificar capçalera_Fils:100;Rampup:65;Durada:20" time="0.031"/>
    <testcase classname="testmeter.generalitat" name="Abril url i verificar capçalera_Fils:100;Rampup:65;Durada:20" time="0.026"/>
    <testcase classname="testmeter.generalitat" name="Abril url i verificar capçalera_Fils:100;Rampup:65;Durada:20" time="0.027"/>
    <testcase classname="testmeter.generalitat" name="Abril url i verificar capçalera_Fils:100;Rampup:65;Durada:20" time="0.047"/>
    <testcase classname="testmeter.generalitat" name="TestNegatiu_Abril url i verificar capçalera_Fils:100;Rampup:65;Durada:20" time="0.021">
        <failure message="Not Found">Test failed: text expected to contain /Model de Qualitat de Solucions/</failure>
    </testcase>
    <testcase classname="testmeter.generalitat" name="Abril url i verificar capçalera_Fils:100;Rampup:65;Durada:20" time="0.036"/>
    <testcase classname="testmeter.generalitat" name="TestNegatiu_Abril url i verificar capçalera_Fils:100;Rampup:65;Durada:20" time="0.026">
        <failure message="Not Found">Test failed: text expected to contain /Model de Qualitat de Solucions/</failure>
    </testcase>
    <testcase classname="testmeter.generalitat" name="TestNegatiu_Abril url i verificar capçalera_Fils:100;Rampup:65;Durada:20" time="0.026">
        <failure message="Not Found">Test failed: text expected to contain /Model de Qualitat de Solucions/</failure>
    </testcase>
    <testcase classname="testmeter.generalitat" name="Abril url i verificar capçalera_Fils:100;Rampup:65;Durada:20" time="0.053"/>
    <testcase classname="testmeter.generalitat" name="Abril url i verificar capçalera_Fils:100;Rampup:65;Durada:20" time="0.056"/>
    <testcase classname="testmeter.generalitat" name="Abril url i verificar capçalera_Fils:100;Rampup:65;Durada:20" time="0.026"/>
    <testcase classname="testmeter.generalitat" name="TestNegatiu_Abril url i verificar capçalera_Fils:100;Rampup:65;Durada:20" time="0.025">
        <failure message="Not Found">Test failed: text expected to contain /Model de Qualitat de Solucions/</failure>
    </testcase>
    <testcase classname="testmeter.generalitat" name="Abril url i verificar capçalera_Fils:100;Rampup:65;Durada:20" time="0.026"/>
    <testcase classname="testmeter.generalitat" name="TestNegatiu_Abril url i verificar capçalera_Fils:100;Rampup:65;Durada:20" time="0.027">
        <failure message="Not Found">Test failed: text expected to contain /Model de Qualitat de Solucions/</failure>
    </testcase>
    <testcase classname="testmeter.generalitat" name="Abril url i verificar capçalera_Fils:100;Rampup:65;Durada:20" time="0.029"/>
    <testcase classname="testmeter.generalitat" name="TestNegatiu_Abril url i verificar capçalera_Fils:100;Rampup:65;Durada:20" time="0.026">
        <failure message="Not Found">Test failed: text expected to contain /Model de Qualitat de Solucions/</failure>
    </testcase>
    <testcase classname="testmeter.generalitat" name="TestNegatiu_Abril url i verificar capçalera_Fils:100;Rampup:65;Durada:20" time="0.026">
        <failure message="Not Found">Test failed: text expected to contain /Model de Qualitat de Solucions/</failure>
    </testcase>
    <testcase classname="testmeter.generalitat" name="Abril url i verificar capçalera_Fils:100;Rampup:65;Durada:20" time="0.028"/>
    <testcase classname="testmeter.generalitat" name="Abril url i verificar capçalera_Fils:100;Rampup:65;Durada:20" time="0.027"/>
    <testcase classname="testmeter.generalitat" name="Abril url i verificar capçalera_Fils:100;Rampup:65;Durada:20" time="0.030"/>
    <testcase classname="testmeter.generalitat" name="Abril url i verificar capçalera_Fils:100;Rampup:65;Durada:20" time="0.025"/>
    <testcase classname="testmeter.generalitat" name="Abril url i verificar capçalera_Fils:100;Rampup:65;Durada:20" time="0.028"/>
    <testcase classname="testmeter.generalitat" name="TestNegatiu_Abril url i verificar capçalera_Fils:100;Rampup:65;Durada:20" time="0.030">
        <failure message="Not Found">Test failed: text expected to contain /Model de Qualitat de Solucions/</failure>
    </testcase>
    <testcase classname="testmeter.generalitat" name="TestNegatiu_Abril url i verificar capçalera_Fils:100;Rampup:65;Durada:20" time="0.030">
        <failure message="Not Found">Test failed: text expected to contain /Model de Qualitat de Solucions/</failure>
    </testcase>
    <testcase classname="testmeter.generalitat" name="TestNegatiu_Abril url i verificar capçalera_Fils:100;Rampup:65;Durada:20" time="0.031">
        <failure message="Not Found">Test failed: text expected to contain /Model de Qualitat de Solucions/</failure>
    </testcase>
    <testcase classname="testmeter.generalitat" name="TestNegatiu_Abril url i verificar capçalera_Fils:100;Rampup:65;Durada:20" time="0.031">
        <failure message="Not Found">Test failed: text expected to contain /Model de Qualitat de Solucions/</failure>
    </testcase>
    <testcase classname="testmeter.generalitat" name="Abril url i verificar capçalera_Fils:100;Rampup:65;Durada:20" time="0.042"/>
    <testcase classname="testmeter.generalitat" name="TestNegatiu_Abril url i verificar capçalera_Fils:100;Rampup:65;Durada:20" time="0.028">
        <failure message="Not Found">Test failed: text expected to contain /Model de Qualitat de Solucions/</failure>
    </testcase>
    <testcase classname="testmeter.generalitat" name="Abril url i verificar capçalera_Fils:100;Rampup:65;Durada:20" time="0.041"/>
    <testcase classname="testmeter.generalitat" name="TestNegatiu_Abril url i verificar capçalera_Fils:100;Rampup:65;Durada:20" time="0.025">
        <failure message="Not Found">Test failed: text expected to contain /Model de Qualitat de Solucions/</failure>
    </testcase>
    <testcase classname="testmeter.generalitat" name="TestNegatiu_Abril url i verificar capçalera_Fils:100;Rampup:65;Durada:20" time="0.025">
        <failure message="Not Found">Test failed: text expected to contain /Model de Qualitat de Solucions/</failure>
    </testcase>
    <testcase classname="testmeter.generalitat" name="Abril url i verificar capçalera_Fils:100;Rampup:65;Durada:20" time="0.054"/>
    <testcase classname="testmeter.generalitat" name="TestNegatiu_Abril url i verificar capçalera_Fils:100;Rampup:65;Durada:20" time="0.023">
        <failure message="Not Found">Test failed: text expected to contain /Model de Qualitat de Solucions/</failure>
    </testcase>
    <testcase classname="testmeter.generalitat" name="TestNegatiu_Abril url i verificar capçalera_Fils:100;Rampup:65;Durada:20" time="0.077">
        <failure message="Not Found">Test failed: text expected to contain /Model de Qualitat de Solucions/</failure>
    </testcase>
    <testcase classname="testmeter.generalitat" name="TestNegatiu_Abril url i verificar capçalera_Fils:100;Rampup:65;Durada:20" time="0.024">
        <failure message="Not Found">Test failed: text expected to contain /Model de Qualitat de Solucions/</failure>
    </testcase>
    <testcase classname="testmeter.generalitat" name="Abril url i verificar capçalera_Fils:100;Rampup:65;Durada:20" time="0.024"/>
    <testcase classname="testmeter.generalitat" name="Abril url i verificar capçalera_Fils:100;Rampup:65;Durada:20" time="0.051"/>
    <testcase classname="testmeter.generalitat" name="TestNegatiu_Abril url i verificar capçalera_Fils:100;Rampup:65;Durada:20" time="0.027">
        <failure message="Not Found">Test failed: text expected to contain /Model de Qualitat de Solucions/</failure>
    </testcase>
    <testcase classname="testmeter.generalitat" name="TestNegatiu_Abril url i verificar capçalera_Fils:100;Rampup:65;Durada:20" time="0.026">
        <failure message="Not Found">Test failed: text expected to contain /Model de Qualitat de Solucions/</failure>
    </testcase>
    <testcase classname="testmeter.generalitat" name="Abril url i verificar capçalera_Fils:100;Rampup:65;Durada:20" time="0.026"/>
    <testcase classname="testmeter.generalitat" name="TestNegatiu_Abril url i verificar capçalera_Fils:100;Rampup:65;Durada:20" time="0.027">
        <failure message="Not Found">Test failed: text expected to contain /Model de Qualitat de Solucions/</failure>
    </testcase>
    <testcase classname="testmeter.generalitat" name="TestNegatiu_Abril url i verificar capçalera_Fils:100;Rampup:65;Durada:20" time="0.026">
        <failure message="Not Found">Test failed: text expected to contain /Model de Qualitat de Solucions/</failure>
    </testcase>
    <testcase classname="testmeter.generalitat" name="TestNegatiu_Abril url i verificar capçalera_Fils:100;Rampup:65;Durada:20" time="0.025">
        <failure message="Not Found">Test failed: text expected to contain /Model de Qualitat de Solucions/</failure>
    </testcase>
    <testcase classname="testmeter.generalitat" name="Abril url i verificar capçalera_Fils:100;Rampup:65;Durada:20" time="0.027"/>
    <testcase classname="testmeter.generalitat" name="TestNegatiu_Abril url i verificar capçalera_Fils:100;Rampup:65;Durada:20" time="0.041">
        <failure message="Not Found">Test failed: text expected to contain /Model de Qualitat de Solucions/</failure>
    </testcase>
    <testcase classname="testmeter.generalitat" name="TestNegatiu_Abril url i verificar capçalera_Fils:100;Rampup:65;Durada:20" time="0.034">
        <failure message="Not Found">Test failed: text expected to contain /Model de Qualitat de Solucions/</failure>
    </testcase>
    <testcase classname="testmeter.generalitat" name="TestNegatiu_Abril url i verificar capçalera_Fils:100;Rampup:65;Durada:20" time="0.035">
        <failure message="Not Found">Test failed: text expected to contain /Model de Qualitat de Solucions/</failure>
    </testcase>
    <testcase classname="testmeter.generalitat" name="TestNegatiu_Abril url i verificar capçalera_Fils:100;Rampup:65;Durada:20" time="0.036">
        <failure message="Not Found">Test failed: text expected to contain /Model de Qualitat de Solucions/</failure>
    </testcase>
    <testcase classname="testmeter.generalitat" name="Abril url i verificar capçalera_Fils:100;Rampup:65;Durada:20" time="0.059"/>
    <testcase classname="testmeter.generalitat" name="TestNegatiu_Abril url i verificar capçalera_Fils:100;Rampup:65;Durada:20" time="0.030">
        <failure message="Not Found">Test failed: text expected to contain /Model de Qualitat de Solucions/</failure>
    </testcase>
    <testcase classname="testmeter.generalitat" name="TestNegatiu_Abril url i verificar capçalera_Fils:100;Rampup:65;Durada:20" time="0.028">
        <failure message="Not Found">Test failed: text expected to contain /Model de Qualitat de Solucions/</failure>
    </testcase>
    <testcase classname="testmeter.generalitat" name="Abril url i verificar capçalera_Fils:100;Rampup:65;Durada:20" time="0.059"/>
    <testcase classname="testmeter.generalitat" name="Abril url i verificar capçalera_Fils:100;Rampup:65;Durada:20" time="0.070"/>
    <testcase classname="testmeter.generalitat" name="Abril url i verificar capçalera_Fils:100;Rampup:65;Durada:20" time="0.076"/>
    <testcase classname="testmeter.generalitat" name="Abril url i verificar capçalera_Fils:100;Rampup:65;Durada:20" time="0.032"/>
    <testcase classname="testmeter.generalitat" name="Abril url i verificar capçalera_Fils:100;Rampup:65;Durada:20" time="0.051"/>
    <testcase classname="testmeter.generalitat" name="Abril url i verificar capçalera_Fils:100;Rampup:65;Durada:20" time="0.037"/>
    <testcase classname="testmeter.generalitat" name="Abril url i verificar capçalera_Fils:100;Rampup:65;Durada:20" time="0.031"/>
    <testcase classname="testmeter.generalitat" name="Abril url i verificar capçalera_Fils:100;Rampup:65;Durada:20" time="0.041"/>
    <testcase classname="testmeter.generalitat" name="Abril url i verificar capçalera_Fils:100;Rampup:65;Durada:20" time="0.031"/>
    <testcase classname="testmeter.generalitat" name="Abril url i verificar capçalera_Fils:100;Rampup:65;Durada:20" time="0.041"/>
    <testcase classname="testmeter.generalitat" name="Abril url i verificar capçalera_Fils:100;Rampup:65;Durada:20" time="0.154"/>
    <testcase classname="testmeter.generalitat" name="TestNegatiu_Abril url i verificar capçalera_Fils:100;Rampup:65;Durada:20" time="0.095">
        <failure message="Not Found">Test failed: text expected to contain /Model de Qualitat de Solucions/</failure>
    </testcase>
    <testcase classname="testmeter.generalitat" name="Abril url i verificar capçalera_Fils:100;Rampup:65;Durada:20" time="0.067"/>
    <testcase classname="testmeter.generalitat" name="TestNegatiu_Abril url i verificar capçalera_Fils:100;Rampup:65;Durada:20" time="0.026">
        <failure message="Not Found">Test failed: text expected to contain /Model de Qualitat de Solucions/</failure>
    </testcase>
    <testcase classname="testmeter.generalitat" name="TestNegatiu_Abril url i verificar capçalera_Fils:100;Rampup:65;Durada:20" time="0.057">
        <failure message="Not Found">Test failed: text expected to contain /Model de Qualitat de Solucions/</failure>
    </testcase>
    <testcase classname="testmeter.generalitat" name="Abril url i verificar capçalera_Fils:100;Rampup:65;Durada:20" time="0.068"/>
    <testcase classname="testmeter.generalitat" name="TestNegatiu_Abril url i verificar capçalera_Fils:100;Rampup:65;Durada:20" time="0.021">
        <failure message="Not Found">Test failed: text expected to contain /Model de Qualitat de Solucions/</failure>
    </testcase>
    <testcase classname="testmeter.generalitat" name="TestNegatiu_Abril url i verificar capçalera_Fils:100;Rampup:65;Durada:20" time="0.025">
        <failure message="Not Found">Test failed: text expected to contain /Model de Qualitat de Solucions/</failure>
    </testcase>
    <testcase classname="testmeter.generalitat" name="Abril url i verificar capçalera_Fils:100;Rampup:65;Durada:20" time="0.048"/>
    <testcase classname="testmeter.generalitat" name="Abril url i verificar capçalera_Fils:100;Rampup:65;Durada:20" time="0.051"/>
    <testcase classname="testmeter.generalitat" name="TestNegatiu_Abril url i verificar capçalera_Fils:100;Rampup:65;Durada:20" time="0.027">
        <failure message="Not Found">Test failed: text expected to contain /Model de Qualitat de Solucions/</failure>
    </testcase>
    <testcase classname="testmeter.generalitat" name="TestNegatiu_Abril url i verificar capçalera_Fils:100;Rampup:65;Durada:20" time="0.027">
        <failure message="Not Found">Test failed: text expected to contain /Model de Qualitat de Solucions/</failure>
    </testcase>
    <testcase classname="testmeter.generalitat" name="TestNegatiu_Abril url i verificar capçalera_Fils:100;Rampup:65;Durada:20" time="0.027">
        <failure message="Not Found">Test failed: text expected to contain /Model de Qualitat de Solucions/</failure>
    </testcase>
    <testcase classname="testmeter.generalitat" name="Abril url i verificar capçalera_Fils:100;Rampup:65;Durada:20" time="0.049"/>
    <testcase classname="testmeter.generalitat" name="TestNegatiu_Abril url i verificar capçalera_Fils:100;Rampup:65;Durada:20" time="0.025">
        <failure message="Not Found">Test failed: text expected to contain /Model de Qualitat de Solucions/</failure>
    </testcase>
    <testcase classname="testmeter.generalitat" name="Abril url i verificar capçalera_Fils:100;Rampup:65;Durada:20" time="0.059"/>
    <testcase classname="testmeter.generalitat" name="Abril url i verificar capçalera_Fils:100;Rampup:65;Durada:20" time="0.038"/>
    <testcase classname="testmeter.generalitat" name="Abril url i verificar capçalera_Fils:100;Rampup:65;Durada:20" time="0.056"/>
    <testcase classname="testmeter.generalitat" name="Abril url i verificar capçalera_Fils:100;Rampup:65;Durada:20" time="0.031"/>
    <testcase classname="testmeter.generalitat" name="Abril url i verificar capçalera_Fils:100;Rampup:65;Durada:20" time="0.059"/>
    <testcase classname="testmeter.generalitat" name="Abril url i verificar capçalera_Fils:100;Rampup:65;Durada:20" time="0.048"/>
    <testcase classname="testmeter.generalitat" name="Abril url i verificar capçalera_Fils:100;Rampup:65;Durada:20" time="1.102"/>
    <testcase classname="testmeter.generalitat" name="TestNegatiu_Abril url i verificar capçalera_Fils:100;Rampup:65;Durada:20" time="0.034">
        <failure message="Not Found">Test failed: text expected to contain /Model de Qualitat de Solucions/</failure>
    </testcase>
    <testcase classname="testmeter.generalitat" name="TestNegatiu_Abril url i verificar capçalera_Fils:100;Rampup:65;Durada:20" time="0.037">
        <failure message="Not Found">Test failed: text expected to contain /Model de Qualitat de Solucions/</failure>
    </testcase>
    <testcase classname="testmeter.generalitat" name="Abril url i verificar capçalera_Fils:100;Rampup:65;Durada:20" time="0.054"/>
    <testcase classname="testmeter.generalitat" name="TestNegatiu_Abril url i verificar capçalera_Fils:100;Rampup:65;Durada:20" time="0.028">
        <failure message="Not Found">Test failed: text expected to contain /Model de Qualitat de Solucions/</failure>
    </testcase>
    <testcase classname="testmeter.generalitat" name="TestNegatiu_Abril url i verificar capçalera_Fils:100;Rampup:65;Durada:20" time="0.037">
        <failure message="Not Found">Test failed: text expected to contain /Model de Qualitat de Solucions/</failure>
    </testcase>
    <testcase classname="testmeter.generalitat" name="Abril url i verificar capçalera_Fils:100;Rampup:65;Durada:20" time="0.059"/>
    <testcase classname="testmeter.generalitat" name="Abril url i verificar capçalera_Fils:100;Rampup:65;Durada:20" time="0.026"/>
    <testcase classname="testmeter.generalitat" name="Abril url i verificar capçalera_Fils:100;Rampup:65;Durada:20" time="0.060"/>
    <testcase classname="testmeter.generalitat" name="TestNegatiu_Abril url i verificar capçalera_Fils:100;Rampup:65;Durada:20" time="0.029">
        <failure message="Not Found">Test failed: text expected to contain /Model de Qualitat de Solucions/</failure>
    </testcase>
    <testcase classname="testmeter.generalitat" name="TestNegatiu_Abril url i verificar capçalera_Fils:100;Rampup:65;Durada:20" time="0.027">
        <failure message="Not Found">Test failed: text expected to contain /Model de Qualitat de Solucions/</failure>
    </testcase>
    <testcase classname="testmeter.generalitat" name="TestNegatiu_Abril url i verificar capçalera_Fils:100;Rampup:65;Durada:20" time="0.031">
        <failure message="Not Found">Test failed: text expected to contain /Model de Qualitat de Solucions/</failure>
    </testcase>
    <testcase classname="testmeter.generalitat" name="TestNegatiu_Abril url i verificar capçalera_Fils:100;Rampup:65;Durada:20" time="0.034">
        <failure message="Not Found">Test failed: text expected to contain /Model de Qualitat de Solucions/</failure>
    </testcase>
    <testcase classname="testmeter.generalitat" name="TestNegatiu_Abril url i verificar capçalera_Fils:100;Rampup:65;Durada:20" time="0.029">
        <failure message="Not Found">Test failed: text expected to contain /Model de Qualitat de Solucions/</failure>
    </testcase>
    <testcase classname="testmeter.generalitat" name="Abril url i verificar capçalera_Fils:100;Rampup:65;Durada:20" time="0.031"/>
    <testcase classname="testmeter.generalitat" name="Abril url i verificar capçalera_Fils:100;Rampup:65;Durada:20" time="0.030"/>
    <testcase classname="testmeter.generalitat" name="TestNegatiu_Abril url i verificar capçalera_Fils:100;Rampup:65;Durada:20" time="0.032">
        <failure message="Not Found">Test failed: text expected to contain /Model de Qualitat de Solucions/</failure>
    </testcase>
    <testcase classname="testmeter.generalitat" name="TestNegatiu_Abril url i verificar capçalera_Fils:100;Rampup:65;Durada:20" time="0.029">
        <failure message="Not Found">Test failed: text expected to contain /Model de Qualitat de Solucions/</failure>
    </testcase>
    <testcase classname="testmeter.generalitat" name="TestNegatiu_Abril url i verificar capçalera_Fils:100;Rampup:65;Durada:20" time="0.032">
        <failure message="Not Found">Test failed: text expected to contain /Model de Qualitat de Solucions/</failure>
    </testcase>
    <testcase classname="testmeter.generalitat" name="Abril url i verificar capçalera_Fils:100;Rampup:65;Durada:20" time="0.026"/>
    <testcase classname="testmeter.generalitat" name="Abril url i verificar capçalera_Fils:100;Rampup:65;Durada:20" time="0.053"/>
    <testcase classname="testmeter.generalitat" name="Abril url i verificar capçalera_Fils:100;Rampup:65;Durada:20" time="0.043"/>
    <testcase classname="testmeter.generalitat" name="Abril url i verificar capçalera_Fils:100;Rampup:65;Durada:20" time="0.049"/>
    <testcase classname="testmeter.generalitat" name="TestNegatiu_Abril url i verificar capçalera_Fils:100;Rampup:65;Durada:20" time="0.025">
        <failure message="Not Found">Test failed: text expected to contain /Model de Qualitat de Solucions/</failure>
    </testcase>
    <testcase classname="testmeter.generalitat" name="Abril url i verificar capçalera_Fils:100;Rampup:65;Durada:20" time="0.027"/>
    <testcase classname="testmeter.generalitat" name="Abril url i verificar capçalera_Fils:100;Rampup:65;Durada:20" time="0.129"/>
    <testcase classname="testmeter.generalitat" name="Abril url i verificar capçalera_Fils:100;Rampup:65;Durada:20" time="0.029"/>
    <testcase classname="testmeter.generalitat" name="Abril url i verificar capçalera_Fils:100;Rampup:65;Durada:20" time="0.031"/>
    <testcase classname="testmeter.generalitat" name="Abril url i verificar capçalera_Fils:100;Rampup:65;Durada:20" time="0.050"/>
    <testcase classname="testmeter.generalitat" name="Abril url i verificar capçalera_Fils:100;Rampup:65;Durada:20" time="0.030"/>
    <testcase classname="testmeter.generalitat" name="TestNegatiu_Abril url i verificar capçalera_Fils:100;Rampup:65;Durada:20" time="0.102">
        <failure message="Not Found">Test failed: text expected to contain /Model de Qualitat de Solucions/</failure>
    </testcase>
    <testcase classname="testmeter.generalitat" name="Abril url i verificar capçalera_Fils:100;Rampup:65;Durada:20" time="0.048"/>
    <testcase classname="testmeter.generalitat" name="Abril url i verificar capçalera_Fils:100;Rampup:65;Durada:20" time="0.085"/>
    <testcase classname="testmeter.generalitat" name="TestNegatiu_Abril url i verificar capçalera_Fils:100;Rampup:65;Durada:20" time="0.088">
        <failure message="Not Found">Test failed: text expected to contain /Model de Qualitat de Solucions/</failure>
    </testcase>
    <testcase classname="testmeter.generalitat" name="Abril url i verificar capçalera_Fils:100;Rampup:65;Durada:20" time="0.125"/>
    <testcase classname="testmeter.generalitat" name="Abril url i verificar capçalera_Fils:100;Rampup:65;Durada:20" time="0.125"/>
    <testcase classname="testmeter.generalitat" name="Abril url i verificar capçalera_Fils:100;Rampup:65;Durada:20" time="0.119"/>
    <testcase classname="testmeter.generalitat" name="Abril url i verificar capçalera_Fils:100;Rampup:65;Durada:20" time="0.214"/>
    <testcase classname="testmeter.generalitat" name="Abril url i verificar capçalera_Fils:100;Rampup:65;Durada:20" time="0.197"/>
    <testcase classname="testmeter.generalitat" name="Abril url i verificar capçalera_Fils:100;Rampup:65;Durada:20" time="0.298"/>
    <testcase classname="testmeter.generalitat" name="Abril url i verificar capçalera_Fils:100;Rampup:65;Durada:20" time="0.136"/>
    <testcase classname="testmeter.generalitat" name="Abril url i verificar capçalera_Fils:100;Rampup:65;Durada:20" time="0.097"/>
    <testcase classname="testmeter.generalitat" name="Abril url i verificar capçalera_Fils:100;Rampup:65;Durada:20" time="0.113"/>
    <testcase classname="testmeter.generalitat" name="Abril url i verificar capçalera_Fils:100;Rampup:65;Durada:20" time="0.104"/>
    <testcase classname="testmeter.generalitat" name="Abril url i verificar capçalera_Fils:100;Rampup:65;Durada:20" time="0.119"/>
    <testcase classname="testmeter.generalitat" name="Abril url i verificar capçalera_Fils:100;Rampup:65;Durada:20" time="0.120"/>
    <testcase classname="testmeter.generalitat" name="Abril url i verificar capçalera_Fils:100;Rampup:65;Durada:20" time="0.111"/>
    <testcase classname="testmeter.generalitat" name="Abril url i verificar capçalera_Fils:100;Rampup:65;Durada:20" time="0.121"/>
    <testcase classname="testmeter.generalitat" name="Abril url i verificar capçalera_Fils:100;Rampup:65;Durada:20" time="0.112"/>
    <testcase classname="testmeter.generalitat" name="Abril url i verificar capçalera_Fils:100;Rampup:65;Durada:20" time="0.100"/>
    <testcase classname="testmeter.generalitat" name="Abril url i verificar capçalera_Fils:100;Rampup:65;Durada:20" time="0.148"/>
    <testcase classname="testmeter.generalitat" name="Abril url i verificar capçalera_Fils:100;Rampup:65;Durada:20" time="0.130"/>
    <testcase classname="testmeter.generalitat" name="Abril url i verificar capçalera_Fils:100;Rampup:65;Durada:20" time="0.109"/>
    <testcase classname="testmeter.generalitat" name="Abril url i verificar capçalera_Fils:100;Rampup:65;Durada:20" time="0.103"/>
    <testcase classname="testmeter.generalitat" name="Abril url i verificar capçalera_Fils:100;Rampup:65;Durada:20" time="0.121"/>
    <testcase classname="testmeter.generalitat" name="Abril url i verificar capçalera_Fils:100;Rampup:65;Durada:20" time="0.106"/>
    <testcase classname="testmeter.generalitat" name="Abril url i verificar capçalera_Fils:100;Rampup:65;Durada:20" time="0.117"/>
    <testcase classname="testmeter.generalitat" name="Abril url i verificar capçalera_Fils:100;Rampup:65;Durada:20" time="0.126"/>
    <testcase classname="testmeter.generalitat" name="Abril url i verificar capçalera_Fils:100;Rampup:65;Durada:20" time="0.132"/>
    <testcase classname="testmeter.generalitat" name="Abril url i verificar capçalera_Fils:100;Rampup:65;Durada:20" time="0.125"/>
    <testcase classname="testmeter.generalitat" name="Abril url i verificar capçalera_Fils:100;Rampup:65;Durada:20" time="0.121"/>
    <testcase classname="testmeter.generalitat" name="Abril url i verificar capçalera_Fils:100;Rampup:65;Durada:20" time="0.126"/>
    <testcase classname="testmeter.generalitat" name="Abril url i verificar capçalera_Fils:100;Rampup:65;Durada:20" time="0.099"/>
    <testcase classname="testmeter.generalitat" name="Abril url i verificar capçalera_Fils:100;Rampup:65;Durada:20" time="0.102"/>
    <testcase classname="testmeter.generalitat" name="Abril url i verificar capçalera_Fils:100;Rampup:65;Durada:20" time="0.127"/>
    <testcase classname="testmeter.generalitat" name="Abril url i verificar capçalera_Fils:100;Rampup:65;Durada:20" time="0.135"/>
    <testcase classname="testmeter.generalitat" name="Abril url i verificar capçalera_Fils:100;Rampup:65;Durada:20" time="0.118"/>
    <testcase classname="testmeter.generalitat" name="Abril url i verificar capçalera_Fils:100;Rampup:65;Durada:20" time="0.118"/>
    <testcase classname="testmeter.generalitat" name="Abril url i verificar capçalera_Fils:100;Rampup:65;Durada:20" time="0.116"/>
    <testcase classname="testmeter.generalitat" name="Abril url i verificar capçalera_Fils:100;Rampup:65;Durada:20" time="0.124"/>
    <testcase classname="testmeter.generalitat" name="Abril url i verificar capçalera_Fils:100;Rampup:65;Durada:20" time="0.122"/>
    <testcase classname="testmeter.generalitat" name="Abril url i verificar capçalera_Fils:100;Rampup:65;Durada:20" time="0.132"/>
    <testcase classname="testmeter.generalitat" name="Abril url i verificar capçalera_Fils:100;Rampup:65;Durada:20" time="0.113"/>
    <testcase classname="testmeter.generalitat" name="Abril url i verificar capçalera_Fils:100;Rampup:65;Durada:20" time="0.119"/>
    <testcase classname="testmeter.generalitat" name="Abril url i verificar capçalera_Fils:100;Rampup:65;Durada:20" time="0.112"/>
    <testcase classname="testmeter.generalitat" name="Abril url i verificar capçalera_Fils:100;Rampup:65;Durada:20" time="0.117"/>
    <testcase classname="testmeter.generalitat" name="Abril url i verificar capçalera_Fils:100;Rampup:65;Durada:20" time="0.158"/>
    <testcase classname="testmeter.generalitat" name="Abril url i verificar capçalera_Fils:100;Rampup:65;Durada:20" time="0.111"/>
    <testcase classname="testmeter.generalitat" name="Abril url i verificar capçalera_Fils:100;Rampup:65;Durada:20" time="1.253"/>
    <testcase classname="testmeter.generalitat" name="Abril url i verificar capçalera_Fils:100;Rampup:65;Durada:20" time="0.103"/>
    <testcase classname="testmeter.generalitat" name="Abril url i verificar capçalera_Fils:100;Rampup:65;Durada:20" time="0.117"/>
    <testcase classname="testmeter.generalitat" name="Abril url i verificar capçalera_Fils:100;Rampup:65;Durada:20" time="0.102"/>
    <testcase classname="testmeter.generalitat" name="Abril url i verificar capçalera_Fils:100;Rampup:65;Durada:20" time="0.117"/>
    <testcase classname="testmeter.generalitat" name="Abril url i verificar capçalera_Fils:100;Rampup:65;Durada:20" time="0.142"/>
    <testcase classname="testmeter.generalitat" name="Abril url i verificar capçalera_Fils:100;Rampup:65;Durada:20" time="0.135"/>
    <testcase classname="testmeter.generalitat" name="Abril url i verificar capçalera_Fils:100;Rampup:65;Durada:20" time="0.099"/>
    <testcase classname="testmeter.generalitat" name="Abril url i verificar capçalera_Fils:100;Rampup:65;Durada:20" time="0.115"/>
    <testcase classname="testmeter.generalitat" name="Abril url i verificar capçalera_Fils:100;Rampup:65;Durada:20" time="0.150"/>
    <testcase classname="testmeter.generalitat" name="Abril url i verificar capçalera_Fils:100;Rampup:65;Durada:20" time="0.119"/>
    <testcase classname="testmeter.generalitat" name="Abril url i verificar capçalera_Fils:100;Rampup:65;Durada:20" time="0.116"/>
    <testcase classname="testmeter.generalitat" name="Abril url i verificar capçalera_Fils:100;Rampup:65;Durada:20" time="0.114"/>
    <testcase classname="testmeter.generalitat" name="Abril url i verificar capçalera_Fils:100;Rampup:65;Durada:20" time="0.126"/>
    <testcase classname="testmeter.generalitat" name="Abril url i verificar capçalera_Fils:100;Rampup:65;Durada:20" time="0.103"/>
    <testcase classname="testmeter.generalitat" name="Abril url i verificar capçalera_Fils:100;Rampup:65;Durada:20" time="0.115"/>
    <testcase classname="testmeter.generalitat" name="Abril url i verificar capçalera_Fils:100;Rampup:65;Durada:20" time="0.117"/>
    <testcase classname="testmeter.generalitat" name="Abril url i verificar capçalera_Fils:100;Rampup:65;Durada:20" time="0.119"/>
    <testcase classname="testmeter.generalitat" name="Abril url i verificar capçalera_Fils:100;Rampup:65;Durada:20" time="0.111"/>
    <testcase classname="testmeter.generalitat" name="Abril url i verificar capçalera_Fils:100;Rampup:65;Durada:20" time="0.131"/>
    <testcase classname="testmeter.generalitat" name="Abril url i verificar capçalera_Fils:100;Rampup:65;Durada:20" time="0.130"/>
    <testcase classname="testmeter.generalitat" name="Abril url i verificar capçalera_Fils:100;Rampup:65;Durada:20" time="0.149"/>
    <testcase classname="testmeter.generalitat" name="Abril url i verificar capçalera_Fils:100;Rampup:65;Durada:20" time="0.112"/>
    <testcase classname="testmeter.generalitat" name="Abril url i verificar capçalera_Fils:100;Rampup:65;Durada:20" time="0.112"/>
    <testcase classname="testmeter.generalitat" name="Abril url i verificar capçalera_Fils:100;Rampup:65;Durada:20" time="0.105"/>
</testsuite>
